[2025-08-03 03:04:16.157] [log] [debug] [Utility.cpp:69] Loaded keycode: 197
[2025-08-03 03:04:16.157] [log] [debug] [Utility.cpp:70] Loaded widget x offset: 1600
[2025-08-03 03:04:16.157] [log] [debug] [Utility.cpp:71] Loaded widget y offset: 250
[2025-08-03 03:04:16.157] [log] [debug] [Utility.cpp:72] Loaded widget scale: 1
[2025-08-03 03:04:16.157] [log] [debug] [Utility.cpp:73] Loaded widget enabled: 1
[2025-08-03 03:04:16.157] [log] [debug] [Utility.cpp:74] Loaded menu option enabled: 1
[2025-08-03 03:04:16.157] [log] [debug] [Utility.cpp:75] Loaded tutorial message localization: Press [{}] to access your bestiary.
[2025-08-03 03:04:16.157] [log] [debug] [Utility.cpp:95] Added variant BANTAM GUAR with localized name BANTAM GUAR creature bantam guar and category animals
[2025-08-03 03:04:16.157] [log] [debug] [Utility.cpp:95] Added variant CAT with localized name CAT creature cat and category animals
[2025-08-03 03:04:16.158] [log] [debug] [Utility.cpp:95] Added variant PUSS IN BOOTS with localized name PUSS IN BOOTS creature cat and category animals
[2025-08-03 03:04:16.158] [log] [debug] [Utility.cpp:95] Added variant CERNUNNOS with localized name CERNUNNOS creature cernunnos and category animals
[2025-08-03 03:04:16.158] [log] [debug] [Utility.cpp:95] Added variant CHICK with localized name CHICK creature chicken and category animals
[2025-08-03 03:04:16.159] [log] [debug] [Utility.cpp:95] Added variant CHICKEN VARIANTS with localized name CHICKEN VARIANTS creature chicken and category animals
[2025-08-03 03:04:16.159] [log] [debug] [Utility.cpp:95] Added variant CHICKEN with localized name CHICKEN creature chicken and category animals
[2025-08-03 03:04:16.159] [log] [debug] [Utility.cpp:95] Added variant COW with localized name COW creature cow and category animals
[2025-08-03 03:04:16.160] [log] [debug] [Utility.cpp:95] Added variant CROW with localized name CROW creature crow and category animals
[2025-08-03 03:04:16.160] [log] [debug] [Utility.cpp:95] Added variant DEER (HEARTLANDS) with localized name DEER (HEARTLANDS) creature deer and category animals
[2025-08-03 03:04:16.160] [log] [debug] [Utility.cpp:95] Added variant DEER with localized name DEER creature deer and category animals
[2025-08-03 03:04:16.160] [log] [debug] [Utility.cpp:95] Added variant REINDEER with localized name REINDEER creature deer and category animals
[2025-08-03 03:04:16.160] [log] [debug] [Utility.cpp:95] Added variant VALE DEER with localized name VALE DEER creature deer and category animals
[2025-08-03 03:04:16.161] [log] [debug] [Utility.cpp:95] Added variant CAMBRAY CORGI with localized name CORGI (CAMBRAY) creature dog and category animals
[2025-08-03 03:04:16.161] [log] [debug] [Utility.cpp:95] Added variant DAENIA CORGI with localized name CORGI (DAENIA) creature dog and category animals
[2025-08-03 03:04:16.161] [log] [debug] [Utility.cpp:95] Added variant DOG with localized name DOG creature dog and category animals
[2025-08-03 03:04:16.161] [log] [debug] [Utility.cpp:95] Added variant HUSKY with localized name HUSKY creature dog and category animals
[2025-08-03 03:04:16.162] [log] [debug] [Utility.cpp:95] Added variant ELK with localized name ELK creature elk and category animals
[2025-08-03 03:04:16.162] [log] [debug] [Utility.cpp:95] Added variant EMPEROR PENGUIN with localized name EMPEROR PENGUIN creature emperor penguin and category animals
[2025-08-03 03:04:16.163] [log] [debug] [Utility.cpp:95] Added variant FOX with localized name FOX creature fox and category animals
[2025-08-03 03:04:16.163] [log] [debug] [Utility.cpp:95] Added variant GRAY FOX with localized name GRAY FOX creature fox and category animals
[2025-08-03 03:04:16.163] [log] [debug] [Utility.cpp:95] Added variant SNOW FOX with localized name SNOW FOX creature fox and category animals
[2025-08-03 03:04:16.163] [log] [debug] [Utility.cpp:95] Added variant SWEET ROLL with localized name SWEET ROLL creature fox and category animals
[2025-08-03 03:04:16.164] [log] [debug] [Utility.cpp:95] Added variant GOAT with localized name GOAT creature goat and category animals
[2025-08-03 03:04:16.164] [log] [debug] [Utility.cpp:95] Added variant HILDA THE GOAT with localized name HILDA THE GOAT creature goat and category animals
[2025-08-03 03:04:16.164] [log] [debug] [Utility.cpp:95] Added variant GUAR with localized name GUAR creature guar and category animals
[2025-08-03 03:04:16.165] [log] [debug] [Utility.cpp:95] Added variant HORSE with localized name HORSE creature horse and category animals
[2025-08-03 03:04:16.165] [log] [debug] [Utility.cpp:95] Added variant SHADOWMERE with localized name SHADOWMERE creature horse and category animals
[2025-08-03 03:04:16.165] [log] [debug] [Utility.cpp:95] Added variant PHEASANT with localized name PHEASANT creature pheasant and category animals
[2025-08-03 03:04:16.165] [log] [debug] [Utility.cpp:95] Added variant PIGEON with localized name PIGEON creature pigeon and category animals
[2025-08-03 03:04:16.166] [log] [debug] [Utility.cpp:95] Added variant RABBIT with localized name RABBIT creature rabbit and category animals
[2025-08-03 03:04:16.166] [log] [debug] [Utility.cpp:95] Added variant THISTLE with localized name THISTLE creature rabbit and category animals
[2025-08-03 03:04:16.166] [log] [debug] [Utility.cpp:95] Added variant RAVEN with localized name RAVEN creature raven and category animals
[2025-08-03 03:04:16.167] [log] [debug] [Utility.cpp:95] Added variant SCUTTLER with localized name SCUTTLER creature scuttler and category animals
[2025-08-03 03:04:16.167] [log] [debug] [Utility.cpp:95] Added variant WHITE STAG with localized name WHITE STAG creature white stag and category animals
[2025-08-03 03:04:16.168] [log] [debug] [Utility.cpp:95] Added variant ABECEANLONGFIN with localized name ABECEAN LONGFIN creature abeceanlongfin and category aquatic
[2025-08-03 03:04:16.168] [log] [debug] [Utility.cpp:95] Added variant CCANGELFISH with localized name ANGELFISH creature ccangelfish and category aquatic
[2025-08-03 03:04:16.168] [log] [debug] [Utility.cpp:95] Added variant CCANGLER with localized name ANGLER creature ccangler and category aquatic
[2025-08-03 03:04:16.168] [log] [debug] [Utility.cpp:95] Added variant CCANGLERLARVAE with localized name ANGLER LARVAE creature ccanglerlarvae and category aquatic
[2025-08-03 03:04:16.169] [log] [debug] [Utility.cpp:95] Added variant CCARCTICCHAR with localized name ARCTIC CHAR creature ccarcticchar and category aquatic
[2025-08-03 03:04:16.169] [log] [debug] [Utility.cpp:95] Added variant CCARCTICGRAYLING with localized name ARCTIC GRAYLING creature ccarcticgrayling and category aquatic
[2025-08-03 03:04:16.169] [log] [debug] [Utility.cpp:95] Added variant CCBROOKBASS with localized name BROOK BASS creature ccbrookbass and category aquatic
[2025-08-03 03:04:16.169] [log] [debug] [Utility.cpp:95] Added variant CCCARP with localized name CARP creature cccarp and category aquatic
[2025-08-03 03:04:16.170] [log] [debug] [Utility.cpp:95] Added variant CCCATFISH with localized name CATFISH creature cccatfish and category aquatic
[2025-08-03 03:04:16.170] [log] [debug] [Utility.cpp:95] Added variant CCCOD with localized name COD creature cccod and category aquatic
[2025-08-03 03:04:16.170] [log] [debug] [Utility.cpp:95] Added variant CCDIREFISH with localized name DIREFISH creature ccdirefish and category aquatic
[2025-08-03 03:04:16.171] [log] [debug] [Utility.cpp:95] Added variant CCGLASSCATFISH with localized name GLASS CATFISH creature ccglasscatfish and category aquatic
[2025-08-03 03:04:16.171] [log] [debug] [Utility.cpp:95] Added variant CCGLASSFISH with localized name GLASSFISH creature ccglassfish and category aquatic
[2025-08-03 03:04:16.171] [log] [debug] [Utility.cpp:95] Added variant CCGOLDFISH with localized name GOLDFISH creature ccgoldfish and category aquatic
[2025-08-03 03:04:16.172] [log] [debug] [Utility.cpp:95] Added variant CCJUVENILEMUDCRAB with localized name JUVENILE MUDCRAB creature ccjuvenilemudcrab and category aquatic
[2025-08-03 03:04:16.172] [log] [debug] [Utility.cpp:95] Added variant CCLYRETAIL with localized name LYRETAIL ANTHIAS creature cclyretail and category aquatic
[2025-08-03 03:04:16.172] [log] [debug] [Utility.cpp:95] Added variant CCPEARLFISH with localized name PEARLFISH creature ccpearlfish and category aquatic
[2025-08-03 03:04:16.172] [log] [debug] [Utility.cpp:95] Added variant CCPOGFISH with localized name POGFISH creature ccpogfish and category aquatic
[2025-08-03 03:04:16.173] [log] [debug] [Utility.cpp:95] Added variant CCPYGMYSUNFISH with localized name PYGMY SUNFISH creature ccpygmysunfish and category aquatic
[2025-08-03 03:04:16.173] [log] [debug] [Utility.cpp:95] Added variant CCSCORPIONFISH with localized name SCORPION FISH creature ccscorpionfish and category aquatic
[2025-08-03 03:04:16.173] [log] [debug] [Utility.cpp:95] Added variant CCSPADEFISH with localized name SPADEFISH creature ccspadefish and category aquatic
[2025-08-03 03:04:16.173] [log] [debug] [Utility.cpp:95] Added variant CCTRIPOD with localized name TRIPOD SPIDERFISH creature cctripod and category aquatic
[2025-08-03 03:04:16.174] [log] [debug] [Utility.cpp:95] Added variant CCVAMPIREFISH with localized name VAMPIRE FISH creature ccvampirefish and category aquatic
[2025-08-03 03:04:16.174] [log] [debug] [Utility.cpp:95] Added variant CYRODILICSPADETAIL with localized name CYRODILIC SPADETAIL creature cyrodilicspadetail and category aquatic
[2025-08-03 03:04:16.174] [log] [debug] [Utility.cpp:95] Added variant EMPEROR CRAB with localized name EMPEROR CRAB creature emperor crab and category aquatic
[2025-08-03 03:04:16.174] [log] [debug] [Utility.cpp:95] Added variant BLACKREACH BLUE FROG with localized name BLACKREACH BLUE FROG creature frog and category aquatic
[2025-08-03 03:04:16.175] [log] [debug] [Utility.cpp:95] Added variant BLACKREACH RED FROG with localized name BLACKREACH RED FROG creature frog and category aquatic
[2025-08-03 03:04:16.175] [log] [debug] [Utility.cpp:95] Added variant FROG with localized name FROG creature frog and category aquatic
[2025-08-03 03:04:16.175] [log] [debug] [Utility.cpp:95] Added variant GREEN FROG with localized name GREEN FROG creature frog and category aquatic
[2025-08-03 03:04:16.175] [log] [debug] [Utility.cpp:95] Added variant HISTCARP with localized name HISTCARP creature histcarp and category aquatic
[2025-08-03 03:04:16.176] [log] [debug] [Utility.cpp:95] Added variant HORKER with localized name HORKER creature horker and category aquatic
[2025-08-03 03:04:16.176] [log] [debug] [Utility.cpp:95] Added variant DWARVEN ARMORED MUDCRAB with localized name Krabrenac creature mudcrab and category aquatic
[2025-08-03 03:04:16.176] [log] [debug] [Utility.cpp:95] Added variant MUDCRAB with localized name MUDCRAB creature mudcrab and category aquatic
[2025-08-03 03:04:16.176] [log] [debug] [Utility.cpp:95] Added variant PATRICK with localized name PATRICK creature patrick and category aquatic
[2025-08-03 03:04:16.177] [log] [debug] [Utility.cpp:95] Added variant RIVERBETTY with localized name RIVER BETTY creature riverbetty and category aquatic
[2025-08-03 03:04:16.177] [log] [debug] [Utility.cpp:95] Added variant SALMON with localized name SALMON creature salmon and category aquatic
[2025-08-03 03:04:16.178] [log] [debug] [Utility.cpp:95] Added variant SEA TURTLE with localized name SEA TURTLE creature sea turtle and category aquatic
[2025-08-03 03:04:16.178] [log] [debug] [Utility.cpp:95] Added variant SILVERSIDEPERCH with localized name SILVERSIDE PERCH creature silversideperch and category aquatic
[2025-08-03 03:04:16.178] [log] [debug] [Utility.cpp:95] Added variant SLAUGHTERFISH with localized name SLAUGHTERFISH creature slaughterfish and category aquatic
[2025-08-03 03:04:16.179] [log] [debug] [Utility.cpp:95] Added variant DWARVEN BALLISTA with localized name DWARVEN BALLISTA creature dwarven ballista and category automatons
[2025-08-03 03:04:16.179] [log] [debug] [Utility.cpp:95] Added variant DWARVEN CENTURION with localized name DWARVEN CENTURION creature dwarven centurion and category automatons
[2025-08-03 03:04:16.179] [log] [debug] [Utility.cpp:95] Added variant THE FORGEMASTER with localized name THE FORGEMASTER creature dwarven centurion and category automatons
[2025-08-03 03:04:16.179] [log] [debug] [Utility.cpp:95] Added variant THE MESSENGER with localized name THE MESSENGER creature dwarven centurion and category automatons
[2025-08-03 03:04:16.180] [log] [debug] [Utility.cpp:95] Added variant DWARVEN COLOSSUS with localized name DWARVEN COLOSSUS creature dwarven colossus and category automatons
[2025-08-03 03:04:16.180] [log] [debug] [Utility.cpp:95] Added variant DWARVEN DEFENDER with localized name DWARVEN DEFENDER creature dwarven defender and category automatons
[2025-08-03 03:04:16.180] [log] [debug] [Utility.cpp:95] Added variant DWARVEN DRILLER with localized name DWARVEN DRILLER creature dwarven driller and category automatons
[2025-08-03 03:04:16.181] [log] [debug] [Utility.cpp:95] Added variant DWARVEN HORSE with localized name DWARVEN HORSE creature dwarven horse and category automatons
[2025-08-03 03:04:16.181] [log] [debug] [Utility.cpp:95] Added variant DWARVEN MAGETTA with localized name DWARVEN MAGETTA creature dwarven magetta and category automatons
[2025-08-03 03:04:16.181] [log] [debug] [Utility.cpp:95] Added variant DWARVEN POWER SUIT with localized name DWARVEN POWER SUIT creature dwarven power suit and category automatons
[2025-08-03 03:04:16.182] [log] [debug] [Utility.cpp:95] Added variant DWARVEN SENTINEL with localized name DWARVEN SENTINEL creature dwarven sentinel and category automatons
[2025-08-03 03:04:16.182] [log] [debug] [Utility.cpp:95] Added variant DWARVEN SPHERE with localized name DWARVEN SPHERE creature dwarven sphere and category automatons
[2025-08-03 03:04:16.182] [log] [debug] [Utility.cpp:95] Added variant DWARVEN SPIDER with localized name DWARVEN SPIDER creature dwarven spider and category automatons
[2025-08-03 03:04:16.183] [log] [debug] [Utility.cpp:95] Added variant THE SKY ORCHESTRATOR with localized name THE SKY ORCHESTRATOR creature dwarven spider and category automatons
[2025-08-03 03:04:16.183] [log] [debug] [Utility.cpp:95] Added variant DWARVEN SPINNER with localized name DWARVEN SPINNER creature dwarven spinner and category automatons
[2025-08-03 03:04:16.183] [log] [debug] [Utility.cpp:95] Added variant DWARVEN THRESHER with localized name DWARVEN THRESHER creature dwarven thresher and category automatons
[2025-08-03 03:04:16.183] [log] [debug] [Utility.cpp:95] Added variant BEAR with localized name BEAR creature bear and category beasts
[2025-08-03 03:04:16.184] [log] [debug] [Utility.cpp:95] Added variant CAVE BEAR with localized name CAVE BEAR creature bear and category beasts
[2025-08-03 03:04:16.184] [log] [debug] [Utility.cpp:95] Added variant MASKED BEAR with localized name MASKED BEAR creature bear and category beasts
[2025-08-03 03:04:16.184] [log] [debug] [Utility.cpp:95] Added variant SNOW BEAR with localized name SNOW BEAR creature bear and category beasts
[2025-08-03 03:04:16.184] [log] [debug] [Utility.cpp:95] Added variant BRISTLEBACK with localized name BRISTLEBACK creature bristleback and category beasts
[2025-08-03 03:04:16.185] [log] [debug] [Utility.cpp:95] Added variant ECHATERE with localized name ECHATERE creature echatere and category beasts
[2025-08-03 03:04:16.185] [log] [debug] [Utility.cpp:95] Added variant GUARDIAN SPIRITS with localized name GUARDIAN SPIRITS creature guardian spirits and category beasts
[2025-08-03 03:04:16.185] [log] [debug] [Utility.cpp:95] Added variant INDRIK with localized name INDRIK creature indrik and category beasts
[2025-08-03 03:04:16.186] [log] [debug] [Utility.cpp:95] Added variant BLACK PANTHER with localized name BLACK PANTHER creature leopard and category beasts
[2025-08-03 03:04:16.186] [log] [debug] [Utility.cpp:95] Added variant LEOPARD with localized name LEOPARD creature leopard and category beasts
[2025-08-03 03:04:16.186] [log] [debug] [Utility.cpp:95] Added variant SNOW LEOPARD with localized name SNOW LEOPARD creature leopard and category beasts
[2025-08-03 03:04:16.186] [log] [debug] [Utility.cpp:95] Added variant MAMMOTH with localized name MAMMOTH creature mammoth and category beasts
[2025-08-03 03:04:16.187] [log] [debug] [Utility.cpp:95] Added variant MOUNTAIN LION with localized name MOUNTAIN LION creature mountain lion and category beasts
[2025-08-03 03:04:16.187] [log] [debug] [Utility.cpp:95] Added variant NETCH CALF with localized name NETCH CALF creature netch and category beasts
[2025-08-03 03:04:16.187] [log] [debug] [Utility.cpp:95] Added variant NETCH with localized name NETCH creature netch and category beasts
[2025-08-03 03:04:16.188] [log] [debug] [Utility.cpp:95] Added variant RAT with localized name RAT creature rat and category beasts
[2025-08-03 03:04:16.188] [log] [debug] [Utility.cpp:95] Added variant SABRE CAT with localized name SABRE CAT creature sabre cat and category beasts
[2025-08-03 03:04:16.188] [log] [debug] [Utility.cpp:95] Added variant SNOWY SABRE CAT with localized name SNOWY SABRE CAT creature sabre cat and category beasts
[2025-08-03 03:04:16.188] [log] [debug] [Utility.cpp:95] Added variant VALE SABRE CAT with localized name VALE SABRE CAT creature sabre cat and category beasts
[2025-08-03 03:04:16.189] [log] [debug] [Utility.cpp:95] Added variant SKEEVER with localized name SKEEVER creature skeever and category beasts
[2025-08-03 03:04:16.189] [log] [debug] [Utility.cpp:95] Added variant SKRITCH with localized name SKRITCH creature skeever and category beasts
[2025-08-03 03:04:16.189] [log] [debug] [Utility.cpp:95] Added variant UNICORN with localized name UNICORN creature unicorn and category beasts
[2025-08-03 03:04:16.190] [log] [debug] [Utility.cpp:95] Added variant ICE WOLF with localized name ICE WOLF creature wolf and category beasts
[2025-08-03 03:04:16.190] [log] [debug] [Utility.cpp:95] Added variant TIMBER WOLF with localized name TIMBER WOLF creature wolf and category beasts
[2025-08-03 03:04:16.190] [log] [debug] [Utility.cpp:95] Added variant WOLF with localized name WOLF creature wolf and category beasts
[2025-08-03 03:04:16.190] [log] [debug] [Utility.cpp:95] Added variant CORRUPTED SHADE with localized name CORRUPTED SHADE creature corrupted shade and category carved brink
[2025-08-03 03:04:16.191] [log] [debug] [Utility.cpp:95] Added variant DARK HOPPER with localized name DARK HOPPER creature dark hopper and category carved brink
[2025-08-03 03:04:16.191] [log] [debug] [Utility.cpp:95] Added variant DEVOURER with localized name DEVOURER creature devourer and category carved brink
[2025-08-03 03:04:16.192] [log] [debug] [Utility.cpp:95] Added variant KYNREEVE UXXIAG with localized name KYNREEVE UXXIAG creature kynreeve uxxiag and category carved brink
[2025-08-03 03:04:16.192] [log] [debug] [Utility.cpp:95] Added variant OVERSEER with localized name OVERSEER creature overseer and category carved brink
[2025-08-03 03:04:16.193] [log] [debug] [Utility.cpp:95] Added variant ROOT WARDEN with localized name ROOT WARDEN creature root warden and category carved brink
[2025-08-03 03:04:16.193] [log] [debug] [Utility.cpp:95] Added variant SHADOW SEEKER with localized name SHADOW SEEKER creature shadow seeker and category carved brink
[2025-08-03 03:04:16.193] [log] [debug] [Utility.cpp:95] Added variant BALENN with localized name BALENN creature balenn and category daedra
[2025-08-03 03:04:16.193] [log] [debug] [Utility.cpp:95] Added variant DAEDRIC HORSE with localized name DAEDRIC HORSE creature daedric horse and category daedra
[2025-08-03 03:04:16.194] [log] [debug] [Utility.cpp:95] Added variant DARK SEDUCER with localized name DARK SEDUCER creature dark seducer and category daedra
[2025-08-03 03:04:16.194] [log] [debug] [Utility.cpp:95] Added variant DREMORA with localized name DREMORA creature dremora and category daedra
[2025-08-03 03:04:16.194] [log] [debug] [Utility.cpp:95] Added variant FIENDROTH with localized name FIENDROTH creature fiendroth and category daedra
[2025-08-03 03:04:16.194] [log] [debug] [Utility.cpp:95] Added variant FLAME ATRONACH with localized name FLAME ATRONACH creature flame atronach and category daedra
[2025-08-03 03:04:16.195] [log] [debug] [Utility.cpp:95] Added variant FLESH ATRONACH with localized name FLESH ATRONACH creature flesh atronach and category daedra
[2025-08-03 03:04:16.195] [log] [debug] [Utility.cpp:95] Added variant FROST ATRONACH with localized name FROST ATRONACH creature frost atronach and category daedra
[2025-08-03 03:04:16.195] [log] [debug] [Utility.cpp:95] Added variant GOLDEN SAINT with localized name GOLDEN SAINT creature golden saint and category daedra
[2025-08-03 03:04:16.196] [log] [debug] [Utility.cpp:95] Added variant GRUMMITE with localized name GRUMMITE creature grummite and category daedra
[2025-08-03 03:04:16.196] [log] [debug] [Utility.cpp:95] Added variant IMP with localized name IMP creature imp and category daedra
[2025-08-03 03:04:16.196] [log] [debug] [Utility.cpp:95] Added variant LURKER with localized name LURKER creature lurker and category daedra
[2025-08-03 03:04:16.196] [log] [debug] [Utility.cpp:95] Added variant SCAMP with localized name SCAMP creature scamp and category daedra
[2025-08-03 03:04:16.197] [log] [debug] [Utility.cpp:95] Added variant SEEKER with localized name SEEKER creature seeker and category daedra
[2025-08-03 03:04:16.197] [log] [debug] [Utility.cpp:95] Added variant STORM ATRONACH with localized name STORM ATRONACH creature storm atronach and category daedra
[2025-08-03 03:04:16.197] [log] [debug] [Utility.cpp:95] Added variant ANCIENT DRAGON with localized name ANCIENT DRAGON creature ancient dragon and category draconids
[2025-08-03 03:04:16.198] [log] [debug] [Utility.cpp:95] Added variant BLOOD DRAGON with localized name BLOOD DRAGON creature blood dragon and category draconids
[2025-08-03 03:04:16.198] [log] [debug] [Utility.cpp:95] Added variant DRAGON with localized name DRAGON creature dragon and category draconids
[2025-08-03 03:04:16.198] [log] [debug] [Utility.cpp:95] Added variant ELDER DRAGON with localized name ELDER DRAGON creature elder dragon and category draconids
[2025-08-03 03:04:16.198] [log] [debug] [Utility.cpp:95] Added variant FIRE WYRM with localized name FIRE WYRM creature fire wyrm and category draconids
[2025-08-03 03:04:16.199] [log] [debug] [Utility.cpp:95] Added variant FROST DRAGON with localized name FROST DRAGON creature frost dragon and category draconids
[2025-08-03 03:04:16.199] [log] [debug] [Utility.cpp:95] Added variant LEGENDARY DRAGON with localized name LEGENDARY DRAGON creature legendary dragon and category draconids
[2025-08-03 03:04:16.200] [log] [debug] [Utility.cpp:95] Added variant REVERED DRAGON with localized name REVERED DRAGON creature revered dragon and category draconids
[2025-08-03 03:04:16.200] [log] [debug] [Utility.cpp:95] Added variant SERPENTINE DRAGON with localized name SERPENTINE DRAGON creature serpentine dragon and category draconids
[2025-08-03 03:04:16.200] [log] [debug] [Utility.cpp:95] Added variant SKELETAL DRAGON with localized name SKELETAL DRAGON creature skeletal dragon and category draconids
[2025-08-03 03:04:16.200] [log] [debug] [Utility.cpp:95] Added variant ASH GUARDIAN with localized name ASH GUARDIAN creature ash guardian and category golems
[2025-08-03 03:04:16.201] [log] [debug] [Utility.cpp:95] Added variant ASH SPAWN with localized name ASH SPAWN creature ash spawn and category golems
[2025-08-03 03:04:16.201] [log] [debug] [Utility.cpp:95] Added variant BONE COLOSSUS with localized name BONE COLOSSUS creature bone colossus and category golems
[2025-08-03 03:04:16.201] [log] [debug] [Utility.cpp:95] Added variant GARGOYLE with localized name GARGOYLE creature gargoyle and category golems
[2025-08-03 03:04:16.202] [log] [debug] [Utility.cpp:95] Added variant AWAKENED VESSEL with localized name AWAKENED VESSEL creature Awakened Vessel and category gravewind
[2025-08-03 03:04:16.202] [log] [debug] [Utility.cpp:95] Added variant GRAVE GUARDIAN with localized name GRAVE GUARDIAN creature Grave Guardian and category gravewind
[2025-08-03 03:04:16.202] [log] [debug] [Utility.cpp:95] Added variant GRAVEWIND SENTINEL with localized name GRAVEWIND SENTINEL creature Gravewind Sentinel and category gravewind
[2025-08-03 03:04:16.202] [log] [debug] [Utility.cpp:95] Added variant HERRAH with localized name HERRAH creature Herrah and category gravewind
[2025-08-03 03:04:16.203] [log] [debug] [Utility.cpp:95] Added variant PUTRID MASS with localized name PUTRID MASS creature Putrid Mass and category gravewind
[2025-08-03 03:04:16.203] [log] [debug] [Utility.cpp:95] Added variant SHADES with localized name SHADES creature Shades and category gravewind
[2025-08-03 03:04:16.204] [log] [debug] [Utility.cpp:95] Added variant SURGING WRAITH with localized name SURGING WRAITH creature Surging Wraith and category gravewind
[2025-08-03 03:04:16.204] [log] [debug] [Utility.cpp:95] Added variant VOIDCRAWLER with localized name VOIDCRAWLER creature Voidcrawler and category gravewind
[2025-08-03 03:04:16.204] [log] [debug] [Utility.cpp:95] Added variant WALKING MOUND with localized name WALKING MOUND creature Walking Mound and category gravewind
[2025-08-03 03:04:16.205] [log] [debug] [Utility.cpp:95] Added variant WRAITHMOTHER OF GRAVEWIND with localized name WRAITHMOTHER OF GRAVEWIND creature Wraithmother of Gravewind and category gravewind
[2025-08-03 03:04:16.205] [log] [debug] [Utility.cpp:95] Added variant ALBINO SPIDER with localized name ALBINO SPIDER creature albino spider and category insectoids
[2025-08-03 03:04:16.205] [log] [debug] [Utility.cpp:95] Added variant ASH HOPPER with localized name ASH HOPPER creature ash hopper and category insectoids
[2025-08-03 03:04:16.206] [log] [debug] [Utility.cpp:95] Added variant CHAURUS HUNTER with localized name CHAURUS HUNTER creature chaurus and category insectoids
[2025-08-03 03:04:16.206] [log] [debug] [Utility.cpp:95] Added variant CHAURUS with localized name CHAURUS creature chaurus and category insectoids
[2025-08-03 03:04:16.206] [log] [debug] [Utility.cpp:95] Added variant ELYTRA NYMPH with localized name ELYTRA NYMPH creature elytra nymph and category insectoids
[2025-08-03 03:04:16.207] [log] [debug] [Utility.cpp:95] Added variant ARACHNIA with localized name ARACHNIA creature frostbite spider and category insectoids
[2025-08-03 03:04:16.207] [log] [debug] [Utility.cpp:95] Added variant FROSTBITE SPIDER with localized name FROSTBITE SPIDER creature frostbite spider and category insectoids
[2025-08-03 03:04:16.207] [log] [debug] [Utility.cpp:95] Added variant KWAMA with localized name KWAMA creature kwama and category insectoids
[2025-08-03 03:04:16.207] [log] [debug] [Utility.cpp:95] Added variant NIX-HOUND with localized name NIX-HOUND creature nix-hound and category insectoids
[2025-08-03 03:04:16.207] [log] [debug] [Utility.cpp:95] Added variant SHALK with localized name SHALK creature shalk and category insectoids
[2025-08-03 03:04:16.208] [log] [debug] [Utility.cpp:95] Added variant SILT STRIDER with localized name SILT STRIDER creature silt strider and category insectoids
[2025-08-03 03:04:16.208] [log] [debug] [Utility.cpp:95] Added variant WEB MOTHER with localized name WEB MOTHER creature web mother and category insectoids
[2025-08-03 03:04:16.208] [log] [debug] [Utility.cpp:95] Added variant ANCIENT LESHEN with localized name ANCIENT LESHEN creature ancient leshen and category monsters
[2025-08-03 03:04:16.209] [log] [debug] [Utility.cpp:95] Added variant ASH ZOMBIE with localized name ASH ZOMBIE creature ash zombie and category monsters
[2025-08-03 03:04:16.209] [log] [debug] [Utility.cpp:95] Added variant FALMER with localized name FALMER creature falmer and category monsters
[2025-08-03 03:04:16.209] [log] [debug] [Utility.cpp:95] Added variant FROST GIANT with localized name FROST GIANT creature frost giant and category monsters
[2025-08-03 03:04:16.209] [log] [debug] [Utility.cpp:95] Added variant GIANT with localized name GIANT creature giant and category monsters
[2025-08-03 03:04:16.210] [log] [debug] [Utility.cpp:95] Added variant GOBLIN SHAMAN with localized name GOBLIN SHAMAN creature goblin and category monsters
[2025-08-03 03:04:16.210] [log] [debug] [Utility.cpp:95] Added variant GOBLIN WARLORD with localized name GOBLIN WARLORD creature goblin and category monsters
[2025-08-03 03:04:16.210] [log] [debug] [Utility.cpp:95] Added variant GOBLIN with localized name GOBLIN creature goblin and category monsters
[2025-08-03 03:04:16.210] [log] [debug] [Utility.cpp:95] Added variant HAGRAVEN with localized name HAGRAVEN creature hagraven and category monsters
[2025-08-03 03:04:16.211] [log] [debug] [Utility.cpp:95] Added variant ICE WRAITH with localized name ICE WRAITH creature ice wraith and category monsters
[2025-08-03 03:04:16.211] [log] [debug] [Utility.cpp:95] Added variant MAGIC ANOMALY with localized name MAGIC ANOMALY creature magic anomaly and category monsters
[2025-08-03 03:04:16.211] [log] [debug] [Utility.cpp:95] Added variant MIMIC with localized name MIMIC creature mimic and category monsters
[2025-08-03 03:04:16.212] [log] [debug] [Utility.cpp:95] Added variant MINOTAUR LORD with localized name MINOTAUR LORD creature minotaur and category monsters
[2025-08-03 03:04:16.212] [log] [debug] [Utility.cpp:95] Added variant MINOTAUR with localized name MINOTAUR creature minotaur and category monsters
[2025-08-03 03:04:16.212] [log] [debug] [Utility.cpp:95] Added variant OGRE with localized name OGRE creature ogre and category monsters
[2025-08-03 03:04:16.213] [log] [debug] [Utility.cpp:95] Added variant RIEKLING with localized name RIEKLING creature riekling and category monsters
[2025-08-03 03:04:16.213] [log] [debug] [Utility.cpp:95] Added variant SHADOW with localized name SHADOW creature shadow and category monsters
[2025-08-03 03:04:16.213] [log] [debug] [Utility.cpp:95] Added variant BURNT SPRIGGAN with localized name BURNT SPRIGGAN creature spriggan and category monsters
[2025-08-03 03:04:16.214] [log] [debug] [Utility.cpp:95] Added variant CORRUPTED SPRIGGAN with localized name CORRUPTED SPRIGGAN creature spriggan and category monsters
[2025-08-03 03:04:16.214] [log] [debug] [Utility.cpp:95] Added variant SPRIGGAN EARTH MOTHER with localized name SPRIGGAN EARTH MOTHER creature spriggan and category monsters
[2025-08-03 03:04:16.214] [log] [debug] [Utility.cpp:95] Added variant SPRIGGAN MATRON with localized name SPRIGGAN MATRON creature spriggan and category monsters
[2025-08-03 03:04:16.214] [log] [debug] [Utility.cpp:95] Added variant SPRIGGAN with localized name SPRIGGAN creature spriggan and category monsters
[2025-08-03 03:04:16.215] [log] [debug] [Utility.cpp:95] Added variant SPRITE with localized name SPRITE creature sprite and category monsters
[2025-08-03 03:04:16.215] [log] [debug] [Utility.cpp:95] Added variant ARMORED TROLL with localized name ARMORED TROLL creature troll and category monsters
[2025-08-03 03:04:16.215] [log] [debug] [Utility.cpp:95] Added variant FROST TROLL with localized name FROST TROLL creature troll and category monsters
[2025-08-03 03:04:16.215] [log] [debug] [Utility.cpp:95] Added variant RIVER TROLL with localized name RIVER TROLL creature troll and category monsters
[2025-08-03 03:04:16.216] [log] [debug] [Utility.cpp:95] Added variant SAVAGE TROLL with localized name SAVAGE TROLL creature troll and category monsters
[2025-08-03 03:04:16.216] [log] [debug] [Utility.cpp:95] Added variant TROLL with localized name TROLL creature troll and category monsters
[2025-08-03 03:04:16.216] [log] [debug] [Utility.cpp:95] Added variant UDEFRYKTE with localized name UDEFRYKTE creature troll and category monsters
[2025-08-03 03:04:16.217] [log] [debug] [Utility.cpp:95] Added variant FERAL BERSERKER with localized name FERAL BERSERKER creature werebear and category monsters
[2025-08-03 03:04:16.217] [log] [debug] [Utility.cpp:95] Added variant WEREBEAR with localized name WEREBEAR creature werebear and category monsters
[2025-08-03 03:04:16.217] [log] [debug] [Utility.cpp:95] Added variant WEREWOLF with localized name WEREWOLF creature werewolf and category monsters
[2025-08-03 03:04:16.218] [log] [debug] [Utility.cpp:95] Added variant WILL-O-THE-WISP with localized name WILL-O-THE-WISP creature Will-o-the-Wisp and category monsters
[2025-08-03 03:04:16.218] [log] [debug] [Utility.cpp:95] Added variant AGGRESSIVE ANOMALY with localized name AGGRESSIVE ANOMALY creature Aggressive Anomaly and category olenveld
[2025-08-03 03:04:16.218] [log] [debug] [Utility.cpp:95] Added variant ANCIENT SKELETON with localized name ANCIENT SKELETON creature Ancient Skeleton and category olenveld
[2025-08-03 03:04:16.218] [log] [debug] [Utility.cpp:95] Added variant BLACK WORM CULTIST with localized name BLACK WORM CULTIST creature Black Worm Cultist and category olenveld
[2025-08-03 03:04:16.219] [log] [debug] [Utility.cpp:95] Added variant BLACK WORM LICH with localized name BLACK WORM LICH creature Black Worm Lich and category olenveld
[2025-08-03 03:04:16.219] [log] [debug] [Utility.cpp:95] Added variant BLACK WORM MASTER CULTIST with localized name BLACK WORM MASTER CULTIST creature Black Worm Master Cultist and category olenveld
[2025-08-03 03:04:16.219] [log] [debug] [Utility.cpp:95] Added variant GLACIER SKELETON with localized name GLACIER SKELETON creature Glacier Skeleton and category olenveld
[2025-08-03 03:04:16.220] [log] [debug] [Utility.cpp:95] Added variant GLACIER SPAWN with localized name GLACIER SPAWN creature Glacier Spawn and category olenveld
[2025-08-03 03:04:16.220] [log] [debug] [Utility.cpp:95] Added variant GLACIER SPRIGGAN with localized name GLACIER SPRIGGAN creature Glacier Spriggan and category olenveld
[2025-08-03 03:04:16.221] [log] [debug] [Utility.cpp:95] Added variant LAMP KNIGHT with localized name LAMP KNIGHT creature Lamp Knight and category olenveld
[2025-08-03 03:04:16.221] [log] [debug] [Utility.cpp:95] Added variant LAMP KNIGHT SHADE with localized name LAMP KNIGHT SHADE creature Lamp Knight Shade and category olenveld
[2025-08-03 03:04:16.221] [log] [debug] [Utility.cpp:95] Added variant MADANACH'S SHADE with localized name MADANACH'S SHADE creature Madanach's Shade and category olenveld
[2025-08-03 03:04:16.222] [log] [debug] [Utility.cpp:95] Added variant MOUNTED DRAUGR with localized name MOUNTED DRAUGR creature Mounted Draugr and category olenveld
[2025-08-03 03:04:16.222] [log] [debug] [Utility.cpp:95] Added variant OCULATUS REMEMBERANCE with localized name OCULATUS REMEMBERANCE creature Oculatus Rememberance and category olenveld
[2025-08-03 03:04:16.222] [log] [debug] [Utility.cpp:95] Added variant OLENVELD SKELETON with localized name OLENVELD SKELETON creature Olenveld Skeleton and category olenveld
[2025-08-03 03:04:16.223] [log] [debug] [Utility.cpp:95] Added variant OLENVELD SPIDER with localized name OLENVELD SPIDER creature Olenveld Spider and category olenveld
[2025-08-03 03:04:16.223] [log] [debug] [Utility.cpp:95] Added variant SHEOL ANCIENT KEEPER with localized name SHEOL ANCIENT KEEPER creature Sheol Ancient Keeper and category olenveld
[2025-08-03 03:04:16.223] [log] [debug] [Utility.cpp:95] Added variant DWARVEN PROWLER with localized name DWARVEN PROWLER creature dwarven prowler and category project aho
[2025-08-03 03:04:16.224] [log] [debug] [Utility.cpp:95] Added variant DWARVEN SENTINEL with localized name DWARVEN SENTINEL creature dwarven sentinel and category project aho
[2025-08-03 03:04:16.224] [log] [debug] [Utility.cpp:95] Added variant DWARVEN SPIDER LIBRARIAN with localized name DWARVEN SPIDER LIBRARIAN creature dwarven spider librarian and category project aho
[2025-08-03 03:04:16.225] [log] [debug] [Utility.cpp:95] Added variant SADRITH KAGRITH MUDCRAB with localized name SADRITH KAGRITH MUDCRAB creature sadrith kagrith mudcrab and category project aho
[2025-08-03 03:04:16.225] [log] [debug] [Utility.cpp:95] Added variant SLYBOOTS with localized name SLYBOOTS creature slyboots and category project aho
[2025-08-03 03:04:16.225] [log] [debug] [Utility.cpp:95] Added variant SKELETON GUARDIAN with localized name SKELETON GUARDIAN creature skeleton guardian and category siege at icemoth
[2025-08-03 03:04:16.226] [log] [debug] [Utility.cpp:95] Added variant TOVINAAN with localized name TOVINAAN creature tovinaan and category siege at icemoth
[2025-08-03 03:04:16.226] [log] [debug] [Utility.cpp:95] Added variant LARELLEIS with localized name LARELLEIS creature larelleis and category sirenroot
[2025-08-03 03:04:16.226] [log] [debug] [Utility.cpp:95] Added variant LOST SOUL with localized name LOST SOUL creature lost soul and category sirenroot
[2025-08-03 03:04:16.226] [log] [debug] [Utility.cpp:95] Added variant ALTRIUS'S GHOST with localized name ALTRUIS'S GHOST creature altrius's ghost and category the forgotten city
[2025-08-03 03:04:16.227] [log] [debug] [Utility.cpp:95] Added variant BURNED ONES with localized name BURNED ONES creature burned ones and category the forgotten city
[2025-08-03 03:04:16.227] [log] [debug] [Utility.cpp:95] Added variant CHARRED HORROR with localized name CHARRED HORROR creature charred horror and category the forgotten city
[2025-08-03 03:04:16.227] [log] [debug] [Utility.cpp:95] Added variant GIANT SKEEVER with localized name GIANT SKEEVER creature giant skeever and category the forgotten city
[2025-08-03 03:04:16.227] [log] [debug] [Utility.cpp:95] Added variant NARNABUS THE RETURNED with localized name NARNABUS THE RETURNED creature narnabus the returned and category the forgotten city
[2025-08-03 03:04:16.228] [log] [debug] [Utility.cpp:95] Added variant THE ARBITER with localized name THE ARBITER creature the arbiter and category the forgotten city
[2025-08-03 03:04:16.228] [log] [debug] [Utility.cpp:95] Added variant ANCIENT DEATHPRIEST with localized name ANCIENT DEATHPRIEST creature ancient deathpriest and category undead
[2025-08-03 03:04:16.229] [log] [debug] [Utility.cpp:95] Added variant ARVAK with localized name ARVAK creature arvak and category undead
[2025-08-03 03:04:16.229] [log] [debug] [Utility.cpp:95] Added variant AYLEID LICH with localized name AYLEID LICH creature ayleid lich and category undead
[2025-08-03 03:04:16.229] [log] [debug] [Utility.cpp:95] Added variant AYLEID PELINAGA with localized name AYLEID PELINAGA creature ayleid wight and category undead
[2025-08-03 03:04:16.229] [log] [debug] [Utility.cpp:95] Added variant AYLEID WIGHT with localized name AYLEID WIGHT creature ayleid wight and category undead
[2025-08-03 03:04:16.230] [log] [debug] [Utility.cpp:95] Added variant BONEWOLF with localized name BONEWOLF creature bonewolf and category undead
[2025-08-03 03:04:16.230] [log] [debug] [Utility.cpp:95] Added variant DEATH HOUND with localized name DEATH HOUND creature death hound and category undead
[2025-08-03 03:04:16.230] [log] [debug] [Utility.cpp:95] Added variant AHZIDAL with localized name AHZIDAL creature dragon priest and category undead
[2025-08-03 03:04:16.230] [log] [debug] [Utility.cpp:95] Added variant DRAGON PRIEST with localized name DRAGON PRIEST creature dragon priest and category undead
[2025-08-03 03:04:16.231] [log] [debug] [Utility.cpp:95] Added variant DUKAAN with localized name DUKAAN creature dragon priest and category undead
[2025-08-03 03:04:16.231] [log] [debug] [Utility.cpp:95] Added variant FJALAR THE FORGEMASTER with localized name FJALAR THE FORGEMASTER creature dragon priest and category undead
[2025-08-03 03:04:16.231] [log] [debug] [Utility.cpp:95] Added variant FODIIZ with localized name FODIIZ creature dragon priest and category undead
[2025-08-03 03:04:16.231] [log] [debug] [Utility.cpp:95] Added variant HEVNORAAK with localized name HEVNORAAK creature dragon priest and category undead
[2025-08-03 03:04:16.231] [log] [debug] [Utility.cpp:95] Added variant KONAHRIK with localized name KONAHRIK creature dragon priest and category undead
[2025-08-03 03:04:16.232] [log] [debug] [Utility.cpp:95] Added variant KPGUARDIAN with localized name THE GUARDIAN creature dragon priest and category undead
[2025-08-03 03:04:16.232] [log] [debug] [Utility.cpp:95] Added variant KROSIS with localized name KROSIS creature dragon priest and category undead
[2025-08-03 03:04:16.232] [log] [debug] [Utility.cpp:95] Added variant MIRAAK with localized name MIRAAK creature dragon priest and category undead
[2025-08-03 03:04:16.233] [log] [debug] [Utility.cpp:95] Added variant MOROKEI with localized name MOROKEI creature dragon priest and category undead
[2025-08-03 03:04:16.233] [log] [debug] [Utility.cpp:95] Added variant NAHKRIIN with localized name NAHKRIIN creature dragon priest and category undead
[2025-08-03 03:04:16.233] [log] [debug] [Utility.cpp:95] Added variant OTAR THE MAD with localized name OTAR THE MAD creature dragon priest and category undead
[2025-08-03 03:04:16.234] [log] [debug] [Utility.cpp:95] Added variant RAHGOT with localized name RAHGOT creature dragon priest and category undead
[2025-08-03 03:04:16.234] [log] [debug] [Utility.cpp:95] Added variant SULEYK with localized name SULEYK creature dragon priest and category undead
[2025-08-03 03:04:16.234] [log] [debug] [Utility.cpp:95] Added variant VAHLOK THE JAILOR with localized name VAHLOK THE JAILOR creature dragon priest and category undead
[2025-08-03 03:04:16.234] [log] [debug] [Utility.cpp:95] Added variant VOKUN with localized name VOKUN creature dragon priest and category undead
[2025-08-03 03:04:16.234] [log] [debug] [Utility.cpp:95] Added variant VOLSUNG with localized name VOLSUNG creature dragon priest and category undead
[2025-08-03 03:04:16.234] [log] [debug] [Utility.cpp:95] Added variant VULOM with localized name VULOM creature dragon priest and category undead
[2025-08-03 03:04:16.235] [log] [debug] [Utility.cpp:95] Added variant YSMIR WULFHARTH with localized name YSMIR WULFHARTH, STORM OF KYNE creature dragon priest and category undead
[2025-08-03 03:04:16.235] [log] [debug] [Utility.cpp:95] Added variant ZAHKRIISOS with localized name ZAHKRIISOS creature dragon priest and category undead
[2025-08-03 03:04:16.235] [log] [debug] [Utility.cpp:95] Added variant ZURIN ARCTUS with localized name ZURIN ARCTUS, THE UNDERKING creature dragon priest and category undead
[2025-08-03 03:04:16.235] [log] [debug] [Utility.cpp:95] Added variant DRAUGR with localized name DRAUGR creature draugr and category undead
[2025-08-03 03:04:16.236] [log] [debug] [Utility.cpp:95] Added variant HULKING DRAUGR with localized name HULKING DRAUGR creature draugr and category undead
[2025-08-03 03:04:16.236] [log] [debug] [Utility.cpp:95] Added variant SPECTRAL DRAUGR with localized name SPECTRAL DRAUGR creature draugr and category undead
[2025-08-03 03:04:16.236] [log] [debug] [Utility.cpp:95] Added variant GHOST with localized name GHOST creature ghost and category undead
[2025-08-03 03:04:16.237] [log] [debug] [Utility.cpp:95] Added variant KARSTAAG with localized name KARSTAAG creature ghost and category undead
[2025-08-03 03:04:16.237] [log] [debug] [Utility.cpp:95] Added variant POTEMA'S REMAINS with localized name POTEMA'S REMAINS creature ghost and category undead
[2025-08-03 03:04:16.237] [log] [debug] [Utility.cpp:95] Added variant KEEPER with localized name KEEPER creature keeper and category undead
[2025-08-03 03:04:16.237] [log] [debug] [Utility.cpp:95] Added variant REAPER with localized name REAPER creature reaper and category undead
[2025-08-03 03:04:16.238] [log] [debug] [Utility.cpp:95] Added variant BONEMAN with localized name BONEMAN creature skeleton and category undead
[2025-08-03 03:04:16.238] [log] [debug] [Utility.cpp:95] Added variant MISTMAN with localized name MISTMAN creature skeleton and category undead
[2025-08-03 03:04:16.238] [log] [debug] [Utility.cpp:95] Added variant SHADE with localized name SHADE creature skeleton and category undead
[2025-08-03 03:04:16.238] [log] [debug] [Utility.cpp:95] Added variant SKELETON with localized name SKELETON creature skeleton and category undead
[2025-08-03 03:04:16.239] [log] [debug] [Utility.cpp:95] Added variant WRATHMAN with localized name WRATHMAN creature skeleton and category undead
[2025-08-03 03:04:16.239] [log] [debug] [Utility.cpp:95] Added variant SPECTRAL WARHOUND with localized name SPECTRAL WARHOUND creature spectral warhound and category undead
[2025-08-03 03:04:16.239] [log] [debug] [Utility.cpp:95] Added variant VAMPIRE LORD with localized name VAMPIRE LORD creature vampire and category undead
[2025-08-03 03:04:16.240] [log] [debug] [Utility.cpp:95] Added variant VAMPIRE with localized name VAMPIRE creature vampire and category undead
[2025-08-03 03:04:16.240] [log] [debug] [Utility.cpp:95] Added variant WISP with localized name WISP creature wisp and category undead
[2025-08-03 03:04:16.240] [log] [debug] [Utility.cpp:95] Added variant WISPMOTHER with localized name WISPMOTHER creature wispmother and category undead
[2025-08-03 03:04:16.240] [log] [debug] [Utility.cpp:95] Added variant WRAITH with localized name WRAITH creature wraith and category undead
[2025-08-03 03:04:16.241] [log] [debug] [Utility.cpp:95] Added variant ZOMBIE with localized name ZOMBIE creature zombie and category undead
[2025-08-03 03:04:16.241] [log] [debug] [Utility.cpp:95] Added variant ANTIOCH with localized name ANTIOCH creature antioch and category undeath
[2025-08-03 03:04:16.242] [log] [debug] [Utility.cpp:95] Added variant GUNDAR with localized name GUNDAR creature gundar and category undeath
[2025-08-03 03:04:16.242] [log] [debug] [Utility.cpp:95] Added variant LICH with localized name LICH creature lich and category undeath
[2025-08-03 03:04:16.242] [log] [debug] [Utility.cpp:95] Added variant SELONIUS THE APOTHECARY with localized name SELONIUS creature selonius the apothecary and category undeath
[2025-08-03 03:04:16.243] [log] [debug] [Utility.cpp:95] Added variant SPIRIT OF VYNGALD with localized name ARCHMAGE VYNGALD creature spirit of vyngald and category undeath
[2025-08-03 03:04:16.243] [log] [debug] [Utility.cpp:95] Added variant TORVALEN with localized name TORVALEN creature torvalen and category undeath
[2025-08-03 03:04:16.243] [log] [debug] [Utility.cpp:95] Added variant AURORAN BATTLELORD with localized name AURORAN BATTLELORD creature auroran and category vigilant
[2025-08-03 03:04:16.243] [log] [debug] [Utility.cpp:95] Added variant AURORAN GUARDIAN with localized name AURORAN GUARDIAN creature auroran and category vigilant
[2025-08-03 03:04:16.244] [log] [debug] [Utility.cpp:95] Added variant AURORAN VALKYRIE with localized name AURORAN VALKYRIE creature auroran and category vigilant
[2025-08-03 03:04:16.244] [log] [debug] [Utility.cpp:95] Added variant AURORAN with localized name AURORAN creature auroran and category vigilant
[2025-08-03 03:04:16.244] [log] [debug] [Utility.cpp:95] Added variant BLOODFIEND with localized name BLOODFIEND creature bloodfiend and category vigilant
[2025-08-03 03:04:16.244] [log] [debug] [Utility.cpp:95] Added variant BLOODKNIGHT with localized name BLOODKNIGHT creature bloodfiend and category vigilant
[2025-08-03 03:04:16.245] [log] [debug] [Utility.cpp:95] Added variant BLOODLICH with localized name BLOODLICH creature bloodfiend and category vigilant
[2025-08-03 03:04:16.245] [log] [debug] [Utility.cpp:95] Added variant CAVE WORM with localized name CAVE WORM creature cave worm and category vigilant
[2025-08-03 03:04:16.245] [log] [debug] [Utility.cpp:95] Added variant COLDHARBOUR DAEDROTH with localized name COLDHARBOUR DAEDROTH creature coldharbour daedroth and category vigilant
[2025-08-03 03:04:16.246] [log] [debug] [Utility.cpp:95] Added variant DAEDROTH BATTLELORD with localized name DAEDROTH BATTLELORD creature coldharbour daedroth and category vigilant
[2025-08-03 03:04:16.246] [log] [debug] [Utility.cpp:95] Added variant DAEDROTH BERSERKER with localized name DAEDROTH BERSERKER creature coldharbour daedroth and category vigilant
[2025-08-03 03:04:16.246] [log] [debug] [Utility.cpp:95] Added variant DAEDROTH SENTINEL with localized name DAEDROTH SENTINEL creature coldharbour daedroth and category vigilant
[2025-08-03 03:04:16.246] [log] [debug] [Utility.cpp:95] Added variant DAEDROTH WARRIOR with localized name DAEDROTH WARRIOR creature coldharbour daedroth and category vigilant
[2025-08-03 03:04:16.246] [log] [debug] [Utility.cpp:95] Added variant COLDHARBOUR SCAMP with localized name COLDHARBOUR SCAMP creature coldharbour scamp and category vigilant
[2025-08-03 03:04:16.247] [log] [debug] [Utility.cpp:95] Added variant SCAMP BERSERKER with localized name SCAMP BERSERKER creature coldharbour scamp and category vigilant
[2025-08-03 03:04:16.247] [log] [debug] [Utility.cpp:95] Added variant SCAMP SHADOW WARRIOR with localized name SCAMP SHADOW WARRIOR creature coldharbour scamp and category vigilant
[2025-08-03 03:04:16.247] [log] [debug] [Utility.cpp:95] Added variant SCAMP SKIRMISHER with localized name SCAMP SKIRMISHER creature coldharbour scamp and category vigilant
[2025-08-03 03:04:16.247] [log] [debug] [Utility.cpp:95] Added variant SCAMP WARCHIEF with localized name SCAMP WARCHIEF creature coldharbour scamp and category vigilant
[2025-08-03 03:04:16.247] [log] [debug] [Utility.cpp:95] Added variant SCAMP WARLORD with localized name SCAMP WARLORD creature coldharbour scamp and category vigilant
[2025-08-03 03:04:16.248] [log] [debug] [Utility.cpp:95] Added variant SCAMP WARRIOR with localized name SCAMP WARRIOR creature coldharbour scamp and category vigilant
[2025-08-03 03:04:16.248] [log] [debug] [Utility.cpp:95] Added variant DARK FLESH with localized name DARK FLESH creature dark ones and category vigilant
[2025-08-03 03:04:16.248] [log] [debug] [Utility.cpp:95] Added variant DARK KID with localized name DARK KID creature dark ones and category vigilant
[2025-08-03 03:04:16.248] [log] [debug] [Utility.cpp:95] Added variant DARK ONES with localized name DARK ONES creature dark ones and category vigilant
[2025-08-03 03:04:16.249] [log] [debug] [Utility.cpp:95] Added variant FESTERING OGRIM with localized name FESTERING OGRIM creature festering ogrim and category vigilant
[2025-08-03 03:04:16.249] [log] [debug] [Utility.cpp:95] Added variant IRON SPIDER with localized name IRON SPIDER creature iron spider and category vigilant
[2025-08-03 03:04:16.249] [log] [debug] [Utility.cpp:95] Added variant ATRONACH OF ORDER with localized name ATRONACH OF ORDER creature knight of order and category vigilant
[2025-08-03 03:04:16.249] [log] [debug] [Utility.cpp:95] Added variant GIANT ATRONACH OF ORDER with localized name GIANT ATRONACH OF ORDER creature knight of order and category vigilant
[2025-08-03 03:04:16.250] [log] [debug] [Utility.cpp:95] Added variant KNIGHT OF ORDER with localized name KNIGHT OF ORDER creature knight of order and category vigilant
[2025-08-03 03:04:16.250] [log] [debug] [Utility.cpp:95] Added variant PRIEST OF ORDER with localized name PRIEST OF ORDER creature knight of order and category vigilant
[2025-08-03 03:04:16.250] [log] [debug] [Utility.cpp:95] Added variant SENTINEL OF ORDER with localized name SENTINEL OF ORDER creature knight of order and category vigilant
[2025-08-03 03:04:16.250] [log] [debug] [Utility.cpp:95] Added variant SPIRIT OF ORDER with localized name SPIRIT OF ORDER creature knight of order and category vigilant
[2025-08-03 03:04:16.251] [log] [debug] [Utility.cpp:95] Added variant MINOTAUR VAMPIRE with localized name MINOTAUR VAMPIRE creature minotaur vampire and category vigilant
[2025-08-03 03:04:16.251] [log] [debug] [Utility.cpp:95] Added variant PLAGUE LEECH with localized name PLAGUE LEECH creature plague leech and category vigilant
[2025-08-03 03:04:16.251] [log] [debug] [Utility.cpp:95] Added variant SAND RUNNER with localized name SAND RUNNER creature sand runner and category vigilant
[2025-08-03 03:04:16.251] [log] [debug] [Utility.cpp:95] Added variant SAND SCORPION with localized name SAND SCORPION creature sand scorpion and category vigilant
[2025-08-03 03:04:16.252] [log] [debug] [Utility.cpp:95] Added variant BONE WHEEL with localized name BONE WHEEL creature skeleton demon and category vigilant
[2025-08-03 03:04:16.252] [log] [debug] [Utility.cpp:95] Added variant SKELETON DEMON with localized name SKELETON DEMON creature skeleton demon and category vigilant
[2025-08-03 03:04:16.252] [log] [debug] [Utility.cpp:95] Added variant VARLA HOUND with localized name VARLA HOUND creature varla hound and category vigilant
[2025-08-03 03:04:16.252] [log] [debug] [Utility.cpp:95] Added variant ANDURIL with localized name ANDURIL creature anduril and category wyrmstooth
[2025-08-03 03:04:16.253] [log] [debug] [Utility.cpp:95] Added variant ANKE EBONHAND with localized name ANKE EBONHAND creature anke ebonhand and category wyrmstooth
[2025-08-03 03:04:16.253] [log] [debug] [Utility.cpp:95] Added variant DRAUGR KITCHEN OVERLORD with localized name DRAUGR KITCHEN OVERLORD creature draugr kitchen overlord and category wyrmstooth
[2025-08-03 03:04:16.254] [log] [debug] [Utility.cpp:95] Added variant GLOWING CRAB with localized name GLOWING CRAB creature glowing crab and category wyrmstooth
[2025-08-03 03:04:16.254] [log] [debug] [Utility.cpp:95] Added variant MARAUDERS with localized name MARAUDERS creature marauders and category wyrmstooth
[2025-08-03 03:04:16.254] [log] [debug] [Utility.cpp:95] Added variant NEHFRINQETH with localized name NEHFRINQETH creature nehfrinqeth and category wyrmstooth
[2025-08-03 03:04:16.255] [log] [debug] [Utility.cpp:95] Added variant NEHKRAHQETH with localized name NEHKRAQETH creature nehkrahqeth and category wyrmstooth
[2025-08-03 03:04:16.255] [log] [debug] [Utility.cpp:95] Added variant SHADE OF VULOM with localized name SHADE OF VULOM creature shade of vulom and category wyrmstooth
[2025-08-03 03:04:16.255] [log] [debug] [Utility.cpp:95] Added variant SULEYK with localized name SULEYK creature suleyk and category wyrmstooth
[2025-08-03 03:04:16.255] [log] [debug] [Utility.cpp:95] Added variant VULTHURKRAH with localized name VULTHURKRAH creature vulthurkrah and category wyrmstooth
[2025-08-03 03:04:16.256] [log] [debug] [Utility.cpp:95] Added variant WYRMSTOOTH MATRIARCH with localized name WYRMSTOOTH MATRIARCH creature wyrmstooth matriarch and category wyrmstooth
[2025-08-03 03:04:16.256] [log] [info] [main.cpp:74] Bestiary is in Player's pocket!
