[03:04:16:877] PapyrusTweaks v4.1.0
[03:04:16:877] loaded plugin
[03:04:16:878] PapyrusOpsPerFrameHook hooked at address 7ff7e8a73101
[03:04:16:878] PapyrusOpsPerFrameHook hooked at offset 1463101
[03:04:16:878] FixToggleScriptsSaveHook for saves hooked at address 7ff7e7fd9ed6
[03:04:16:878] FixToggleScriptsSaveHook hooked at offset 9c9ed6
[03:04:16:878] FixToggleScriptsDumpHook for stack dumps hooked at address 7ff7e7fda17c
[03:04:16:878] FixToggleScriptsDumpHook hooked at offset 9ca17c
[03:04:16:878] FixScriptPageAllocation set!
[03:04:16:878] FixIsHostileToActorCrash hooked at address 7ff7e7ffe9ab
[03:04:16:878] FixIsHostileToActorCrash hooked at offset 9ee9ab
[03:04:16:878] StackDumpTimeoutModifier hooked at address 7ff7e7fd90e1
[03:04:16:878] StackDumpTimeoutModifier hooked at offset 9c90e1
[03:04:16:878] FixDelayedTypeCast hooked at address 7ff7e8a8390d
[03:04:16:878] FixDelayedTypeCast hooked at offset 147390d
[03:04:16:878] FixDelayedTypeCast hooked at address 7ff7e8a84137
[03:04:16:878] FixDelayedTypeCast hooked at offset 1474137
[03:04:16:878] FixDelayedTypeCastVFunc hook set!
[03:04:16:878] EnableLoadDocStrings hooked at address 7ff7e7fce4f4
[03:04:16:878] EnableLoadDocStrings hooked at offset 9be4f4
[03:04:16:878] EnableLoadDebugInformation hooked at address 7ff7e7fce4f4
[03:04:16:878] EnableLoadDebugInformation hooked at offset 9be4f4
[03:04:16:878] ValidationSignaturesHook hooked at address 7ff7e8a5e9c0
[03:04:16:878] ValidationSignaturesHook at offset 144e9c0
[03:04:16:878] BaseTypeMismatch hooked at address 7ff7e7fb65bc
[03:04:16:878] BaseTypeMismatch at offset 9a65bc
[03:04:16:878] SummarizeStackDumpHook placed!
