main.cpp(116): [info] PayloadInterpreter v1-0-0-0
PayloadInterpreter.cpp(10): [info] Loading predefined payload instructions...
PayloadInterpreter.cpp(14): [info] Loading from Data/SKSE/PayloadInterpreter/Config\EAaS.ini
PayloadInterpreter.cpp(58): [info] @SGVB|bEasTwoHandCycle|0
PayloadInterpreter.cpp(61): [info] mapping loaded for $disableEasTHAV
PayloadInterpreter.cpp(58): [info] @SGVB|bEasTwoHandCycle|1
PayloadInterpreter.cpp(61): [info] mapping loaded for $enableEasTHAV
PayloadInterpreter.cpp(58): [info] @PLAYPARTICLE|TaberuMono/FlourSmoke01.nif|3|5|0|4U|0|0|0
PayloadInterpreter.cpp(61): [info] mapping loaded for $FlourSmoke1
PayloadInterpreter.cpp(58): [info] @PLAYPARTICLE|TaberuMono/FlourSmoke02.nif|3|5|0|4U|0|0|0
PayloadInterpreter.cpp(61): [info] mapping loaded for $FlourSmoke2
PayloadInterpreter.cpp(58): [info] @CAST|0x345406|TaberuAnimation.esp|0|0|0|0|0|0|0|0|0
PayloadInterpreter.cpp(61): [info] mapping loaded for $EasDebugMessage
PayloadInterpreter.cpp(14): [info] Loading from Data/SKSE/PayloadInterpreter/Config\Vanilla Eating Animation Fix.ini
PayloadInterpreter.cpp(58): [info] @SGVI|NPCC_Chew|1
PayloadInterpreter.cpp(61): [info] mapping loaded for $NPCC_Begin
PayloadInterpreter.cpp(58): [info] @SGVI|NPCC_Chew|0
PayloadInterpreter.cpp(61): [info] mapping loaded for $NPCC_End
PayloadInterpreter.cpp(14): [info] Loading from Data/SKSE/PayloadInterpreter/Config\__folder_managed_by_vortex
PayloadInterpreter.cpp(20): [info] Predefined instructions loaded.
