[16:40:07] PlayerNameRandomizer v1.1.1.1
[16:40:07] Game version : 1-6-1170-0
[16:40:08] *******NAME DEFINITIONS*******
[16:40:08] 35 Name Definition files found
[16:40:08] Loading "NNDAltmer"
[16:40:08] 	First Names:
[16:40:08] 		Male: 951
[16:40:08] 		Female: 896
[16:40:08] 	Last Names:
[16:40:08] 		Any: 59
[16:40:08] Loading "NNDArgonianJel"
[16:40:08] 	First Names:
[16:40:08] 		Male: 673
[16:40:08] 		Female: 688
[16:40:08] Loading "NNDArgonianTamrielic"
[16:40:08] 	First Names:
[16:40:08] 		Male: 252
[16:40:08] 		Female: 223
[16:40:08] Loading "NNDAshlander"
[16:40:08] 	First Names:
[16:40:08] 		Male: 193
[16:40:08] 		Female: 139
[16:40:08] 	Last Names:
[16:40:08] 		Any: 205
[16:40:08] Loading "NNDAtronach"
[16:40:08] 	Last Names:
[16:40:08] 		Any: 69
[16:40:08] Loading "NNDBosmer"
[16:40:08] 	First Names:
[16:40:08] 		Male: 795
[16:40:08] 		Female: 719
[16:40:08] 	Last Names:
[16:40:08] 		Any: 226
[16:40:08] Loading "NNDBreton"
[16:40:08] 	First Names:
[16:40:08] 		Male: 958
[16:40:08] 		Female: 839
[16:40:08] 	Last Names:
[16:40:08] 		Any: 849
[16:40:08] Loading "NNDDaedra"
[16:40:08] 	First Names:
[16:40:08] 		Male: 99
[16:40:08] 		Female: 88
[16:40:08] 	Last Names:
[16:40:08] 		Any: 57
[16:40:08] Loading "NNDDaedraBestial"
[16:40:08] 	First Names:
[16:40:08] 		Male: 30
[16:40:08] 		Female: 29
[16:40:08] Loading "NNDDaedraOgrim"
[16:40:08] 	First Names:
[16:40:08] 		Any: 30
[16:40:08] Loading "NNDDaedraSpider"
[16:40:08] 	First Names:
[16:40:08] 		Inherits from the next Name Definition
[16:40:08] 		Male: 2
[16:40:08] 		Female: 15
[16:40:08] Loading "NNDDaedraWatcher"
[16:40:08] 	First Names:
[16:40:08] 		Inherits from the next Name Definition
[16:40:08] 		Any: 9
[16:40:08] 	Last Names:
[16:40:08] 		Any: 13
[16:40:08] Loading "NNDDragon1"
[16:40:08] 	First Names:
[16:40:08] 		Any: 92
[16:40:08] 			Prefix: 134
[16:40:08] 			Suffix: 134
[16:40:08] Loading "NNDDragon2"
[16:40:08] 	First Names:
[16:40:08] 		Any: 78
[16:40:08] 			Prefix: 134
[16:40:08] 			Suffix: 134
[16:40:08] Loading "NNDDragonPriest"
[16:40:08] 	First Names:
[16:40:08] 		Any: 78
[16:40:08] 			Prefix: 134
[16:40:08] Loading "NNDDremora"
[16:40:08] 	First Names:
[16:40:08] 		Male: 81
[16:40:08] 		Female: 66
[16:40:08] Loading "NNDDunmer"
[16:40:08] 	First Names:
[16:40:08] 		Male: 982
[16:40:08] 		Female: 876
[16:40:08] 	Last Names:
[16:40:08] 		Any: 764
[16:40:08] Loading "NNDFlameAtronach"
[16:40:08] 	First Names:
[16:40:08] 		Any: 2
[16:40:08] 	Last Names:
[16:40:08] 		Inherits from the next Name Definition
[16:40:08] Loading "NNDForsworn"
[16:40:08] 	First Names:
[16:40:08] 		Male: 183
[16:40:08] 		Female: 164
[16:40:08] 	Last Names:
[16:40:08] 		Any: 33
[16:40:08] Loading "NNDFrostAtronach"
[16:40:08] 	First Names:
[16:40:08] 		Any: 1
[16:40:08] 	Last Names:
[16:40:08] 		Inherits from the next Name Definition
[16:40:08] Loading "NNDImperial"
[16:40:08] 	First Names:
[16:40:08] 		Male: 554
[16:40:08] 		Female: 378
[16:40:08] 	Last Names:
[16:40:08] 		Any: 515
[16:40:08] Loading "NNDKhajiitTaagraPrefixHonorifics"
[16:40:08] 	First Names:
[16:40:08] 		Inherits from the next Name Definition
[16:40:08] 		WARN: Redundant inheritance, since First Name will always be produced by this Name Definition
[16:40:08] 		Male: 964
[16:40:08] 			Prefix: 15
[16:40:08] 		Female: 895
[16:40:08] 			Prefix: 17
[16:40:08] 	Last Names:
[16:40:08] 		Inherits from the next Name Definition
[16:40:08] Loading "NNDKhajiitTaagraSuffixHonorifics"
[16:40:08] 	First Names:
[16:40:08] 		Male: 963
[16:40:08] 			Suffix: 11
[16:40:08] 		Female: 898
[16:40:08] 			Suffix: 12
[16:40:08] 	Last Names:
[16:40:08] 		Inherits from the next Name Definition
[16:40:08] Loading "NNDKhajiitTamrielicTitles"
[16:40:08] 	Last Names:
[16:40:08] 		Male: 108
[16:40:08] 		Female: 101
[16:40:08] Loading "NNDNord"
[16:40:08] 	First Names:
[16:40:08] 		Inherits from the next Name Definition
[16:40:08] 	Last Names:
[16:40:08] 		Inherits from the next Name Definition
[16:40:08] Loading "NNDNordMatronym"
[16:40:08] 	Last Names:
[16:40:08] 		Any: 1129
[16:40:08] Loading "NNDNordPatronym"
[16:40:08] 	Last Names:
[16:40:08] 		Any: 1475
[16:40:08] Loading "NNDNordPrefixTitle"
[16:40:08] 	First Names:
[16:40:08] 		Any: 30
[16:40:08] Loading "NNDNordSuffixTitle"
[16:40:08] 	Last Names:
[16:40:08] 		Any: 616
[16:40:08] Loading "NNDOrc"
[16:40:08] 	First Names:
[16:40:08] 		Male: 774
[16:40:08] 		Female: 678
[16:40:08] 	Last Names:
[16:40:08] 		Any: 260
[16:40:08] Loading "NNDRedguard"
[16:40:08] 	First Names:
[16:40:08] 		Male: 973
[16:40:08] 		Female: 878
[16:40:08] 	Last Names:
[16:40:08] 		Any: 152
[16:40:08] Loading "NNDStormAtronach"
[16:40:08] 	First Names:
[16:40:08] 		Any: 1
[16:40:08] 	Last Names:
[16:40:08] 		Inherits from the next Name Definition
[16:40:08] Loading "NNDUniqueFlameAtronach"
[16:40:08] 	First Names:
[16:40:08] 		Any: 5
[16:40:08] Loading "NNDUniqueFrostAtronach"
[16:40:08] 	First Names:
[16:40:08] 		Any: 3
[16:40:08] Loading "NNDUniqueStormAtronach"
[16:40:08] 	First Names:
[16:40:08] 		Any: 4
[16:40:08] ***********RaceMenu***********
[16:40:08] RaceMenu detected!
