08/15/25 - 22:41:03.210802 [info] Loading AnimationMotionRevolution 1.5.3.0...
08/15/25 - 22:41:03.216171 [debug] Default Trampoline => 0B / 45B (00.00%)
08/15/25 - 22:41:03.216195 [debug] Default Trampoline => 31B / 45B (68.89%)
08/15/25 - 22:41:03.216202 [debug] Default Trampoline => 45B / 45B (100.00%)
08/15/25 - 22:41:03.216250 [debug] Default Trampoline => 0B / 45B (00.00%)
08/15/25 - 22:41:03.216256 [debug] Default Trampoline => 31B / 45B (68.89%)
08/15/25 - 22:41:03.216261 [debug] Default Trampoline => 45B / 45B (100.00%)
08/15/25 - 22:41:03.216286 [debug] Default Trampoline => 0B / 45B (00.00%)
08/15/25 - 22:41:03.216292 [debug] Default Trampoline => 31B / 45B (68.89%)
08/15/25 - 22:41:03.216298 [debug] Default Trampoline => 45B / 45B (100.00%)
08/15/25 - 22:41:03.216320 [debug] Default Trampoline => 0B / 45B (00.00%)
08/15/25 - 22:41:03.216326 [debug] Default Trampoline => 31B / 45B (68.89%)
08/15/25 - 22:41:03.216331 [debug] Default Trampoline => 45B / 45B (100.00%)
08/15/25 - 22:41:03.216358 [debug] Default Trampoline => 0B / 45B (00.00%)
08/15/25 - 22:41:03.216367 [debug] Default Trampoline => 31B / 45B (68.89%)
08/15/25 - 22:41:03.216382 [debug] Default Trampoline => 45B / 45B (100.00%)
08/15/25 - 22:41:03.216423 [debug] Default Trampoline => 0B / 45B (00.00%)
08/15/25 - 22:41:03.216429 [debug] Default Trampoline => 31B / 45B (68.89%)
08/15/25 - 22:41:03.216434 [debug] Default Trampoline => 45B / 45B (100.00%)
08/15/25 - 22:41:03.216448 [info] Succesfully loaded!
08/15/25 - 23:19:36.073219 [warning] Animation=Animations\MCO_attack1.hkx of hkbCharacter=0x2507385b440 ends at 2.333333, while custom translation ends at 0.766659
08/15/25 - 23:20:00.080200 [warning] Animation=Animations\MCO_attack1.hkx of hkbCharacter=0x2507385b440 ends at 2.333333, while custom translation ends at 0.766659
08/15/25 - 23:28:41.251158 [warning] Animation=Animations\MCO_attack1.hkx of hkbCharacter=0x25174bb84c0 ends at 1.833333, while custom translation ends at 1.499985
08/15/25 - 23:28:42.041574 [warning] Animation=Animations\MCO_attack2.hkx of hkbCharacter=0x25174bb84c0 ends at 1.833333, while custom translation ends at 0.499995
08/15/25 - 23:33:16.740689 [warning] Animation=Animations\MCO_attack1.hkx of hkbCharacter=0x25174bb8c40 ends at 1.1833333, while custom translation ends at 1.1833
08/15/25 - 23:33:17.664531 [warning] Animation=Animations\MCO_attack1.hkx of hkbCharacter=0x2507385a540 ends at 1.1833333, while custom translation ends at 1.1833
08/15/25 - 23:33:17.689387 [warning] Animation=Animations\MCO_attack2.hkx of hkbCharacter=0x25174bb8c40 ends at 1.5166667, while custom translation ends at 1.5
08/15/25 - 23:33:17.988830 [warning] Animation=Animations\DodgeBack.hkx of hkbCharacter=0x25174bb8c40 ends at 0.866667, while custom translation ends at 0.8
08/15/25 - 23:33:18.338596 [warning] Animation=Animations\MCO_attack2.hkx of hkbCharacter=0x2507385a540 ends at 1.5166667, while custom translation ends at 1.5
08/15/25 - 23:33:19.012845 [warning] Animation=Animations\MCO_attack3.hkx of hkbCharacter=0x2507385a540 ends at 1.5166667, while custom translation ends at 1.5167
08/15/25 - 23:33:20.316268 [warning] Animation=Animations\MCO_attack1.hkx of hkbCharacter=0x25174bb8c40 ends at 1.1833333, while custom translation ends at 1.1833
08/15/25 - 23:33:21.439833 [warning] Animation=Animations\MCO_attack2.hkx of hkbCharacter=0x25174bb8c40 ends at 1.5166667, while custom translation ends at 1.5
08/15/25 - 23:33:22.438835 [warning] Animation=Animations\MCO_attack1.hkx of hkbCharacter=0x2507385a540 ends at 1.1833333, while custom translation ends at 1.1833
08/15/25 - 23:33:22.564048 [warning] Animation=Animations\MCO_attack3.hkx of hkbCharacter=0x25174bb8c40 ends at 1.5166667, while custom translation ends at 1.5167
08/15/25 - 23:33:23.317375 [warning] Animation=Animations\MCO_powerattack2.hkx of hkbCharacter=0x2507385a540 ends at 1.7166667, while custom translation ends at 1.7
08/15/25 - 23:33:25.091512 [warning] Animation=Animations\MCO_attack3.hkx of hkbCharacter=0x2507385a540 ends at 1.5166667, while custom translation ends at 1.5167
08/15/25 - 23:33:25.341234 [warning] Animation=Animations\MCO_attack1.hkx of hkbCharacter=0x25174bb8c40 ends at 1.1833333, while custom translation ends at 1.1833
08/15/25 - 23:33:26.415423 [warning] Animation=Animations\MCO_attack2.hkx of hkbCharacter=0x25174bb8c40 ends at 1.5166667, while custom translation ends at 1.5
08/15/25 - 23:33:27.489139 [warning] Animation=Animations\MCO_attack3.hkx of hkbCharacter=0x25174bb8c40 ends at 1.5166667, while custom translation ends at 1.5167
08/15/25 - 23:33:27.788962 [warning] Animation=Animations\MCO_attack1.hkx of hkbCharacter=0x2507385a540 ends at 1.1833333, while custom translation ends at 1.1833
08/15/25 - 23:33:28.867033 [warning] Animation=Animations\MCO_attack2.hkx of hkbCharacter=0x2507385a540 ends at 1.5166667, while custom translation ends at 1.5
08/15/25 - 23:33:29.942076 [warning] Animation=Animations\MCO_powerattack3.hkx of hkbCharacter=0x2507385a540 ends at 2.0833333, while custom translation ends at 2.0667
08/15/25 - 23:33:30.191226 [warning] Animation=Animations\MCO_attack1.hkx of hkbCharacter=0x25174bb8c40 ends at 1.1833333, while custom translation ends at 1.1833
08/15/25 - 23:33:31.317533 [warning] Animation=Animations\MCO_attack2.hkx of hkbCharacter=0x25174bb8c40 ends at 1.5166667, while custom translation ends at 1.5
08/15/25 - 23:33:32.192450 [warning] Animation=Animations\MCO_attack3.hkx of hkbCharacter=0x25174bb8c40 ends at 1.5166667, while custom translation ends at 1.5167
08/15/25 - 23:33:33.616832 [warning] Animation=Animations\MCO_powerattack5.hkx of hkbCharacter=0x2507385a540 ends at 3.0166667, while custom translation ends at 3
08/15/25 - 23:33:34.943477 [warning] Animation=Animations\MCO_attack1.hkx of hkbCharacter=0x25174bb8c40 ends at 1.1833333, while custom translation ends at 1.1833
08/15/25 - 23:33:35.945257 [warning] Animation=Animations\MCO_attack2.hkx of hkbCharacter=0x25174bb8c40 ends at 1.5166667, while custom translation ends at 1.5
08/15/25 - 23:33:37.044740 [warning] Animation=Animations\MCO_attack1.hkx of hkbCharacter=0x2507385a540 ends at 1.1833333, while custom translation ends at 1.1833
08/15/25 - 23:33:37.069687 [warning] Animation=Animations\MCO_attack3.hkx of hkbCharacter=0x25174bb8c40 ends at 1.5166667, while custom translation ends at 1.5167
08/15/25 - 23:33:38.018305 [warning] Animation=Animations\MCO_attack2.hkx of hkbCharacter=0x2507385a540 ends at 1.5166667, while custom translation ends at 1.5
08/15/25 - 23:33:38.992405 [warning] Animation=Animations\MCO_attack3.hkx of hkbCharacter=0x2507385a540 ends at 1.5166667, while custom translation ends at 1.5167
08/15/25 - 23:33:39.770815 [warning] Animation=Animations\MCO_attack1.hkx of hkbCharacter=0x25174bb8c40 ends at 1.1833333, while custom translation ends at 1.1833
08/15/25 - 23:33:40.844895 [warning] Animation=Animations\MCO_attack2.hkx of hkbCharacter=0x25174bb8c40 ends at 1.5166667, while custom translation ends at 1.5
08/15/25 - 23:33:41.897564 [warning] Animation=Animations\MCO_attack1.hkx of hkbCharacter=0x2507385a540 ends at 1.1833333, while custom translation ends at 1.1833
08/15/25 - 23:33:41.922214 [warning] Animation=Animations\MCO_attack3.hkx of hkbCharacter=0x25174bb8c40 ends at 1.5166667, while custom translation ends at 1.5167
08/15/25 - 23:33:42.871092 [warning] Animation=Animations\MCO_attack2.hkx of hkbCharacter=0x2507385a540 ends at 1.5166667, while custom translation ends at 1.5
08/15/25 - 23:33:43.845308 [warning] Animation=Animations\MCO_powerattack3.hkx of hkbCharacter=0x2507385a540 ends at 2.0833333, while custom translation ends at 2.0667
08/15/25 - 23:33:44.619376 [warning] Animation=Animations\MCO_attack1.hkx of hkbCharacter=0x25174bb8c40 ends at 1.1833333, while custom translation ends at 1.1833
08/15/25 - 23:33:44.792803 [warning] Animation=Animations\modernstaggerlock\MSL_staggerBackwardMedium.hkx of hkbCharacter=0x25174bb8c40 ends at 1.1333333, while custom translation ends at 1.1333
08/15/25 - 23:33:44.792836 [warning] Animation=Animations\modernstaggerlock\MSL_staggerBackwardMedium.hkx of hkbCharacter=0x25174bb8c40 ends at 1.1333333, while custom rotation ends at 1.1333
08/15/25 - 23:33:46.748383 [warning] Animation=Animations\MCO_attack1.hkx of hkbCharacter=0x25174bb8c40 ends at 1.1833333, while custom translation ends at 1.1833
08/15/25 - 23:33:47.122603 [warning] Animation=Animations\MCO_powerattack5.hkx of hkbCharacter=0x2507385a540 ends at 3.0166667, while custom translation ends at 3
08/15/25 - 23:33:47.621892 [warning] Animation=Animations\MCO_attack2.hkx of hkbCharacter=0x25174bb8c40 ends at 1.5166667, while custom translation ends at 1.5
08/15/25 - 23:33:49.652367 [warning] Animation=Animations\MCO_powerattack1.hkx of hkbCharacter=0x2507385a540 ends at 1.6833333, while custom translation ends at 1.6667
08/15/25 - 23:33:50.925911 [warning] Animation=Animations\MCO_attack2.hkx of hkbCharacter=0x2507385a540 ends at 1.5166667, while custom translation ends at 1.5
08/15/25 - 23:33:51.603261 [warning] Animation=Animations\MCO_attack3.hkx of hkbCharacter=0x2507385a540 ends at 1.5166667, while custom translation ends at 1.5167
