[00:10:35] [info] Backported Extended ESL Support version 1.2 by Nukem. Mod URL: https://www.nexusmods.com/skyrimspecialedition/mods/106441
[00:11:56] [info] Emulated old header version for [k86] Nord Villager Outfit.esp.
[00:11:56] [info] Emulated old header version for Abyss_USSEP.esp.
[00:11:56] [info] Emulated old header version for AI Overhaul - Gourmet Patch.esp.
[00:11:56] [info] Emulated old header version for ArmorOfNocturnal.esp.
[00:11:56] [info] Emulated old header version for ASHLEY - Witcher in Whiterun.esp.
[00:11:56] [info] Emulated old header version for AuriNerussa - DX Druid Armor Patch.esp.
[00:11:56] [info] Emulated old header version for Awakened Combat AI.esp.
[00:11:56] [info] Emulated old header version for Better Vampire NPC - Children Patch.esp.
[00:11:56] [info] Emulated old header version for Better Vampire NPC - Consistency Patch.esp.
[00:11:56] [info] Emulated old header version for Better Vampire NPC - Dibella's Blessing Patch.esp.
[00:11:56] [info] Emulated old header version for Better Vampire NPC - Modpocalypse Patch.esp.
[00:11:56] [info] Emulated old header version for Better Vampire NPC - Nithi's Patch.esp.
[00:11:56] [info] Emulated old header version for BetterMASNavmesh-USSEP-3DNPC patch.esp.
[00:11:56] [info] Emulated old header version for BlackreachEerieAmbience.esp.
[00:11:56] [info] Emulated old header version for ClimbableDoorLadder.esp.
[00:11:56] [info] Emulated old header version for Dawn of Skyrim - Spaghetti's Cities Patch.esp.
[00:11:56] [info] Emulated old header version for Deadly Shadows in Riften - Nolvus Integration.esp.
[00:11:56] [info] Emulated old header version for Deadly Spell Impact - AOS ISC PSI - AIO Patch.esp.
[00:11:56] [info] Emulated old header version for DESIRE - Lux Patch.esp.
[00:11:56] [info] Emulated old header version for DESIRE - No more free Stealing.esp.
[00:11:56] [info] Emulated old header version for DESIRE - No more visible map marker.esp.
[00:11:56] [info] Emulated old header version for DESIRE - Remove Non Lorefrienldy Outfits.esp.
[00:11:56] [info] Emulated old header version for DialogueHistory.esp.
[00:11:56] [info] Emulated old header version for Drizzt_Swords.esp.
[00:11:56] [info] Emulated old header version for DynDOLOD.esm.
[00:11:56] [info] Emulated old header version for DynDOLOD.esp.
[00:11:56] [info] Emulated old header version for evgSouthboundScoutsRumple.esp.
[00:11:56] [info] Emulated old header version for Fanatical Enemies - Consistency Patch.esp.
[00:11:56] [info] Emulated old header version for Fanatical Enemies - Dibella's Blessing Patch.esp.
[00:11:56] [info] Emulated old header version for Fanatical Enemies - Modpocalypse Patch.esp.
[00:11:56] [info] Emulated old header version for Fanatical Enemies - Nithi's Patch.esp.
[00:11:56] [info] Emulated old header version for Gildergreen Is Really Thicc HD.esp.
[00:11:56] [info] Emulated old header version for GOOSE_College of Winterhold.esp.
[00:11:56] [info] Emulated old header version for GOOSE_Mages of Skyrim.esp.
[00:11:56] [info] Emulated old header version for IceLOD.esl.
[00:11:56] [info] Emulated old header version for IcyFixesLite.esl.
[00:11:56] [info] Emulated old header version for Inigo-Bloodchill-NavMeshFix.esp.
[00:11:56] [info] Emulated old header version for JK's Castle Volkihar.esp.
[00:11:56] [info] Emulated old header version for JK's Skyrim Custom Towns - Fixes.esp.
[00:11:56] [info] Emulated old header version for JKs Bards College - Remiel patch.esp.
[00:11:56] [info] Emulated old header version for JKs Castle Volkihar - Atlas Map Markers patch.esp.
[00:11:56] [info] Emulated old header version for JKs Castle Volkihar - CC Fishing patch.esp.
[00:11:56] [info] Emulated old header version for JKs Castle Volkihar - Embers XD patch.esp.
[00:11:56] [info] Emulated old header version for JKs Castle Volkihar - LAWF patch.esp.
[00:11:56] [info] Emulated old header version for JKs Castle Volkihar - LOTD patch.esp.
[00:11:56] [info] Emulated old header version for JKs Castle Volkihar - WACCF patch.esp.
[00:11:56] [info] Emulated old header version for JKs College of Winterhold - Remiel patch.esp.
[00:11:56] [info] Emulated old header version for JKs Fort Dawnguard - Cloaks of Dawnguard patch.esp.
[00:11:56] [info] Emulated old header version for JKs Fort Dawnguard - LOTD patch.esp.
[00:11:56] [info] Emulated old header version for JKs Jorrvaskr - This Is Jorrvaskr patch.esp.
[00:11:56] [info] Emulated old header version for knighterrant.esp.
[00:11:56] [info] Emulated old header version for lullfish.esp.
[00:11:56] [info] Emulated old header version for Lux - Forgotten City.esp.
[00:11:56] [info] Emulated old header version for Lux - JK's Castle Volkihar patch.esp.
[00:11:56] [info] Emulated old header version for Lux - Moon and Star patch.esp.
[00:11:56] [info] Emulated old header version for Lux - Wyrmstooth.esp.
[00:11:56] [info] Emulated old header version for LuxID-JKs Silver-Blood Inn - CC Dwarven Plate patch.esp.
[00:11:56] [info] Emulated old header version for LuxID-JKs Silver-Blood Inn - CC Spell Knight Armor patch.esp.
[00:11:56] [info] Emulated old header version for LuxID-JKs Silver-Blood Inn - Citizens Complete patch.esp.
[00:11:56] [info] Emulated old header version for LuxID-JKs Silver-Blood Inn - SUDs patch.esp.
[00:11:56] [info] Emulated old header version for Lvx_Curved_Sword.esl.
[00:11:56] [info] Emulated old header version for mihailstormgolem - crash fix.esp.
[00:11:56] [info] Emulated old header version for MomoElysianSword.esp.
[00:11:56] [info] Emulated old header version for Moon and Star - Hircine Shrine Patch.esp.
[00:11:56] [info] Emulated old header version for MT Armor BRS.esp.
[00:11:56] [info] Emulated old header version for NewZombies - Cyrodiil Patch.esp.
[00:11:56] [info] Emulated old header version for NewZombies - Umbra Patch.esp.
[00:11:56] [info] Emulated old header version for NewZombies.esp.
[00:11:56] [info] Emulated old header version for Nolvus Awakening Combat Scaling Overhaul - Consistency Patch.esp.
[00:11:56] [info] Emulated old header version for Nolvus Awakening Combat Scaling Overhaul - Core.esp.
[00:11:56] [info] Emulated old header version for Nolvus Awakening Combat Scaling Overhaul - Encounter Zone.esp.
[00:11:56] [info] Emulated old header version for Nolvus Awakening Combat Scaling Overhaul - Enemy Level Mult.esp.
[00:11:56] [info] Emulated old header version for Nolvus Awakening Combat Scaling Overhaul - Nerf PowerAttacks.esp.
[00:11:56] [info] Emulated old header version for Nolvus Awakening Custom Outfits.esp.
[00:11:56] [info] Emulated old header version for Nolvus Awakening Lighting Fixes.esp.
[00:11:56] [info] Emulated old header version for Nolvus Awakening Misc Gameplay Patch.esp.
[00:11:56] [info] Emulated old header version for Nolvus Awakening Religion Patch.esp.
[00:11:57] [info] Emulated old header version for Nolvus Awakening Solitude Statues Integration.esp.
[00:11:57] [info] Emulated old header version for Nolvus Awakening Strongholds Grass Fix.esp.
[00:11:57] [info] Emulated old header version for Northern Concept - Northern Roads.esp.
[00:11:57] [info] Emulated old header version for Northern Roads - Granite Hill Village patch updated.esp.
[00:11:57] [info] Emulated old header version for NPC Blocking Enhanced.esp.
[00:11:57] [info] Emulated old header version for Occ_Skyrim - JK Solitude Outskirts patch.esp.
[00:11:57] [info] Emulated old header version for Occlusion.esp.
[00:11:57] [info] Emulated old header version for Partitioned snow Meshes.esl.
[00:11:57] [info] Emulated old header version for ProjectedGlacierSnow.esl.
[00:11:57] [info] Emulated old header version for QwibNewLanterns.esp.
[00:11:57] [info] Emulated old header version for Riverwood Is a Mess - JK's Riverwood Trader - AIO Patch.esp.
[00:11:57] [info] Emulated old header version for run for your lives.esp.
[00:11:57] [info] Emulated old header version for Seasons of Nolvus.esp.
[00:11:57] [info] Emulated old header version for Shadow of Skyrim - Settings Loader.esp.
[00:11:57] [info] Emulated old header version for Ships on the Horizon.esp.
[00:11:57] [info] Emulated old header version for Skyrim Food Expansion - Jk's Arnleif and Sons Trading Company Patch.esp.
[00:11:57] [info] Emulated old header version for Skyrim Food Expansion - Jk's Blue Palace Patch.esp.
[00:11:57] [info] Emulated old header version for Skyrim Food Expansion - Jk's Dragonsreach Patch.esp.
[00:11:57] [info] Emulated old header version for Skyrim Food Expansion - Jk's Jorrvaskr Patch.esp.
[00:11:57] [info] Emulated old header version for Skyrim Food Expansion - Jk's Mistveil Keep Patch.esp.
[00:11:57] [info] Emulated old header version for Skyrim Food Expansion - Jk's Silver-Blood Inn Patch.esp.
[00:11:57] [info] Emulated old header version for Skyrim Food Expansion - Jk's The Bannered Mare Patch.esp.
[00:11:57] [info] Emulated old header version for Skyrim Food Expansion - Jk's The Winking Skeever Patch.esp.
[00:11:57] [info] Emulated old header version for Skyrim Food Expansion - Replacer.esp.
[00:11:57] [info] Emulated old header version for Skyrim Food Expansion Replacer - Apothecary Patch.esp.
[00:11:57] [info] Emulated old header version for Skyrim Food Expansion Replacer - Gourmet Patch.esp.
[00:11:57] [info] Emulated old header version for Skyrim Food Expansion Replacer - Rare Curio Patch.esp.
[00:11:57] [info] Emulated old header version for Skyrim Food Expansion Replacer - Survival Mode.esp.
[00:11:57] [info] Emulated old header version for Skyshards - Ryn's Karthspire Patch.esp.
[00:11:57] [info] Emulated old header version for SPOA_shield.esp.
[00:11:57] [info] Emulated old header version for SPOAsilverknight.esp.
[00:11:57] [info] Emulated old header version for Swords 2-5.esp.
[00:11:57] [info] Emulated old header version for Synthesis.esp.
[00:11:57] [info] Emulated old header version for Water for ENB - Patch - JK's Solitude Outskirts.esp.
[00:11:57] [info] Emulated old header version for WhalesOffTheCoast.esp.
[00:11:57] [info] Emulated old header version for Whispering Tomes of Apocrypha.esp.
[00:11:57] [info] Emulated old header version for WindhelmIcicles.esl.
[00:11:57] [info] Emulated old header version for WulfgardArmor.esp.
[00:11:57] [info] Emulated old header version for YOT - Carved Brink.esp.
[00:11:57] [info] Emulated old header version for YOT - Clockwork.esp.
[00:11:57] [info] Emulated old header version for YOT - Unslaad.esp.
[00:11:57] [info] Emulated old header version for YOT - Wheels Of Lull.esp.
[00:11:58] [info] Emulated old header version for Partitioned snow Meshes.esl.
[00:11:58] [info] Emulated old header version for ProjectedGlacierSnow.esl.
[00:11:58] [info] Emulated old header version for IceLOD.esl.
[00:11:58] [info] Emulated old header version for IcyFixesLite.esl.
[00:11:58] [info] Emulated old header version for WindhelmIcicles.esl.
[00:11:58] [info] Emulated old header version for Lvx_Curved_Sword.esl.
[00:11:58] [info] Emulated old header version for DynDOLOD.esm.
[00:11:58] [info] Emulated old header version for DialogueHistory.esp.
[00:11:58] [info] Emulated old header version for lullfish.esp.
[00:11:58] [info] Emulated old header version for WhalesOffTheCoast.esp.
[00:11:58] [info] Emulated old header version for BlackreachEerieAmbience.esp.
[00:11:58] [info] Emulated old header version for Whispering Tomes of Apocrypha.esp.
[00:11:58] [info] Emulated old header version for Seasons of Nolvus.esp.
[00:11:58] [info] Emulated old header version for BetterMASNavmesh-USSEP-3DNPC patch.esp.
[00:11:58] [info] Emulated old header version for Inigo-Bloodchill-NavMeshFix.esp.
[00:11:58] [info] Emulated old header version for Dawn of Skyrim - Spaghetti's Cities Patch.esp.
[00:11:58] [info] Emulated old header version for Gildergreen Is Really Thicc HD.esp.
[00:11:58] [info] Emulated old header version for ASHLEY - Witcher in Whiterun.esp.
[00:11:58] [info] Emulated old header version for Occ_Skyrim - JK Solitude Outskirts patch.esp.
[00:11:58] [info] Emulated old header version for Deadly Shadows in Riften - Nolvus Integration.esp.
[00:11:58] [info] Emulated old header version for JKs Fort Dawnguard - LOTD patch.esp.
[00:11:58] [info] Emulated old header version for JK's Castle Volkihar.esp.
[00:11:58] [info] Emulated old header version for JKs Castle Volkihar - CC Fishing patch.esp.
[00:11:58] [info] Emulated old header version for JKs Castle Volkihar - LAWF patch.esp.
[00:11:58] [info] Emulated old header version for JKs Castle Volkihar - LOTD patch.esp.
[00:11:58] [info] Emulated old header version for JKs Castle Volkihar - WACCF patch.esp.
[00:11:58] [info] Emulated old header version for JKs Jorrvaskr - This Is Jorrvaskr patch.esp.
[00:11:58] [info] Emulated old header version for JKs Bards College - Remiel patch.esp.
[00:11:58] [info] Emulated old header version for JKs College of Winterhold - Remiel patch.esp.
[00:11:58] [info] Emulated old header version for AuriNerussa - DX Druid Armor Patch.esp.
[00:11:58] [info] Emulated old header version for SPOAsilverknight.esp.
[00:11:58] [info] Emulated old header version for knighterrant.esp.
[00:11:58] [info] Emulated old header version for evgSouthboundScoutsRumple.esp.
[00:11:58] [info] Emulated old header version for GOOSE_Mages of Skyrim.esp.
[00:11:58] [info] Emulated old header version for DESIRE - Remove Non Lorefrienldy Outfits.esp.
[00:11:58] [info] Emulated old header version for DESIRE - No more visible map marker.esp.
[00:11:58] [info] Emulated old header version for DESIRE - No more free Stealing.esp.
[00:11:58] [info] Emulated old header version for GOOSE_College of Winterhold.esp.
[00:11:58] [info] Emulated old header version for MT Armor BRS.esp.
[00:11:58] [info] Emulated old header version for ArmorOfNocturnal.esp.
[00:11:58] [info] Emulated old header version for WulfgardArmor.esp.
[00:11:58] [info] Emulated old header version for [k86] Nord Villager Outfit.esp.
[00:11:58] [info] Emulated old header version for JKs Fort Dawnguard - Cloaks of Dawnguard patch.esp.
[00:11:58] [info] Emulated old header version for Swords 2-5.esp.
[00:11:58] [info] Emulated old header version for MomoElysianSword.esp.
[00:11:58] [info] Emulated old header version for SPOA_shield.esp.
[00:11:58] [info] Emulated old header version for Drizzt_Swords.esp.
[00:11:58] [info] Emulated old header version for NewZombies.esp.
[00:11:58] [info] Emulated old header version for NewZombies - Cyrodiil Patch.esp.
[00:11:58] [info] Emulated old header version for NewZombies - Umbra Patch.esp.
[00:11:58] [info] Emulated old header version for mihailstormgolem - crash fix.esp.
[00:11:58] [info] Emulated old header version for Skyrim Food Expansion - Replacer.esp.
[00:11:58] [info] Emulated old header version for Skyrim Food Expansion Replacer - Rare Curio Patch.esp.
[00:11:58] [info] Emulated old header version for Skyrim Food Expansion Replacer - Survival Mode.esp.
[00:11:58] [info] Emulated old header version for Skyrim Food Expansion - Jk's Arnleif and Sons Trading Company Patch.esp.
[00:11:58] [info] Emulated old header version for Skyrim Food Expansion - Jk's Blue Palace Patch.esp.
[00:11:58] [info] Emulated old header version for Skyrim Food Expansion - Jk's Dragonsreach Patch.esp.
[00:11:58] [info] Emulated old header version for Skyrim Food Expansion - Jk's Jorrvaskr Patch.esp.
[00:11:58] [info] Emulated old header version for Skyrim Food Expansion - Jk's Mistveil Keep Patch.esp.
[00:11:58] [info] Emulated old header version for Skyrim Food Expansion - Jk's Silver-Blood Inn Patch.esp.
[00:11:58] [info] Emulated old header version for Skyrim Food Expansion - Jk's The Bannered Mare Patch.esp.
[00:11:58] [info] Emulated old header version for Skyrim Food Expansion - Jk's The Winking Skeever Patch.esp.
[00:11:58] [info] Emulated old header version for Moon and Star - Hircine Shrine Patch.esp.
[00:11:58] [info] Emulated old header version for Skyshards - Ryn's Karthspire Patch.esp.
[00:11:58] [info] Emulated old header version for Deadly Spell Impact - AOS ISC PSI - AIO Patch.esp.
[00:11:58] [info] Emulated old header version for QwibNewLanterns.esp.
[00:11:58] [info] Emulated old header version for JKs Castle Volkihar - Embers XD patch.esp.
[00:11:58] [info] Emulated old header version for JK's Skyrim Custom Towns - Fixes.esp.
[00:11:58] [info] Emulated old header version for ClimbableDoorLadder.esp.
[00:11:58] [info] Emulated old header version for Abyss_USSEP.esp.
[00:11:58] [info] Emulated old header version for Skyrim Food Expansion Replacer - Apothecary Patch.esp.
[00:11:58] [info] Emulated old header version for Skyrim Food Expansion Replacer - Gourmet Patch.esp.
[00:11:58] [info] Emulated old header version for NPC Blocking Enhanced.esp.
[00:11:58] [info] Emulated old header version for Fanatical Enemies - Modpocalypse Patch.esp.
[00:11:58] [info] Emulated old header version for Fanatical Enemies - Dibella's Blessing Patch.esp.
[00:11:58] [info] Emulated old header version for Fanatical Enemies - Nithi's Patch.esp.
[00:11:58] [info] Emulated old header version for Better Vampire NPC - Modpocalypse Patch.esp.
[00:11:58] [info] Emulated old header version for Better Vampire NPC - Dibella's Blessing Patch.esp.
[00:11:58] [info] Emulated old header version for Better Vampire NPC - Nithi's Patch.esp.
[00:11:58] [info] Emulated old header version for Better Vampire NPC - Children Patch.esp.
[00:11:58] [info] Emulated old header version for Better Vampire NPC - Consistency Patch.esp.
[00:11:58] [info] Emulated old header version for Shadow of Skyrim - Settings Loader.esp.
[00:11:58] [info] Emulated old header version for AI Overhaul - Gourmet Patch.esp.
[00:11:58] [info] Emulated old header version for run for your lives.esp.
[00:11:58] [info] Emulated old header version for Fanatical Enemies - Consistency Patch.esp.
[00:11:58] [info] Emulated old header version for YOT - Carved Brink.esp.
[00:11:58] [info] Emulated old header version for YOT - Clockwork.esp.
[00:11:58] [info] Emulated old header version for YOT - Unslaad.esp.
[00:11:58] [info] Emulated old header version for YOT - Wheels Of Lull.esp.
[00:11:58] [info] Emulated old header version for Ships on the Horizon.esp.
[00:11:58] [info] Emulated old header version for Water for ENB - Patch - JK's Solitude Outskirts.esp.
[00:11:58] [info] Emulated old header version for Lux - Wyrmstooth.esp.
[00:11:58] [info] Emulated old header version for Lux - Forgotten City.esp.
[00:11:58] [info] Emulated old header version for Lux - Moon and Star patch.esp.
[00:11:58] [info] Emulated old header version for LuxID-JKs Silver-Blood Inn - CC Dwarven Plate patch.esp.
[00:11:58] [info] Emulated old header version for LuxID-JKs Silver-Blood Inn - CC Spell Knight Armor patch.esp.
[00:11:58] [info] Emulated old header version for LuxID-JKs Silver-Blood Inn - Citizens Complete patch.esp.
[00:11:58] [info] Emulated old header version for LuxID-JKs Silver-Blood Inn - SUDs patch.esp.
[00:11:58] [info] Emulated old header version for Lux - JK's Castle Volkihar patch.esp.
[00:11:58] [info] Emulated old header version for DESIRE - Lux Patch.esp.
[00:11:58] [info] Emulated old header version for Riverwood Is a Mess - JK's Riverwood Trader - AIO Patch.esp.
[00:11:58] [info] Emulated old header version for Northern Concept - Northern Roads.esp.
[00:11:58] [info] Emulated old header version for Northern Roads - Granite Hill Village patch updated.esp.
[00:11:58] [info] Emulated old header version for Nolvus Awakening Solitude Statues Integration.esp.
[00:11:58] [info] Emulated old header version for Nolvus Awakening Strongholds Grass Fix.esp.
[00:11:58] [info] Emulated old header version for Nolvus Awakening Custom Outfits.esp.
[00:11:58] [info] Emulated old header version for Nolvus Awakening Religion Patch.esp.
[00:11:58] [info] Emulated old header version for Nolvus Awakening Misc Gameplay Patch.esp.
[00:11:58] [info] Emulated old header version for Nolvus Awakening Lighting Fixes.esp.
[00:11:58] [info] Emulated old header version for JKs Castle Volkihar - Atlas Map Markers patch.esp.
[00:11:58] [info] Emulated old header version for Awakened Combat AI.esp.
[00:11:58] [info] Emulated old header version for Nolvus Awakening Combat Scaling Overhaul - Core.esp.
[00:11:58] [info] Emulated old header version for Nolvus Awakening Combat Scaling Overhaul - Nerf PowerAttacks.esp.
[00:11:58] [info] Emulated old header version for Nolvus Awakening Combat Scaling Overhaul - Encounter Zone.esp.
[00:11:58] [info] Emulated old header version for Nolvus Awakening Combat Scaling Overhaul - Enemy Level Mult.esp.
[00:11:58] [info] Emulated old header version for Nolvus Awakening Combat Scaling Overhaul - Consistency Patch.esp.
[00:11:58] [info] Emulated old header version for Synthesis.esp.
[00:11:58] [info] Emulated old header version for DynDOLOD.esp.
[00:11:58] [info] Emulated old header version for Occlusion.esp.
[00:22:06] [info] Emulated old header version for Occlusion.esp.
[00:22:06] [info] Emulated old header version for DynDOLOD.esp.
[00:22:06] [info] Emulated old header version for Synthesis.esp.
[00:22:06] [info] Emulated old header version for JKs Castle Volkihar - Atlas Map Markers patch.esp.
[00:22:06] [info] Emulated old header version for Nolvus Awakening Lighting Fixes.esp.
[00:22:06] [info] Emulated old header version for Nolvus Awakening Religion Patch.esp.
[00:22:06] [info] Emulated old header version for Nolvus Awakening Strongholds Grass Fix.esp.
[00:22:06] [info] Emulated old header version for Northern Roads - Granite Hill Village patch updated.esp.
[00:22:07] [info] Emulated old header version for Water for ENB - Patch - JK's Solitude Outskirts.esp.
[00:22:07] [info] Emulated old header version for Ships on the Horizon.esp.
[00:22:07] [info] Emulated old header version for JK's Skyrim Custom Towns - Fixes.esp.
[00:22:07] [info] Emulated old header version for Skyshards - Ryn's Karthspire Patch.esp.
[00:22:07] [info] Emulated old header version for Moon and Star - Hircine Shrine Patch.esp.
[00:22:07] [info] Emulated old header version for DESIRE - No more visible map marker.esp.
[00:22:07] [info] Emulated old header version for JKs Castle Volkihar - LOTD patch.esp.
[00:22:07] [info] Emulated old header version for JKs Castle Volkihar - LAWF patch.esp.
[00:22:07] [info] Emulated old header version for JKs Castle Volkihar - CC Fishing patch.esp.
[00:22:07] [info] Emulated old header version for JK's Castle Volkihar.esp.
[00:22:07] [info] Emulated old header version for Occ_Skyrim - JK Solitude Outskirts patch.esp.
[00:22:07] [info] Emulated old header version for Inigo-Bloodchill-NavMeshFix.esp.
[00:22:07] [info] Emulated old header version for BetterMASNavmesh-USSEP-3DNPC patch.esp.
[00:22:07] [info] Emulated old header version for lullfish.esp.
[00:22:07] [info] Emulated old header version for DynDOLOD.esm.
[00:22:07] [info] Emulated old header version for IcyFixesLite.esl.
[00:23:53] [info] Emulated old header version for ASHLEY - Witcher in Whiterun.esp.
[00:23:53] [info] Emulated old header version for Gildergreen Is Really Thicc HD.esp.
