[20:51:05.391] [67824] [I] BetterThirdPersonSelection v1-0-0-0
[20:51:12.962] [67824] [I] BTPS: API is being requested, version 0
[20:51:12.962] [67824] [I] BTPS: API request successful
[20:53:49.033] [68708] [I] BTPS applying hooks...
[20:53:49.033] [68708] [I] BTPS applying ActivateHook
[20:53:49.033] [68708] [I] BTPS applying SelectionHook
[20:53:49.033] [68708] [I] BTPS applying HorseBackHook
[20:53:49.033] [68708] [I] BTPS finished applying hooks...
[20:53:49.034] [68708] [I] BTPS: successfully registered SelectionWidgetMenu
[20:53:49.034] [68708] [I] BTPS: registering DebugOverlayMenu...
[20:53:49.034] [68708] [I] BTPS: successfully registered DebugOverlayMenu
[20:53:49.035] [68708] [I] BTPS: successfully registered MenuOpenCloseEventHandler
[20:53:49.035] [68708] [I] BTPS: compat - found QuickLootEE
[20:53:49.035] [68708] [I] BTPS: compat - found TrueDirectionalMovement
[20:53:49.035] [68708] [I] BTPS: compat - found TrueHUD
[20:53:49.035] [68708] [I] BTPS: TrueHUD interface request successful - V3
[20:53:49.035] [68708] [I] BTPS: overriding QuickLootRE/EE/NG hooks
[20:53:49.035] [68708] [I] BTPS: Registered BetterThirdPersonSelection_MCM class
[20:53:49.035] [68708] [I] BTPS: successfully registered Papyrus data
[20:53:49.037] [68708] [I] BTPS: finished reading settings
[20:53:49.043] [68708] [I] BTPS: finished reading ObjectOverrides 'Data/MCM/Config/BetterThirdPersonSelection/Overrides/Overrides_Default.toml'
[20:53:49.046] [68576] [I] BTPS: DebugAPI::CacheMenuData
[20:53:49.047] [68708] [I] BTPS: finished reading ObjectOverrides 'Data/MCM/Config/BetterThirdPersonSelection/Overrides/Overrides.toml'
[20:53:49.053] [68708] [I] BTPS: finished reading filter preset file 'Data/MCM/Config/BetterThirdPersonSelection/Filters/FilterPresets_Default.toml'
[20:53:49.058] [68708] [I] BTPS: finished reading filter preset file 'Data/MCM/Config/BetterThirdPersonSelection/Filters/FilterPresets.toml'
[20:53:49.063] [68708] [I] BTPS: finished reading FilterStates.json
[20:53:49.063] [68708] [I] BTPS: successfully enabled InputHandler
[20:54:28.122] [67824] [I] BTPS: SelectionWidgetMenu loaded flash
