CBPC Physics SKSE Plugin: 1.5.9
Query complete

CBPC Loading
Console interface Loaded
Register Succeeded
Attempting Game Hook with old
CBPC Load Complete
Building Event Sinks...
Loading Configs
System Config file is loaded successfully.
Loaded System config
Master Config file is loaded successfully.
Extra Master Config file CBPCMasterConfig_3BA.txt is loaded successfully.
Extra Master Config file CBPCMasterConfig_Anal.txt is loaded successfully.
Extra Master Config file CBPCMasterConfig_Equipment_Axe_Back.txt is loaded successfully.
Extra Master Config file CBPCMasterConfig_Equipment_Axe_Default.txt is loaded successfully.
Extra Master Config file CBPCMasterConfig_Equipment_Axe_Reversed.txt is loaded successfully.
Extra Master Config file CBPCMasterConfig_Equipment_BattleAxe_BackSWP.txt is loaded successfully.
Extra Master Config file CBPCMasterConfig_Equipment_BattleAxe_Default.txt is loaded successfully.
Extra Master Config file CBPCMasterConfig_Equipment_BattleAxe_EdgeUp.txt is loaded successfully.
Extra Master Config file CBPCMasterConfig_Equipment_Bolt_ABQ.txt is loaded successfully.
Extra Master Config file CBPCMasterConfig_Equipment_Bolt_Default.txt is loaded successfully.
Extra Master Config file CBPCMasterConfig_Equipment_Bolt_FrostFall.txt is loaded successfully.
Extra Master Config file CBPCMasterConfig_Equipment_Bolt_LeftHip.txt is loaded successfully.
Extra Master Config file CBPCMasterConfig_Equipment_Bolt_LeftHipAlt.txt is loaded successfully.
Extra Master Config file CBPCMasterConfig_Equipment_Bow_Default.txt is loaded successfully.
Extra Master Config file CBPCMasterConfig_Equipment_Bow_FrostFall.txt is loaded successfully.
Extra Master Config file CBPCMasterConfig_Equipment_Bow_Reversed.txt is loaded successfully.
Extra Master Config file CBPCMasterConfig_Equipment_Bow_Turn.txt is loaded successfully.
Extra Master Config file CBPCMasterConfig_Equipment_CrossBow_Default.txt is loaded successfully.
Extra Master Config file CBPCMasterConfig_Equipment_CrossBow_FrostFall.txt is loaded successfully.
Extra Master Config file CBPCMasterConfig_Equipment_Dagger_Ankle.txt is loaded successfully.
Extra Master Config file CBPCMasterConfig_Equipment_Dagger_BackHip.txt is loaded successfully.
Extra Master Config file CBPCMasterConfig_Equipment_Dagger_Default.txt is loaded successfully.
Extra Master Config file CBPCMasterConfig_Equipment_GreatSword_BackSWP.txt is loaded successfully.
Extra Master Config file CBPCMasterConfig_Equipment_GreatSword_Default.txt is loaded successfully.
Extra Master Config file CBPCMasterConfig_Equipment_GreatSword_EdgeUp.txt is loaded successfully.
Extra Master Config file CBPCMasterConfig_Equipment_LAxe_Default.txt is loaded successfully.
Extra Master Config file CBPCMasterConfig_Equipment_LAxe_Reversed.txt is loaded successfully.
Extra Master Config file CBPCMasterConfig_Equipment_LDagger_Ankle.txt is loaded successfully.
Extra Master Config file CBPCMasterConfig_Equipment_LDagger_BackHip.txt is loaded successfully.
Extra Master Config file CBPCMasterConfig_Equipment_LDagger_Default.txt is loaded successfully.
Extra Master Config file CBPCMasterConfig_Equipment_LMace_Default.txt is loaded successfully.
Extra Master Config file CBPCMasterConfig_Equipment_LStaff_Default.txt is loaded successfully.
Extra Master Config file CBPCMasterConfig_Equipment_LSword_Back.txt is loaded successfully.
Extra Master Config file CBPCMasterConfig_Equipment_LSword_BackSWP.txt is loaded successfully.
Extra Master Config file CBPCMasterConfig_Equipment_LSword_Default.txt is loaded successfully.
Extra Master Config file CBPCMasterConfig_Equipment_LSword_EdgeUp.txt is loaded successfully.
Extra Master Config file CBPCMasterConfig_Equipment_LSword_LeftHip.txt is loaded successfully.
Extra Master Config file CBPCMasterConfig_Equipment_Mace_Default.txt is loaded successfully.
Extra Master Config file CBPCMasterConfig_Equipment_Quiver_Default.txt is loaded successfully.
Extra Master Config file CBPCMasterConfig_Equipment_Quiver_FrostFall.txt is loaded successfully.
Extra Master Config file CBPCMasterConfig_Equipment_Quiver_FrostFallXP32.txt is loaded successfully.
Extra Master Config file CBPCMasterConfig_Equipment_Shield_Default .txt is loaded successfully.
Extra Master Config file CBPCMasterConfig_Equipment_Staff_Default.txt is loaded successfully.
Extra Master Config file CBPCMasterConfig_Equipment_Sword_Back.txt is loaded successfully.
Extra Master Config file CBPCMasterConfig_Equipment_Sword_BackSWP.txt is loaded successfully.
Extra Master Config file CBPCMasterConfig_Equipment_Sword_Default.txt is loaded successfully.
Extra Master Config file CBPCMasterConfig_Equipment_Sword_EdgeUp.txt is loaded successfully.
Extra Master Config file CBPCMasterConfig_Equipment_Sword_LeftHip.txt is loaded successfully.
Extra Master Config file CBPCMasterConfig_SOSScroum.txt is loaded successfully.
Extra Master Config file CBPCMasterConfig_Vagina.txt is loaded successfully.
Loaded MasterConfig
Loaded Bounce configs
Collision Config file is loaded successfully.
Loaded Collision config
Specific collision config files(if any) are loaded successfully.
Loaded Extra Collision configs
Player Collision Event Config file is loaded successfully.
Loaded Player Collision Event config
Building Event Sinks...
