[09/17/25 01:12:22][info](Logger.hpp:148) Logger init - Skyrim Special Edition 1-5-97-0
[09/17/25 01:12:22][info](main.cpp:36) CombatPathingRevolution v0.3.0.0 loaded
[09/17/25 01:12:25][info](Advance_Hook.h:80) CombatPathing::AdvanceRadiusHook::InstallHook Done!
[09/17/25 01:12:25][info](Advance_Hook.h:91) CombatPathing::AdvanceInterruptHook::InstallHook Done!
[09/17/25 01:12:25][info](Backoff_Hook.h:43) CombatPathing::BackoffStartHook::InstallHook Done!
[09/17/25 01:12:25][info](Backoff_Hook.h:57) CombatPathing::BackoffChanceHook::InstallHook Done!
[09/17/25 01:12:25][info](Circling_Hook.h:22) CombatPathing::CirclingChanceHook::InstallHook Done!
[09/17/25 01:12:25][info](Circling_Hook.h:42) CombatPathing::AdvanceToCircleHook::InstallHook Done!
[09/17/25 01:12:25][info](Circling_Hook.h:63) CombatPathing::CircleAngleHook1::InstallHook Done!
[09/17/25 01:12:25][info](Circling_Hook.h:120) CombatPathing::CircleAngleHook2::InstallHook Done!
[09/17/25 01:12:25][info](Circling_Hook.h:156) CombatPathing::CircleAngleHook3::InstallHook Done!
[09/17/25 01:12:25][info](Circling_Hook.h:172) CombatPathing::CircleViewConeHook::InstallHook Done!
[09/17/25 01:12:25][info](Fallback_Hook.h:18) CombatPathing::FallbackDistanceHook1::InstallHook Done!
[09/17/25 01:12:25][info](Fallback_Hook.h:64) CombatPathing::FallbackDistanceHook2::InstallHook Done!
[09/17/25 01:12:25][info](Fallback_Hook.h:79) CombatPathing::FallbackWaitTimeHook1::InstallHook Done!
[09/17/25 01:12:25][info](Fallback_Hook.h:123) CombatPathing::FallbackWaitTimeHook2::InstallHook Done!
[09/17/25 01:12:25][info](hooks.h:11) Installing animation event hook...
[09/17/25 01:12:25][info](hooks.h:16) ...animation event hook installed
[09/17/25 01:14:51][info](Settings.h:19) Setting:"EnableDebugLog" is false
[09/17/25 01:14:51][info](Settings.h:19) Setting:"fCombatFallbackChanceMin" is 0
[09/17/25 01:14:51][info](Settings.h:19) Setting:"fCombatFallbackChanceMax" is 0.75
[09/17/25 01:14:51][info](Settings.h:19) Setting:"fCombatCircleChanceMin" is 0.15
[09/17/25 01:14:51][info](Settings.h:19) Setting:"fCombatCircleChanceMax" is 0.95
[09/17/25 01:14:51][info](Settings.h:19) Setting:"fCombatCircleAnglePlayerMult" is 1
