Skyrim SSE v1.6.1170
CrashLoggerSSE v1-14-1-0 May 18 2024 23:00:58

Unhandled exception "EXCEPTION_ACCESS_VIOLATION" at 0x7FF6294B74A0 SkyrimSE.exe+01D74A0	mov rax, [rcx+0x30]

SYSTEM SPECS:
	OS: Microsoft Windows 11 Home Single Language v10.0.26100
	CPU: AuthenticAMD AMD Ryzen 5 7600X 6-Core Processor             
	GPU #1: Nvidia AD102 [GeForce RTX 4090]
	GPU #2: AMD Raphael
	GPU #3: Nvidia AD102 [GeForce RTX 4090]
	GPU #4: Microsoft Basic Render Driver
	PHYSICAL MEMORY: 15.85 GB/31.16 GB
	GPU MEMORY: 1.14/22.83 GB
	Detected Virtual Machine: Microsoft Virtual PC/Hyper-V (100%)

PROBABLE CALL STACK:
	[0] 0x7FF6294B74A0      SkyrimSE.exe+01D74A0 -> 14371+0x10	mov rax, [rcx+0x30]
	[1] 0x7FF6295B8CD0      SkyrimSE.exe+02D8CD0 -> 19507+0x5A0	test al, al
	[2] 0x7FF629972585      SkyrimSE.exe+0692585 -> 37791+0x25	mov rax, [rbx]
	[3] 0x7FF62992ABF7      SkyrimSE.exe+064ABF7 -> 36630+0xD7	mov rax, [0x00007FF62C4674F8]
	[4] 0x7FF629922FC0      SkyrimSE.exe+0642FC0 -> 36553+0x3F0	mov rcx, [0x00007FF62B3D6320]
	[5] 0x7FF62992C5BC      SkyrimSE.exe+064C5BC -> 36644+0x1C	xor eax, eax
	[6] 0x7FFF42724153 NPCWaterAIFix.dll+0024153
	[7] 0x7FF629FB0DBD      SkyrimSE.exe+0CD0DBD -> 68445+0x3D	mov rcx, [0x00007FF62C4AC318]
	[8] 0x7FFFF46AE8D7      KERNEL32.DLL+002E8D7
	[9] 0x7FFFF591C34C         ntdll.dll+003C34C

REGISTERS:
	RAX 0x2104             (size_t) [8452]
	RCX 0x30               (size_t) [48]
	RDX 0x0                (size_t) [0]
	RBX 0x0                (size_t) [0]
	RSP 0x68F546F6F8       (void*)
	RBP 0x68F546F779       (void*)
	RSI 0x202B69E4100      (PlayerCharacter*)
		Flags: 0x00200400 
		FormID: 0x00000014
		FormType: ActorCharacter (62)
		Flags: 0x00200400 
		FormID: 0x00000014
		FormType: ActorCharacter (62)
		Object Reference: None
		ParentCell: None
		Flags: 0x00200400 
		FormID: 0x00000014
		FormType: ActorCharacter (62)
	RDI 0x202B69E4100      (PlayerCharacter*)
		Flags: 0x00200400 
		FormID: 0x00000014
		FormType: ActorCharacter (62)
		Flags: 0x00200400 
		FormID: 0x00000014
		FormType: ActorCharacter (62)
		Object Reference: None
		ParentCell: None
		Flags: 0x00200400 
		FormID: 0x00000014
		FormType: ActorCharacter (62)
	R8  0x2104             (size_t) [8452]
	R9  0x0                (size_t) [0]
	R10 0x20131A99AD0      (void*)
	R11 0x68F546F7E0       (void*)
	R12 0x0                (size_t) [0]
	R13 0x0                (size_t) [0]
	R14 0x0                (size_t) [0]
	R15 0x202A20A1540      (void*)

STACK:
	[RSP+0  ] 0x7FF6295B8CD0     (void* -> SkyrimSE.exe+02D8CD0	test al, al)
	[RSP+8  ] 0x0                (size_t) [0]
	[RSP+10 ] 0x202B69E4100      (PlayerCharacter*)
		Flags: 0x00200400 
		FormID: 0x00000014
		FormType: ActorCharacter (62)
		Flags: 0x00200400 
		FormID: 0x00000014
		FormType: ActorCharacter (62)
		Object Reference: None
		ParentCell: None
		Flags: 0x00200400 
		FormID: 0x00000014
		FormType: ActorCharacter (62)
	[RSP+18 ] 0x68F546F779       (void*)
	[RSP+20 ] 0x2D02EF8D5A05DF1B (size_t) [3243418072039939867]
	[RSP+28 ] 0x133F30651FD5     (size_t) [21162115801045]
	[RSP+30 ] 0x7FFFB93BC288     (void* -> EngineFixes.dll+00DC288	add [rax], al)
	[RSP+38 ] 0x79700000007      (size_t) [8345121456135]
	[RSP+40 ] 0x7FFFB930C5B6     (void* -> EngineFixes.dll+002C5B6	mov r10d, eax)
	[RSP+48 ] 0x0                (size_t) [0]
	[RSP+50 ] 0xFFFFFFFFFFFFFFFE (size_t) [uint: 18446744073709551614 int: -2]
	[RSP+58 ] 0x0                (size_t) [0]
	[RSP+60 ] 0x202A20A1540      (void*)
	[RSP+68 ] 0x133F30651A25     (size_t) [21162115799589]
	[RSP+70 ] 0x4                (size_t) [4]
	[RSP+78 ] 0x7FF6292E0000     (void*)
	[RSP+80 ] 0x7FF6294ADD59     (void* -> SkyrimSE.exe+01CDD59	test rax, rax)
	[RSP+88 ] 0x0                (size_t) [0]
	[RSP+90 ] 0x0                (size_t) [0]
	[RSP+98 ] 0x202B69E4100      (PlayerCharacter*)
		Flags: 0x00200400 
		FormID: 0x00000014
		FormType: ActorCharacter (62)
		Flags: 0x00200400 
		FormID: 0x00000014
		FormType: ActorCharacter (62)
		Object Reference: None
		ParentCell: None
		Flags: 0x00200400 
		FormID: 0x00000014
		FormType: ActorCharacter (62)
	[RSP+A0 ] 0x768              (size_t) [1896]
	[RSP+A8 ] 0x20131C7A301      (void*)
	[RSP+B0 ] 0x0                (size_t) [0]
	[RSP+B8 ] 0x0                (size_t) [0]
	[RSP+C0 ] 0x202A20A1540      (void*)
	[RSP+C8 ] 0x0                (size_t) [0]
	[RSP+D0 ] 0x202B69E4100      (PlayerCharacter*)
		Flags: 0x00200400 
		FormID: 0x00000014
		FormType: ActorCharacter (62)
		Flags: 0x00200400 
		FormID: 0x00000014
		FormType: ActorCharacter (62)
		Object Reference: None
		ParentCell: None
		Flags: 0x00200400 
		FormID: 0x00000014
		FormType: ActorCharacter (62)
	[RSP+D8 ] 0x768              (size_t) [1896]
	[RSP+E0 ] 0x7FF629972585     (void* -> SkyrimSE.exe+0692585	mov rax, [rbx])
	[RSP+E8 ] 0xFFFFFFFFFFFFFFFE (size_t) [uint: 18446744073709551614 int: -2]
	[RSP+F0 ] 0x20131C7A301      (void*)
	[RSP+F8 ] 0x768              (size_t) [1896]
	[RSP+100] 0x20100000000      (void*)
	[RSP+108] 0x2                (size_t) [2]
	[RSP+110] 0x7FF62992ABF7     (void* -> SkyrimSE.exe+064ABF7	mov rax, [0x00007FF62C4674F8])
	[RSP+118] 0x202A20A1540      (void*)
	[RSP+120] 0x768              (size_t) [1896]
	[RSP+128] 0x20200000069      (void*)
	[RSP+130] 0x0                (size_t) [0]
	[RSP+138] 0x20200000000      (void*)
	[RSP+140] 0x7FF629789B8F     (void* -> SkyrimSE.exe+04A9B8F	nop)
	[RSP+148] 0xFFFFFFFFFFFFFFFE (size_t) [uint: 18446744073709551614 int: -2]
	[RSP+150] 0x4500000045000000 (size_t) [4971973989774655488]
	[RSP+158] 0x0                (size_t) [0]
	[RSP+160] 0x20131C7A301      (void*)
	[RSP+168] 0x0                (size_t) [0]
	[RSP+170] 0x0                (size_t) [0]
	[RSP+178] 0x7FF62AB10288     (char*) "Controller disconnected."
	[RSP+180] 0x7FF629922FC0     (void* -> SkyrimSE.exe+0642FC0	mov rcx, [0x00007FF62B3D6320])
	[RSP+188] 0x2                (size_t) [2]
	[RSP+190] 0x2                (size_t) [2]
	[RSP+198] 0x0                (size_t) [0]
	[RSP+1A0] 0x202A20A1540      (void*)
	[RSP+1A8] 0x2027B4A9600      (Sky*)
	[RSP+1B0] 0x202B6920360      (LoadedAreaBound*)
	[RSP+1B8] 0x0                (size_t) [0]
	[RSP+1C0] 0xFFFFFFFFFFFFFFFE (size_t) [uint: 18446744073709551614 int: -2]
	[RSP+1C8] 0x7FF62B2F2620     (SettingT<INISettingCollection>*)
	[RSP+1D0] 0x7FF62B2F2638     (SettingT<INISettingCollection>*)
	[RSP+1D8] 0x7FF62B2F2650     (SettingT<INISettingCollection>*)
	[RSP+1E0] 0x7FF62B2F2668     (SettingT<INISettingCollection>*)
	[RSP+1E8] 0x7FF62B2F2680     (SettingT<INISettingCollection>*)
	[RSP+1F0] 0x7FF62B2F2698     (SettingT<INISettingCollection>*)
	[RSP+1F8] 0x7FF62B2F26B0     (SettingT<INISettingCollection>*)
	[RSP+200] 0x7FF62B2F26C8     (SettingT<INISettingCollection>*)
	[RSP+208] 0x7FF62B2F26E0     (SettingT<INISettingCollection>*)
	[RSP+210] 0x7FF62B2F26F8     (SettingT<INISettingCollection>*)
	[RSP+218] 0x0                (size_t) [0]
	[RSP+220] 0x0                (size_t) [0]
	[RSP+228] 0x68EEAFF7A0       (InitTESThread*)
	[RSP+230] 0x0                (size_t) [0]
	[RSP+238] 0x0                (size_t) [0]
	[RSP+240] 0x7FF62992C5BC     (void* -> SkyrimSE.exe+064C5BC	xor eax, eax)
	[RSP+248] 0x68EEAFF7A0       (InitTESThread*)
	[RSP+250] 0x1                (size_t) [1]
	[RSP+258] 0x3EB200000002     (size_t) [68934225100802]
	[RSP+260] 0x20200000002      (void*)
	[RSP+268] 0x7FFF4276E620     (void* -> NPCWaterAIFix.dll+006E620	)
	[RSP+270] 0x7FFF42724153     (void* -> NPCWaterAIFix.dll+0024153	lea rcx, [rbx+0x08])
	[RSP+278] 0x0                (size_t) [0]
	[RSP+280] 0x7FFF4276E620     (void* -> NPCWaterAIFix.dll+006E620	)
	[RSP+288] 0x0                (size_t) [0]
	[RSP+290] 0x0                (size_t) [0]
	[RSP+298] 0x0                (size_t) [0]
	[RSP+2A0] 0x7FF629FB0DBD     (void* -> SkyrimSE.exe+0CD0DBD	mov rcx, [0x00007FF62C4AC318])
	[RSP+2A8] 0x68EEAFF7A0       (InitTESThread*)
	[RSP+2B0] 0x68EEAFF7A0       (InitTESThread*)
	[RSP+2B8] 0x0                (size_t) [0]
	[RSP+2C0] 0x0                (size_t) [0]
	[RSP+2C8] 0x68EEAFF7A0       (InitTESThread*)
	[RSP+2D0] 0x0                (size_t) [0]
	[RSP+2D8] 0x0                (size_t) [0]
	[RSP+2E0] 0x7FFFF46AE8D7     (void* -> KERNEL32.DLL+002E8D7	mov ecx, eax)
	[RSP+2E8] 0x0                (size_t) [0]
	[RSP+2F0] 0x0                (size_t) [0]
	[RSP+2F8] 0x0                (size_t) [0]
	[RSP+300] 0x0                (size_t) [0]
	[RSP+308] 0x0                (size_t) [0]
	[RSP+310] 0x7FFFF591C34C     (void* -> ntdll.dll+003C34C	jmp 0x00007FFFF591C376)
	[RSP+318] 0x0                (size_t) [0]
	[RSP+320] 0x0                (size_t) [0]
	[RSP+328] 0x4F0FFFFFB30      (size_t) [5433133628208]
	[RSP+330] 0x4D0FFFFFB30      (size_t) [5295694674736]
	[RSP+338] 0x21               (size_t) [33]
	[RSP+340] 0x7FFFF31C9F40     (void* -> KERNELBASE.dll+0119F40	mov [rsp+0x10], rbx)
	[RSP+348] 0x68F546E1C0       (void*)
	[RSP+350] 0x68F546E1C0       (void*)
	[RSP+358] 0x0                (size_t) [0]
	[RSP+360] 0x0                (size_t) [0]
	[RSP+368] 0x0                (size_t) [0]
	[RSP+370] 0x0                (size_t) [0]
	[RSP+378] 0x0                (size_t) [0]
	[RSP+380] 0x0                (size_t) [0]
	[RSP+388] 0x0                (size_t) [0]
	[RSP+390] 0x0                (size_t) [0]
	[RSP+398] 0x0                (size_t) [0]
	[RSP+3A0] 0x0                (size_t) [0]
	[RSP+3A8] 0x0                (size_t) [0]
	[RSP+3B0] 0x0                (size_t) [0]
	[RSP+3B8] 0x0                (size_t) [0]
	[RSP+3C0] 0x0                (size_t) [0]
	[RSP+3C8] 0x0                (size_t) [0]
	[RSP+3D0] 0x0                (size_t) [0]
	[RSP+3D8] 0x0                (size_t) [0]
	[RSP+3E0] 0x0                (size_t) [0]
	[RSP+3E8] 0x0                (size_t) [0]
	[RSP+3F0] 0x0                (size_t) [0]
	[RSP+3F8] 0x0                (size_t) [0]
	[RSP+400] 0x0                (size_t) [0]
	[RSP+408] 0x0                (size_t) [0]
	[RSP+410] 0x0                (size_t) [0]
	[RSP+418] 0x0                (size_t) [0]
	[RSP+420] 0x0                (size_t) [0]
	[RSP+428] 0x0                (size_t) [0]
	[RSP+430] 0x0                (size_t) [0]
	[RSP+438] 0x0                (size_t) [0]
	[RSP+440] 0x0                (size_t) [0]
	[RSP+448] 0x0                (size_t) [0]
	[RSP+450] 0x0                (size_t) [0]
	[RSP+458] 0x0                (size_t) [0]
	[RSP+460] 0x0                (size_t) [0]
	[RSP+468] 0x0                (size_t) [0]
	[RSP+470] 0x0                (size_t) [0]
	[RSP+478] 0x0                (size_t) [0]
	[RSP+480] 0x0                (size_t) [0]
	[RSP+488] 0x0                (size_t) [0]
	[RSP+490] 0x0                (size_t) [0]
	[RSP+498] 0x0                (size_t) [0]
	[RSP+4A0] 0x0                (size_t) [0]
	[RSP+4A8] 0x0                (size_t) [0]
	[RSP+4B0] 0x0                (size_t) [0]
	[RSP+4B8] 0x0                (size_t) [0]
	[RSP+4C0] 0x0                (size_t) [0]
	[RSP+4C8] 0x0                (size_t) [0]
	[RSP+4D0] 0x0                (size_t) [0]
	[RSP+4D8] 0x0                (size_t) [0]
	[RSP+4E0] 0x0                (size_t) [0]
	[RSP+4E8] 0x0                (size_t) [0]
	[RSP+4F0] 0x0                (size_t) [0]
	[RSP+4F8] 0x0                (size_t) [0]
	[RSP+500] 0x0                (size_t) [0]
	[RSP+508] 0x0                (size_t) [0]
	[RSP+510] 0x0                (size_t) [0]
	[RSP+518] 0x0                (size_t) [0]
	[RSP+520] 0x0                (size_t) [0]
	[RSP+528] 0x0                (size_t) [0]
	[RSP+530] 0x0                (size_t) [0]
	[RSP+538] 0x0                (size_t) [0]
	[RSP+540] 0x0                (size_t) [0]
	[RSP+548] 0x0                (size_t) [0]
	[RSP+550] 0x0                (size_t) [0]
	[RSP+558] 0x0                (size_t) [0]
	[RSP+560] 0x0                (size_t) [0]
	[RSP+568] 0x0                (size_t) [0]
	[RSP+570] 0x0                (size_t) [0]
	[RSP+578] 0x0                (size_t) [0]
	[RSP+580] 0x0                (size_t) [0]
	[RSP+588] 0x0                (size_t) [0]
	[RSP+590] 0x0                (size_t) [0]
	[RSP+598] 0x0                (size_t) [0]
	[RSP+5A0] 0x0                (size_t) [0]
	[RSP+5A8] 0x0                (size_t) [0]
	[RSP+5B0] 0x0                (size_t) [0]
	[RSP+5B8] 0x0                (size_t) [0]
	[RSP+5C0] 0x0                (size_t) [0]
	[RSP+5C8] 0x0                (size_t) [0]
	[RSP+5D0] 0x0                (size_t) [0]
	[RSP+5D8] 0x0                (size_t) [0]
	[RSP+5E0] 0x0                (size_t) [0]
	[RSP+5E8] 0x0                (size_t) [0]
	[RSP+5F0] 0x0                (size_t) [0]
	[RSP+5F8] 0x0                (size_t) [0]
	[RSP+600] 0x0                (size_t) [0]
	[RSP+608] 0x0                (size_t) [0]
	[RSP+610] 0x0                (size_t) [0]
	[RSP+618] 0x0                (size_t) [0]
	[RSP+620] 0x0                (size_t) [0]
	[RSP+628] 0x0                (size_t) [0]
	[RSP+630] 0x0                (size_t) [0]
	[RSP+638] 0x0                (size_t) [0]
	[RSP+640] 0x0                (size_t) [0]
	[RSP+648] 0x0                (size_t) [0]
	[RSP+650] 0x0                (size_t) [0]
	[RSP+658] 0x0                (size_t) [0]
	[RSP+660] 0x0                (size_t) [0]
	[RSP+668] 0x0                (size_t) [0]
	[RSP+670] 0x0                (size_t) [0]
	[RSP+678] 0x0                (size_t) [0]
	[RSP+680] 0x0                (size_t) [0]
	[RSP+688] 0x0                (size_t) [0]
	[RSP+690] 0x0                (size_t) [0]
	[RSP+698] 0x0                (size_t) [0]
	[RSP+6A0] 0x0                (size_t) [0]
	[RSP+6A8] 0x0                (size_t) [0]
	[RSP+6B0] 0x0                (size_t) [0]
	[RSP+6B8] 0x0                (size_t) [0]
	[RSP+6C0] 0x0                (size_t) [0]
	[RSP+6C8] 0x0                (size_t) [0]
	[RSP+6D0] 0x0                (size_t) [0]
	[RSP+6D8] 0x0                (size_t) [0]
	[RSP+6E0] 0x0                (size_t) [0]
	[RSP+6E8] 0x0                (size_t) [0]
	[RSP+6F0] 0x0                (size_t) [0]
	[RSP+6F8] 0x0                (size_t) [0]
	[RSP+700] 0x0                (size_t) [0]
	[RSP+708] 0x0                (size_t) [0]
	[RSP+710] 0x0                (size_t) [0]
	[RSP+718] 0x0                (size_t) [0]
	[RSP+720] 0x0                (size_t) [0]
	[RSP+728] 0x0                (size_t) [0]
	[RSP+730] 0x0                (size_t) [0]
	[RSP+738] 0x0                (size_t) [0]
	[RSP+740] 0x0                (size_t) [0]
	[RSP+748] 0x0                (size_t) [0]
	[RSP+750] 0x0                (size_t) [0]
	[RSP+758] 0x0                (size_t) [0]
	[RSP+760] 0x0                (size_t) [0]
	[RSP+768] 0x0                (size_t) [0]
	[RSP+770] 0x0                (size_t) [0]
	[RSP+778] 0x0                (size_t) [0]
	[RSP+780] 0x0                (size_t) [0]
	[RSP+788] 0x0                (size_t) [0]
	[RSP+790] 0x0                (size_t) [0]
	[RSP+798] 0x0                (size_t) [0]
	[RSP+7A0] 0x0                (size_t) [0]
	[RSP+7A8] 0x0                (size_t) [0]
	[RSP+7B0] 0x0                (size_t) [0]
	[RSP+7B8] 0x0                (size_t) [0]
	[RSP+7C0] 0x0                (size_t) [0]
	[RSP+7C8] 0x0                (size_t) [0]
	[RSP+7D0] 0x0                (size_t) [0]
	[RSP+7D8] 0x0                (size_t) [0]
	[RSP+7E0] 0x0                (size_t) [0]
	[RSP+7E8] 0x0                (size_t) [0]
	[RSP+7F0] 0x0                (size_t) [0]
	[RSP+7F8] 0x0                (size_t) [0]
	[RSP+800] 0x0                (size_t) [0]
	[RSP+808] 0x0                (size_t) [0]
	[RSP+810] 0x0                (size_t) [0]
	[RSP+818] 0x0                (size_t) [0]
	[RSP+820] 0x0                (size_t) [0]
	[RSP+828] 0x0                (size_t) [0]
	[RSP+830] 0x0                (size_t) [0]
	[RSP+838] 0x0                (size_t) [0]
	[RSP+840] 0x0                (size_t) [0]
	[RSP+848] 0x0                (size_t) [0]
	[RSP+850] 0x0                (size_t) [0]
	[RSP+858] 0x0                (size_t) [0]
	[RSP+860] 0x0                (size_t) [0]
	[RSP+868] 0x0                (size_t) [0]
	[RSP+870] 0x0                (size_t) [0]
	[RSP+878] 0x0                (size_t) [0]
	[RSP+880] 0x0                (size_t) [0]
	[RSP+888] 0x0                (size_t) [0]
	[RSP+890] 0x0                (size_t) [0]
	[RSP+898] 0x0                (size_t) [0]
	[RSP+8A0] 0x0                (size_t) [0]
	[RSP+8A8] 0x0                (size_t) [0]
	[RSP+8B0] 0x0                (size_t) [0]
	[RSP+8B8] 0x0                (size_t) [0]
	[RSP+8C0] 0x0                (size_t) [0]
	[RSP+8C8] 0x0                (size_t) [0]
	[RSP+8D0] 0x0                (size_t) [0]
	[RSP+8D8] 0x0                (size_t) [0]
	[RSP+8E0] 0x0                (size_t) [0]
	[RSP+8E8] 0x0                (size_t) [0]
	[RSP+8F0] 0x0                (size_t) [0]
	[RSP+8F8] 0x0                (size_t) [0]
	[RSP+900] 0x0                (size_t) [0]

MODULES:
	XINPUT1_3.dll                                    0x000000400000
	X3DAudio1_7.dll                                  0x000054BF0000
	RTSSHooks64.dll                                  0x000180000000
	ActorLimitFix.dll                                0x020132740000
	PayloadInterpreter.dll                           0x020159A00000
	wintrust.dll                                     0x020206FD0000
	SkyrimSE.exe                                     0x7FF6292E0000
	dxilconv.dll                                     0x7FFF2C100000
	nvngx_dlss.dll                                   0x7FFF2E7F0000
	D3D12Core.dll                                    0x7FFF32120000
	d3d11on12.dll                                    0x7FFF33280000
	nvngx_dlssg.dll                                  0x7FFF33490000
	nvofapi64.dll                                    0x7FFF35D30000
	vulkan-1.dll                                     0x7FFF35DE0000
	XAudio2_7.dll                                    0x7FFF36860000
	sl.dlss_g.dll                                    0x7FFF36DE0000
	_nvngx.dll                                       0x7FFF370E0000
	sl.common.dll                                    0x7FFF37260000
	sl.interposer.dll                                0x7FFF37430000
	gameoverlayrenderer64.dll                        0x7FFF374B0000
	YouCanSleepRemake.dll                            0x7FFF37660000
	YASTM.dll                                        0x7FFF37710000
	WhichKey-NG.dll                                  0x7FFF37840000
	WadeInWater.dll                                  0x7FFF379D0000
	UAPNG.dll                                        0x7FFF37A30000
	TrueHUD.dll                                      0x7FFF37CD0000
	TrueDirectionalMovement.dll                      0x7FFF37D90000
	Thaumaturgy.dll                                  0x7FFF37E90000
	TargetFocus.dll                                  0x7FFF37F40000
	SurvivalModeImproved.dll                         0x7FFF37FE0000
	SurvivalControlPanel.dll                         0x7FFF380A0000
	SureOfStealing.dll                               0x7FFF38170000
	Subtitles.dll                                    0x7FFF38220000
	StaggerEffectFix.dll                             0x7FFF38400000
	SSMT_Fix.dll                                     0x7FFF384E0000
	SSEDisplayTweaks.dll                             0x7FFF38550000
	SoundRecordDistributor.dll                       0x7FFF385F0000
	SoakingWet.dll                                   0x7FFF386D0000
	SkyrimSoulsRE.dll                                0x7FFF387D0000
	SkyParkourNG.dll                                 0x7FFF388D0000
	skee64.dll                                       0x7FFF38980000
	SimpleDualSheath.dll                             0x7FFF38BF0000
	ScriptEffectArchetypeCrashFix.dll                0x7FFF38C80000
	ScrambledBugs.dll                                0x7FFF38D00000
	SanguineSymphony.dll                             0x7FFF38DA0000
	RoguesGallery.dll                                0x7FFF38FB0000
	RemoveAllItemsFix.dll                            0x7FFF39120000
	RecursionFPSFix.dll                              0x7FFF391B0000
	Recipes.dll                                      0x7FFF39290000
	ReadingIsGood.dll                                0x7FFF39380000
	RainExtinguishesFires.dll                        0x7FFF393F0000
	PreludeToPurgatory.dll                           0x7FFF39500000
	Precision.dll                                    0x7FFF395E0000
	poisoner.dll                                     0x7FFF397C0000
	po3_WashThatBloodOff.dll                         0x7FFF39880000
	po3_Tweaks.dll                                   0x7FFF39950000
	po3_SplashesOfSkyrim.dll                         0x7FFF39A50000
	po3_SpellPerkItemDistributor.dll                 0x7FFF39B10000
	po3_SeasonsOfSkyrim.dll                          0x7FFF39CD0000
	po3_PhotoMode.dll                                0x7FFF39DF0000
	po3_PapyrusExtender.dll                          0x7FFF3A1A0000
	po3_LockVariations.dll                           0x7FFF3A4A0000
	po3_LightPlacer.dll                              0x7FFF3A5D0000
	po3_KeywordItemDistributor.dll                   0x7FFF3A770000
	po3_FEC.dll                                      0x7FFF3A910000
	po3_FavoriteMiscItems.dll                        0x7FFF3AA30000
	po3_EnhancedReanimation.dll                      0x7FFF3AAE0000
	po3_DualCastingFix.dll                           0x7FFF3AB80000
	po3_CraftingRecipeDistributor.dll                0x7FFF3AC20000
	po3_ConsolePlusPlus.dll                          0x7FFF3AD00000
	po3_BaseObjectSwapper.dll                        0x7FFF3ADB0000
	po3_AnimObjectSwapper.dll                        0x7FFF3AF00000
	PlayerNameRandomizer.dll                         0x7FFF3AFB0000
	PersistentFavorites.dll                          0x7FFF3B090000
	PapyrusUtil.dll                                  0x7FFF3B1F0000
	PapyrusTweaks.dll                                0x7FFF3B360000
	oxygenMeter2.dll                                 0x7FFF3B460000
	OpenAnimationReplacer.dll                        0x7FFF3B540000
	OpenAnimationReplacer-Math.dll                   0x7FFF3B8A0000
	OpenAnimationReplacer-IEDConditionExtensions.dll 0x7FFF3BF40000
	NPCsNamesDistributor.dll                         0x7FFF3C060000
	NextGenDecapitations.dll                         0x7FFF3C1A0000
	MoreInformativeConsole.dll                       0x7FFF3C3C0000
	MCMHelper.dll                                    0x7FFF3C4F0000
	ImmersiveEquipmentDisplays.dll                   0x7FFF3C5D0000
	ParryingRPG.dll                                  0x7FFF3DCE0000
	hdtSMP64.dll                                     0x7FFF3DD50000
	PairedAnimationImprovements.dll                  0x7FFF3E640000
	loki_DynamicAnimationCasting.dll                 0x7FFF3E6B0000
	JContainers64.dll                                0x7FFF3E850000
	LocationalEncounterZones.dll                     0x7FFF3ECB0000
	LoadingScreenTruce.dll                           0x7FFF3ED90000
	DismemberingFramework.dll                        0x7FFF3EE70000
	CrashLogger.dll                                  0x7FFF3F230000
	amd_fidelityfx_dx12.dll                          0x7FFF3F500000
	CommunityShaders.dll                             0x7FFF3FB60000
	LeveledListCrashPrevention.dll                   0x7FFF421F0000
	Knotwork.dll                                     0x7FFF422D0000
	CoreImpactFramework.dll                          0x7FFF423A0000
	NPCWaterAIFix.dll                                0x7FFF42700000
	steamclient64.dll                                0x7FFF43D60000
	MapMarkerFramework.dll                           0x7FFF54AD0000
	Journeyman.dll                                   0x7FFF54B70000
	invisible-runes-fix.dll                          0x7FFF54C00000
	InventoryInjector.dll                            0x7FFF55580000
	HandToHand.dll                                   0x7FFF55630000
	GrassCacheHelperNG.dll                           0x7FFF556E0000
	FormListManipulator.dll                          0x7FFF56BD0000
	BetterThirdPersonSelection.dll                   0x7FFF56CC0000
	StayAtSystemPageSE.dll                           0x7FFF570B0000
	FlatMapMarkersSSE.dll                            0x7FFF57110000
	GrassSamplerFix.dll                              0x7FFF57A80000
	NotificationFilter.dll                           0x7FFF57C60000
	DeathIdleFix.dll                                 0x7FFF57CD0000
	NoFurnitureCamera.dll                            0x7FFF689C0000
	mfgfix.dll                                       0x7FFF68BB0000
	ConsoleUtilSSE.dll                               0x7FFF68C20000
	EquipmentDurabilitySystemNG.dll                  0x7FFF724D0000
	GetLost.dll                                      0x7FFF7E910000
	DynDOLOD.DLL                                     0x7FFF7FE20000
	DynamicArmorVariants.dll                         0x7FFF80080000
	FixToggleWalkRun.dll                             0x7FFF802F0000
	EncounterZoneInformer.dll                        0x7FFF813B0000
	DynamicGamma.dll                                 0x7FFF819D0000
	gotobed.dll                                      0x7FFF8CDA0000
	MediaKeysFix.dll                                 0x7FFF8D0D0000
	DynamicActivationKey.dll                         0x7FFF93250000
	EquipEnchantmentFix.dll                          0x7FFF94AC0000
	DragonWar.dll                                    0x7FFF94B40000
	BehaviorDataInjector.dll                         0x7FFF94BF0000
	DragonbornsBestiary.dll                          0x7FFF95450000
	DialogueMovementEnabler.dll                      0x7FFF99800000
	MaxsuAIProcessFix.dll                            0x7FFF9C070000
	DescriptionFramework.dll                         0x7FFF9D5B0000
	nvcuda64.dll                                     0x7FFFA2AC0000
	nvcuda.dll                                       0x7FFFA4B90000
	keyholepeekmenu.dll                              0x7FFFA67F0000
	CustomSkills.dll                                 0x7FFFA6860000
	CurrencySwapper.dll                              0x7FFFA6D20000
	nvppex.dll                                       0x7FFFA7070000
	CraftingCategories.dll                           0x7FFFA7330000
	ContainerDistributionFramework.dll               0x7FFFA7540000
	nvdxgdmal64.dll                                  0x7FFFABA50000
	ContextualCrosshair.dll                          0x7FFFABB20000
	NvTelemetryBridge64.dll                          0x7FFFAC020000
	CCExtender.dll                                   0x7FFFAC280000
	BetterGrabbing.dll                               0x7FFFAD510000
	HorseStaminaHUD.dll                              0x7FFFADC10000
	BladeAndBlunt.dll                                0x7FFFB0EF0000
	Fuz Ro D'oh.dll                                  0x7FFFB3080000
	BugFixesSSE.dll                                  0x7FFFB32B0000
	AutoParallax.dll                                 0x7FFFB6850000
	FaceGenFixes.dll                                 0x7FFFB6A60000
	DynamicCollisionAdjustment.dll                   0x7FFFB6D60000
	DontEatSpellTomes.dll                            0x7FFFB7580000
	AutoAudioSwitch.dll                              0x7FFFB75F0000
	AnimationQueueFix.dll                            0x7FFFB7660000
	AnimationMotionRevolution.dll                    0x7FFFB76D0000
	ANDR_PapyrusFunctions.dll                        0x7FFFB7840000
	AlchemyPlus.dll                                  0x7FFFB78B0000
	AHZmoreHUDPlugin.dll                             0x7FFFB7930000
	tier0_s64.dll                                    0x7FFFB79C0000
	D3DSCache.dll                                    0x7FFFB9200000
	EngineFixes.dll                                  0x7FFFB92E0000
	skse64_1_6_1170.dll                              0x7FFFB93F0000
	tbbmalloc.dll                                    0x7FFFBA120000
	bink2w64.dll                                     0x7FFFBA7B0000
	d3d12.dll                                        0x7FFFBA910000
	tbb.dll                                          0x7FFFBA980000
	encounter_zones_unlocked.dll                     0x7FFFBADA0000
	sl.reflex.dll                                    0x7FFFBC4E0000
	BetterJumpingSE.dll                              0x7FFFBE090000
	AutoInputSwitch.dll                              0x7FFFC0140000
	sl.dlss.dll                                      0x7FFFC1BA0000
	nvspcap64.dll                                    0x7FFFC27E0000
	ToYourFace.dll                                   0x7FFFC4540000
	MSVCP140_ATOMIC_WAIT.dll                         0x7FFFCF7F0000
	SimplyKnock.dll                                  0x7FFFD0B00000
	Windows.UI.dll                                   0x7FFFD1390000
	HonedMetal.dll                                   0x7FFFD1A60000
	dbgcore.DLL                                      0x7FFFD1FA0000
	MPR.dll                                          0x7FFFD4420000
	AlternateConversationCamera.dll                  0x7FFFD5B40000
	VCRUNTIME140.dll                                 0x7FFFD6F10000
	VCRUNTIME140_1.dll                               0x7FFFD6F30000
	MSVCP140.dll                                     0x7FFFD6F40000
	xinput1_4.dll                                    0x7FFFD7CF0000
	diskCacheEnabler.dll                             0x7FFFD7DE0000
	DINPUT8.dll                                      0x7FFFD7F90000
	steam_api64.dll                                  0x7FFFD82C0000
	VCOMP140.DLL                                     0x7FFFD8CA0000
	NvTelemetryAPI64.dll                             0x7FFFD9110000
	vstdlib_s64.dll                                  0x7FFFD9640000
	inputhost.dll                                    0x7FFFDAC50000
	AUDIOSES.DLL                                     0x7FFFDBBF0000
	textinputframework.dll                           0x7FFFDBF10000
	NvMessageBus.dll                                 0x7FFFDD5E0000
	DEVRTL.dll                                       0x7FFFDDB90000
	nvapi64.dll                                      0x7FFFDDDB0000
	nvwgf2umx.dll                                    0x7FFFDE340000
	NvMemMapStoragex.dll                             0x7FFFE5000000
	twinapi.appcore.dll                              0x7FFFE5360000
	WINMM.dll                                        0x7FFFE5600000
	SPINF.dll                                        0x7FFFE59C0000
	nvgpucomp64.dll                                  0x7FFFE6750000
	drvstore.dll                                     0x7FFFEA4F0000
	cryptnet.dll                                     0x7FFFEA670000
	nvldumdx.dll                                     0x7FFFEA9B0000
	WINHTTP.dll                                      0x7FFFEAAE0000
	CoreUIComponents.dll                             0x7FFFEB0C0000
	MMDevApi.dll                                     0x7FFFEBDB0000
	VERSION.dll                                      0x7FFFEC2B0000
	resourcepolicyclient.dll                         0x7FFFEC640000
	Microsoft.Internal.WarpPal.dll                   0x7FFFED9F0000
	windowscodecs.dll                                0x7FFFEDA10000
	D3DCOMPILER_47.dll                               0x7FFFEDC50000
	SMP-NPC crash fix.dll                            0x7FFFEE190000
	ELIF.dll                                         0x7FFFEE1F0000
	d3dx9_42.dll                                     0x7FFFEE220000
	dcomp.dll                                        0x7FFFEE330000
	CoreMessaging.dll                                0x7FFFEE6C0000
	Secur32.dll                                      0x7FFFEEF30000
	WINNSI.DLL                                       0x7FFFEF110000
	uxtheme.dll                                      0x7FFFEF180000
	dxcore.dll                                       0x7FFFEFCE0000
	dwmapi.dll                                       0x7FFFEFD50000
	dbghelp.dll                                      0x7FFFEFD90000
	directxdatabasehelper.dll                        0x7FFFF0200000
	d3d11.dll                                        0x7FFFF0280000
	dxgi.dll                                         0x7FFFF04F0000
	avrt.dll                                         0x7FFFF0630000
	windows.storage.dll                              0x7FFFF0660000
	HID.DLL                                          0x7FFFF0EC0000
	IPHLPAPI.DLL                                     0x7FFFF1200000
	rsaenh.dll                                       0x7FFFF1730000
	kernel.appcore.dll                               0x7FFFF17D0000
	ntmarta.dll                                      0x7FFFF1900000
	SSPICLI.DLL                                      0x7FFFF1A80000
	MSWSOCK.dll                                      0x7FFFF1D60000
	gpapi.dll                                        0x7FFFF1DD0000
	USERENV.dll                                      0x7FFFF1E00000
	cryptsp.dll                                      0x7FFFF2010000
	CRYPTBASE.DLL                                    0x7FFFF2030000
	MSASN1.dll                                       0x7FFFF2080000
	wldp.dll                                         0x7FFFF2160000
	UMPDC.dll                                        0x7FFFF2400000
	POWRPROF.dll                                     0x7FFFF2420000
	CFGMGR32.dll                                     0x7FFFF2690000
	devobj.dll                                       0x7FFFF26F0000
	bcrypt.dll                                       0x7FFFF2910000
	profapi.dll                                      0x7FFFF2940000
	wintypes.dll                                     0x7FFFF2AF0000
	msvcp_win.dll                                    0x7FFFF2C70000
	ucrtbase.dll                                     0x7FFFF2DB0000
	win32u.dll                                       0x7FFFF2F00000
	CRYPT32.dll                                      0x7FFFF2F30000
	KERNELBASE.dll                                   0x7FFFF30B0000
	gdi32full.dll                                    0x7FFFF34A0000
	bcryptPrimitives.dll                             0x7FFFF35E0000
	NSI.dll                                          0x7FFFF3680000
	WS2_32.dll                                       0x7FFFF3710000
	PSAPI.DLL                                        0x7FFFF3790000
	SHCORE.dll                                       0x7FFFF37A0000
	MSCTF.dll                                        0x7FFFF38A0000
	USER32.dll                                       0x7FFFF3A10000
	GDI32.dll                                        0x7FFFF3C70000
	SHELL32.dll                                      0x7FFFF3CA0000
	clbcatq.dll                                      0x7FFFF45D0000
	KERNEL32.DLL                                     0x7FFFF4680000
	IMM32.DLL                                        0x7FFFF4760000
	SHLWAPI.dll                                      0x7FFFF47A0000
	SETUPAPI.dll                                     0x7FFFF4880000
	OLEAUT32.dll                                     0x7FFFF4D10000
	imagehlp.dll                                     0x7FFFF4F00000
	combase.dll                                      0x7FFFF4F30000
	ADVAPI32.dll                                     0x7FFFF52D0000
	msvcrt.dll                                       0x7FFFF5390000
	ole32.dll                                        0x7FFFF5440000
	RPCRT4.dll                                       0x7FFFF5650000
	sechost.dll                                      0x7FFFF5770000
	ntdll.dll                                        0x7FFFF58E0000

SKSE PLUGINS:
	ActorLimitFix.dll
	AHZmoreHUDPlugin.dll v5.2.2
	AlchemyPlus.dll v1.1
	AlternateConversationCamera.dll
	ANDR_PapyrusFunctions.dll
	AnimationMotionRevolution.dll
	AnimationQueueFix.dll v1.0.1
	AutoAudioSwitch.dll v1.0.3
	AutoInputSwitch.dll v1.2.3
	AutoParallax.dll v1.0.7
	BehaviorDataInjector.dll v0.1.3
	BetterGrabbing.dll v0.1.12
	BetterJumpingSE.dll
	BetterThirdPersonSelection.dll v1
	BladeAndBlunt.dll v3.5
	BugFixesSSE.dll
	CCExtender.dll v1.12.0.1
	CommunityShaders.dll v1.2.1
	ConsoleUtilSSE.dll v1.5.1
	ContainerDistributionFramework.dll v3.0.2
	ContextualCrosshair.dll v1.3.1
	CoreImpactFramework.dll v1.2.1
	CraftingCategories.dll v1.1.1
	CrashLogger.dll v1.14.1
	CurrencySwapper.dll v2
	CustomSkills.dll v3.1
	DeathIdleFix.dll v1
	DescriptionFramework.dll v1.4
	DialogueMovementEnabler.dll v2.2.1
	diskCacheEnabler.dll
	DismemberingFramework.dll v1.2.1
	DontEatSpellTomes.dll v1.2.2
	DragonbornsBestiary.dll
	DragonWar.dll v1
	DynamicActivationKey.dll v1
	DynamicArmorVariants.dll v1.0.5
	DynamicCollisionAdjustment.dll v1.1
	DynamicGamma.dll v2
	DynDOLOD.DLL v3.0.36
	ELIF.dll v1.2
	encounter_zones_unlocked.dll
	EncounterZoneInformer.dll v1.0.4
	EngineFixes.dll v6.1.1
	EquipEnchantmentFix.dll v1.3.6
	EquipmentDurabilitySystemNG.dll
	FaceGenFixes.dll v1.0.3
	FixToggleWalkRun.dll v3
	FlatMapMarkersSSE.dll v1.5.0.1
	FormListManipulator.dll v1.8.1
	Fuz Ro D'oh.dll v2.5.8.123
	GetLost.dll v1
	gotobed.dll v2.0.7
	GrassCacheHelperNG.dll v1.0.1
	GrassSamplerFix.dll v1.0.1
	HandToHand.dll v1
	hdtSMP64.dll
	HonedMetal.dll v1.0.0.8
	HorseStaminaHUD.dll v1.0.4
	ImmersiveEquipmentDisplays.dll v1.7.4
	InventoryInjector.dll v1.1
	invisible-runes-fix.dll v1
	JContainers64.dll v4.2.9
	Journeyman.dll v1
	keyholepeekmenu.dll v1.4
	Knotwork.dll v1
	LeveledListCrashPrevention.dll v1.0.1
	LoadingScreenTruce.dll v0.0.1
	LocationalEncounterZones.dll v1.0.2
	loki_DynamicAnimationCasting.dll v3.2.3
	MapMarkerFramework.dll v2.2.1
	MaxsuAIProcessFix.dll v1
	MCMHelper.dll v1.5
	MediaKeysFix.dll v1.0.1
	mfgfix.dll v1.6.1
	MoreInformativeConsole.dll v1.2.2
	NextGenDecapitations.dll v1.3.4
	NoFurnitureCamera.dll v1
	NotificationFilter.dll v1.2.1
	NPCsNamesDistributor.dll v2.5.5.16
	NPCWaterAIFix.dll
	OpenAnimationReplacer-IEDConditionExtensions.dll v1.0.2
	OpenAnimationReplacer-Math.dll v1.0.2
	OpenAnimationReplacer.dll v2.3.6
	oxygenMeter2.dll v1.0.7.1
	PairedAnimationImprovements.dll v1.0.2
	PapyrusTweaks.dll v4.1
	PapyrusUtil.dll
	ParryingRPG.dll v2.0.1
	PayloadInterpreter.dll v1
	PersistentFavorites.dll v0.3.1
	PlayerNameRandomizer.dll v1.1.1.1
	po3_AnimObjectSwapper.dll v1.1.0.1
	po3_BaseObjectSwapper.dll v3.4.1.1
	po3_ConsolePlusPlus.dll v1.4.1.1
	po3_CraftingRecipeDistributor.dll v4.0.1.1
	po3_DualCastingFix.dll v1.0.0.1
	po3_EnhancedReanimation.dll v1.5.1.1
	po3_FavoriteMiscItems.dll v3.7.1.1
	po3_FEC.dll v5.1.0.1
	po3_KeywordItemDistributor.dll v3.3.0.1
	po3_LightPlacer.dll v3.0.2.1
	po3_LockVariations.dll v4.0.0.1
	po3_PapyrusExtender.dll v6.0.3.1
	po3_PhotoMode.dll v1.9.1.1
	po3_SeasonsOfSkyrim.dll v1.8.6.1
	po3_SpellPerkItemDistributor.dll v7.1.3.1
	po3_SplashesOfSkyrim.dll v1.4.0.1
	po3_Tweaks.dll v1.13.0.1
	po3_WashThatBloodOff.dll v2.1.0.1
	poisoner.dll v1
	Precision.dll v2.0.4
	PreludeToPurgatory.dll v3
	RainExtinguishesFires.dll v5.0.3
	ReadingIsGood.dll v1.1.2
	Recipes.dll v1.1
	RecursionFPSFix.dll v1.1
	RemoveAllItemsFix.dll v1.1
	RoguesGallery.dll v1.0.0.1
	SanguineSymphony.dll v1.1
	ScrambledBugs.dll
	ScriptEffectArchetypeCrashFix.dll
	SimpleDualSheath.dll v1.5.7
	SimplyKnock.dll
	skee64.dll
	SkyParkourNG.dll v2.0.5
	SkyrimSoulsRE.dll v2.4
	SMP-NPC crash fix.dll
	SoakingWet.dll v1.2.1
	SoundRecordDistributor.dll v1.4
	SSEDisplayTweaks.dll v0.5.16
	SSMT_Fix.dll v1.1.2
	StaggerEffectFix.dll v1.0.1
	StayAtSystemPageSE.dll v1.6
	Subtitles.dll v0.6.2
	SureOfStealing.dll v1.1.4
	SurvivalControlPanel.dll v1.1.1
	SurvivalModeImproved.dll v1.5.2
	TargetFocus.dll v1.2.1
	Thaumaturgy.dll v1.0.1
	ToYourFace.dll
	TrueDirectionalMovement.dll v2.2.6
	TrueHUD.dll v1.1.9
	UAPNG.dll v2.8
	WadeInWater.dll v1
	WhichKey-NG.dll v1.1
	YASTM.dll v3
	YouCanSleepRemake.dll v1.0.2

PLUGINS:
	Light: 0	Regular: 0	Total: 0
