Skyrim SSE v1.5.97
CrashLoggerSSE v1-15-0-0 Oct 12 2024 11:33:37

Unhandled exception "EXCEPTION_ACCESS_VIOLATION" at 0x7FFA81BC5FC6 tbbmalloc.dll+0015FC6	mov rax, [rax]
Exception Flags: 0x00000000
Number of Parameters: 2
Access Violation: Tried to read memory at 0x01C900000001

SYSTEM SPECS:
	OS: Microsoft Windows 11 Home Single Language v10.0.26100
	CPU: AuthenticAMD AMD Ryzen 5 7600X 6-Core Processor             
	GPU #1: Nvidia AD102 [GeForce RTX 4090]
	GPU #2: AMD Raphael
	GPU #3: Nvidia AD102 [GeForce RTX 4090]
	GPU #4: Microsoft Basic Render Driver
	PHYSICAL MEMORY: 21.41 GB/31.16 GB
	GPU MEMORY: 11.28/22.83 GB
	Detected Virtual Machine: Microsoft Hyper-V (100%)

PROBABLE CALL STACK:
	[ 0] 0x7FFA81BC5FC6 tbbmalloc.dll+0015FC6
	[ 1] 0x7FFA81BC7A16 tbbmalloc.dll+0017A16
	[ 2] 0x7FF6095F514F  SkyrimSE.exe+0C0514F -> 66919+0xAF	test rax, rax
	[ 3] 0x7FF6095F4A83  SkyrimSE.exe+0C04A83 -> 66908+0x63	test al, al
	[ 4] 0x7FF609ABB206  SkyrimSE.exe+10CB206 -> 88621+0x206	nop
	[ 5] 0x7FF609AA2C25  SkyrimSE.exe+10B2C25 -> 88082+0xE5	mov edx, [rsp+0x60]
	[ 6] 0x7FF609AA2AA1  SkyrimSE.exe+10B2AA1 -> 88081+0xD1	movzx esi, al
	[ 7] 0x7FF609B21122  SkyrimSE.exe+1131122 -> 90732+0x112	lea rbx, [r12+0x2A8]
	[ 8] 0x7FF609AEE587  SkyrimSE.exe+10FE587 -> 89395+0xC7	mov [rbx+0x2B8], r14d
	[ 9] 0x7FF6090308C7  SkyrimSE.exe+06408C7 -> 38124+0x47	nop
	[10] 0x7FF609622A81  SkyrimSE.exe+0C32A81 -> 68010+0xD1	mov ecx, [rbx+0x0C]
	[11] 0x7FF609624C48  SkyrimSE.exe+0C34C48 -> 68058+0x318	mov r15d, eax
	[12] 0x7FF6095FD6BD  SkyrimSE.exe+0C0D6BD -> 67147+0x3D	mov rcx, [0x00007FF60B95B9D8]
	[13] 0x7FFB0BACE8D7  KERNEL32.DLL+002E8D7
	[14] 0x7FFB0D71C34C     ntdll.dll+003C34C

REGISTERS:
	RAX 0x1C900000001      (size_t) [1962800054273]
	RCX 0x1E4C9890010      (void*)
	RDX 0x8                (size_t) [8]
	RBX 0x72E76FF508       (void*)
	RSP 0x72E76FF240       (void*)
	RBP 0x1E4C98900E8      (void*)
	RSI 0x1E4945B8818      (void*)
	RDI 0x1E4C9890000      (void*)
	R8  0x8                (size_t) [8]
	R9  0x540              (size_t) [1344]
	R10 0x1C900000001      (size_t) [1962800054273]
	R11 0x1C900000001      (size_t) [1962800054273]
	R12 0x8                (size_t) [8]
	R13 0x7FFA81BE83C0     (void* -> tbbmalloc.dll+00383C0	add [rax], al)
	R14 0x1                (size_t) [1]
	R15 0x8                (size_t) [8]

STACK:
	[RSP+0  ] 0x0                (size_t) [0]
	[RSP+8  ] 0x7FFA81BC57C3     (void* -> tbbmalloc.dll+00157C3	mov rbp, rax)
	[RSP+10 ] 0x0                (size_t) [0]
	[RSP+18 ] 0x0                (size_t) [0]
	[RSP+20 ] 0x1E2EDE7D080      (void*)
	[RSP+28 ] 0x700000000        (size_t) [30064771072]
	[RSP+30 ] 0x7FF609F111A8     (void* -> SkyrimSE.exe+15211A8	sahf)
	[RSP+38 ] 0x72E76FF230       (void*)
	[RSP+40 ] 0x1E4A7742B00      (TESWorldSpace*)
		File: "FWMF for Fantasy Paper Maps.esp"
		Modified by: Skyrim.esm -> Update.esm -> Dawnguard.esm -> HearthFires.esm -> ccbgssse001-fish.esm -> Unofficial Skyrim Special Edition Patch.esp -> Landscape and Water Fixes.esp -> LegacyoftheDragonborn.esm -> Occ_Skyrim_Tamriel.esp -> Lightened Skyrim - merged.esp -> Water for ENB.esm -> 3DNPC.esp -> Campfire.esm -> Natural Waterfalls.esp -> DynDOLOD.esm -> Cutting Room Floor.esp -> Personalized Music v 6.0.esp -> waterplants.esp -> NyghtfallNonReplacer.esp -> Sounds of Towns and Cities.esp -> yumcheese.esp -> 018Auri.esp -> Katana.esp -> Dawn of Skyrim.esp -> Occ_Skyrim_Dawn-of-Skyrim_patch.esp -> Spaghetti's Cities - AIO.esp -> Whiterun Has Walls.esp -> Whiterun Has Walls - eFPS Patch.esp -> Whiterun Has Walls - Higher Walls.esp -> Whiterun Has Walls - Dawn of Skyrim Patch.esp -> Whiterun Has Walls - Spaghetti's Cities - AIO Patch.esp -> Whiterun Has Walls - Higher Walls - eFPS Patch.esp -> GG's Impoverished Vanilla Whiterun.esp -> Whiterun Enhancer - Nolvus Edition.esp -> Whiterun Enhancer - Nolvus Edition - Dawn of Skyrim Patch.esp -> Whiterun Enhancer - Nolvus Edition - Spaghetti's Cities Patch.esp -> Gildergreen Is Really Thicc HD.esp -> ASHLEY - Witcher in Whiterun.esp -> Blubbos_Whiterun_Lanterns.esp -> iWill_ARavensBreezeHome.esp -> JK's Riverfall Cottage.esp -> This Is Jorrvaskr.esp -> This Is Jorrvaskr - DOS.esp -> This Is Jorrvaskr - KASA.esp -> Drinking Fountains of Skyrim for SSE.esp -> Missives.esp -> SolitudeTempleFrescoes.esp -> SkyrimSewers.esp -> Skyrim Sewers JS Solitude Sewer Cover Patch.esp -> Skyrim Sewers GG's Impoverished Whiterun Patch.esp -> EEKs Whiterun Interiors.esp -> JK's The Bannered Mare.esp -> JKs Bannered Mare - Dawn of Skyrim Patch.esp -> JKs The Drunken Huntsman.esp -> Drow Armor Set.esp -> slymage.esp -> TW3_femaleArmors_zzjay.esp -> KS Dragon Overhaul 2.esp -> FlyingCrowsSSE.esp -> ACatsLife.esp -> SL01AmuletsSkyrim.esp -> Lux Orbis.esp -> Lux Orbis - 3DNPC patch.esp -> Lux Orbis - LotD patch.esp -> Lux Orbis - Dawn of Skyrim patch.esp -> Whiterun Has Walls - Lux Orbis Patch.esp -> Lux Orbis - Ravens Breezehome patch.esp -> Lux Orbis - JK's Bannered Mare patch.esp -> Lux Orbis - JK's Drunken Huntsman patch.esp -> SPERG-SSE.esp -> SunHelmSurvival.esp -> AI Overhaul.esp -> Dawn of Skyrim - AI Overhaul Patch.esp -> nwsFollowerFramework.esp -> Water for ENB (Shades of Skyrim).esp -> WAVY Waterfalls Effect.esp -> Skyrim Unbound.esp -> At Your Own Pace - Companions.esp -> Nolvus Awakening DLC Patch.esp -> Nolvus Awakening Seasonal Tree Addon - Whiterun Interior.esp -> Nolvus Awakening Whiterun Addon.esp -> Nolvus Awakening Whiterun Patch.esp -> Nolvus Awakening Player Home Patch.esp -> Nolvus Awakening Armors Patch.esp -> Nolvus Awakening Lighting Patch.esp -> Nolvus Awakening Lighting Fixes.esp -> Atlas Map Markers.esp -> Synthesis.esp -> DynDOLOD.esp -> Occlusion.esp -> FWMF for Fantasy Paper Maps.esp
		Flags: 0x0000000B kDestructible | kAltered | kInitialized
		Name: "Whiterun"
		EditorID: "WhiterunWorld"
		FormID: 0x0001A26F
		FormType: WorldSpace (71)
		GetFullName: "Whiterun"
	[RSP+48 ] 0x7FFA81BC57C3     (void* -> tbbmalloc.dll+00157C3	mov rbp, rax)
	[RSP+50 ] 0x72E76FF3A0       (void*)
	[RSP+58 ] 0x7FF608C809C7     (void* -> SkyrimSE.exe+02909C7	jmp 0x00007FF608C81381)
	[RSP+60 ] 0xFFFFFFFF         (size_t) [4294967295]
	[RSP+68 ] 0x1E2DCC20540      (BSMultiBoundNode*)
		Name: "Sky"
		RTTIName: "BSMultiBoundNode"
		Flags: kSelectiveUpdate | kSelectiveUpdateTransforms | kSelectiveUpdateController
		Checking Parent: 0
			Name: "shadow scene node"
			RTTIName: "ShadowSceneNode"
			Flags: kSelectiveUpdate | kSelectiveUpdateTransforms | kSelectiveUpdateController
			Checking Parent: 1
				Name: "WorldRoot Node"
				RTTIName: "SceneGraph"
				Flags: kSelectiveUpdate | kSelectiveUpdateTransforms | kSelectiveUpdateController
		Name: "Sky"
	[RSP+70 ] 0x72E76FF310       (void*)
	[RSP+78 ] 0x2                (size_t) [2]
	[RSP+80 ] 0x1                (size_t) [1]
	[RSP+88 ] 0x4                (size_t) [4]
	[RSP+90 ] 0x8                (size_t) [8]
	[RSP+98 ] 0x2                (size_t) [2]
	[RSP+A0 ] 0x7FFA81BE83C0     (void* -> tbbmalloc.dll+00383C0	add [rax], al)
	[RSP+A8 ] 0x7FFA81BC7A16     (void* -> tbbmalloc.dll+0017A16	mov rsi, rax)
	[RSP+B0 ] 0x7FFA81BE83C0     (void* -> tbbmalloc.dll+00383C0	add [rax], al)
	[RSP+B8 ] 0x7FFA81BC7A16     (void* -> tbbmalloc.dll+0017A16	mov rsi, rax)
	[RSP+C0 ] 0x72E76FF360       (void*)
	[RSP+C8 ] 0x72E76FF6F0       (VelocityObstacle::Utilities::BuildOpenEdgeListsVisitor*)
	[RSP+D0 ] 0x1E2EDE7D080      (void*)
	[RSP+D8 ] 0x800000008        (size_t) [34359738376]
	[RSP+E0 ] 0x8                (size_t) [8]
	[RSP+E8 ] 0xFFFFFFFFFFFFFFFE (size_t) [uint: 18446744073709551614 int: -2]
	[RSP+F0 ] 0x72E76FF508       (void*)
	[RSP+F8 ] 0x1EA1B6BE208      (void*)
	[RSP+100] 0x0                (size_t) [0]
	[RSP+108] 0x0                (size_t) [0]
	[RSP+110] 0x2                (size_t) [2]
	[RSP+118] 0x7FF609F21DB0     (void* -> SkyrimSE.exe+1531DB0	adc al, ah)
	[RSP+120] 0x72E76FF459       (void*)
	[RSP+128] 0x7FF6095F514F     (void* -> SkyrimSE.exe+0C0514F	test rax, rax)
	[RSP+130] 0x72E76FF459       (void*)
	[RSP+138] 0x7FF6095F5067     (void* -> SkyrimSE.exe+0C05067	mov [rbx+0x08], rax)
	[RSP+140] 0x72E76FF508       (void*)
	[RSP+148] 0x72E76FF459       (void*)
	[RSP+150] 0x72E76FF508       (void*)
	[RSP+158] 0x7FF609F21DB0     (void* -> SkyrimSE.exe+1531DB0	adc al, ah)
	[RSP+160] 0xC                (size_t) [12]
	[RSP+168] 0x7FF6095F4A83     (void* -> SkyrimSE.exe+0C04A83	test al, al)
	[RSP+170] 0x72E76FF459       (void*)
	[RSP+178] 0x1E6D5188290      (char*) "W"
	[RSP+180] 0x72E76FF520       (void*)
	[RSP+188] 0x1EA1B6BE208      (void*)
	[RSP+190] 0x1E400000000      (void*)
	[RSP+198] 0xFFFFFFFF00000002 (size_t) [uint: 18446744069414584322 int: -4294967294]
	[RSP+1A0] 0x1                (size_t) [1]
	[RSP+1A8] 0x7FF609ABB206     (void* -> SkyrimSE.exe+10CB206	nop)
	[RSP+1B0] 0x768              (size_t) [1896]
	[RSP+1B8] 0x7FF6095F72DF     (void* -> SkyrimSE.exe+0C072DF	cmp [rdi], eax)
	[RSP+1C0] 0xFFFFFFFFFFFFFFFE (size_t) [uint: 18446744073709551614 int: -2]
	[RSP+1C8] 0xFFFFFFFFFFFFFFFE (size_t) [uint: 18446744073709551614 int: -2]
	[RSP+1D0] 0x72E76FF6F0       (VelocityObstacle::Utilities::BuildOpenEdgeListsVisitor*)
	[RSP+1D8] 0x1E2EDE7D080      (void*)
	[RSP+1E0] 0x4                (size_t) [4]
	[RSP+1E8] 0xFFFFFFFFFFFFFFFE (size_t) [uint: 18446744073709551614 int: -2]
	[RSP+1F0] 0x7FF609F21DB0     (void* -> SkyrimSE.exe+1531DB0	adc al, ah)
	[RSP+1F8] 0x72E76FF508       (void*)
	[RSP+200] 0x72E76FF4D8       (void*)
	[RSP+208] 0xFFFFFFFFFFFFFFFE (size_t) [uint: 18446744073709551614 int: -2]
	[RSP+210] 0xFFFFFFFFFFFFFFFE (size_t) [uint: 18446744073709551614 int: -2]
	[RSP+218] 0x72E76FF6F0       (VelocityObstacle::Utilities::BuildOpenEdgeListsVisitor*)
	[RSP+220] 0xFFFFFFFFFFFFFFFE (size_t) [uint: 18446744073709551614 int: -2]
	[RSP+228] 0x2                (size_t) [2]
	[RSP+230] 0x1E822F3C301      (void*)
	[RSP+238] 0x72E76FF6F0       (VelocityObstacle::Utilities::BuildOpenEdgeListsVisitor*)
	[RSP+240] 0x1E4F1BADBE8      (NavMesh*)
		File: "Skyrim.esm"
		Flags: 0x00040001 kDestructible
		FormID: 0x000EC468
		FormType: NavMesh (73)
	[RSP+248] 0x768              (size_t) [1896]
	[RSP+250] 0x1E2EDE7D080      (void*)
	[RSP+258] 0x1E822F3C3C0      (void*)
	[RSP+260] 0x1                (size_t) [1]
	[RSP+268] 0x4B               (size_t) [75]
	[RSP+270] 0x768              (size_t) [1896]
	[RSP+278] 0x7FF609AA2C25     (void* -> SkyrimSE.exe+10B2C25	mov edx, [rsp+0x60])
	[RSP+280] 0x1E4F1BADC88      (void*)
	[RSP+288] 0xC7B8000000000000 (size_t) [uint: 14391252609262419968 int: -4055491464447131648]
	[RSP+290] 0x4                (size_t) [4]
	[RSP+298] 0xFF7FFFFF00000004 (size_t) [uint: 18410715272395620356 int: -36028801313931260]
	[RSP+2A0] 0x1E2EDE7D080      (void*)
	[RSP+2A8] 0xFFFFFFFFFFFFFFFE (size_t) [uint: 18446744073709551614 int: -2]
	[RSP+2B0] 0xC7B7A0EFC6E33130 (size_t) [uint: 14391148085980115248 int: -4055595987729436368]
	[RSP+2B8] 0xC6E3CE60C2AC9570 (size_t) [uint: 14331525354201322864 int: -4115218719508228752]
	[RSP+2C0] 0xC2AC9570C7B7C83B (size_t) [uint: 14027751250971838523 int: -4418992822737713093]
	[RSP+2C8] 0x1E2EDE7D750      (ScrapHeap*)
	[RSP+2D0] 0x1E4C98900D8      (char*) "W"
	[RSP+2D8] 0x7FF600000001     (size_t) [140694538682369]
	[RSP+2E0] 0x1                (size_t) [1]
	[RSP+2E8] 0x1E822F3C3C0      (void*)
	[RSP+2F0] 0x41DE4B76         (size_t) [1105087350]
	[RSP+2F8] 0x0                (size_t) [0]
	[RSP+300] 0x1E53575C7E8      (NavMesh*)
		File: "Clockwork.esp"
		Flags: 0x00040001 kDestructible
		FormID: 0x000EC469
		FormType: NavMesh (73)
	[RSP+308] 0x72E76FF6F0       (VelocityObstacle::Utilities::BuildOpenEdgeListsVisitor*)
	[RSP+310] 0x1E2EDE7D080      (void*)
	[RSP+318] 0x768              (size_t) [1896]
	[RSP+320] 0x7FF609AA5810     (void* -> SkyrimSE.exe+10B5810	movsxd rcx, r8d)
	[RSP+328] 0x0                (size_t) [0]
	[RSP+330] 0x1                (size_t) [1]
	[RSP+338] 0x1E822F3C3C0      (void*)
	[RSP+340] 0x4B               (size_t) [75]
	[RSP+348] 0x7FF609AA2AA1     (void* -> SkyrimSE.exe+10B2AA1	movzx esi, al)
	[RSP+350] 0x7FF609AA5810     (void* -> SkyrimSE.exe+10B5810	movsxd rcx, r8d)
	[RSP+358] 0x720000004B       (size_t) [489626271819]
	[RSP+360] 0x4B               (size_t) [75]
	[RSP+368] 0x0                (size_t) [0]
	[RSP+370] 0x72E76FF6F0       (VelocityObstacle::Utilities::BuildOpenEdgeListsVisitor*)
	[RSP+378] 0xFFFFFFFFFFFFFFFE (size_t) [uint: 18446744073709551614 int: -2]
	[RSP+380] 0x720000004B       (size_t) [489626271819]
	[RSP+388] 0xFFFFFFFFFFFFFFFE (size_t) [uint: 18446744073709551614 int: -2]
	[RSP+390] 0x1E2EDE7D750      (ScrapHeap*)
	[RSP+398] 0x1E4C9890100      (void*)
	[RSP+3A0] 0x1                (size_t) [1]
	[RSP+3A8] 0x1                (size_t) [1]
	[RSP+3B0] 0x41DE4B76         (size_t) [1105087350]
	[RSP+3B8] 0x0                (size_t) [0]
	[RSP+3C0] 0x1                (size_t) [1]
	[RSP+3C8] 0x0                (size_t) [0]
	[RSP+3D0] 0x1E822F3C3C0      (void*)
	[RSP+3D8] 0x1E822F3C108      (void*)
	[RSP+3E0] 0x7FF609F111A8     (void* -> SkyrimSE.exe+15211A8	sahf)
	[RSP+3E8] 0x7FF609B21122     (void* -> SkyrimSE.exe+1131122	lea rbx, [r12+0x2A8])
	[RSP+3F0] 0x1E822F3C3C0      (void*)
	[RSP+3F8] 0x72E76FF730       (void*)
	[RSP+400] 0x1E2EDE7D080      (void*)
	[RSP+408] 0x1                (size_t) [1]
	[RSP+410] 0x1E57D3AFA00      (MovementControllerNPC*)
	[RSP+418] 0x7FF608AF259E     (void* -> SkyrimSE.exe+010259E	nop)
	[RSP+420] 0x1E2EDE7D750      (ScrapHeap*)
	[RSP+428] 0x1E5CD2EBF00      (void*)
	[RSP+430] 0x1E400000020      (void*)
	[RSP+438] 0x0                (size_t) [0]
	[RSP+440] 0x3                (size_t) [3]
	[RSP+448] 0x0                (size_t) [0]
	[RSP+450] 0x72E76FF7D0       (void*)
	[RSP+458] 0x7FF6095F520A     (void* -> SkyrimSE.exe+0C0520A	xor eax, eax)
	[RSP+460] 0x0                (size_t) [0]
	[RSP+468] 0x0                (size_t) [0]
	[RSP+470] 0x0                (size_t) [0]
	[RSP+478] 0x1E800000000      (void*)
	[RSP+480] 0x7FF609F111A8     (void* -> SkyrimSE.exe+15211A8	sahf)
	[RSP+488] 0x72E76FF660       (void*)
	[RSP+490] 0x1E4C9890100      (void*)
	[RSP+498] 0x0                (size_t) [0]
	[RSP+4A0] 0x72E76FF7D0       (void*)
	[RSP+4A8] 0x1                (size_t) [1]
	[RSP+4B0] 0x7FF60A1F26F8     (void* -> SkyrimSE.exe+18026F8	and byte ptr [rdx+rsi*4], 0x09)
	[RSP+4B8] 0x72E76FF660       (void*)
	[RSP+4C0] 0x72E76FF6A0       (void*)
	[RSP+4C8] 0xC7B7B495C6E37FC8 (size_t) [uint: 14391169689665634248 int: -4055574384043917368]
	[RSP+4D0] 0x41DE4B76C2AC9570 (size_t) [4746314030739395952]
	[RSP+4D8] 0x1                (size_t) [1]
	[RSP+4E0] 0x1E700000000      (void*)
	[RSP+4E8] 0x7FF600000000     (size_t) [140694538682368]
	[RSP+4F0] 0xFFFFFFFFFFFFFFFE (size_t) [uint: 18446744073709551614 int: -2]
	[RSP+4F8] 0x7FF608FB2555     (void* -> SkyrimSE.exe+05C2555	cmp [0x00007FF60B928988], eax)
	[RSP+500] 0x0                (size_t) [0]
	[RSP+508] 0x0                (size_t) [0]
	[RSP+510] 0x0                (size_t) [0]
	[RSP+518] 0x0                (size_t) [0]
	[RSP+520] 0x1                (size_t) [1]
	[RSP+528] 0x0                (size_t) [0]
	[RSP+530] 0x1E822F3C3C0      (void*)
	[RSP+538] 0x1E822F3C108      (void*)
	[RSP+540] 0x7FF60B9175B0     (void* -> SkyrimSE.exe+2F275B0	add [rax], al)
	[RSP+548] 0x7FF609AEE587     (void* -> SkyrimSE.exe+10FE587	mov [rbx+0x2B8], r14d)
	[RSP+550] 0x1E822F3C100      (void*)
	[RSP+558] 0x0                (size_t) [0]
	[RSP+560] 0x1E2EDE7D080      (void*)
	[RSP+568] 0x50               (size_t) [80]
	[RSP+570] 0x1E518B86EE0      (void*)
	[RSP+578] 0x1E524F166E0      (PathingCell*)
	[RSP+580] 0xFFFFFFFFFFFFFFFE (size_t) [uint: 18446744073709551614 int: -2]
	[RSP+588] 0x0                (size_t) [0]
	[RSP+590] 0x24096CBE4        (size_t) [9673559012]
	[RSP+598] 0x7FF60B9E7784     (void* -> SkyrimSE.exe+2FF7784	add [rax], al)
	[RSP+5A0] 0x1                (size_t) [1]
	[RSP+5A8] 0x7FF60B9E7780     (void* -> SkyrimSE.exe+2FF7780	add [rax], al)
	[RSP+5B0] 0x7FF60B9E7788     (void* -> SkyrimSE.exe+2FF7788	add [rax], al)
	[RSP+5B8] 0x1E2EDE7D7E8      (char*) "K"
	[RSP+5C0] 0x0                (size_t) [0]
	[RSP+5C8] 0x0                (size_t) [0]
	[RSP+5D0] 0x2                (size_t) [2]
	[RSP+5D8] 0x7FF6090308C7     (void* -> SkyrimSE.exe+06408C7	nop)
	[RSP+5E0] 0x1E400000050      (void*)
	[RSP+5E8] 0x1E822F3C100      (void*)
	[RSP+5F0] 0x7FF60B9175B4     (void* -> SkyrimSE.exe+2F275B4	xor dh, cl)
	[RSP+5F8] 0x1E2EDE7D080      (void*)
	[RSP+600] 0xFFFFFFFFFFFFFFFE (size_t) [uint: 18446744073709551614 int: -2]
	[RSP+608] 0x1                (size_t) [1]
	[RSP+610] 0x1E42B2EE240      (void*)
	[RSP+618] 0x7FF609622A81     (void* -> SkyrimSE.exe+0C32A81	mov ecx, [rbx+0x0C])
	[RSP+620] 0x7FF60B9E97C8     (void* -> SkyrimSE.exe+2FF97C8	loop 0x00007FF60B9E97F9)
	[RSP+628] 0x2                (size_t) [2]
	[RSP+630] 0x0                (size_t) [0]
	[RSP+638] 0x0                (size_t) [0]
	[RSP+640] 0x3                (size_t) [3]
	[RSP+648] 0x7FF60B9E9778     (void* -> SkyrimSE.exe+2FF9778	add al, 0x00)
	[RSP+650] 0x0                (size_t) [0]
	[RSP+658] 0x1E42B2EE240      (void*)
	[RSP+660] 0x7FF60B9E9718     (BSJobs::JobThread*)
	[RSP+668] 0x7FF609624C48     (void* -> SkyrimSE.exe+0C34C48	mov r15d, eax)
	[RSP+670] 0x3                (size_t) [3]
	[RSP+678] 0x3                (size_t) [3]
	[RSP+680] 0x0                (size_t) [0]
	[RSP+688] 0x414              (size_t) [1044]
	[RSP+690] 0x0                (size_t) [0]
	[RSP+698] 0x0                (size_t) [0]
	[RSP+6A0] 0x0                (size_t) [0]
	[RSP+6A8] 0x0                (size_t) [0]
	[RSP+6B0] 0x0                (size_t) [0]
	[RSP+6B8] 0x0                (size_t) [0]
	[RSP+6C0] 0x7FF60B9E9718     (BSJobs::JobThread*)
	[RSP+6C8] 0x7FF6095FD6BD     (void* -> SkyrimSE.exe+0C0D6BD	mov rcx, [0x00007FF60B95B9D8])
	[RSP+6D0] 0x3C56F8           (size_t) [3954424]
	[RSP+6D8] 0x3C56F7           (size_t) [3954423]
	[RSP+6E0] 0x0                (size_t) [0]
	[RSP+6E8] 0x1E2DCC7CBE8      (void*)
	[RSP+6F0] 0x7FF60B9E9718     (BSJobs::JobThread*)
	[RSP+6F8] 0x0                (size_t) [0]
	[RSP+700] 0x0                (size_t) [0]
	[RSP+708] 0x7FFB0BACE8D7     (void* -> KERNEL32.DLL+002E8D7	mov ecx, eax)
	[RSP+710] 0x0                (size_t) [0]
	[RSP+718] 0x0                (size_t) [0]
	[RSP+720] 0x0                (size_t) [0]
	[RSP+728] 0x0                (size_t) [0]
	[RSP+730] 0x0                (size_t) [0]
	[RSP+738] 0x7FFB0D71C34C     (void* -> ntdll.dll+003C34C	jmp 0x00007FFB0D71C376)
	[RSP+740] 0x0                (size_t) [0]
	[RSP+748] 0x0                (size_t) [0]
	[RSP+750] 0x4F0FFFFFB30      (size_t) [5433133628208]
	[RSP+758] 0x4D0FFFFFB30      (size_t) [5295694674736]
	[RSP+760] 0x21               (size_t) [33]
	[RSP+768] 0x7FFB0A929B00     (void* -> KERNELBASE.dll+0119B00	mov [rsp+0x10], rbx)
	[RSP+770] 0x72E76FDD40       (void*)
	[RSP+778] 0x72E76FDD40       (void*)
	[RSP+780] 0x0                (size_t) [0]
	[RSP+788] 0x0                (size_t) [0]
	[RSP+790] 0x0                (size_t) [0]
	[RSP+798] 0x0                (size_t) [0]
	[RSP+7A0] 0x0                (size_t) [0]
	[RSP+7A8] 0x0                (size_t) [0]
	[RSP+7B0] 0x0                (size_t) [0]
	[RSP+7B8] 0x0                (size_t) [0]
	[RSP+7C0] 0x0                (size_t) [0]
	[RSP+7C8] 0x0                (size_t) [0]
	[RSP+7D0] 0x0                (size_t) [0]
	[RSP+7D8] 0x0                (size_t) [0]
	[RSP+7E0] 0x0                (size_t) [0]
	[RSP+7E8] 0x0                (size_t) [0]
	[RSP+7F0] 0x0                (size_t) [0]
	[RSP+7F8] 0x0                (size_t) [0]
	[RSP+800] 0x0                (size_t) [0]
	[RSP+808] 0x0                (size_t) [0]
	[RSP+810] 0x0                (size_t) [0]
	[RSP+818] 0x0                (size_t) [0]
	[RSP+820] 0x0                (size_t) [0]
	[RSP+828] 0x0                (size_t) [0]
	[RSP+830] 0x0                (size_t) [0]
	[RSP+838] 0x0                (size_t) [0]
	[RSP+840] 0x0                (size_t) [0]
	[RSP+848] 0x0                (size_t) [0]
	[RSP+850] 0x0                (size_t) [0]
	[RSP+858] 0x0                (size_t) [0]
	[RSP+860] 0x0                (size_t) [0]
	[RSP+868] 0x0                (size_t) [0]
	[RSP+870] 0x0                (size_t) [0]
	[RSP+878] 0x0                (size_t) [0]
	[RSP+880] 0x0                (size_t) [0]
	[RSP+888] 0x0                (size_t) [0]
	[RSP+890] 0x0                (size_t) [0]
	[RSP+898] 0x0                (size_t) [0]
	[RSP+8A0] 0x0                (size_t) [0]
	[RSP+8A8] 0x0                (size_t) [0]
	[RSP+8B0] 0x0                (size_t) [0]
	[RSP+8B8] 0x0                (size_t) [0]
	[RSP+8C0] 0x0                (size_t) [0]
	[RSP+8C8] 0x0                (size_t) [0]
	[RSP+8D0] 0x0                (size_t) [0]
	[RSP+8D8] 0x0                (size_t) [0]
	[RSP+8E0] 0x0                (size_t) [0]
	[RSP+8E8] 0x0                (size_t) [0]
	[RSP+8F0] 0x0                (size_t) [0]
	[RSP+8F8] 0x0                (size_t) [0]
	[RSP+900] 0x0                (size_t) [0]
	[RSP+908] 0x0                (size_t) [0]
	[RSP+910] 0x0                (size_t) [0]
	[RSP+918] 0x0                (size_t) [0]
	[RSP+920] 0x0                (size_t) [0]
	[RSP+928] 0x0                (size_t) [0]
	[RSP+930] 0x0                (size_t) [0]
	[RSP+938] 0x0                (size_t) [0]
	[RSP+940] 0x0                (size_t) [0]
	[RSP+948] 0x0                (size_t) [0]
	[RSP+950] 0x0                (size_t) [0]
	[RSP+958] 0x0                (size_t) [0]
	[RSP+960] 0x0                (size_t) [0]
	[RSP+968] 0x0                (size_t) [0]
	[RSP+970] 0x0                (size_t) [0]
	[RSP+978] 0x0                (size_t) [0]
	[RSP+980] 0x0                (size_t) [0]
	[RSP+988] 0x0                (size_t) [0]
	[RSP+990] 0x0                (size_t) [0]
	[RSP+998] 0x0                (size_t) [0]
	[RSP+9A0] 0x0                (size_t) [0]
	[RSP+9A8] 0x0                (size_t) [0]
	[RSP+9B0] 0x0                (size_t) [0]
	[RSP+9B8] 0x0                (size_t) [0]
	[RSP+9C0] 0x0                (size_t) [0]
	[RSP+9C8] 0x0                (size_t) [0]
	[RSP+9D0] 0x0                (size_t) [0]
	[RSP+9D8] 0x0                (size_t) [0]
	[RSP+9E0] 0x0                (size_t) [0]
	[RSP+9E8] 0x0                (size_t) [0]
	[RSP+9F0] 0x0                (size_t) [0]
	[RSP+9F8] 0x0                (size_t) [0]
	[RSP+A00] 0x0                (size_t) [0]
	[RSP+A08] 0x0                (size_t) [0]
	[RSP+A10] 0x0                (size_t) [0]
	[RSP+A18] 0x0                (size_t) [0]
	[RSP+A20] 0x0                (size_t) [0]
	[RSP+A28] 0x0                (size_t) [0]
	[RSP+A30] 0x0                (size_t) [0]
	[RSP+A38] 0x0                (size_t) [0]
	[RSP+A40] 0x0                (size_t) [0]
	[RSP+A48] 0x0                (size_t) [0]
	[RSP+A50] 0x0                (size_t) [0]
	[RSP+A58] 0x0                (size_t) [0]
	[RSP+A60] 0x0                (size_t) [0]
	[RSP+A68] 0x0                (size_t) [0]
	[RSP+A70] 0x0                (size_t) [0]
	[RSP+A78] 0x0                (size_t) [0]
	[RSP+A80] 0x0                (size_t) [0]
	[RSP+A88] 0x0                (size_t) [0]
	[RSP+A90] 0x0                (size_t) [0]
	[RSP+A98] 0x0                (size_t) [0]
	[RSP+AA0] 0x0                (size_t) [0]
	[RSP+AA8] 0x0                (size_t) [0]
	[RSP+AB0] 0x0                (size_t) [0]
	[RSP+AB8] 0x0                (size_t) [0]
	[RSP+AC0] 0x0                (size_t) [0]
	[RSP+AC8] 0x0                (size_t) [0]
	[RSP+AD0] 0x0                (size_t) [0]
	[RSP+AD8] 0x0                (size_t) [0]
	[RSP+AE0] 0x0                (size_t) [0]
	[RSP+AE8] 0x0                (size_t) [0]
	[RSP+AF0] 0x0                (size_t) [0]
	[RSP+AF8] 0x0                (size_t) [0]
	[RSP+B00] 0x0                (size_t) [0]
	[RSP+B08] 0x0                (size_t) [0]
	[RSP+B10] 0x0                (size_t) [0]
	[RSP+B18] 0x0                (size_t) [0]
	[RSP+B20] 0x0                (size_t) [0]
	[RSP+B28] 0x0                (size_t) [0]
	[RSP+B30] 0x0                (size_t) [0]
	[RSP+B38] 0x0                (size_t) [0]
	[RSP+B40] 0x0                (size_t) [0]
	[RSP+B48] 0x0                (size_t) [0]
	[RSP+B50] 0x0                (size_t) [0]
	[RSP+B58] 0x0                (size_t) [0]
	[RSP+B60] 0x0                (size_t) [0]
	[RSP+B68] 0x0                (size_t) [0]
	[RSP+B70] 0x0                (size_t) [0]
	[RSP+B78] 0x0                (size_t) [0]
	[RSP+B80] 0x0                (size_t) [0]
	[RSP+B88] 0x0                (size_t) [0]
	[RSP+B90] 0x0                (size_t) [0]
	[RSP+B98] 0x0                (size_t) [0]
	[RSP+BA0] 0x0                (size_t) [0]
	[RSP+BA8] 0x0                (size_t) [0]
	[RSP+BB0] 0x0                (size_t) [0]
	[RSP+BB8] 0x0                (size_t) [0]
	[RSP+BC0] 0x0                (size_t) [0]
	[RSP+BC8] 0x0                (size_t) [0]
	[RSP+BD0] 0x0                (size_t) [0]
	[RSP+BD8] 0x0                (size_t) [0]
	[RSP+BE0] 0x0                (size_t) [0]
	[RSP+BE8] 0x0                (size_t) [0]
	[RSP+BF0] 0x0                (size_t) [0]
	[RSP+BF8] 0x0                (size_t) [0]
	[RSP+C00] 0x0                (size_t) [0]
	[RSP+C08] 0x0                (size_t) [0]
	[RSP+C10] 0x0                (size_t) [0]
	[RSP+C18] 0x0                (size_t) [0]
	[RSP+C20] 0x0                (size_t) [0]
	[RSP+C28] 0x0                (size_t) [0]
	[RSP+C30] 0x0                (size_t) [0]
	[RSP+C38] 0x0                (size_t) [0]
	[RSP+C40] 0x0                (size_t) [0]
	[RSP+C48] 0x0                (size_t) [0]
	[RSP+C50] 0x0                (size_t) [0]
	[RSP+C58] 0x0                (size_t) [0]
	[RSP+C60] 0x0                (size_t) [0]
	[RSP+C68] 0x0                (size_t) [0]
	[RSP+C70] 0x0                (size_t) [0]
	[RSP+C78] 0x0                (size_t) [0]
	[RSP+C80] 0x0                (size_t) [0]
	[RSP+C88] 0x0                (size_t) [0]
	[RSP+C90] 0x0                (size_t) [0]
	[RSP+C98] 0x0                (size_t) [0]
	[RSP+CA0] 0x0                (size_t) [0]
	[RSP+CA8] 0x0                (size_t) [0]
	[RSP+CB0] 0x0                (size_t) [0]
	[RSP+CB8] 0x0                (size_t) [0]
	[RSP+CC0] 0x0                (size_t) [0]
	[RSP+CC8] 0x0                (size_t) [0]
	[RSP+CD0] 0x0                (size_t) [0]
	[RSP+CD8] 0x0                (size_t) [0]
	[RSP+CE0] 0x0                (size_t) [0]
	[RSP+CE8] 0x0                (size_t) [0]
	[RSP+CF0] 0x0                (size_t) [0]
	[RSP+CF8] 0x0                (size_t) [0]
	[RSP+D00] 0x0                (size_t) [0]
	[RSP+D08] 0x0                (size_t) [0]
	[RSP+D10] 0x0                (size_t) [0]
	[RSP+D18] 0x0                (size_t) [0]
	[RSP+D20] 0x0                (size_t) [0]
	[RSP+D28] 0x0                (size_t) [0]
	[RSP+D30] 0x0                (size_t) [0]
	[RSP+D38] 0x0                (size_t) [0]
	[RSP+D40] 0x0                (size_t) [0]
	[RSP+D48] 0x0                (size_t) [0]
	[RSP+D50] 0x0                (size_t) [0]
	[RSP+D58] 0x0                (size_t) [0]
	[RSP+D60] 0x0                (size_t) [0]
	[RSP+D68] 0x0                (size_t) [0]
	[RSP+D70] 0x0                (size_t) [0]
	[RSP+D78] 0x0                (size_t) [0]
	[RSP+D80] 0x0                (size_t) [0]
	[RSP+D88] 0x0                (size_t) [0]
	[RSP+D90] 0x0                (size_t) [0]
	[RSP+D98] 0x0                (size_t) [0]
	[RSP+DA0] 0x0                (size_t) [0]
	[RSP+DA8] 0x0                (size_t) [0]
	[RSP+DB0] 0x0                (size_t) [0]
	[RSP+DB8] 0x0                (size_t) [0]

MODULES:
	XINPUT1_3.dll                                    0x000000400000
	steam_api64.dll                                  0x000061460000
	X3DAudio1_7.dll                                  0x000062380000
	d3d11.dll                                        0x000180000000
	Paraglider.dll                                   0x01E290990000
	wintrust.dll                                     0x01E2AB600000
	binkw64_.dll                                     0x01E2AD380000
	AnimationMotionRevolution.dll                    0x01E2E4E00000
	RTSSHooks64.dll                                  0x01E38E4D0000
	nvgpucomp64.dll                                  0x01E391A60000
	SkyrimSE.exe                                     0x7FF6089F0000
	d3dcompiler_46e.dll                              0x7FFA12980000
	gameoverlayrenderer64.dll                        0x7FFA12D40000
	WhoseQuestIsItAnyway.dll                         0x7FFA12EF0000
	wheeler.dll                                      0x7FFA12FA0000
	WadeInWater.dll                                  0x7FFA13190000
	Vibrant weapons.dll                              0x7FFA131F0000
	UAPNG.dll                                        0x7FFA13250000
	TweenMenuOverhaul.dll                            0x7FFA134F0000
	TrueHUD.dll                                      0x7FFA135B0000
	TrueDirectionalMovement.dll                      0x7FFA13670000
	TK_Dodge_RE.dll                                  0x7FFA13740000
	TimeFormatChanger.dll                            0x7FFA137A0000
	TheNewGentleman.dll                              0x7FFA137F0000
	StormLightning.dll                               0x7FFA13930000
	STB_Widgets.dll                                  0x7FFA13980000
	StayAtSystemPageSE.dll                           0x7FFA13B20000
	StaggerEffectFix.dll                             0x7FFA13BB0000
	SSMT_Fix.dll                                     0x7FFA13C90000
	SSEDisplayTweaks.dll                             0x7FFA13D00000
	SoundRecordDistributor.dll                       0x7FFA13DA0000
	SmoothCam.dll                                    0x7FFA13E80000
	SkyReflectionFix.dll                             0x7FFA13FF0000
	SkyPatcher.dll                                   0x7FFA14080000
	SkyClimb.dll                                     0x7FFA14270000
	skee64.dll                                       0x7FFA14350000
	skee64-memleak-patch.dll                         0x7FFA14540000
	SimpleDualSheath.dll                             0x7FFA14590000
	ShowPlayerInMenus.dll                            0x7FFA14620000
	ScrambledBugs.dll                                0x7FFA14690000
	SCAR.dll                                         0x7FFA146F0000
	ScaleformTranslationPP.dll                       0x7FFA148C0000
	RoguesGallery.dll                                0x7FFA14930000
	RecursionFPSFix.dll                              0x7FFA14AA0000
	RandomMainMenuMusic.dll                          0x7FFA14B80000
	QuickLootEE.dll                                  0x7FFA14BF0000
	Precision.dll                                    0x7FFA14CD0000
	po3_WashThatBloodOff.dll                         0x7FFA14EB0000
	po3_VampiresCastNoShadow.dll                     0x7FFA14F80000
	po3_Tweaks.dll                                   0x7FFA15020000
	po3_SplashesOfStorms.dll                         0x7FFA15120000
	po3_SplashesOfSkyrim.dll                         0x7FFA151E0000
	po3_SpellPerkItemDistributor.dll                 0x7FFA152A0000
	po3_SimpleOffenceSuppression.dll                 0x7FFA15460000
	po3_SeasonsOfSkyrim.dll                          0x7FFA15500000
	po3_PapyrusExtender.dll                          0x7FFA155F0000
	po3_LockVariations.dll                           0x7FFA158E0000
	po3_KeywordItemDistributor.dll                   0x7FFA15A10000
	po3_ENBLightForEffectShaders.dll                 0x7FFA15BB0000
	po3_DialogueHistory.dll                          0x7FFA15C70000
	po3_ConsolePlusPlus.dll                          0x7FFA15F80000
	po3_BaseObjectSwapper.dll                        0x7FFA16030000
	po3_AnimObjectSwapper.dll                        0x7FFA16150000
	PlayerRotation.dll                               0x7FFA16200000
	PayloadInterpreter.dll                           0x7FFA16260000
	ParryingRPG.dll                                  0x7FFA162D0000
	OverlayFix.dll                                   0x7FFA16340000
	OpenAnimationReplacer.dll                        0x7FFA16400000
	OpenAnimationReplacer-IEDConditionExtensions.dll 0x7FFA16760000
	NPCsUsePotions.dll                               0x7FFA16880000
	SkyrimUncapper.dll                               0x7FFA31680000
	OpenAnimationReplacer-DialoguePlugin.dll         0x7FFA316B0000
	OpenAnimationReplacer-DetectionPlugin.dll        0x7FFA31760000
	OneClickPowerAttack.dll                          0x7FFA31850000
	NextGenDecapitations.dll                         0x7FFA318C0000
	MuImpactFramework.dll                            0x7FFA31AB0000
	MCO.dll                                          0x7FFA31B80000
	SAS SE.dll                                       0x7FFA31C10000
	NoFurnitureCamera.dll                            0x7FFA31C60000
	MoreInformativeConsole.dll                       0x7FFA31CC0000
	ModernStaggerLock.dll                            0x7FFA31DA0000
	mfgfix.dll                                       0x7FFA31EE0000
	MenuMaid2.dll                                    0x7FFA31FA0000
	PapyrusUtil.dll                                  0x7FFA32140000
	PapyrusTweaks.dll                                0x7FFA322C0000
	PAPER.dll                                        0x7FFA323C0000
	PairedAnimationImprovements.dll                  0x7FFA32440000
	oxygenMeter2.dll                                 0x7FFA324B0000
	MCMHelper.dll                                    0x7FFA325A0000
	MaxsuIFrame.dll                                  0x7FFA32680000
	MaxsuDetectionMeter.dll                          0x7FFA32790000
	MaxsuCombatEscape.dll                            0x7FFA32970000
	MaxsuAIProcessFix.dll                            0x7FFA329C0000
	MainMenuCustomizer.dll                           0x7FFA32A30000
	loki_DynamicAnimationCasting.dll                 0x7FFA32C80000
	LocationalEncounterZones.dll                     0x7FFA32E20000
	LocalMapUpgrade.dll                              0x7FFA32F10000
	keyholepeekmenu.dll                              0x7FFA330E0000
	JContainers64.dll                                0x7FFA33150000
	J42_ARR_plugin.dll                               0x7FFA33490000
	IWantWidgetsNative.dll                           0x7FFA334E0000
	InventoryInjector.dll                            0x7FFA335B0000
	InstantlySkipDialogueNG.dll                      0x7FFA33660000
	InsertAttackData.dll                             0x7FFA33710000
	InfinityUI.dll                                   0x7FFA33770000
	ImmersiveEquipmentDisplays.dll                   0x7FFA338A0000
	HotkeysSystem.dll                                0x7FFA33E30000
	HorseStaminaHUD.dll                              0x7FFA33FB0000
	HookDamage.dll                                   0x7FFA34070000
	HelpExtender.dll                                 0x7FFA340D0000
	hdtSMP64.dll                                     0x7FFA34170000
	HDLocalMap.dll                                   0x7FFA349C0000
	GrassCacheHelperNG.dll                           0x7FFA34A60000
	gotobed.dll                                      0x7FFA34B20000
	Fuz Ro D'oh.dll                                  0x7FFA34BA0000
	FloatingDamageV2.dll                             0x7FFA34C10000
	SimplyKnock.dll                                  0x7FFA56420000
	FlatMapMarkersSSE.dll                            0x7FFA56450000
	ExtendedHotkeySystem.dll                         0x7FFA564F0000
	Experience.dll                                   0x7FFA56590000
	valhallaCombat.dll                               0x7FFA568E0000
	EquipmentDurabilitySystemNG.dll                  0x7FFA56980000
	UnequipQuiverNG.dll                              0x7FFA56A90000
	UND.dll                                          0x7FFA56B30000
	UltimateDragons64.dll                            0x7FFA56BC0000
	FormListManipulator.dll                          0x7FFA56BF0000
	ENBInputDisabler.dll                             0x7FFA56D10000
	ENBHelperSE.dll                                  0x7FFA56DA0000
	DynDOLOD.DLL                                     0x7FFA56E30000
	DynamicCollisionAdjustment.dll                   0x7FFA56F10000
	DynamicArmorVariants.dll                         0x7FFA56F80000
	DualWieldParryingSKSE.dll                        0x7FFA57070000
	DtryKeyUtil.dll                                  0x7FFA570E0000
	dTryHitStop.dll                                  0x7FFA57180000
	doticu_skypal.dll                                0x7FFA57230000
	DontEatSpellTomes.dll                            0x7FFA572C0000
	dmenu.dll                                        0x7FFA57390000
	DKAF.dll                                         0x7FFA574A0000
	DismemberingFramework.dll                        0x7FFA57520000
	DisableFollowerCollision.dll                     0x7FFA57790000
	DescriptionFramework.dll                         0x7FFA577F0000
	CustomSkills.dll                                 0x7FFA578F0000
	CrashLogger.dll                                  0x7FFA57980000
	CraftingCategories.dll                           0x7FFA57C70000
	ContinueSound.dll                                0x7FFA57CF0000
	ContextualCrosshair.dll                          0x7FFA57D80000
	ConsoleUtilSSE.dll                               0x7FFA57DE0000
	ComprehensiveAttackRatePatch.dll                 0x7FFA57E50000
	CompassNavigationOverhaul.dll                    0x7FFA58000000
	CombatPathingRevolution.dll                      0x7FFA58190000
	CombatMusicFix.dll                               0x7FFA582C0000
	CCExtender.dll                                   0x7FFA58360000
	cbp.dll                                          0x7FFA583E0000
	CastingBar.dll                                   0x7FFA584E0000
	CameraShake.dll                                  0x7FFA58660000
	BugFixesSSE.dll                                  0x7FFA586D0000
	BetterThirdPersonSelection.dll                   0x7FFA58730000
	BehaviorDataInjector.dll                         0x7FFA589E0000
	BackportedESLSupport.dll                         0x7FFA58B30000
	AutoParallax.dll                                 0x7FFA58BE0000
	AutoInputSwitch.dll                              0x7FFA58C70000
	ArcheryLocationalDamage.dll                      0x7FFA58D00000
	AnimationQueueFix.dll                            0x7FFA58D80000
	skse64_1_5_97.dll                                0x7FFA58F60000
	EngineFixes.dll                                  0x7FFA59550000
	D3DCOMPILER_43.dll                               0x7FFA59650000
	AHZmoreHUDPlugin.dll                             0x7FFA59A40000
	dxgi.dll                                         0x7FFA59AD0000
	BetterJumpingSE.dll                              0x7FFA5BB90000
	AuroraFix.dll                                    0x7FFA5E080000
	d3dcompiler_42.dll                               0x7FFA5E130000
	ImWalkinHere.dll                                 0x7FFA62C40000
	AHZmoreHUDInventory.dll                          0x7FFA62C80000
	steamclient64.dll                                0x7FFA65420000
	PriorityMod.dll                                  0x7FFA680C0000
	ACloserLookSSE.dll                               0x7FFA680F0000
	ActorLimitFix.dll                                0x7FFA6A690000
	A0D789patch.dll                                  0x7FFA6C3D0000
	ResampleDmo.DLL                                  0x7FFA6D630000
	DSOUND.DLL                                       0x7FFA6D6F0000
	VCOMP140.DLL                                     0x7FFA74770000
	tbbmalloc.dll                                    0x7FFA81BB0000
	tbb.dll                                          0x7FFA81FE0000
	HonedMetal.dll                                   0x7FFA8B870000
	FixNotesForSkyUI.dll                             0x7FFA8BFA0000
	fiss.dll                                         0x7FFA8FE90000
	skse64_steam_loader.dll                          0x7FFA90DB0000
	d3dx11_43.dll                                    0x7FFA90DF0000
	EVLaS.dll                                        0x7FFA911F0000
	XAudio2_7.dll                                    0x7FFA91B70000
	diskCacheEnabler.dll                             0x7FFA91DA0000
	FPSFixPlugin.dll                                 0x7FFA92970000
	binkw64.dll                                      0x7FFA93370000
	DINPUT8.dll                                      0x7FFA94090000
	d3dx9_42.dll                                     0x7FFAAD7C0000
	usvfs_x64.dll                                    0x7FFAC31C0000
	winmmbase.dll                                    0x7FFAC85A0000
	tier0_s64.dll                                    0x7FFAD1360000
	d3dx11_42.dll                                    0x7FFAD7280000
	CONCRT140.dll                                    0x7FFAD8390000
	textinputframework.dll                           0x7FFADA840000
	ncryptsslp.dll                                   0x7FFAE39D0000
	nvppex.dll                                       0x7FFAE4470000
	nvspcap64.dll                                    0x7FFAE4630000
	MpOav.dll                                        0x7FFAE8A50000
	amsi.dll                                         0x7FFAE8AF0000
	Windows.UI.dll                                   0x7FFAE8B10000
	webio.dll                                        0x7FFAE8E20000
	ondemandconnroutehelper.dll                      0x7FFAE8EF0000
	dbgcore.DLL                                      0x7FFAEA5C0000
	iertutil.dll                                     0x7FFAEB700000
	srvcli.dll                                       0x7FFAEB9D0000
	urlmon.dll                                       0x7FFAEBA00000
	MPR.dll                                          0x7FFAEBDF0000
	WININET.dll                                      0x7FFAECA70000
	VCRUNTIME140.dll                                 0x7FFAEEFD0000
	VCRUNTIME140_1.dll                               0x7FFAEEFF0000
	MSVCP140.dll                                     0x7FFAEF000000
	vstdlib_s64.dll                                  0x7FFAEFF80000
	large_sector_fix.dll                             0x7FFAF0080000
	EquipEnchantmentFix.dll                          0x7FFAF00B0000
	msdmo.dll                                        0x7FFAF0500000
	wbemsvc.dll                                      0x7FFAF1620000
	fastprox.dll                                     0x7FFAF1880000
	wbemcomn.dll                                     0x7FFAF3180000
	wbemprox.dll                                     0x7FFAF3200000
	AUDIOSES.DLL                                     0x7FFAF3290000
	MSVCP140_ATOMIC_WAIT.dll                         0x7FFAF3D80000
	xinput1_4.dll                                    0x7FFAF4A30000
	inputhost.dll                                    0x7FFAF4CC0000
	NvMessageBus.dll                                 0x7FFAF5240000
	nvapi64.dll                                      0x7FFAF5BB0000
	nvwgf2umx.dll                                    0x7FFAF6ED0000
	WINMM.dll                                        0x7FFAFD260000
	NvMemMapStoragex.dll                             0x7FFAFD2A0000
	Microsoft.Internal.WarpPal.dll                   0x7FFB01E50000
	WindowsCodecs.dll                                0x7FFB01F30000
	D3DCOMPILER_47.dll                               0x7FFB02180000
	dcomp.dll                                        0x7FFB02610000
	CoreMessaging.dll                                0x7FFB02C90000
	Secur32.dll                                      0x7FFB03160000
	fwpuclnt.dll                                     0x7FFB03500000
	dhcpcsvc.DLL                                     0x7FFB03890000
	drvstore.dll                                     0x7FFB038C0000
	dhcpcsvc6.DLL                                    0x7FFB03A40000
	WINHTTP.dll                                      0x7FFB03C20000
	nvldumdx.dll                                     0x7FFB03E30000
	cryptnet.dll                                     0x7FFB03F00000
	wevtapi.dll                                      0x7FFB040E0000
	CoreUIComponents.dll                             0x7FFB04A00000
	MMDevApi.dll                                     0x7FFB04DE0000
	rasadhlp.dll                                     0x7FFB054E0000
	VERSION.dll                                      0x7FFB054F0000
	directxdatabasehelper.dll                        0x7FFB055F0000
	WSOCK32.dll                                      0x7FFB06660000
	WINNSI.DLL                                       0x7FFB06AA0000
	uxtheme.dll                                      0x7FFB06B10000
	dwmapi.dll                                       0x7FFB06C50000
	resourcepolicyclient.dll                         0x7FFB06FE0000
	dxcore.dll                                       0x7FFB07170000
	dbghelp.dll                                      0x7FFB07C20000
	d3d11.dll                                        0x7FFB07FE0000
	dxgi.dll                                         0x7FFB08250000
	avrt.dll                                         0x7FFB083A0000
	windows.storage.dll                              0x7FFB083E0000
	HID.DLL                                          0x7FFB08C50000
	netutils.dll                                     0x7FFB08F40000
	IPHLPAPI.DLL                                     0x7FFB08F50000
	DNSAPI.dll                                       0x7FFB09040000
	schannel.DLL                                     0x7FFB093A0000
	rsaenh.dll                                       0x7FFB094D0000
	kernel.appcore.dll                               0x7FFB09590000
	ntmarta.dll                                      0x7FFB096C0000
	SSPICLI.DLL                                      0x7FFB09840000
	MSWSOCK.dll                                      0x7FFB09B20000
	USERENV.dll                                      0x7FFB09BC0000
	cryptsp.dll                                      0x7FFB09DE0000
	CRYPTBASE.DLL                                    0x7FFB09E00000
	msasn1.dll                                       0x7FFB09E50000
	wldp.dll                                         0x7FFB09EC0000
	NTASN1.dll                                       0x7FFB09FB0000
	ncrypt.dll                                       0x7FFB0A000000
	devobj.dll                                       0x7FFB0A3D0000
	CFGMGR32.dll                                     0x7FFB0A400000
	DPAPI.DLL                                        0x7FFB0A480000
	UMPDC.dll                                        0x7FFB0A4B0000
	POWRPROF.dll                                     0x7FFB0A4D0000
	bcrypt.dll                                       0x7FFB0A700000
	profapi.dll                                      0x7FFB0A730000
	KERNELBASE.dll                                   0x7FFB0A810000
	wintypes.dll                                     0x7FFB0AC10000
	win32u.dll                                       0x7FFB0AD90000
	msvcp_win.dll                                    0x7FFB0ADC0000
	gdi32full.dll                                    0x7FFB0AE70000
	ucrtbase.dll                                     0x7FFB0B070000
	CRYPT32.dll                                      0x7FFB0B1C0000
	bcryptPrimitives.dll                             0x7FFB0B3D0000
	GDI32.dll                                        0x7FFB0B470000
	WS2_32.dll                                       0x7FFB0B4A0000
	OLEAUT32.dll                                     0x7FFB0B520000
	SETUPAPI.dll                                     0x7FFB0B610000
	KERNEL32.DLL                                     0x7FFB0BAA0000
	ADVAPI32.dll                                     0x7FFB0BB70000
	SHCORE.dll                                       0x7FFB0BC30000
	SHLWAPI.dll                                      0x7FFB0BEA0000
	PSAPI.DLL                                        0x7FFB0BF30000
	IMM32.dll                                        0x7FFB0C050000
	ole32.dll                                        0x7FFB0C090000
	clbcatq.dll                                      0x7FFB0C240000
	NSI.dll                                          0x7FFB0C2F0000
	SHELL32.dll                                      0x7FFB0C310000
	sechost.dll                                      0x7FFB0CA60000
	combase.dll                                      0x7FFB0CB10000
	USER32.dll                                       0x7FFB0CEA0000
	MSCTF.dll                                        0x7FFB0D070000
	msvcrt.dll                                       0x7FFB0D450000
	RPCRT4.dll                                       0x7FFB0D550000
	imagehlp.dll                                     0x7FFB0D670000
	ntdll.dll                                        0x7FFB0D6E0000

SKSE PLUGINS:
	A0D789patch.dll
	ACloserLookSSE.dll v1.3
	ActorLimitFix.dll
	AHZmoreHUDInventory.dll v0.1.0.20
	AHZmoreHUDPlugin.dll v4.1.2
	AnimationMotionRevolution.dll
	AnimationQueueFix.dll v1.0.1
	ArcheryLocationalDamage.dll v2.1
	AuroraFix.dll v1
	AutoInputSwitch.dll v1.1.1
	AutoParallax.dll v1.0.7
	BackportedESLSupport.dll
	BehaviorDataInjector.dll v0.1.3
	BetterJumpingSE.dll
	BetterThirdPersonSelection.dll v1
	BugFixesSSE.dll
	CameraShake.dll v1
	CastingBar.dll v3
	cbp.dll
	CCExtender.dll v1.8
	CombatMusicFix.dll v1
	CombatPathingRevolution.dll v0.3
	CompassNavigationOverhaul.dll
	ComprehensiveAttackRatePatch.dll v1.1.2.8
	ConsoleUtilSSE.dll v1.4
	ContextualCrosshair.dll v1.3
	ContinueSound.dll v1
	CraftingCategories.dll v1.0.1
	CrashLogger.dll v1.15
	CustomSkills.dll v2.0.2
	DescriptionFramework.dll v2.1
	DisableFollowerCollision.dll v1
	diskCacheEnabler.dll
	DismemberingFramework.dll v1.0.6
	DKAF.dll v1
	dmenu.dll v1
	DontEatSpellTomes.dll v1.2
	doticu_skypal.dll
	dTryHitStop.dll v0.4
	DtryKeyUtil.dll v1
	DualWieldParryingSKSE.dll v1.7
	DynamicArmorVariants.dll v1.0.5
	DynamicCollisionAdjustment.dll v1.1
	DynDOLOD.DLL v3.0.33
	ENBHelperSE.dll v1.5
	ENBInputDisabler.dll v1.1.1
	EngineFixes.dll v5.9.1
	EquipEnchantmentFix.dll v1.3.6
	EquipmentDurabilitySystemNG.dll
	EVLaS.dll v1.3.1
	Experience.dll v3.4.5
	ExtendedHotkeySystem.dll v1.1
	fiss.dll
	FixNotesForSkyUI.dll v1.2.1
	FlatMapMarkersSSE.dll v1.3
	FloatingDamageV2.dll v2.0.1
	FormListManipulator.dll v1.7
	Fuz Ro D'oh.dll v1.7.12.1123
	gotobed.dll v2.0.7
	GrassCacheHelperNG.dll v1.0.1
	HDLocalMap.dll v1.0.3
	hdtSMP64.dll
	HelpExtender.dll v1.2.1
	HonedMetal.dll v1.0.0.8
	HookDamage.dll v1
	HorseStaminaHUD.dll v1.0.1
	HotkeysSystem.dll v2.0.1
	ImmersiveEquipmentDisplays.dll v1.7.4
	ImWalkinHere.dll v1.5
	InfinityUI.dll
	InsertAttackData.dll
	InstantlySkipDialogueNG.dll v1.1.1
	InventoryInjector.dll v1.1
	IWantWidgetsNative.dll
	J42_ARR_plugin.dll
	JContainers64.dll v4.1.13
	keyholepeekmenu.dll v1.4
	large_sector_fix.dll
	LocalMapUpgrade.dll v2.1
	LocationalEncounterZones.dll v1.0.2
	loki_DynamicAnimationCasting.dll v3.2.3
	MainMenuCustomizer.dll v0.4.1.1
	MaxsuAIProcessFix.dll v1
	MaxsuCombatEscape.dll v0.8.3
	MaxsuDetectionMeter.dll v1.0.7
	MaxsuIFrame.dll v1.0.3
	MCMHelper.dll v1.4
	MCO.dll v1
	MenuMaid2.dll v2.2.3.2
	mfgfix.dll v1
	ModernStaggerLock.dll v1.0.7
	MoreInformativeConsole.dll v1.1
	MuImpactFramework.dll v0.9
	NextGenDecapitations.dll v1.2
	NoFurnitureCamera.dll v1
	NPCsUsePotions.dll v3.3
	OneClickPowerAttack.dll v1
	OpenAnimationReplacer-DetectionPlugin.dll v2.1.1
	OpenAnimationReplacer-DialoguePlugin.dll v1
	OpenAnimationReplacer-IEDConditionExtensions.dll v1.0.2
	OpenAnimationReplacer.dll v2.3.6
	OverlayFix.dll v0.0.1
	oxygenMeter2.dll v1.0.7
	PairedAnimationImprovements.dll v1.0.2
	PAPER.dll v2.2.4
	PapyrusTweaks.dll v4.1
	PapyrusUtil.dll
	Paraglider.dll v1
	ParryingRPG.dll v2.0.1
	PayloadInterpreter.dll v1
	PlayerRotation.dll v1
	po3_AnimObjectSwapper.dll v1.1
	po3_BaseObjectSwapper.dll v2.6.1
	po3_ConsolePlusPlus.dll v1.4
	po3_DialogueHistory.dll v2.0.1
	po3_ENBLightForEffectShaders.dll v2.1
	po3_KeywordItemDistributor.dll v3.4
	po3_LockVariations.dll v4
	po3_PapyrusExtender.dll v5.10
	po3_SeasonsOfSkyrim.dll v1.7.5
	po3_SimpleOffenceSuppression.dll v2.2.1
	po3_SpellPerkItemDistributor.dll v7.2.0.1597
	po3_SplashesOfSkyrim.dll v1.4
	po3_SplashesOfStorms.dll v1.3
	po3_Tweaks.dll v1.13
	po3_VampiresCastNoShadow.dll v1.2.1
	po3_WashThatBloodOff.dll v2.1.1
	Precision.dll v2.0.4
	PriorityMod.dll
	QuickLootEE.dll v1.1
	RandomMainMenuMusic.dll v1
	RecursionFPSFix.dll v1.1
	RoguesGallery.dll v1.0.0.1
	SAS SE.dll v7.2
	ScaleformTranslationPP.dll v1.6
	SCAR.dll v1.0.6
	ScrambledBugs.dll
	ShowPlayerInMenus.dll v2.0.2
	SimpleDualSheath.dll v1.5.7
	SimplyKnock.dll
	skee64-memleak-patch.dll v1
	skee64.dll
	SkyClimb.dll
	SkyPatcher.dll v1
	SkyReflectionFix.dll v1.0.1
	SkyrimUncapper.dll
	SmoothCam.dll
	SoundRecordDistributor.dll v1.2
	SSEDisplayTweaks.dll v0.5.16
	SSMT_Fix.dll v1.1.1
	StaggerEffectFix.dll v1.0.1
	StayAtSystemPageSE.dll v1.5
	STB_Widgets.dll v1
	StormLightning.dll
	TheNewGentleman.dll v4.2.3
	TimeFormatChanger.dll v1.1
	TK_Dodge_RE.dll
	TrueDirectionalMovement.dll v2.2.5
	TrueHUD.dll v1.1.8
	TweenMenuOverhaul.dll
	UAPNG.dll v2.8
	UltimateDragons64.dll
	UND.dll v1.1
	UnequipQuiverNG.dll v1.2
	valhallaCombat.dll v1
	Vibrant weapons.dll
	WadeInWater.dll v1
	wheeler.dll v1
	WhoseQuestIsItAnyway.dll v1.3

PLUGINS:
	Light: 200	Regular: 228	Total: 428
	[ 0]     Skyrim.esm
	[ 1]     Update.esm
	[ 2]     Dawnguard.esm
	[ 3]     HearthFires.esm
	[ 4]     Dragonborn.esm
	[ 5]     ccasvsse001-almsivi.esm
	[ 6]     ccbgssse001-fish.esm
	[ 7]     cctwbsse001-puzzledungeon.esm
	[ 8]     cceejsse001-hstead.esm
	[ 9]     ccbgssse016-umbra.esm
	[ A]     ccbgssse031-advcyrus.esm
	[ B]     ccbgssse067-daedinv.esm
	[ C]     ccbgssse025-advdsgs.esm
	[ D]     cceejsse005-cave.esm
	[ E]     ccafdsse001-dwesanctuary.esm
	[ F]     Unofficial Skyrim Special Edition Patch.esp
	[10]     FISS.esp
	[11]     arnima.esm
	[12]     LegacyoftheDragonborn.esm
	[13]     BSAssets.esm
	[14]     BSHeartland.esm
	[15]     Alpine Forest of Whiterun Valley.esp
	[16]     Occ_Skyrim_Tamriel.esp
	[17]     GKBWavesReborn.esp
	[18]     Water for ENB.esm
	[19]     BS_DLC_patch.esp
	[1A]     Dwarfsphere.esp
	[1B]     konahrik_accoutrements.esp
	[1C]     DBM_CC_HallOfWonders.esp
	[1D]     Gray Fox Cowl.esm
	[1E]     Vigilant.esm
	[1F]     WheelsOfLull.esp
	[20]     Wyrmstooth.esp
	[21]     evgSIRENROOT.esm
	[22]     Unslaad.esm
	[23]     wraithguardvaultfixer.esp
	[24]     Lux Via.esp
	[25]     3DNPC.esp
	[26]     TravellersOfSkyrim.esm
	[27]     RSkyrimChildren.esm
	[28]     Apachii_DivineEleganceStore.esm
	[29]     Midwood Isle.esp
	[2A]     Falskaar.esm
	[2B]     JSwords.esm
	[2C]     Haem Projects Goblands.esp
	[2D]     Darkend.esp
	[2E]     Clockwork.esp
	[2F]     Crystalwind_Estate.esp
	[30]     moonpath.esp
	[31]     TSR_TeldrynSerious.esp
	[32]     ForgottenCity.esp
	[33]     Identity Crisis.esp
	[34]     Undeath.esp
	[35]     Campfire.esm
	[36]     MoonAndStar_MAS.esp
	[37]     LOTD_HUB.esp
	[38]     Natural Waterfalls.esp
	[39]     DynDOLOD.esm
	[3A]     SkyUI_SE.esp
	[3B]     Audio Overhaul Skyrim.esp
	[3C]     Immersive Sounds - Compendium.esp
	[3D]     Resources - The Great Cities.esp
	[3E]     SMIM-SE-Merged-All.esp
	[3F]     Relationship Dialogue Overhaul.esp
	[40]     Cutting Room Floor.esp
	[41]     Guard Dialogue Overhaul.esp
	[42]     Weapons Armor Clothing & Clutter Fixes.esp
	[43]     UIExtensions.esp
	[44]     Landscape Fixes For Grass Mods.esp
	[45]     NAT-ENB.esp
	[46]     Footprints.esp
	[47]     JRMoonpathtoElsweyrPatch.esp
	[48]     DBM_RelicNotifications.esp
	[49]     RaceMenu.esp
	[4A]     RaceMenuPlugin.esp
	[4B]     UndeathFixes.esp
	[4C]     yumcheese.esp
	[4D]     Tools of Kagrenac.esp
	[4E]     CurseOfTheHoundAmulet.esp
	[4F]     TheChoiceIsYours.esp
	[50]     RAEQuestRequirements.esp
	[51]     Seasonal Weathers Framework.esp
	[52]     WetandCold.esp
	[53]     KS Hairdo's.esp
	[54]     CitizensComplete.esp
	[55]     TravellersOfSkyrim - Light.esp
	[56]     Inigo.esp
	[57]     Lucien.esp
	[58]     Lucien-AnniversaryEdition-Patch.esp
	[59]     Lucien-Moonpath-Patch.esp
	[5A]     018Auri.esp
	[5B]     HLIORemi.esp
	[5C]     Katana.esp
	[5D]     NW_Sons_of_Skyrim.esp
	[5E]     NITHI NPCS - Dawnguard DLC - Fort Dawnguard - Men.esp
	[5F]     XPMSE.esp
	[60]     Dawn of Skyrim.esp
	[61]     JK's Whiterun's Outskirts.esp
	[62]     Kojaks Whiterun Market.esp
	[63]     EpicSolitude.esp
	[64]     Deadly Shadows of  Riften.esp
	[65]     RiftenLaketown.esp
	[66]     JK's Markarth Outskirts.esp
	[67]     Grey_Quarter_Overhaul.esp
	[68]     Windhelm Lighthouse.esp
	[69]     JKs Skyrim.esp
	[6A]     Thuldor's Ivarstead.esp
	[6B]     The Great City of Dawnstar.esp
	[6C]     The Great Town of Shor's Stone.esp
	[6D]     The Great Village of Kynesgrove.esp
	[6E]     The Great Town of Karthwasten.esp
	[6F]     The Great Village of Old Hroldan.esp
	[70]     The Great Village of Mixwater Mill.esp
	[71]     The Great City of Rorikstead.esp
	[72]     The Great City of Winterhold v4.esp
	[73]     ClefJ's Dragon Bridge.esp
	[74]     Lainalten.esp
	[75]     Sunthgat.esp
	[76]     AnotherOakwood.esp
	[77]     Reich Corigate.esp
	[78]     Granite Hill.esp
	[79]     Amber Guard.esp
	[7A]     Dunpar Wall.esp
	[7B]     Vernim Wood.esp
	[7C]     iWill_ARavensBreezeHome.esp
	[7D]     JK's Riverfall Cottage.esp
	[7E]     Eli_Sicarius' Refuge.esp
	[7F]     Eli_Ruska.esp
	[80]     WindPath.esp
	[81]     HearthfireMultiKid.esp
	[82]     This Is Jorrvaskr.esp
	[83]     Missives.esp
	[84]     Sepolcri.esp
	[85]     SkyrimSewers.esp
	[86]     Distinct Interiors.esp
	[87]     EEKs Whiterun Interiors.esp
	[88]     JK's Blue Palace.esp
	[89]     JK's College of Winterhold.esp
	[8A]     GG's Thieves Guild Headquarters.esp
	[8B]     DIS_Armor_Fractions.esp
	[8C]     DIS_Heavy_Legion.esp
	[8D]     ColovianFurClothes.esp
	[8E]     WACCF_Armor and Clothing Extension.esp
	[8F]     Dr_Bandolier.esp
	[90]     Cloaks.esp
	[91]     Cloaks - Dawnguard.esp
	[92]     Faction Crossbows.esp
	[93]     DawnguardArsenal.esp
	[94]     TW3Weaponry.esp
	[95]     icebladeofthemonarch.esp
	[96]     ktWeaponPackSE.esp
	[97]     PrvtIRoyalArmory.esp
	[98]     ZIA_Complete Pack.esp
	[99]     DiverseDragonsCollectionSE.esp
	[9A]     UltimateDragons.esp
	[9B]     KS Dragon Overhaul 2.esp
	[9C]     ACatsLife.esp
	[9D]     mihailashgolemexpansion.esp
	[9E]     mihailbanekins.esp
	[9F]     mihailgiantesses.esp
	[A0]     1Ogres.esp
	[A1]     DwemerSpectresLegendary.esp
	[A2]     LeftHandRings.esp
	[A3]     SL01AmuletsSkyrim.esp
	[A4]     SkyrimsUniqueTreasures.esp
	[A5]     WZOblivionArtifacts.esp
	[A6]     ArtifactsOfBoethiah.esp
	[A7]     Fossilsyum.esp
	[A8]     TreasureHunter.esp
	[A9]     dD - Enhanced Blood Main.esp
	[AA]     QuickLight.esp
	[AB]     QwibNewLanterns.esp
	[AC]     ENB Light.esp
	[AD]     Embers XD.esp
	[AE]     Stances - Dynamic Weapon Movesets SE.esp
	[AF]     ImmersiveInteractions.esp
	[B0]     TaberuAnimation.esp
	[B1]     Apocalypse - Magic of Skyrim.esp
	[B2]     Thunderchild - Epic Shout Package.esp
	[B3]     MysticismMagic.esp
	[B4]     SPERG-SSE.esp
	[B5]     PathOfSorcery.esp
	[B6]     Ordinator - Perks of Skyrim.esp
	[B7]     Apocalypse - Ordinator Compatibility Patch.esp
	[B8]     Thaumaturgy.esp
	[B9]     Triumvirate - Mage Archetypes.esp
	[BA]     Conduit.esp
	[BB]     DEST_ISL.esp
	[BC]     StrangeRunes.esp
	[BD]     GIST soul trap.esp
	[BE]     DragonbornShoutPerks.esp
	[BF]     SunHelmSurvival.esp
	[C0]     SunHelmWyrmstoothPatch.esp
	[C1]     SunHelmCampfireSkill.esp
	[C2]     Complete Crafting Overhaul_Remastered.esp
	[C3]     Apothecary.esp
	[C4]     ValhallaCombat.esp
	[C5]     Valravn - Integrated Combat of Skyrim.esp
	[C6]     SekiroCombat_II.esp
	[C7]     HotKeySkill.esp
	[C8]     J42_ArmorRatingRedux.esp
	[C9]     Fanatical Enemies.esp
	[CA]     The Restless Dead.esp
	[CB]     Better Vampire NPCs.esp
	[CC]     Bandit War.esp
	[CD]     Madmen.esp
	[CE]     VioLens SE.esp
	[CF]     SimplyBalanced.esp
	[D0]     Attack_DXP.esp
	[D1]     Trade & Barter.esp
	[D2]     TradeRoutes.esp
	[D3]     COINMerchantExchange.esp
	[D4]     AI Overhaul.esp
	[D5]     run for your lives.esp
	[D6]     Wintersun - Faiths of Skyrim.esp
	[D7]     nwsFollowerFramework.esp
	[D8]     SkyrimsGotTalent-Bards.esp
	[D9]     Paragliding.esp
	[DA]     Sacrosanct - Vampires of Skyrim.esp
	[DB]     Better Courier.esp
	[DC]     Water for ENB (Shades of Skyrim).esp
	[DD]     Skyrim Unbound.esp
	[DE]     Growl - Werebeasts of Skyrim.esp
	[DF]     Lux.esp
	[E0]     Northern Roads.esp
	[E1]     Atlas Map Markers.esp
	[E2]     DynDOLOD.esp
	[E3]     FWMF for Fantasy Paper Maps.esp
	[FE:  0] ccbgssse002-exoticarrows.esl
	[FE:  1] ccbgssse003-zombies.esl
	[FE:  2] ccbgssse004-ruinsedge.esl
	[FE:  3] ccbgssse005-goldbrand.esl
	[FE:  4] ccbgssse006-stendarshammer.esl
	[FE:  5] ccbgssse007-chrysamere.esl
	[FE:  6] ccbgssse010-petdwarvenarmoredmudcrab.esl
	[FE:  7] ccbgssse011-hrsarmrelvn.esl
	[FE:  8] ccbgssse012-hrsarmrstl.esl
	[FE:  9] ccbgssse014-spellpack01.esl
	[FE:  A] ccbgssse019-staffofsheogorath.esl
	[FE:  B] ccbgssse020-graycowl.esl
	[FE:  C] ccbgssse021-lordsmail.esl
	[FE:  D] ccmtysse001-knightsofthenine.esl
	[FE:  E] ccqdrsse001-survivalmode.esl
	[FE:  F] ccqdrsse002-firewood.esl
	[FE: 10] ccbgssse018-shadowrend.esl
	[FE: 11] ccbgssse035-petnhound.esl
	[FE: 12] ccfsvsse001-backpacks.esl
	[FE: 13] cceejsse002-tower.esl
	[FE: 14] ccedhsse001-norjewel.esl
	[FE: 15] ccvsvsse002-pets.esl
	[FE: 16] ccbgssse037-curios.esl
	[FE: 17] ccbgssse034-mntuni.esl
	[FE: 18] ccbgssse045-hasedoki.esl
	[FE: 19] ccbgssse008-wraithguard.esl
	[FE: 1A] ccbgssse036-petbwolf.esl
	[FE: 1B] ccffbsse001-imperialdragon.esl
	[FE: 1C] ccmtysse002-ve.esl
	[FE: 1D] ccbgssse043-crosselv.esl
	[FE: 1E] ccvsvsse001-winter.esl
	[FE: 1F] cceejsse003-hollow.esl
	[FE: 20] ccbgssse038-bowofshadows.esl
	[FE: 21] ccbgssse040-advobgobs.esl
	[FE: 22] ccbgssse050-ba_daedric.esl
	[FE: 23] ccbgssse052-ba_iron.esl
	[FE: 24] ccbgssse054-ba_orcish.esl
	[FE: 25] ccbgssse058-ba_steel.esl
	[FE: 26] ccbgssse059-ba_dragonplate.esl
	[FE: 27] ccbgssse061-ba_dwarven.esl
	[FE: 28] ccpewsse002-armsofchaos.esl
	[FE: 29] ccbgssse041-netchleather.esl
	[FE: 2A] ccedhsse002-splkntset.esl
	[FE: 2B] ccbgssse064-ba_elven.esl
	[FE: 2C] ccbgssse063-ba_ebony.esl
	[FE: 2D] ccbgssse062-ba_dwarvenmail.esl
	[FE: 2E] ccbgssse060-ba_dragonscale.esl
	[FE: 2F] ccbgssse056-ba_silver.esl
	[FE: 30] ccbgssse055-ba_orcishscaled.esl
	[FE: 31] ccbgssse053-ba_leather.esl
	[FE: 32] ccbgssse051-ba_daedricmail.esl
	[FE: 33] ccbgssse057-ba_stalhrim.esl
	[FE: 34] ccbgssse066-staves.esl
	[FE: 35] ccbgssse068-bloodfall.esl
	[FE: 36] ccbgssse069-contest.esl
	[FE: 37] ccvsvsse003-necroarts.esl
	[FE: 38] ccvsvsse004-beafarmer.esl
	[FE: 39] ccffbsse002-crossbowpack.esl
	[FE: 3A] ccbgssse013-dawnfang.esl
	[FE: 3B] ccrmssse001-necrohouse.esl
	[FE: 3C] ccedhsse003-redguard.esl
	[FE: 3D] cceejsse004-hall.esl
	[FE: 3E] cckrtsse001_altar.esl
	[FE: 3F] cccbhsse001-gaunt.esl
	[FE: 40] Unofficial Skyrim Creation Club Content Patch.esl
	[FE: 41] Vanilla Script MicroOptimizations.esl
	[FE: 42] AHZmoreHUD.esl
	[FE: 43] iWant Widgets.esl
	[FE: 44] Navigator-NavFixes.esl
	[FE: 45] SAS.esl
	[FE: 46] Exhaustion.esp
	[FE: 47] Landscape and Water Fixes.esp
	[FE: 48] OCF.esp
	[FE: 49] Cathedral - 3D Mountain Flowers.esp
	[FE: 4A] Lightened Skyrim - merged.esp
	[FE: 4B] BetterDynamicAsh-DisableRefs.esm
	[FE: 4C] Occ_Skyrim_AnnEdition.esp
	[FE: 4D] Partitioned snow Meshes.esl
	[FE: 4E] ProjectedGlacierSnow.esl
	[FE: 4F] Rainbows.esp
	[FE: 50] RASS - Visual Effects.esl
	[FE: 51] Lux - Resources.esp
	[FE: 52] Expressive Facegen Morphs.esl
	[FE: 53] Beards of Power.esp
	[FE: 54] Unslaad Bodyslide.esl
	[FE: 55] Vigilant Bodyslide.esl
	[FE: 56] LoverBoy_Brows.esl
	[FE: 57] Lux Orbis - Master plugin.esm
	[FE: 58] Heels Sound.esm
	[FE: 59] Seascale.esl
	[FE: 5A] FerrumNibenis.esl
	[FE: 5B] ColovianPrince.esl
	[FE: 5C] KvetchiMercenary.esl
	[FE: 5D] Armors of the Velothi Pt2.esl
	[FE: 5E] mephalasprelate.esl
	[FE: 5F] siltstriderarmor.esl
	[FE: 60] 1Dwemer.esl
	[FE: 61] 1NGarmor.esl
	[FE: 62] 1FalconerArmor.esl
	[FE: 63] 1WR.esl
	[FE: 64] 1DustAdeptArmor.esl
	[FE: 65] 1Markynaz.esl
	[FE: 66] KozakowyMDPOutfit.esl
	[FE: 67] EVGAnimatedTraversal.esl
	[FE: 68] Markarth - City of Stone.esp
	[FE: 69] Wood Chopping Block for Markarth.esp
	[FE: 6A] SmoothCam.esl
	[FE: 6B] Lux - Master plugin.esm
	[FE: 6C] 11Debaser.esl
	[FE: 6D] RTRWolfWarriorAxe.esl
	[FE: 6E] RTRWolfWarriorSeax.esl
	[FE: 6F] RTRWolfWarriorSword.esl
	[FE: 70] 1HSS.esl
	[FE: 71] 1NamelessSaber.esl
	[FE: 72] 11Debaser - LOTD patch by Xtudo.esl
	[FE: 73] MoragTongGrandmaster.esl
	[FE: 74] RegalPaladinArmor.esl
	[FE: 75] 1YsmirArmorSE.esl
	[FE: 76] 1FleshColossus.esl
	[FE: 77] WornUndead.esl
	[FE: 78] CC'sEnhancedOreVeinsSSE-HearthfirePatch.esl
	[FE: 79] Vibrant weapons.esl
	[FE: 7A] DynamicCollisionAdjustment.esl
	[FE: 7B] StandingAmbusherFix.esl
	[FE: 7C] VigilantHiResPackSE.esl
	[FE: 7D] ShootingStars.esp
	[FE: 7E] Shockwave.esl
	[FE: 7F] Astral.esl
	[FE: 80] StormCalling.esl
	[FE: 81] Supernova.esl
	[FE: 82] Lightpower.esl
	[FE: 83] W3S.esl
	[FE: 84] Ghostlight.esl
	[FE: 85] AncientBloodII.esl
	[FE: 86] Dwarfsphere_Weapons.esl
	[FE: 87] LOTD Skill Trees.esp
	[FE: 88] CrownPlate.esl
	[FE: 89] OCPA.esl
	[FE: 8A] blockenchantments.esl
	[FE: 8B] 1Imps.esl
	[FE: 8C] AnimatedShips.esl
	[FE: 8D] TheLastJourney.esp
	[FE: 8E] AegisAnuad.esl
	[FE: 8F] EastholdTotemicSet.esl
	[FE: 90] Natural Waterfalls - Dawnguard.esp
	[FE: 91] Natural Waterfalls - Dragonborn.esp
	[FE: 92] Natural Waterfalls - Blackreach.esp
	[FE: 93] Dismembering Framework.esm
	[FE: 94] Experience.esl
	[FE: 95] ApachiiHair.esm
	[FE: 96] ApachiiHairFemales.esm
	[FE: 97] TES4WaitMenu.esl
	[FE: 98] IceLOD.esl
	[FE: 99] IcyFixesLite.esl
	[FE: 9A] WindhelmIcicles.esl
	[FE: 9B] TheNewGentleman.esp
	[FE: 9C] TrueHUD.esl
	[FE: 9D] draugr armor warrior.esl
	[FE: 9E] Lvx_Curved_Sword.esl
	[FE: 9F] ApachiiHairMales.esm
	[FE: A0] High Poly Head.esm
	[FE: A1] Storm_Calling_Magic_2_USSEP.esp
	[FE: A2] SightlessNavFix.esp
	[FE: A3] Mod Manager Menu Disabled.esp
	[FE: A4] Dynamic Activation Key.esp
	[FE: A5] Dynamic Activation Key - MCM.esp
	[FE: A6] DynamicArmorMenu.esp
	[FE: A7] DAV_HiddenEquipment.esp
	[FE: A8] HD Lods SSE.esp
	[FE: A9] Particle Patch for ENB.esp
	[FE: AA] ISC USSEP Patch.esp
	[FE: AB] AOS_ISC_Integration.esp
	[FE: AC] QuietBetterJumpingCGO.esp
	[FE: AD] Keytrace.esp
	[FE: AE] bleedoutFix.esp
	[FE: AF] FormList-Patch-Collection_ITMs.esp
	[FE: B0] ChillwindDephts.esp
	[FE: B1] Disable Auto Vanity Mode.esp
	[FE: B2] MannequinManagement.esp
	[FE: B3] stuck on screen fix.esp
	[FE: B4] UlfricTulliusGMAB.esp
	[FE: B5] Southfringe Crash Fix.esp
	[FE: B6] StalhrimSourceFix.esp
	[FE: B7] Fast Travel Crash Fix.esp
	[FE: B8] TaarieDialFix.esp
	[FE: B9] ExcuseMe.esp
	[FE: BA] Quest Journal Limit Bug Fixer.esp
	[FE: BB] GDO_MCM.esp
	[FE: BC] CC Misc Patches - Arcane Accessories.esp
	[FE: BD] CC Misc Patches - Arcane Archer Pack.esp
	[FE: BE] CC Misc Patches - Bittercup.esp
	[FE: BF] CC Misc Patches - Bloodchill Manor.esp
	[FE: C0] CC Misc Patches - Bone Wolf Additions.esp
	[FE: C1] CC Misc Patches - Bow of Shadows.esp
	[FE: C2] CC Misc Patches - Chrysamere.esp
	[FE: C3] CC Misc Patches - Civil War Champions.esp
	[FE: C4] CC Misc Patches - Dawnfang and Duskfang.esp
	[FE: C5] CC Misc Patches - Dead Man's Dread.esp
	[FE: C6] CC Misc Patches - Divine Crusader.esp
	[FE: C7] CC Misc Patches - Fearsome Fists.esp
