[03:04:16.111] [53776] [I] CurrencySwapper v2-0-0-0
[03:04:16.111] [53776] [I] ==========================================================
[03:04:16.111] [53776] [I] CurrencySwapper v2-0-0-0
[03:04:16.111] [53776] [I] Author: SeaSparrow
[03:04:16.111] [53776] [I] ==========================================================
[03:04:16.111] [53776] [I] Performing startup tasks...
[03:04:16.111] [53776] [I] ==========================================================
[03:04:16.111] [53776] [I] Installing hooks...
[03:04:16.111] [53776] [I]   >Allocated 210 bytes.
[03:04:16.111] [53776] [I]   >Installing the Get Player Gold hook...
[03:04:16.111] [53776] [I]   >Installing the Get Vendor Gold hook...
[03:04:16.111] [53776] [I]   >Installing the Get Gold from Sale hook...
[03:04:16.111] [53776] [I]   >Installing the Get Gold from Purchase hook...
[03:04:16.111] [53776] [I]   >Installing the Raw Deal hook...
[03:04:16.111] [53776] [I]   >Installing the Rejected Deal hook...
[03:04:16.111] [53776] [I]   >Installing the Recalc Vendor Gold hook...
[03:04:16.111] [53776] [I]   >Installing the Show Barter Menu hook...
[03:04:16.111] [53776] [I]   >Installing the Setup Training Menu hook...
[03:04:16.111] [53776] [I]   >Installing the Get Player Gold (Training) hook...
[03:04:16.111] [53776] [I]   >Installing the Calculate Training hook...
[03:04:16.111] [53776] [I]   >Installing the Calculate Training Cost Text Update hook...
[03:04:16.111] [53776] [I]   >Installing the Remove Player Gold hook...
[03:04:16.111] [53776] [I]   >Installing the Send Not Enough Gold Message hook...
[03:04:16.111] [53776] [I]   >Installing the Update Training Currency hook...
[03:04:16.111] [53776] [I] ==========================================================
[03:04:16.111] [53776] [I] Initializing Currency Manager...
[03:04:16.112] [53776] [I] Setting up serialization system...
[03:04:16.112] [53776] [I]   >Registered necessary functions.
