[2025-08-13 22:09:08] [info] DismemberingFramework v1.0.6.0 by Seb263 : Loaded - Game version : 1.5.97.0
[2025-08-13 22:09:08] [info] Successfully registered MessageHandler listener.
[2025-08-13 22:09:08] [info] Successfully registered Papyrus functions.
[2025-08-13 22:09:08] [info] Successfully registered API message listener.
[2025-08-13 22:09:08] [info] ProcessHit hooked at address: 0x7FF6EC746400
[2025-08-13 22:09:08] [info] ResurrectHandler hooked at address: 0x7FF6EC6F5290
[2025-08-13 22:12:19] [info] Loading data...
[2025-08-13 22:12:19] [info] Loading data: DONE
[2025-08-13 22:12:19] [info] Processing Effect Settings...
[2025-08-13 22:12:19] [info] Processing Effect Settings: DONE
[2025-08-13 22:12:19] [info] Loading JSON files (asynchronous)...
[2025-08-13 22:12:19] [info] Parsing JSON Templates In "Data\SKSE\DismemberingFramework\DismemberingFramework_BaseData_TEMPLATES.json"
[2025-08-13 22:12:19] [info] Parsing JSON Templates In "Data\SKSE\DismemberingFramework\OfficialCreaturePack_Draugr_ActorAddonsData_TEMPLATES.json"
[2025-08-13 22:12:19] [info] Parsing JSON Templates In "Data\SKSE\DismemberingFramework\OfficialCreaturePack_Draugr_BaseData_TEMPLATES.json"
[2025-08-13 22:12:19] [info] Parsing JSON Templates In "Data\SKSE\DismemberingFramework\OfficialCreaturePack_Falmer_ActorAddonsData_TEMPLATES.json"
[2025-08-13 22:12:19] [info] Parsing JSON Templates In "Data\SKSE\DismemberingFramework\OfficialCreaturePack_Falmer_BaseData_TEMPLATES.json"
[2025-08-13 22:12:19] [info] Parsing JSON Templates In "Data\SKSE\DismemberingFramework\OfficialCreaturePack_Troll_ActorAddonsData_TEMPLATES.json"
[2025-08-13 22:12:19] [info] Parsing JSON Templates In "Data\SKSE\DismemberingFramework\OfficialCreaturePack_Troll_BaseData_TEMPLATES.json"
[2025-08-13 22:12:19] [info] Parsing JSON Templates In "Data\SKSE\DismemberingFramework\OfficialCreaturePack_Wolf_ActorAddonsData_TEMPLATES.json"
[2025-08-13 22:12:19] [info] Parsing JSON Templates In "Data\SKSE\DismemberingFramework\OfficialCreaturePack_Wolf_BaseData_TEMPLATES.json"
[2025-08-13 22:12:19] [info] Parsing JSON Templates In "Data\SKSE\DismemberingFramework\OfficialHumanoidPack_ActorAddonsData_TEMPLATES.json"
[2025-08-13 22:12:19] [info] Parsing JSON Templates In "Data\SKSE\DismemberingFramework\OfficialHumanoidPack_BaseData_TEMPLATES.json"
[2025-08-13 22:12:19] [info] Parsing JSON Limbs In "Data\SKSE\DismemberingFramework\OfficialCreaturePack_Draugr_LIMBS.json"
[2025-08-13 22:12:19] [info] Parsing JSON Limbs In "Data\SKSE\DismemberingFramework\OfficialCreaturePack_Falmer_LIMBS.json"
[2025-08-13 22:12:19] [info] Parsing JSON Limbs In "Data\SKSE\DismemberingFramework\OfficialCreaturePack_Troll_LIMBS.json"
[2025-08-13 22:12:19] [info] Parsing JSON Limbs In "Data\SKSE\DismemberingFramework\OfficialCreaturePack_Wolf_LIMBS.json"
[2025-08-13 22:12:19] [info] Parsing JSON Limbs In "Data\SKSE\DismemberingFramework\OfficialHumanoidPack_DEFAULT_LIMBS.json"
[2025-08-13 22:12:19] [info] Parsing JSON Limbs In "Data\SKSE\DismemberingFramework\OfficialHumanoidPack_Skyrim_LIMBS.json"
[2025-08-13 22:12:19] [info] Parsing JSON Data In "Data\SKSE\DismemberingFramework\OfficialCreaturePack_Draugr_DATA.json"
[2025-08-13 22:12:19] [info] Parsing JSON Data In "Data\SKSE\DismemberingFramework\OfficialCreaturePack_Falmer_DATA.json"
[2025-08-13 22:12:19] [info] Parsing JSON Data In "Data\SKSE\DismemberingFramework\OfficialCreaturePack_Troll_DATA.json"
[2025-08-13 22:12:19] [info] Parsing JSON Data In "Data\SKSE\DismemberingFramework\OfficialCreaturePack_Wolf_DATA.json"
[2025-08-13 22:12:19] [info] Parsing JSON Data In "Data\SKSE\DismemberingFramework\OfficialHumanoidPack_DEFAULT_DATA.json"
[2025-08-13 22:12:19] [info] Parsing JSON Data In "Data\SKSE\DismemberingFramework\OfficialHumanoidPack_Skyrim_DATA.json"
[2025-08-13 22:12:20] [info] Loading JSON files (asynchronous): DONE after 0.2091143 seconds
[2025-08-13 22:13:54] [info] Successfully registered Next-Gen Decapitations API.
[2025-08-13 22:26:45] [info] Dismembered actor : <"Bandit Scout" [REF:0001EBF6] [BASE:FF0014A5]> | Severed limb node : "NPC R Forearm [RLar]"
[2025-08-13 22:26:45] [info] Dismembered actor : <"Bandit Scout" [REF:0001EBF6] [BASE:FF0014A5]> | Severed limb node : "NPC L Calf [LClf]"
[2025-08-13 22:36:36] [info] Dismembered actor : <"Highwayman Warrior" [REF:0001EBA1] [BASE:FF0015FD]> | Severed limb node : "NPC L Forearm [LLar]"
[2025-08-13 22:36:38] [info] Dismembered actor : <"Highwayman Warrior" [REF:0001EBA1] [BASE:FF0015FD]> | Severed limb node : "NPC R Calf [RClf]"
