main.cpp(117): [info] dmenu v1-0-0-0
Utils.h(74): [info] Loaded 8 settings, saved 0 settings from Data\SKSE\Plugins\dmenu\dmenu.ini.
Settings.cpp(150): [info] Settings initialized.
ModSettings.cpp(963): [info] Loading .json configurations...
ModSettings.cpp(1172): [info] Loaded mod Wheeler Controls
ModSettings.cpp(1172): [info] Loaded mod Wheeler Styles
ModSettings.cpp(971): [info] Loading .ini config serializations...
ModSettings.cpp(1374): [info] loading .ini for Wheeler Controls
ModSettings.cpp(1443): [info] .ini loaded.
ModSettings.cpp(1374): [info] loading .ini for Wheeler Styles
ModSettings.cpp(1400): [info] Value not found for setting Render Texture From Geometric Primitives in .ini file. Using default entry value.
ModSettings.cpp(1400): [info] Value not found for setting Background Texture Scale in .ini file. Using default entry value.
ModSettings.cpp(1400): [info] Value not found for setting Background Texture Scale in .ini file. Using default entry value.
ModSettings.cpp(1443): [info] .ini loaded.
ModSettings.cpp(978): [info] Mod settings initialized
Renderer.cpp(97): [info] D3DInit Hooked!
Renderer.cpp(106): [info] Getting swapchain...
Renderer.cpp(113): [info] Getting swapchain desc...
Renderer.cpp(123): [info] Initializing ImGui...
Renderer.cpp(134): [info] ImGui initialized!
Renderer.cpp(147): [info] Building font atlas...
Renderer.cpp(171): [info] Loading font: Data\SKSE\Plugins\dMenu\fonts\English\SovngardeLight.ttf
Hooks.h(12): [info] hook:onWeatherChange
