[20:29:33](main.cpp): dTryHitStop v0.4.0 loaded
[20:29:33](Papyrus.cpp): Registered papyrus functions
[20:31:17](Papyrus.cpp): Registered SOS MCM class
[20:32:07](loadGame.h): data loaded, read settings...
[20:32:07](onHitEventHandler.h): Register class onHitEventHandler.
[20:32:07](dataHandler.cpp): Initilize global settings...
[20:32:07](dataHandler.cpp): ...done
[20:32:07](dataHandler.cpp): found bSGTMStop with value 1
[20:32:07](dataHandler.cpp): found bPChitStop with value 1
[20:32:07](dataHandler.cpp): found bNPChitStop with value 1
[20:32:07](dataHandler.cpp): found bStopOnCreature with value 0
[20:32:07](dataHandler.cpp): found bStopOnDead with value 0
[20:32:07](dataHandler.cpp): found bStopOnObject with value 0
[20:32:07](dataHandler.cpp): found bStopOnBash with value 0
[20:32:07](dataHandler.cpp): found bStopOnBlocked with value 0
[20:32:07](dataHandler.cpp): found bpcShake with value 1
[20:32:07](dataHandler.cpp): found bshakeOnLight with value 1
[20:32:07](dataHandler.cpp): found fstopOnBash with value 0.250000
[20:32:07](dataHandler.cpp): found fstopOnObject with value 0.250000
[20:32:07](dataHandler.cpp): found fstopOnBlocked with value 0.250000
[20:32:07](dataHandler.cpp): found fstopOnCreature with value 0.250000
[20:32:07](dataHandler.cpp): found fstopTimePowerMult with value 1.200000
[20:32:07](dataHandler.cpp): found fstopTimeGreatSwordMult with value 1.150000
[20:32:07](dataHandler.cpp): found fstopTime2hwMult with value 1.200000
[20:32:07](dataHandler.cpp): found fstopOnBashSpd with value 0.050000
[20:32:07](dataHandler.cpp): found fstopOnObjectSpd with value 0.050000
[20:32:07](dataHandler.cpp): found fstopOnBlockedSpd with value 0.050000
[20:32:07](dataHandler.cpp): found fstopOnCreatureSpd with value 0.050000
[20:32:07](dataHandler.cpp): found fbashShakeMagnitude with value 0.400000
[20:32:07](dataHandler.cpp): found fobjectShakeMagnitude with value 0.400000
[20:32:07](dataHandler.cpp): found fblockedShakeMagnitude with value 0.400000
[20:32:07](dataHandler.cpp): found fcreatureShakeMagnitude with value 0.400000
[20:32:07](dataHandler.cpp): found fShakeMagnitudeHandToHandMult with value 0.900000
[20:32:07](dataHandler.cpp): found fShakeMagnitudeDaggerMult with value 0.950000
[20:32:07](dataHandler.cpp): found fShakeMagnitudeSwordMult with value 1.000000
[20:32:07](dataHandler.cpp): found fShakeOnBash with value 0.400000
[20:32:07](dataHandler.cpp): found fShakeOnObject with value 0.400000
[20:32:07](dataHandler.cpp): found fShakeOnBlocked with value 0.400000
[20:32:07](dataHandler.cpp): found fShakeOnCreature with value 0.400000
[20:32:07](dataHandler.cpp): found fShakeTimePowerMult with value 1.300000
[20:32:07](dataHandler.cpp): found fShakeTimeHandToHandMult with value 0.900000
[20:32:07](dataHandler.cpp): found fShakeTimeDaggerMult with value 0.950000
[20:32:07](dataHandler.cpp): found fShakeTimeSwordMult with value 1.000000
[20:32:07](dataHandler.cpp): found fShakeTimeGreatSwordMult with value 1.200000
[20:32:07](dataHandler.cpp): found fShakeTime2hwMult with value 1.200000
[20:32:07](loadGame.h): ...done.
[20:33:42](loadGame.h): Post load; update globals...
[20:33:42](dataHandler.cpp): Update global settings...
[20:33:42](dataHandler.cpp): Locating current framework...
[20:33:42](dataHandler.cpp): MCO
[20:33:42](dataHandler.cpp): ...done
[20:33:42](loadGame.h): ...done.
[21:05:25](loadGame.h): Post load; update globals...
[21:05:25](dataHandler.cpp): Update global settings...
[21:05:25](dataHandler.cpp): Locating current framework...
[21:05:25](dataHandler.cpp): Vanilla
[21:05:25](dataHandler.cpp): ...done
[21:05:25](loadGame.h): ...done.
