Loading EVLaS in SE mode.
Loaded addresses from database.
All hooks injected.
Plugin loaded successfully.



Doing climate update (15f)...
Masser  active: 1
Secunda active: 1

Timings:
ClimateRecord - SunriseStart: 5.5 (36)
ClimateRecord - SunriseEnd:   7 (42)
ClimateRecord - SunsetStart:  18 (108)
ClimateRecord - SunsetEnd:    19.5 (114)

DawnBegin: 5.5
Dawn:      5.875
Sunrise:   6.25
Noon:      12.5
Sunset:    18.75
Dusk:      19.125
DuskEnd:   19.5




Doing climate update (812)...
Masser  active: 1
Secunda active: 1

Timings:
ClimateRecord - SunriseStart: 5 (33)
ClimateRecord - SunriseEnd:   10 (60)
ClimateRecord - SunsetStart:  16 (96)
ClimateRecord - SunsetEnd:    21 (123)

DawnBegin: 5
Dawn:      6.25
Sunrise:   7.5
Noon:      13
Sunset:    18.5
Dusk:      19.75
DuskEnd:   21

