Start...
GrassCacheHelperNG v1.0.1.0 is loading...
Default Trampoline => 0B / 15B (00.00%)
GrassCacheHelperNG loaded.
Current bDrawShaderGrass: true
Setting bDrawShaderGrass: true
Current bShadowsOnGrass: true
Setting bShadowsOnGrass: true
Changing settings for: Using precache
Current iGrassCellRadius: 2
Setting iGrassCellRadius: 2
Current fGrassStartFadeDistance: 6144
Setting fGrassStartFadeDistance: 6144
Current fGrassFadeRange: 6144
Setting fGrassFadeRange: 14128
Current bEnableGrassFade: false
Setting bEnableGrassFade: false
Removed NoGrass flag from worldspace: WhiterunWorld - 1a26f
Added NoGrass flag to worldspace: KatariahWorld - c350d
Starting mod...
