Immersive Equipment Displays 1.7.4 [28a13212-master] [runtime 1.6.1170.0]
boost 1.83.0, JsonCpp 1.9.5, ImGui 1.90.1 WIP (19002)
Querying SKSE interfaces..
[Init] Loading INI..
[Init] Creating trampolines..
[Init] Installing task hooks..
[Init] Creating controller..
[Init] Setting up SKSE message handler..
[Init] Registering papyrus functions..
[Init] Setting up SKSE serialization handler..
[Init] Sinking controller events..
[Init] Installing engine extensions..
[EngineExtensions] [Patch] [void __cdecl IED::EngineExtensions::Install_RemoveAllBipedParts(void)] Writing..
[EngineExtensions] [Patch] [void __cdecl IED::EngineExtensions::Install_RemoveAllBipedParts(void)] OK
[EngineExtensions] [IED::EngineExtensions::Install_REFR_GarbageCollector] Installed @0x7FF7E7C4B19A
[EngineExtensions] [void __cdecl IED::EngineExtensions::Install_Actor_Resurrect(void)] Detoured Character::Resurrect @0x7FF7E8EB5558:0xAB
[EngineExtensions] [IED::EngineExtensions::Install_Actor_Resurrect] Installed reanimate hook @0x7FF7E7CD6E3F
[EngineExtensions] [void __cdecl IED::EngineExtensions::Install_Actor_3DEvents(void)] Detoured Actor::Release3D @0x7FF7E8EAD870:0x6B
[EngineExtensions] [void __cdecl IED::EngineExtensions::Install_Actor_3DEvents(void)] Detoured Character::Release3D @0x7FF7E8EB5558:0x6B
[EngineExtensions] [void __cdecl IED::EngineExtensions::Install_Actor_3DEvents(void)] Detoured PlayerCharacter::Release3D @0x7FF7E8EBB9C0:0x6B
[EngineExtensions] [void __cdecl IED::EngineExtensions::AVThunk<class Actor>::Install(const class IAL::Address<unsigned __int64> &)] Detoured ActorValueOwner::SetBaseActorValue @0x7FF7E8EAE2F0:0x4
[EngineExtensions] [void __cdecl IED::EngineExtensions::AVThunk<class Actor>::Install(const class IAL::Address<unsigned __int64> &)] Detoured ActorValueOwner::ModActorValue @0x7FF7E8EAE2F0:0x5
[EngineExtensions] [void __cdecl IED::EngineExtensions::AVThunk<class Actor>::Install(const class IAL::Address<unsigned __int64> &)] Detoured ActorValueOwner::RestoreActorValue @0x7FF7E8EAE2F0:0x6
[EngineExtensions] [void __cdecl IED::EngineExtensions::AVThunk<class Character>::Install(const class IAL::Address<unsigned __int64> &)] Detoured ActorValueOwner::SetBaseActorValue @0x7FF7E8EB5FE8:0x4
[EngineExtensions] [void __cdecl IED::EngineExtensions::AVThunk<class Character>::Install(const class IAL::Address<unsigned __int64> &)] Detoured ActorValueOwner::ModActorValue @0x7FF7E8EB5FE8:0x5
[EngineExtensions] [void __cdecl IED::EngineExtensions::AVThunk<class Character>::Install(const class IAL::Address<unsigned __int64> &)] Detoured ActorValueOwner::RestoreActorValue @0x7FF7E8EB5FE8:0x6
[EngineExtensions] [void __cdecl IED::EngineExtensions::AVThunk<class PlayerCharacter>::Install(const class IAL::Address<unsigned __int64> &)] Detoured ActorValueOwner::SetBaseActorValue @0x7FF7E8EBC478:0x4
[EngineExtensions] [void __cdecl IED::EngineExtensions::AVThunk<class PlayerCharacter>::Install(const class IAL::Address<unsigned __int64> &)] Detoured ActorValueOwner::ModActorValue @0x7FF7E8EBC478:0x5
[EngineExtensions] [void __cdecl IED::EngineExtensions::AVThunk<class PlayerCharacter>::Install(const class IAL::Address<unsigned __int64> &)] Detoured ActorValueOwner::RestoreActorValue @0x7FF7E8EBC478:0x6
[EngineExtensions] [IED::EngineExtensions::Install_Armor_Update] Installed @0x7FF7E79CBC0F
[EngineExtensions] [Patch] [void __cdecl IED::EngineExtensions::Install_CreateWeaponNodes(void)] Writing..
[EngineExtensions] [Patch] [void __cdecl IED::EngineExtensions::Install_CreateWeaponNodes(void)] OK
[EngineExtensions] [IED::EngineExtensions::Install_PostLoad3DHooks] Installed reference clone 3D hook @0x7FF7E78F3B41
[EngineExtensions] [IED::EngineExtensions::Install_PostLoad3DHooks] Installed player load 3D hook @0x7FF7E7D44A8D
[EngineExtensions] [Patch] [void __cdecl IED::EngineExtensions::Install_SetWeapAdjAnimVar(void) const] Writing..
[EngineExtensions] [Patch] [void __cdecl IED::EngineExtensions::Install_SetWeapAdjAnimVar(void) const] OK
[EngineExtensions] [Patch] [void __cdecl IED::EngineExtensions::Install_WeaponAdjustDisable(void)] Writing..
[EngineExtensions] [Patch] [void __cdecl IED::EngineExtensions::Install_WeaponAdjustDisable(void)] OK
[EngineExtensions] [Patch] [void __cdecl IED::EngineExtensions::Install_UpdateReferenceBehaviorGraphs(void) const] Writing..
[EngineExtensions] [Patch] [void __cdecl IED::EngineExtensions::Install_UpdateReferenceBehaviorGraphs(void) const] OK
[EngineExtensions] [IED::EngineExtensions::Install_Lighting] Installed @0x7FF7E78E2339 [TESObjectCELL_unk_178]
[EngineExtensions] [IED::EngineExtensions::Install_Lighting] Installed @0x7FF7E7D5C7C5 [PlayerCharacter_unk_205]
[EngineExtensions] [IED::EngineExtensions::Install_Lighting] Installed @0x7FF7E7D5245C [PlayerCharacter_RefreshLights]
[EngineExtensions] [IED::EngineExtensions::Install_Lighting] Installed @0x7FF7E7C7834B [Actor_Update]
[EngineExtensions] [void __cdecl IED::EngineExtensions::Install_Lighting(void)] Detoured PlayerCharacter::UpdateRefLight @0x7FF7E8EBB9C0:0x55
[Init] Initializing render driver..
[Init] Installing priority input hook..
[Init] Initializing UI driver..
[Init] Graphical user interface enabled
[Init] Initializing controller input handlers..
[Init] Early initialization done
Loaded, trampolines: branch:[230/336] codegen:[136/384] IAL:[14 ms]
[Controller] Found SDS interface [SimpleDualSheath 1.5.7, interface ver: 2]
