08/23/25 - 21:51:52.279075 [info] Loading InfinityUI 2.0.1.0...
08/23/25 - 21:51:52.279460 [debug] Default Trampoline => 0B / 84B (00.00%)
08/23/25 - 21:51:52.279470 [debug] Default Trampoline => 31B / 84B (36.90%)
08/23/25 - 21:51:52.279474 [debug] Default Trampoline => 39B / 84B (46.43%)
08/23/25 - 21:51:52.279486 [debug] Default Trampoline => 70B / 84B (83.33%)
08/23/25 - 21:51:52.279491 [debug] Default Trampoline => 84B / 84B (100.00%)
08/23/25 - 21:51:52.279501 [info] Succesfully loaded!
08/23/25 - 21:53:13.566854 [trace] Detected LoadingMenu movie load from: D:\STOCK GAME\Data\Interface
08/23/25 - 21:53:13.566943 [debug] Patches loaded for Interface/LoadingMenu.swf: 0
08/23/25 - 21:53:13.566950 [debug] 
08/23/25 - 21:53:13.572272 [trace] Detected FaderMenu movie load from: D:\STOCK GAME\Data\Interface
08/23/25 - 21:53:13.572328 [debug] Patches loaded for Interface/FaderMenu.swf: 0
08/23/25 - 21:53:13.572333 [debug] 
08/23/25 - 21:53:13.589688 [trace] Detected LoadWaitSpinner movie load from: D:\STOCK GAME\Data\Interface
08/23/25 - 21:53:13.589748 [debug] Patches loaded for Interface/LoadWaitSpinner.swf: 0
08/23/25 - 21:53:13.589754 [debug] 
08/23/25 - 21:53:14.249347 [trace] Detected KinectMenu movie load from: D:\STOCK GAME\Data\Interface
08/23/25 - 21:53:14.249413 [debug] Patches loaded for Interface/KinectMenu.swf: 0
08/23/25 - 21:53:14.249419 [debug] 
08/23/25 - 21:54:22.737919 [trace] Detected StartMenu movie load from: D:\STOCK GAME\Data\Interface
08/23/25 - 21:54:22.738010 [debug] Patches loaded for Interface/StartMenu.swf: 0
08/23/25 - 21:54:22.738017 [debug] 
08/23/25 - 21:54:22.862547 [trace] Detected CursorMenu movie load from: D:\STOCK GAME\Data\Interface
08/23/25 - 21:54:22.862602 [debug] Patches loaded for Interface/CursorMenu.swf: 0
08/23/25 - 21:54:22.862607 [debug] 
08/23/25 - 21:54:22.884017 [trace] Detected Console movie load from: D:\STOCK GAME\Data\Interface
08/23/25 - 21:54:22.884074 [debug] Patches loaded for Interface/Console.swf: 0
08/23/25 - 21:54:22.884080 [debug] 
08/23/25 - 21:54:22.891240 [trace] Detected MessageBox movie load from: D:\STOCK GAME\Data\Interface
08/23/25 - 21:54:22.891287 [debug] Patches loaded for Interface/MessageBox.swf: 0
08/23/25 - 21:54:22.891293 [debug] 
08/23/25 - 21:54:22.892481 [trace] Detected CursorMenu movie load from: D:\STOCK GAME\Data\Interface
08/23/25 - 21:54:22.892522 [debug] Patches loaded for Interface/CursorMenu.swf: 0
08/23/25 - 21:54:22.892528 [debug] 
08/23/25 - 21:54:22.903086 [trace] Detected CursorMenu movie load from: D:\STOCK GAME\Data\Interface
08/23/25 - 21:54:22.903139 [debug] Patches loaded for Interface/CursorMenu.swf: 0
08/23/25 - 21:54:22.903145 [debug] 
08/23/25 - 21:54:22.906765 [trace] Detected CursorMenu movie load from: D:\STOCK GAME\Data\Interface
08/23/25 - 21:54:22.906815 [debug] Patches loaded for Interface/CursorMenu.swf: 0
08/23/25 - 21:54:22.906821 [debug] 
08/23/25 - 21:54:43.403106 [trace] Detected HUDMenu movie load from: D:\STOCK GAME\Data\Interface
08/23/25 - 21:54:43.403160 [debug] The path "D:\STOCK GAME\Data\Interface\InfinityUI\HUDMenu" exists, loading instance patches...
08/23/25 - 21:54:43.403802 [debug] Relative path is "InfinityUI\HUDMenu\HUDMovieBaseInstance\QuestItemList.swf"
08/23/25 - 21:54:43.403812 [trace] Relative path to SWF: HUDMovieBaseInstance\QuestItemList.swf
08/23/25 - 21:54:43.403832 [debug] Patch found at "D:\STOCK GAME\Data\Interface\InfinityUI\HUDMenu\HUDMovieBaseInstance\QuestItemList.swf"
08/23/25 - 21:54:43.403850 [trace] Relative path to patch is: InfinityUI\HUDMenu\HUDMovieBaseInstance\QuestItemList.swf
08/23/25 - 21:54:43.404406 [trace] New instance loaded!
08/23/25 - 21:54:43.404416 [trace] 
08/23/25 - 21:54:43.404438 [trace] _level0.HUDMovieBaseInstance: DisplayObject
08/23/25 - 21:54:43.404443 [trace] {
08/23/25 - 21:54:43.404447 [trace] 	var TutorialLockInstance: DisplayObject
08/23/25 - 21:54:43.404452 [trace] 	var LocationLockBase: DisplayObject
08/23/25 - 21:54:43.404456 [trace] 	var CompassShoutMeterHolder: DisplayObject
08/23/25 - 21:54:43.404460 [trace] 	var Crosshair: DisplayObject
08/23/25 - 21:54:43.404498 [trace] 	var StealthMeterInstance: DisplayObject
08/23/25 - 21:54:43.404504 [trace] 	var SubtitleTextHolder: DisplayObject
08/23/25 - 21:54:43.404508 [trace] 	var RolloverName_mc: DisplayObject
08/23/25 - 21:54:43.404513 [trace] 	var RolloverInfo_mc: DisplayObject
08/23/25 - 21:54:43.404517 [trace] 	var GrayBarInstance: DisplayObject
08/23/25 - 21:54:43.404521 [trace] 	var ActivateButton: DisplayObject
08/23/25 - 21:54:43.404525 [trace] 	var WeightTranslated: DisplayObject
08/23/25 - 21:54:43.404529 [trace] 	var ValueTranslated: DisplayObject
08/23/25 - 21:54:43.404534 [trace] 	var FloatingQuestMarkerInstance: DisplayObject
08/23/25 - 21:54:43.404538 [trace] 	var FavorBackButtonBase: DisplayObject
08/23/25 - 21:54:43.404542 [trace] 	var Health: DisplayObject
08/23/25 - 21:54:43.404546 [trace] 	var ChargeMeterBaseAlt: DisplayObject
08/23/25 - 21:54:43.404550 [trace] 	var Magica: DisplayObject
08/23/25 - 21:54:43.404555 [trace] 	var Stamina: DisplayObject
08/23/25 - 21:54:43.404559 [trace] 	var BottomLeftLockInstance: DisplayObject
08/23/25 - 21:54:43.404563 [trace] 	var BottomRightLockInstance: DisplayObject
08/23/25 - 21:54:43.404567 [trace] 	var ArrowInfoInstance: DisplayObject
08/23/25 - 21:54:43.404572 [trace] 	var MessagesBlock: DisplayObject
08/23/25 - 21:54:43.404576 [trace] 	var TimeDisplay: DisplayObject
08/23/25 - 21:54:43.404580 [trace] 	var EnemyHealth_mc: DisplayObject
08/23/25 - 21:54:43.404586 [trace] 	var QuestUpdateBaseInstance: DisplayObject
08/23/25 - 21:54:43.404590 [trace] 	var TopLeftRefInstance: DisplayObject
08/23/25 - 21:54:43.404594 [trace] 	var BottomRightRefInstance: DisplayObject
08/23/25 - 21:54:43.404599 [trace] 	var ConfigWarning: DisplayObject
08/23/25 - 21:54:43.404603 [trace] 	var QuestItemList: DisplayObject
08/23/25 - 21:54:43.404607 [trace] 	var scl_fMagica: Number
08/23/25 - 21:54:43.404612 [trace] 	var pos_fActivateNamePos: Object
08/23/25 - 21:54:43.404616 [trace] 	var ChargeMeterFrameAnim: DisplayObject
08/23/25 - 21:54:43.404621 [trace] 	var pos_fStealthMeterPos: Object
08/23/25 - 21:54:43.404625 [trace] 	var MessagesBlock_mc: DisplayObject
08/23/25 - 21:54:43.404629 [trace] 	var cfg_bShowTOD: Number
08/23/25 - 21:54:43.404633 [trace] 	var ShoutLetterInstance: DisplayObject
08/23/25 - 21:54:43.404638 [trace] 	var HealthBar: DisplayObject
08/23/25 - 21:54:43.404642 [trace] 	var scl_fClock: Number
08/23/25 - 21:54:43.404646 [trace] 	var CompassFrame: DisplayObject
08/23/25 - 21:54:43.404650 [trace] 	var HealthPenaltyMeterB: DisplayObject
08/23/25 - 21:54:43.404654 [trace] 	var CompassThreeSixtyX: Number
08/23/25 - 21:54:43.404659 [trace] 	var pos_fRightChargeMeterPos: Object
08/23/25 - 21:54:43.404663 [trace] 	var cfg_bAltStamina: Number
08/23/25 - 21:54:43.404667 [trace] 	var ChargeMeterHolder: DisplayObject
08/23/25 - 21:54:43.404671 [trace] 	var HealthPenaltyMeterAlt: DisplayObject
08/23/25 - 21:54:43.404676 [trace] 	var pos_fActivateButtonPos: Object
08/23/25 - 21:54:43.404680 [trace] 	var pos_fLeftChargeMeterPos: Object
08/23/25 - 21:54:43.404684 [trace] 	var cfg_bPersistentClock: Number
08/23/25 - 21:54:43.404689 [trace] 	var pos_fSubtitlePos: Object
08/23/25 - 21:54:43.404693 [trace] 	var Stamina_mc: DisplayObject
08/23/25 - 21:54:43.404697 [trace] 	var cfg_bAltCharge: Number
08/23/25 - 21:54:43.404701 [trace] 	var ObjectiveUpdate: DisplayObject
08/23/25 - 21:54:43.404705 [trace] 	var cfg_bHideEnemyHealth: Number
08/23/25 - 21:54:43.404710 [trace] 	var scl_fHealth: Number
08/23/25 - 21:54:43.404714 [trace] 	var Magicka_mc: DisplayObject
08/23/25 - 21:54:43.404718 [trace] 	var pos_fHealthPos: Object
08/23/25 - 21:54:43.404722 [trace] 	var CompassCard: DisplayObject
08/23/25 - 21:54:43.404727 [trace] 	var StaminaPenaltyMeterAlt: DisplayObject
08/23/25 - 21:54:43.404731 [trace] 	var cfg_bLockAnimatedLetters: Number
08/23/25 - 21:54:43.404735 [trace] 	var cfg_bAltHealth: Number
08/23/25 - 21:54:43.404739 [trace] 	var CompassMarkerPlayerSet: Number
08/23/25 - 21:54:43.404744 [trace] 	var Health_mc: DisplayObject
08/23/25 - 21:54:43.404749 [trace] 	var ShoutMeterBar: DisplayObject
08/23/25 - 21:54:43.404753 [trace] 	var cfg_bLockMagickaMeter: Number
08/23/25 - 21:54:43.404758 [trace] 	var cfg_bShowClock: Number
08/23/25 - 21:54:43.404762 [trace] 	var cfg_bAltCompass: Number
08/23/25 - 21:54:43.404766 [trace] 	var pos_fActivateBarPos: Object
08/23/25 - 21:54:43.404770 [trace] 	var RightChargeMeter: Object
08/23/25 - 21:54:43.404774 [trace] 	var LeftChargeMeterAlt: Object
08/23/25 - 21:54:43.404779 [trace] 	var pos_fMessageInfoPos: Object
08/23/25 - 21:54:43.404783 [trace] 	var cfg_bStealthTextVisible: Number
08/23/25 - 21:54:43.404787 [trace] 	var cfg_bLockLeftChargeMeter: Number
08/23/25 - 21:54:43.404791 [trace] 	var pos_fMagicaPos: Object
08/23/25 - 21:54:43.404796 [trace] 	var CompassMarkerLocations: Number
08/23/25 - 21:54:43.404800 [trace] 	var StaminaBar: DisplayObject
08/23/25 - 21:54:43.404804 [trace] 	var cfg_bShowSeconds: Number
08/23/25 - 21:54:43.404808 [trace] 	var cfg_bLockAltChargeMeter: Number
08/23/25 - 21:54:43.404812 [trace] 	var cfg_bLockObjectiveText: Number
08/23/25 - 21:54:43.404817 [trace] 	var cfg_uPersistentMeter: Number
08/23/25 - 21:54:43.404821 [trace] 	var ShoutMeter_mc: Object
08/23/25 - 21:54:43.404825 [trace] 	var cfg_bStealthMeterVisible: Number
08/23/25 - 21:54:43.404829 [trace] 	var pos_fCrosshairPos: Object
08/23/25 - 21:54:43.404834 [trace] 	var scl_fObjectiveText: Number
08/23/25 - 21:54:43.404838 [trace] 	var scl_fLocationInfo: Number
08/23/25 - 21:54:43.404842 [trace] 	var pos_fAltChargeMeterPos: Object
08/23/25 - 21:54:43.404846 [trace] 	var scl_fArrowInfo: Number
08/23/25 - 21:54:43.404851 [trace] 	var StaminaPenaltyMeter: DisplayObject
08/23/25 - 21:54:43.404855 [trace] 	var CompassCardAlt: DisplayObject
08/23/25 - 21:54:43.404859 [trace] 	var pos_fEnemyHealthPos: Object
08/23/25 - 21:54:43.404863 [trace] 	var RolloverGrayBar_mc: DisplayObject
08/23/25 - 21:54:43.404867 [trace] 	var ShoutWarning: DisplayObject
08/23/25 - 21:54:43.404872 [trace] 	var cfg_bLockRightChargeMeter: Number
08/23/25 - 21:54:43.404876 [trace] 	var cfg_bLockCompass: Number
08/23/25 - 21:54:43.404880 [trace] 	var cfg_bHideEnemyMarker: Number
08/23/25 - 21:54:43.404884 [trace] 	var scl_fSubtitle: Number
08/23/25 - 21:54:43.404888 [trace] 	var cfg_bLockHealthMeter: Number
08/23/25 - 21:54:43.404893 [trace] 	var scl_fEnemyHealth: Number
08/23/25 - 21:54:43.404897 [trace] 	var StaminaMeterAnim: DisplayObject
08/23/25 - 21:54:43.404901 [trace] 	var cfg_bLockLevelUpMeter: Number
08/23/25 - 21:54:43.404905 [trace] 	var HealthMeterLeft: Object
08/23/25 - 21:54:43.404910 [trace] 	var cfg_bDebug: Undefined
08/23/25 - 21:54:43.404914 [trace] 	var scl_fCrosshair: Number
08/23/25 - 21:54:43.404918 [trace] 	var clock: Object
08/23/25 - 21:54:43.404922 [trace] 	var MagickaMeterAnim: DisplayObject
08/23/25 - 21:54:43.404926 [trace] 	var pos_fLocationInfoPos: Object
08/23/25 - 21:54:43.404931 [trace] 	var HealthBarAlt: DisplayObject
08/23/25 - 21:54:43.404935 [trace] 	var pos_fClockPos: Object
08/23/25 - 21:54:43.404939 [trace] 	var CompassRect: DisplayObject
08/23/25 - 21:54:43.404944 [trace] 	var pos_fShoutLetterPos: Object
08/23/25 - 21:54:43.404948 [trace] 	var scl_fStealthMeter: Number
08/23/25 - 21:54:43.404952 [trace] 	var cfg_bLockEnemyHealth: Number
08/23/25 - 21:54:43.404956 [trace] 	var CompassMarkerUndiscovered: Number
08/23/25 - 21:54:43.404960 [trace] 	var shConfigWarning: DisplayObject
08/23/25 - 21:54:43.404965 [trace] 	var StaminaMeter: Object
08/23/25 - 21:54:43.404969 [trace] 	var pos_fLevelUpMeterPos: Object
08/23/25 - 21:54:43.404973 [trace] 	var MagickaMeter: Object
08/23/25 - 21:54:43.404977 [trace] 	var ShoutWarningAlt: DisplayObject
08/23/25 - 21:54:43.404982 [trace] 	var CrosshairAlert: DisplayObject
08/23/25 - 21:54:43.404987 [trace] 	var HealthPenaltyMeterA: DisplayObject
08/23/25 - 21:54:43.404991 [trace] 	var pos_fActivateInfoPos: Object
08/23/25 - 21:54:43.404995 [trace] 	var CompassZeroX: Number
08/23/25 - 21:54:43.405000 [trace] 	var HealthMeterLeftAlt: Object
08/23/25 - 21:54:43.405004 [trace] 	var CompassMarkerQuest: Number
08/23/25 - 21:54:43.405009 [trace] 	var TemperatureMeter_mc: DisplayObject
08/23/25 - 21:54:43.405013 [trace] 	var cfg_bLockClock: Number
08/23/25 - 21:54:43.405017 [trace] 	var cfg_bAltArrow: Number
08/23/25 - 21:54:43.405021 [trace] 	var TutorialHintsArtHolder: DisplayObject
08/23/25 - 21:54:43.405025 [trace] 	var StaminaBarAlt: DisplayObject
08/23/25 - 21:54:43.405030 [trace] 	var RolloverInfoText: DisplayObject
08/23/25 - 21:54:43.405034 [trace] 	var FavorBackButton_mc: DisplayObject
08/23/25 - 21:54:43.405038 [trace] 	var EnemyHealthMeter: Object
08/23/25 - 21:54:43.405042 [trace] 	var pos_fArrowInfoPos: Object
08/23/25 - 21:54:43.405046 [trace] 	var RightChargeMeterAlt: Object
08/23/25 - 21:54:43.405051 [trace] 	var pos_fObjectiveTextPos: Object
08/23/25 - 21:54:43.405055 [trace] 	var scl_fChargeMeter: Number
08/23/25 - 21:54:43.405059 [trace] 	var ShoutMeterAlt_mc: Object
08/23/25 - 21:54:43.405063 [trace] 	var cfg_bHideLocations: Number
08/23/25 - 21:54:43.405067 [trace] 	var HealthMeterAnim: DisplayObject
08/23/25 - 21:54:43.405072 [trace] 	var AnimLetterInstance: DisplayObject
08/23/25 - 21:54:43.405076 [trace] 	var LevelUpInstance: DisplayObject
08/23/25 - 21:54:43.405080 [trace] 	var FloatingQuestMarker_mc: DisplayObject
08/23/25 - 21:54:43.405084 [trace] 	var CrosshairInstance: DisplayObject
08/23/25 - 21:54:43.405088 [trace] 	var cfg_bLockLocationInfo: Number
08/23/25 - 21:54:43.405092 [trace] 	var LeftChargeMeterAnim: DisplayObject
08/23/25 - 21:54:43.405098 [trace] 	var scl_fMessageInfo: Number
08/23/25 - 21:54:43.405102 [trace] 	var cfg_bLockArrowInfo: Number
08/23/25 - 21:54:43.405106 [trace] 	var cfg_sHourFormat: String
08/23/25 - 21:54:43.405110 [trace] 	var cfg_bDotCrosshair: Number
08/23/25 - 21:54:43.405115 [trace] 	var RolloverText: DisplayObject
08/23/25 - 21:54:43.405119 [trace] 	var pos_fCompassPos: Object
08/23/25 - 21:54:43.405123 [trace] 	var _shconfig: Object
08/23/25 - 21:54:43.405127 [trace] 	var cfg_sClockAlign: String
08/23/25 - 21:54:43.405132 [trace] 	var LeftChargeMeter: Object
08/23/25 - 21:54:43.405136 [trace] 	var cfg_bSyncMeterFade: Number
08/23/25 - 21:54:43.405140 [trace] 	var pos_fStaminaPos: Object
08/23/25 - 21:54:43.405145 [trace] 	var CompassFrameAlt: DisplayObject
08/23/25 - 21:54:43.405149 [trace] 	var ShoutMeterBarAlt: DisplayObject
08/23/25 - 21:54:43.405153 [trace] 	var cfg_bLockMessageInfo: Number
08/23/25 - 21:54:43.405157 [trace] 	var cfg_bHideActivateButton: Number
08/23/25 - 21:54:43.405162 [trace] 	var CompassTargetDataA: Array
08/23/25 - 21:54:43.405166 [trace] 	var cfg_bHideQuest: Number
08/23/25 - 21:54:43.405170 [trace] 	var cfg_bHideUndiscoveredLocations: Number
08/23/25 - 21:54:43.405174 [trace] 	var LeftChargeMeterAltAnim: DisplayObject
08/23/25 - 21:54:43.405178 [trace] 	var RightChargeMeterAnim: DisplayObject
08/23/25 - 21:54:43.405183 [trace] 	var TutorialHintsText: DisplayObject
08/23/25 - 21:54:43.405187 [trace] 	var RightChargeMeterAltAnim: DisplayObject
08/23/25 - 21:54:43.405191 [trace] 	var CompassMarkerQuestDoor: Number
08/23/25 - 21:54:43.405198 [trace] 	var pos_fAnimLetterPos: Object
08/23/25 - 21:54:43.405203 [trace] 	var cfg_bLockStealthMeter: Number
08/23/25 - 21:54:43.405207 [trace] 	var cfg_bLockActivatePrompt: Number
08/23/25 - 21:54:43.405211 [trace] 	var RolloverButton_tf: DisplayObject
08/23/25 - 21:54:43.405215 [trace] 	var bCrosshairEnabled: Boolean
08/23/25 - 21:54:43.405219 [trace] 	var scl_fStamina: Number
08/23/25 - 21:54:43.405224 [trace] 	var scl_fCompass: Number
08/23/25 - 21:54:43.405228 [trace] 	var CompassMarkerEnemy: Number
08/23/25 - 21:54:43.405232 [trace] 	var scl_fCompassMarker: Number
08/23/25 - 21:54:43.405236 [trace] 	var MessagesInstance: DisplayObject
08/23/25 - 21:54:43.405240 [trace] 	var cfg_bLockSubtitle: Number
08/23/25 - 21:54:43.405245 [trace] 	var cfg_sLocationInfoAlign: String
08/23/25 - 21:54:43.405249 [trace] 	var cfg_bLockStaminaMeter: Number
08/23/25 - 21:54:43.405264 [trace] 	var scl_fLevelUpMeter: Number
08/23/25 - 21:54:43.405269 [trace] 	var SubtitleText: DisplayObject
08/23/25 - 21:54:43.405273 [trace] 	var cfgVersion: Number
08/23/25 - 21:54:43.405277 [trace] 	var scl_fActivatePrompt: Number
08/23/25 - 21:54:43.405282 [trace] 	var cfg_bLockCrosshair: Number
08/23/25 - 21:54:43.405287 [trace] 	var Lock: Object
08/23/25 - 21:54:43.405291 [trace] }
08/23/25 - 21:54:43.405297 [trace] _level0.HUDMovieBaseInstance.QuestItemList: DisplayObject
08/23/25 - 21:54:43.405301 [trace] {
08/23/25 - 21:54:43.405306 [trace] 	var ShowQuest: Object
08/23/25 - 21:54:43.405310 [trace] 	var ShowAllQuests: Object
08/23/25 - 21:54:43.405314 [trace] 	var QuestItemList: Object
08/23/25 - 21:54:43.405318 [trace] 	var RemoveQuest: Object
08/23/25 - 21:54:43.405322 [trace] 	var Update: Object
08/23/25 - 21:54:43.405327 [trace] 	var RemoveAllQuests: Object
08/23/25 - 21:54:43.405331 [trace] 	var AddQuest: Object
08/23/25 - 21:54:43.405335 [trace] 	var SetQuestSide: Object
08/23/25 - 21:54:43.405339 [trace] 	var AddToHudElements: Object
08/23/25 - 21:54:43.405343 [trace] 	var SCALE: Number
08/23/25 - 21:54:43.405348 [trace] 	var ByAgeThenMiscellaneousQuests: Object
08/23/25 - 21:54:43.405352 [trace] 	var Lock: Object
08/23/25 - 21:54:43.405356 [trace] }
08/23/25 - 21:54:43.405360 [trace] 
08/23/25 - 21:54:43.405833 [debug] Relative path is "InfinityUI\HUDMenu\HUDMovieBaseInstance\CompassShoutMeterHolder\Compass.swf"
08/23/25 - 21:54:43.405843 [trace] Relative path to SWF: HUDMovieBaseInstance\CompassShoutMeterHolder\Compass.swf
08/23/25 - 21:54:43.405852 [debug] Patch found at "D:\STOCK GAME\Data\Interface\InfinityUI\HUDMenu\HUDMovieBaseInstance\CompassShoutMeterHolder\Compass.swf"
08/23/25 - 21:54:43.405957 [trace] 
08/23/25 - 21:54:43.405962 [trace] _level0.HUDMovieBaseInstance.CompassShoutMeterHolder: DisplayObject
08/23/25 - 21:54:43.405967 [trace] {
08/23/25 - 21:54:43.405971 [trace] 	var Compass: DisplayObject
08/23/25 - 21:54:43.405976 [trace] 	var ShoutMeterInstance: DisplayObject
08/23/25 - 21:54:43.405980 [trace] 	var ShoutMeterBarAlt: DisplayObject
08/23/25 - 21:54:43.405984 [trace] 	var ShoutWarningInstance: DisplayObject
08/23/25 - 21:54:43.405988 [trace] 	var ShoutWarningInstanceAlt: DisplayObject
08/23/25 - 21:54:43.405993 [trace] 	var Lock: Object
08/23/25 - 21:54:43.405997 [trace] }
08/23/25 - 21:54:43.406004 [trace] _level0.HUDMovieBaseInstance.CompassShoutMeterHolder.Compass: DisplayObject
08/23/25 - 21:54:43.406008 [trace] {
08/23/25 - 21:54:43.406012 [trace] 	var CompassFrameAlt: DisplayObject
08/23/25 - 21:54:43.406017 [trace] 	var CompassTemperatureHolderInstance: DisplayObject
08/23/25 - 21:54:43.406021 [trace] 	var CompassFrame: DisplayObject
08/23/25 - 21:54:43.406025 [trace] 	var CompassMask_mc: DisplayObject
08/23/25 - 21:54:43.406029 [trace] 	var DirectionRect: DisplayObject
08/23/25 - 21:54:43.406033 [trace] 	var instance78: DisplayObject
08/23/25 - 21:54:43.406038 [trace] 	var Lock: Object
08/23/25 - 21:54:43.406042 [trace] }
08/23/25 - 21:54:43.406047 [trace] 
08/23/25 - 21:54:43.406104 [trace] Original instance removed!
08/23/25 - 21:54:43.406109 [trace] 
08/23/25 - 21:54:43.406114 [trace] _level0.HUDMovieBaseInstance.CompassShoutMeterHolder: DisplayObject
08/23/25 - 21:54:43.406118 [trace] {
08/23/25 - 21:54:43.406122 [trace] 	var ShoutMeterInstance: DisplayObject
08/23/25 - 21:54:43.406127 [trace] 	var ShoutMeterBarAlt: DisplayObject
08/23/25 - 21:54:43.406131 [trace] 	var ShoutWarningInstance: DisplayObject
08/23/25 - 21:54:43.406135 [trace] 	var ShoutWarningInstanceAlt: DisplayObject
08/23/25 - 21:54:43.406139 [trace] 	var Lock: Object
08/23/25 - 21:54:43.406144 [trace] }
08/23/25 - 21:54:43.406148 [trace] 
08/23/25 - 21:54:43.406157 [trace] Relative path to patch is: InfinityUI\HUDMenu\HUDMovieBaseInstance\CompassShoutMeterHolder\Compass.swf
08/23/25 - 21:54:43.407460 [trace] New instance loaded!
08/23/25 - 21:54:43.407471 [trace] 
08/23/25 - 21:54:43.407479 [trace] _level0.HUDMovieBaseInstance.CompassShoutMeterHolder: DisplayObject
08/23/25 - 21:54:43.407485 [trace] {
08/23/25 - 21:54:43.407490 [trace] 	var ShoutMeterInstance: DisplayObject
08/23/25 - 21:54:43.407494 [trace] 	var ShoutMeterBarAlt: DisplayObject
08/23/25 - 21:54:43.407498 [trace] 	var ShoutWarningInstance: DisplayObject
08/23/25 - 21:54:43.407503 [trace] 	var ShoutWarningInstanceAlt: DisplayObject
08/23/25 - 21:54:43.407507 [trace] 	var Compass: DisplayObject
08/23/25 - 21:54:43.407512 [trace] 	var Lock: Object
08/23/25 - 21:54:43.407516 [trace] }
08/23/25 - 21:54:43.407521 [trace] _level0.HUDMovieBaseInstance.CompassShoutMeterHolder.Compass: DisplayObject
08/23/25 - 21:54:43.407525 [trace] {
08/23/25 - 21:54:43.407529 [trace] 	var CompassFrameAlt: DisplayObject
08/23/25 - 21:54:43.407534 [trace] 	var CompassFrame: DisplayObject
08/23/25 - 21:54:43.407538 [trace] 	var CompassTemperatureHolderInstance: DisplayObject
08/23/25 - 21:54:43.407542 [trace] 	var CompassMask_mc: DisplayObject
08/23/25 - 21:54:43.407546 [trace] 	var DirectionRect: DisplayObject
08/23/25 - 21:54:43.407550 [trace] 	var FocusedMarkerInstance: DisplayObject
08/23/25 - 21:54:43.407555 [trace] 	var COMPASS_HEADING: Number
08/23/25 - 21:54:43.407559 [trace] 	var CompassMarkerUnknownLocation: Number
08/23/25 - 21:54:43.407563 [trace] 	var MarkersData: Array
08/23/25 - 21:54:43.407568 [trace] 	var MarkerList: Array
08/23/25 - 21:54:43.407572 [trace] 	var SetFocusedMarkerInfo: Object
08/23/25 - 21:54:43.407576 [trace] 	var CompassMarkerQuestDoor: Number
08/23/25 - 21:54:43.407580 [trace] 	var COMPASS_GOTOANDSTOP: Number
08/23/25 - 21:54:43.407584 [trace] 	var FocusMarker: Object
08/23/25 - 21:54:43.407589 [trace] 	var HUDMenu: DisplayObject
08/23/25 - 21:54:43.407593 [trace] 	var UnfocusMarker: Object
08/23/25 - 21:54:43.407597 [trace] 	var CompassMarkerQuest: Number
08/23/25 - 21:54:43.407601 [trace] 	var COMPASS_SCALE: Number
08/23/25 - 21:54:43.407606 [trace] 	var SetUnits: Object
08/23/25 - 21:54:43.407610 [trace] 	var Compass: Object
08/23/25 - 21:54:43.407614 [trace] 	var SetMarkers: Object
08/23/25 - 21:54:43.407618 [trace] 	var COMPASS_STRIDE: Number
08/23/25 - 21:54:43.407622 [trace] 	var UpdateFocusedMarker: Object
08/23/25 - 21:54:43.407626 [trace] 	var COMPASS_ALPHA: Number
08/23/25 - 21:54:43.407631 [trace] 	var localToLocal: Object
08/23/25 - 21:54:43.407635 [trace] 	var Lock: Object
08/23/25 - 21:54:43.407639 [trace] }
08/23/25 - 21:54:43.407644 [trace] 
08/23/25 - 21:54:43.407907 [info] Patches loaded for Interface/HUDMenu.swf: 2
08/23/25 - 21:54:43.407912 [debug] 
08/23/25 - 21:54:50.867962 [trace] Detected MessageBox movie load from: D:\STOCK GAME\Data\Interface
08/23/25 - 21:54:50.868053 [debug] Patches loaded for Interface/MessageBox.swf: 0
08/23/25 - 21:54:50.868060 [debug] 
08/23/25 - 21:54:50.870891 [trace] Detected DurabilityMenu movie load from: D:\STOCK GAME\Data\Interface
08/23/25 - 21:54:50.870943 [debug] Patches loaded for Interface/DurabilityMenu.swf: 0
08/23/25 - 21:54:50.870948 [debug] 
08/23/25 - 21:54:50.872220 [trace] Detected FloatingDamageV2 movie load from: D:\STOCK GAME\Data\Interface
08/23/25 - 21:54:50.872272 [debug] Patches loaded for Interface/FloatingDamageV2.swf: 0
08/23/25 - 21:54:50.872277 [debug] 
08/23/25 - 21:55:38.420814 [trace] Detected MessageBox movie load from: D:\STOCK GAME\Data\Interface
08/23/25 - 21:55:38.420874 [debug] Patches loaded for Interface/MessageBox.swf: 0
08/23/25 - 21:55:38.420880 [debug] 
08/23/25 - 21:55:38.422572 [trace] Detected CursorMenu movie load from: D:\STOCK GAME\Data\Interface
08/23/25 - 21:55:38.422622 [debug] Patches loaded for Interface/CursorMenu.swf: 0
08/23/25 - 21:55:38.422627 [debug] 
08/23/25 - 21:55:47.815804 [trace] Detected CastingBar_Spell movie load from: D:\STOCK GAME\Data\Interface
08/23/25 - 21:55:47.815879 [debug] Patches loaded for Interface/CastingBar_Spell.swf: 0
08/23/25 - 21:55:47.815885 [debug] 
08/23/25 - 21:56:44.418864 [trace] Detected MessageBox movie load from: D:\STOCK GAME\Data\Interface
08/23/25 - 21:56:44.418928 [debug] Patches loaded for Interface/MessageBox.swf: 0
08/23/25 - 21:56:44.418934 [debug] 
08/23/25 - 21:56:44.422662 [trace] Detected DurabilityMenu movie load from: D:\STOCK GAME\Data\Interface
08/23/25 - 21:56:44.422713 [debug] Patches loaded for Interface/DurabilityMenu.swf: 0
08/23/25 - 21:56:44.422719 [debug] 
08/23/25 - 21:56:45.126584 [trace] Detected MessageBox movie load from: D:\STOCK GAME\Data\Interface
08/23/25 - 21:56:45.126655 [debug] Patches loaded for Interface/MessageBox.swf: 0
08/23/25 - 21:56:45.126661 [debug] 
08/23/25 - 21:56:58.947257 [trace] Detected Map movie load from: D:\STOCK GAME\Data\Interface
08/23/25 - 21:56:58.947302 [debug] The path "D:\STOCK GAME\Data\Interface\InfinityUI\Map" exists, loading instance patches...
08/23/25 - 21:56:58.948003 [debug] Relative path is "InfinityUI\Map\WorldMap\LocalMapMenu\IconDisplayExtension.swf"
08/23/25 - 21:56:58.948014 [trace] Relative path to SWF: WorldMap\LocalMapMenu\IconDisplayExtension.swf
08/23/25 - 21:56:58.948025 [debug] Patch found at "D:\STOCK GAME\Data\Interface\InfinityUI\Map\WorldMap\LocalMapMenu\IconDisplayExtension.swf"
08/23/25 - 21:56:58.948042 [trace] Relative path to patch is: InfinityUI\Map\WorldMap\LocalMapMenu\IconDisplayExtension.swf
08/23/25 - 21:56:58.948692 [trace] New instance loaded!
08/23/25 - 21:56:58.948703 [trace] 
08/23/25 - 21:56:58.948712 [trace] _level0.localMapFader.MapClip: DisplayObject
08/23/25 - 21:56:58.948717 [trace] {
08/23/25 - 21:56:58.948722 [trace] 	var LocalMapRect: DisplayObject
08/23/25 - 21:56:58.948726 [trace] 	var Background: DisplayObject
08/23/25 - 21:56:58.948731 [trace] 	var LocalMapHolder_mc: DisplayObject
08/23/25 - 21:56:58.948735 [trace] 	var ClearedText: DisplayObject
08/23/25 - 21:56:58.948739 [trace] 	var MarkerClips: DisplayObject
08/23/25 - 21:56:58.948744 [trace] 	var markerDescriptionHolder: DisplayObject
08/23/25 - 21:56:58.948748 [trace] 	var LocationTextClip: DisplayObject
08/23/25 - 21:56:58.948752 [trace] 	var IconDisplayExtension: DisplayObject
08/23/25 - 21:56:58.948756 [trace] 	var _mapImageLoader: Object
08/23/25 - 21:56:58.948761 [trace] 	var TextureHolder: DisplayObject
08/23/25 - 21:56:58.948765 [trace] 	var IconDisplay: Object
08/23/25 - 21:56:58.948769 [trace] 	var _locationFinder: DisplayObject
08/23/25 - 21:56:58.948773 [trace] 	var _bottomBar: DisplayObject
08/23/25 - 21:56:58.948777 [trace] 	var ClearedDescription: DisplayObject
08/23/25 - 21:56:58.948782 [trace] 	var LocationDescription: DisplayObject
08/23/25 - 21:56:58.948786 [trace] }
08/23/25 - 21:56:58.948791 [trace] _level0.localMapFader.MapClip.IconDisplayExtension: DisplayObject
08/23/25 - 21:56:58.948796 [trace] {
08/23/25 - 21:56:58.948800 [trace] 	var extraMarkerContainer: DisplayObject
08/23/25 - 21:56:58.948804 [trace] 	var CREATE_STRIDE: Number
08/23/25 - 21:56:58.948808 [trace] 	var CREATE_ICONTYPE: Number
08/23/25 - 21:56:58.948813 [trace] 	var extraMarkers: Array
08/23/25 - 21:56:58.948817 [trace] }
08/23/25 - 21:56:58.948821 [trace] 
08/23/25 - 21:56:58.948918 [info] Patches loaded for Interface/Map.swf: 1
08/23/25 - 21:56:58.948922 [debug] 
08/23/25 - 21:56:58.951019 [trace] Detected CursorMenu movie load from: D:\STOCK GAME\Data\Interface
08/23/25 - 21:56:58.951067 [debug] Patches loaded for Interface/CursorMenu.swf: 0
08/23/25 - 21:56:58.951073 [debug] 
08/23/25 - 21:56:59.665715 [trace] Detected CursorMenu movie load from: D:\STOCK GAME\Data\Interface
08/23/25 - 21:56:59.665778 [debug] Patches loaded for Interface/CursorMenu.swf: 0
08/23/25 - 21:56:59.665784 [debug] 
08/23/25 - 21:57:01.836406 [trace] Detected MessageBox movie load from: D:\STOCK GAME\Data\Interface
08/23/25 - 21:57:01.836469 [debug] Patches loaded for Interface/MessageBox.swf: 0
08/23/25 - 21:57:01.836475 [debug] 
08/23/25 - 21:57:14.640947 [trace] Detected MessageBox movie load from: D:\STOCK GAME\Data\Interface
08/23/25 - 21:57:14.641008 [debug] Patches loaded for Interface/MessageBox.swf: 0
08/23/25 - 21:57:14.641014 [debug] 
08/23/25 - 21:57:14.644667 [trace] Detected DurabilityMenu movie load from: D:\STOCK GAME\Data\Interface
08/23/25 - 21:57:14.644727 [debug] Patches loaded for Interface/DurabilityMenu.swf: 0
08/23/25 - 21:57:14.644733 [debug] 
08/23/25 - 21:57:41.334933 [trace] Detected MessageBox movie load from: D:\STOCK GAME\Data\Interface
08/23/25 - 21:57:41.334993 [debug] Patches loaded for Interface/MessageBox.swf: 0
08/23/25 - 21:57:41.334999 [debug] 
08/23/25 - 21:57:41.338876 [trace] Detected DurabilityMenu movie load from: D:\STOCK GAME\Data\Interface
08/23/25 - 21:57:41.338938 [debug] Patches loaded for Interface/DurabilityMenu.swf: 0
08/23/25 - 21:57:41.338945 [debug] 
08/23/25 - 21:58:00.372474 [trace] Detected DialogueMenu movie load from: D:\STOCK GAME\Data\Interface
08/23/25 - 21:58:00.372538 [debug] Patches loaded for Interface/DialogueMenu.swf: 0
08/23/25 - 21:58:00.372545 [debug] 
08/23/25 - 21:58:00.375017 [trace] Detected CursorMenu movie load from: D:\STOCK GAME\Data\Interface
08/23/25 - 21:58:00.375076 [debug] Patches loaded for Interface/CursorMenu.swf: 0
08/23/25 - 21:58:00.375083 [debug] 
08/23/25 - 21:58:13.830491 [trace] Detected MessageBox movie load from: D:\STOCK GAME\Data\Interface
08/23/25 - 21:58:13.830554 [debug] Patches loaded for Interface/MessageBox.swf: 0
08/23/25 - 21:58:13.830560 [debug] 
08/23/25 - 21:58:13.832622 [trace] Detected CursorMenu movie load from: D:\STOCK GAME\Data\Interface
08/23/25 - 21:58:13.832679 [debug] Patches loaded for Interface/CursorMenu.swf: 0
08/23/25 - 21:58:13.832690 [debug] 
08/23/25 - 21:58:17.013439 [trace] Detected DialogueMenu movie load from: D:\STOCK GAME\Data\Interface
08/23/25 - 21:58:17.013497 [debug] Patches loaded for Interface/DialogueMenu.swf: 0
08/23/25 - 21:58:17.013503 [debug] 
08/23/25 - 21:58:17.015516 [trace] Detected CursorMenu movie load from: D:\STOCK GAME\Data\Interface
08/23/25 - 21:58:17.015562 [debug] Patches loaded for Interface/CursorMenu.swf: 0
08/23/25 - 21:58:17.015567 [debug] 
08/23/25 - 21:58:34.365087 [trace] Detected SleepWaitMenu movie load from: D:\STOCK GAME\Data\Interface
08/23/25 - 21:58:34.365161 [debug] Patches loaded for Interface/SleepWaitMenu.swf: 0
08/23/25 - 21:58:34.365167 [debug] 
08/23/25 - 21:58:34.366955 [trace] Detected CursorMenu movie load from: D:\STOCK GAME\Data\Interface
08/23/25 - 21:58:34.367006 [debug] Patches loaded for Interface/CursorMenu.swf: 0
08/23/25 - 21:58:34.367011 [debug] 
08/23/25 - 21:58:37.924059 [trace] Detected CursorMenu movie load from: D:\STOCK GAME\Data\Interface
08/23/25 - 21:58:37.924117 [debug] Patches loaded for Interface/CursorMenu.swf: 0
08/23/25 - 21:58:37.924123 [debug] 
08/23/25 - 21:58:59.727829 [trace] Detected DialogueMenu movie load from: D:\STOCK GAME\Data\Interface
08/23/25 - 21:58:59.727894 [debug] Patches loaded for Interface/DialogueMenu.swf: 0
08/23/25 - 21:58:59.727900 [debug] 
08/23/25 - 21:58:59.729762 [trace] Detected CursorMenu movie load from: D:\STOCK GAME\Data\Interface
08/23/25 - 21:58:59.729811 [debug] Patches loaded for Interface/CursorMenu.swf: 0
08/23/25 - 21:58:59.729816 [debug] 
08/23/25 - 21:59:42.598720 [trace] Detected MessageBox movie load from: D:\STOCK GAME\Data\Interface
08/23/25 - 21:59:42.598785 [debug] Patches loaded for Interface/MessageBox.swf: 0
08/23/25 - 21:59:42.598790 [debug] 
08/23/25 - 21:59:42.602541 [trace] Detected DurabilityMenu movie load from: D:\STOCK GAME\Data\Interface
08/23/25 - 21:59:42.602591 [debug] Patches loaded for Interface/DurabilityMenu.swf: 0
08/23/25 - 21:59:42.602597 [debug] 
08/23/25 - 21:59:57.485308 [trace] Detected MagicMenu movie load from: D:\STOCK GAME\Data\Interface
08/23/25 - 21:59:57.485359 [debug] Patches loaded for Interface/MagicMenu.swf: 0
08/23/25 - 21:59:57.485364 [debug] 
08/23/25 - 21:59:57.494816 [trace] Detected CursorMenu movie load from: D:\STOCK GAME\Data\Interface
08/23/25 - 21:59:57.494864 [debug] Patches loaded for Interface/CursorMenu.swf: 0
08/23/25 - 21:59:57.494869 [debug] 
08/23/25 - 22:01:08.487280 [trace] Detected MessageBox movie load from: D:\STOCK GAME\Data\Interface
08/23/25 - 22:01:08.487370 [debug] Patches loaded for Interface/MessageBox.swf: 0
08/23/25 - 22:01:08.487377 [debug] 
08/23/25 - 22:01:08.491055 [trace] Detected DurabilityMenu movie load from: D:\STOCK GAME\Data\Interface
08/23/25 - 22:01:08.491105 [debug] Patches loaded for Interface/DurabilityMenu.swf: 0
08/23/25 - 22:01:08.491111 [debug] 
08/23/25 - 22:01:19.480984 [trace] Detected BookMenu movie load from: D:\STOCK GAME\Data\Interface
08/23/25 - 22:01:19.481091 [debug] Patches loaded for Interface/BookMenu.swf: 0
08/23/25 - 22:01:19.481102 [debug] 
08/23/25 - 22:01:19.487580 [trace] Detected Book movie load from: D:\STOCK GAME\Data\Interface
08/23/25 - 22:01:19.487642 [debug] Patches loaded for Interface/Book.swf: 0
08/23/25 - 22:01:19.487648 [debug] 
08/23/25 - 22:01:22.342563 [trace] Detected DialogueMenu movie load from: D:\STOCK GAME\Data\Interface
08/23/25 - 22:01:22.342625 [debug] Patches loaded for Interface/DialogueMenu.swf: 0
08/23/25 - 22:01:22.342631 [debug] 
08/23/25 - 22:01:22.345064 [trace] Detected CursorMenu movie load from: D:\STOCK GAME\Data\Interface
08/23/25 - 22:01:22.345118 [debug] Patches loaded for Interface/CursorMenu.swf: 0
08/23/25 - 22:01:22.345123 [debug] 
08/23/25 - 22:01:56.685867 [trace] Detected MessageBox movie load from: D:\STOCK GAME\Data\Interface
08/23/25 - 22:01:56.685924 [debug] Patches loaded for Interface/MessageBox.swf: 0
08/23/25 - 22:01:56.685929 [debug] 
08/23/25 - 22:01:56.689520 [trace] Detected DurabilityMenu movie load from: D:\STOCK GAME\Data\Interface
08/23/25 - 22:01:56.689566 [debug] Patches loaded for Interface/DurabilityMenu.swf: 0
08/23/25 - 22:01:56.689571 [debug] 
08/23/25 - 22:02:26.619233 [trace] Detected Map movie load from: D:\STOCK GAME\Data\Interface
08/23/25 - 22:02:26.619275 [debug] The path "D:\STOCK GAME\Data\Interface\InfinityUI\Map" exists, loading instance patches...
08/23/25 - 22:02:26.620017 [debug] Relative path is "InfinityUI\Map\WorldMap\LocalMapMenu\IconDisplayExtension.swf"
08/23/25 - 22:02:26.620030 [trace] Relative path to SWF: WorldMap\LocalMapMenu\IconDisplayExtension.swf
08/23/25 - 22:02:26.620041 [debug] Patch found at "D:\STOCK GAME\Data\Interface\InfinityUI\Map\WorldMap\LocalMapMenu\IconDisplayExtension.swf"
08/23/25 - 22:02:26.620058 [trace] Relative path to patch is: InfinityUI\Map\WorldMap\LocalMapMenu\IconDisplayExtension.swf
08/23/25 - 22:02:26.620699 [trace] New instance loaded!
08/23/25 - 22:02:26.620710 [trace] 
08/23/25 - 22:02:26.620720 [trace] _level0.localMapFader.MapClip: DisplayObject
08/23/25 - 22:02:26.620725 [trace] {
08/23/25 - 22:02:26.620730 [trace] 	var LocalMapRect: DisplayObject
08/23/25 - 22:02:26.620734 [trace] 	var Background: DisplayObject
08/23/25 - 22:02:26.620738 [trace] 	var LocalMapHolder_mc: DisplayObject
08/23/25 - 22:02:26.620743 [trace] 	var ClearedText: DisplayObject
08/23/25 - 22:02:26.620747 [trace] 	var MarkerClips: DisplayObject
08/23/25 - 22:02:26.620751 [trace] 	var markerDescriptionHolder: DisplayObject
08/23/25 - 22:02:26.620756 [trace] 	var LocationTextClip: DisplayObject
08/23/25 - 22:02:26.620760 [trace] 	var IconDisplayExtension: DisplayObject
08/23/25 - 22:02:26.620764 [trace] 	var _mapImageLoader: Object
08/23/25 - 22:02:26.620769 [trace] 	var TextureHolder: DisplayObject
08/23/25 - 22:02:26.620773 [trace] 	var IconDisplay: Object
08/23/25 - 22:02:26.620777 [trace] 	var _locationFinder: DisplayObject
08/23/25 - 22:02:26.620781 [trace] 	var _bottomBar: DisplayObject
08/23/25 - 22:02:26.620785 [trace] 	var ClearedDescription: DisplayObject
08/23/25 - 22:02:26.620790 [trace] 	var LocationDescription: DisplayObject
08/23/25 - 22:02:26.620795 [trace] }
08/23/25 - 22:02:26.620800 [trace] _level0.localMapFader.MapClip.IconDisplayExtension: DisplayObject
08/23/25 - 22:02:26.620804 [trace] {
08/23/25 - 22:02:26.620808 [trace] 	var extraMarkerContainer: DisplayObject
08/23/25 - 22:02:26.620812 [trace] 	var CREATE_STRIDE: Number
08/23/25 - 22:02:26.620816 [trace] 	var CREATE_ICONTYPE: Number
08/23/25 - 22:02:26.620853 [trace] 	var extraMarkers: Array
08/23/25 - 22:02:26.620859 [trace] }
08/23/25 - 22:02:26.620863 [trace] 
08/23/25 - 22:02:26.620994 [info] Patches loaded for Interface/Map.swf: 1
08/23/25 - 22:02:26.620999 [debug] 
08/23/25 - 22:02:26.622964 [trace] Detected CursorMenu movie load from: D:\STOCK GAME\Data\Interface
08/23/25 - 22:02:26.623009 [debug] Patches loaded for Interface/CursorMenu.swf: 0
08/23/25 - 22:02:26.623015 [debug] 
08/23/25 - 22:02:27.409278 [trace] Detected CursorMenu movie load from: D:\STOCK GAME\Data\Interface
08/23/25 - 22:02:27.409355 [debug] Patches loaded for Interface/CursorMenu.swf: 0
08/23/25 - 22:02:27.409365 [debug] 
08/23/25 - 22:02:30.336805 [trace] Detected MessageBox movie load from: D:\STOCK GAME\Data\Interface
08/23/25 - 22:02:30.336875 [debug] Patches loaded for Interface/MessageBox.swf: 0
08/23/25 - 22:02:30.336883 [debug] 
08/23/25 - 22:02:49.599788 [trace] Detected MessageBox movie load from: D:\STOCK GAME\Data\Interface
08/23/25 - 22:02:49.599850 [debug] Patches loaded for Interface/MessageBox.swf: 0
08/23/25 - 22:02:49.599856 [debug] 
08/23/25 - 22:02:49.603692 [trace] Detected DurabilityMenu movie load from: D:\STOCK GAME\Data\Interface
08/23/25 - 22:02:49.603746 [debug] Patches loaded for Interface/DurabilityMenu.swf: 0
08/23/25 - 22:02:49.603752 [debug] 
08/23/25 - 22:03:06.980422 [trace] Detected MessageBox movie load from: D:\STOCK GAME\Data\Interface
08/23/25 - 22:03:06.980483 [debug] Patches loaded for Interface/MessageBox.swf: 0
08/23/25 - 22:03:06.980489 [debug] 
08/23/25 - 22:03:06.984288 [trace] Detected DurabilityMenu movie load from: D:\STOCK GAME\Data\Interface
08/23/25 - 22:03:06.984340 [debug] Patches loaded for Interface/DurabilityMenu.swf: 0
08/23/25 - 22:03:06.984345 [debug] 
08/23/25 - 22:03:21.330650 [trace] Detected DialogueMenu movie load from: D:\STOCK GAME\Data\Interface
08/23/25 - 22:03:21.330708 [debug] Patches loaded for Interface/DialogueMenu.swf: 0
08/23/25 - 22:03:21.330713 [debug] 
08/23/25 - 22:03:21.332410 [trace] Detected CursorMenu movie load from: D:\STOCK GAME\Data\Interface
08/23/25 - 22:03:21.332455 [debug] Patches loaded for Interface/CursorMenu.swf: 0
08/23/25 - 22:03:21.332460 [debug] 
08/23/25 - 22:03:42.067164 [trace] Detected DialogueMenu movie load from: D:\STOCK GAME\Data\Interface
08/23/25 - 22:03:42.067229 [debug] Patches loaded for Interface/DialogueMenu.swf: 0
08/23/25 - 22:03:42.067235 [debug] 
08/23/25 - 22:03:42.069776 [trace] Detected CursorMenu movie load from: D:\STOCK GAME\Data\Interface
08/23/25 - 22:03:42.069829 [debug] Patches loaded for Interface/CursorMenu.swf: 0
08/23/25 - 22:03:42.069834 [debug] 
08/23/25 - 22:04:03.784377 [trace] Detected DialogueMenu movie load from: D:\STOCK GAME\Data\Interface
08/23/25 - 22:04:03.784442 [debug] Patches loaded for Interface/DialogueMenu.swf: 0
08/23/25 - 22:04:03.784447 [debug] 
08/23/25 - 22:04:03.786657 [trace] Detected CursorMenu movie load from: D:\STOCK GAME\Data\Interface
08/23/25 - 22:04:03.786708 [debug] Patches loaded for Interface/CursorMenu.swf: 0
08/23/25 - 22:04:03.786713 [debug] 
08/23/25 - 22:05:02.016058 [trace] Detected Quest_Journal movie load from: D:\STOCK GAME\Data\Interface
08/23/25 - 22:05:02.016143 [debug] Patches loaded for Interface/Quest_Journal.swf: 0
08/23/25 - 22:05:02.016150 [debug] 
08/23/25 - 22:05:02.020578 [trace] Detected CursorMenu movie load from: D:\STOCK GAME\Data\Interface
08/23/25 - 22:05:02.020643 [debug] Patches loaded for Interface/CursorMenu.swf: 0
08/23/25 - 22:05:02.020649 [debug] 
08/23/25 - 22:05:22.794152 [trace] Detected MessageBox movie load from: D:\STOCK GAME\Data\Interface
08/23/25 - 22:05:22.794212 [debug] Patches loaded for Interface/MessageBox.swf: 0
08/23/25 - 22:05:22.794218 [debug] 
08/23/25 - 22:05:22.797830 [trace] Detected DurabilityMenu movie load from: D:\STOCK GAME\Data\Interface
08/23/25 - 22:05:22.797875 [debug] Patches loaded for Interface/DurabilityMenu.swf: 0
08/23/25 - 22:05:22.797881 [debug] 
08/23/25 - 22:05:26.577674 [trace] Detected Map movie load from: D:\STOCK GAME\Data\Interface
08/23/25 - 22:05:26.577723 [debug] The path "D:\STOCK GAME\Data\Interface\InfinityUI\Map" exists, loading instance patches...
08/23/25 - 22:05:26.578441 [debug] Relative path is "InfinityUI\Map\WorldMap\LocalMapMenu\IconDisplayExtension.swf"
08/23/25 - 22:05:26.578455 [trace] Relative path to SWF: WorldMap\LocalMapMenu\IconDisplayExtension.swf
08/23/25 - 22:05:26.578467 [debug] Patch found at "D:\STOCK GAME\Data\Interface\InfinityUI\Map\WorldMap\LocalMapMenu\IconDisplayExtension.swf"
08/23/25 - 22:05:26.578486 [trace] Relative path to patch is: InfinityUI\Map\WorldMap\LocalMapMenu\IconDisplayExtension.swf
08/23/25 - 22:05:26.579169 [trace] New instance loaded!
08/23/25 - 22:05:26.579181 [trace] 
08/23/25 - 22:05:26.579192 [trace] _level0.localMapFader.MapClip: DisplayObject
08/23/25 - 22:05:26.579196 [trace] {
08/23/25 - 22:05:26.579201 [trace] 	var LocalMapRect: DisplayObject
08/23/25 - 22:05:26.579206 [trace] 	var Background: DisplayObject
08/23/25 - 22:05:26.579210 [trace] 	var LocalMapHolder_mc: DisplayObject
08/23/25 - 22:05:26.579214 [trace] 	var ClearedText: DisplayObject
08/23/25 - 22:05:26.579219 [trace] 	var MarkerClips: DisplayObject
08/23/25 - 22:05:26.579223 [trace] 	var markerDescriptionHolder: DisplayObject
08/23/25 - 22:05:26.579227 [trace] 	var LocationTextClip: DisplayObject
08/23/25 - 22:05:26.579231 [trace] 	var IconDisplayExtension: DisplayObject
08/23/25 - 22:05:26.579236 [trace] 	var _mapImageLoader: Object
08/23/25 - 22:05:26.579240 [trace] 	var TextureHolder: DisplayObject
08/23/25 - 22:05:26.579244 [trace] 	var IconDisplay: Object
08/23/25 - 22:05:26.579248 [trace] 	var _locationFinder: DisplayObject
08/23/25 - 22:05:26.579253 [trace] 	var _bottomBar: DisplayObject
08/23/25 - 22:05:26.579257 [trace] 	var ClearedDescription: DisplayObject
08/23/25 - 22:05:26.579261 [trace] 	var LocationDescription: DisplayObject
08/23/25 - 22:05:26.579266 [trace] }
08/23/25 - 22:05:26.579271 [trace] _level0.localMapFader.MapClip.IconDisplayExtension: DisplayObject
08/23/25 - 22:05:26.579275 [trace] {
08/23/25 - 22:05:26.579280 [trace] 	var extraMarkerContainer: DisplayObject
08/23/25 - 22:05:26.579284 [trace] 	var CREATE_STRIDE: Number
08/23/25 - 22:05:26.579288 [trace] 	var CREATE_ICONTYPE: Number
08/23/25 - 22:05:26.579292 [trace] 	var extraMarkers: Array
08/23/25 - 22:05:26.579296 [trace] }
08/23/25 - 22:05:26.579301 [trace] 
08/23/25 - 22:05:26.579383 [info] Patches loaded for Interface/Map.swf: 1
08/23/25 - 22:05:26.579387 [debug] 
08/23/25 - 22:05:26.581584 [trace] Detected CursorMenu movie load from: D:\STOCK GAME\Data\Interface
08/23/25 - 22:05:26.581626 [debug] Patches loaded for Interface/CursorMenu.swf: 0
08/23/25 - 22:05:26.581631 [debug] 
08/23/25 - 22:05:27.348552 [trace] Detected CursorMenu movie load from: D:\STOCK GAME\Data\Interface
08/23/25 - 22:05:27.348609 [debug] Patches loaded for Interface/CursorMenu.swf: 0
08/23/25 - 22:05:27.348615 [debug] 
08/23/25 - 22:05:35.671608 [trace] Detected MessageBox movie load from: D:\STOCK GAME\Data\Interface
08/23/25 - 22:05:35.671666 [debug] Patches loaded for Interface/MessageBox.swf: 0
08/23/25 - 22:05:35.671672 [debug] 
08/23/25 - 22:05:43.852695 [trace] Detected MessageBox movie load from: D:\STOCK GAME\Data\Interface
08/23/25 - 22:05:43.852757 [debug] Patches loaded for Interface/MessageBox.swf: 0
08/23/25 - 22:05:43.852763 [debug] 
08/23/25 - 22:05:45.350082 [trace] Detected MessageBox movie load from: D:\STOCK GAME\Data\Interface
08/23/25 - 22:05:45.350142 [debug] Patches loaded for Interface/MessageBox.swf: 0
08/23/25 - 22:05:45.350147 [debug] 
08/23/25 - 22:05:47.782658 [trace] Detected MessageBox movie load from: D:\STOCK GAME\Data\Interface
08/23/25 - 22:05:47.782723 [debug] Patches loaded for Interface/MessageBox.swf: 0
08/23/25 - 22:05:47.782730 [debug] 
08/23/25 - 22:05:59.948995 [trace] Detected MessageBox movie load from: D:\STOCK GAME\Data\Interface
08/23/25 - 22:05:59.949056 [debug] Patches loaded for Interface/MessageBox.swf: 0
08/23/25 - 22:05:59.949064 [debug] 
08/23/25 - 22:06:16.407099 [trace] Detected MessageBox movie load from: D:\STOCK GAME\Data\Interface
08/23/25 - 22:06:16.407165 [debug] Patches loaded for Interface/MessageBox.swf: 0
08/23/25 - 22:06:16.407171 [debug] 
08/23/25 - 22:06:16.410587 [trace] Detected DurabilityMenu movie load from: D:\STOCK GAME\Data\Interface
08/23/25 - 22:06:16.410632 [debug] Patches loaded for Interface/DurabilityMenu.swf: 0
08/23/25 - 22:06:16.410637 [debug] 
08/23/25 - 22:06:19.991832 [trace] Detected DialogueMenu movie load from: D:\STOCK GAME\Data\Interface
08/23/25 - 22:06:19.991893 [debug] Patches loaded for Interface/DialogueMenu.swf: 0
08/23/25 - 22:06:19.991899 [debug] 
08/23/25 - 22:06:19.993547 [trace] Detected CursorMenu movie load from: D:\STOCK GAME\Data\Interface
08/23/25 - 22:06:19.993587 [debug] Patches loaded for Interface/CursorMenu.swf: 0
08/23/25 - 22:06:19.993593 [debug] 
08/23/25 - 22:07:02.308692 [trace] Detected Quest_Journal movie load from: D:\STOCK GAME\Data\Interface
08/23/25 - 22:07:02.308747 [debug] Patches loaded for Interface/Quest_Journal.swf: 0
08/23/25 - 22:07:02.308752 [debug] 
08/23/25 - 22:07:02.311677 [trace] Detected CursorMenu movie load from: D:\STOCK GAME\Data\Interface
08/23/25 - 22:07:02.311719 [debug] Patches loaded for Interface/CursorMenu.swf: 0
08/23/25 - 22:07:02.311725 [debug] 
