SKSEPlugin.cpp(61): [info] InventoryInjector v1-1-0-0
CustomDataManager.cpp(89): [info] Read 34 rules from Skyrim.json
CustomDataManager.cpp(89): [info] Read 2 rules from Dawnguard.json
CustomDataManager.cpp(89): [info] Read 4 rules from Dragonborn.json
CustomDataManager.cpp(89): [info] Read 1 rules from ccasvsse001-almsivi.json
CustomDataManager.cpp(89): [info] Read 1 rules from ccbgssse019-staffofsheogorath.json
CustomDataManager.cpp(89): [info] Read 1 rules from ccbgssse036-petbwolf.json
CustomDataManager.cpp(89): [info] Read 1 rules from ccbgssse025-advdsgs.json
CustomDataManager.cpp(89): [info] Read 1 rules from cckrtsse001_altar.json
CustomDataManager.cpp(89): [info] Read 1 rules from BSAssets.json
CustomDataManager.cpp(89): [info] Read 2 rules from Wyrmstooth.json
CustomDataManager.cpp(89): [info] Read 96 rules from ASS_IconsAddon.json
CustomDataManager.cpp(89): [info] Read 249 rules from BOOBIES_ImmersiveIcons.json
CustomDataManager.cpp(89): [info] Read 85 rules from I4IconAddon.json
CustomDataManager.cpp(89): [info] Read 65 rules from PENIS_IconsAddon.json
CustomDataManager.cpp(89): [info] Read 11 rules from SkyUI_Weapons_Pack.json
CustomDataManager.cpp(89): [info] Read 1 rules from Vulcano.json
CustomDataManager.cpp(89): [info] Read 1 rules from Arclight.json
CustomDataManager.cpp(89): [info] Read 2 rules from Desecration.json
CustomDataManager.cpp(89): [info] Read 4 rules from Abyss.json
CustomDataManager.cpp(89): [info] Read 19 rules from Gourmet.json
CustomDataManager.cpp(89): [info] Read 2 rules from C.O.I.N.json
