JContainers64 4.1.13
plugin loaded
Created domain GTB_JCDomain 000001580A8520B0
Registering functions started
NativeFunction.Ctor object state 00000158086B4F58 00000158086B4F58
NativeFunction.Ctor objectWithSize state 00000158086B4F58 00000158086B4F58
NativeFunction.Ctor objectWithInts state 00000158086B4F58 00000158086B4F58
NativeFunction.Ctor objectWithStrings state 00000158086B4F58 00000158086B4F58
NativeFunction.Ctor objectWithFloats state 00000158086B4F58 00000158086B4F58
NativeFunction.Ctor objectWithBooleans state 00000158086B4F58 00000158086B4F58
NativeFunction.Ctor objectWithForms state 00000158086B4F58 00000158086B4F58
NativeFunction.Ctor subArray state 00000158086B4F58 00000158086B4F58
NativeFunction.Ctor addFromArray state 00000158086B4F58 00000158086B4F58
NativeFunction.Ctor addFromFormList state 00000158086B4F58 00000158086B4F58
NativeFunction.Ctor getInt state 00000158086B4F58 00000158086B4F58
NativeFunction.Ctor getFlt state 00000158086B4F58 00000158086B4F58
NativeFunction.Ctor getStr state 00000158086B4F58 00000158086B4F58
NativeFunction.Ctor getObj state 00000158086B4F58 00000158086B4F58
NativeFunction.Ctor getForm state 00000158086B4F58 00000158086B4F58
NativeFunction.Ctor asIntArray state 00000158086B4F58 00000158086B4F58
NativeFunction.Ctor asFloatArray state 00000158086B4F58 00000158086B4F58
NativeFunction.Ctor asStringArray state 00000158086B4F58 00000158086B4F58
NativeFunction.Ctor asFormArray state 00000158086B4F58 00000158086B4F58
NativeFunction.Ctor findInt state 00000158086B4F58 00000158086B4F58
NativeFunction.Ctor findFlt state 00000158086B4F58 00000158086B4F58
NativeFunction.Ctor findStr state 00000158086B4F58 00000158086B4F58
NativeFunction.Ctor findObj state 00000158086B4F58 00000158086B4F58
NativeFunction.Ctor findForm state 00000158086B4F58 00000158086B4F58
NativeFunction.Ctor countInteger state 00000158086B4F58 00000158086B4F58
NativeFunction.Ctor countFloat state 00000158086B4F58 00000158086B4F58
NativeFunction.Ctor countString state 00000158086B4F58 00000158086B4F58
NativeFunction.Ctor countObject state 00000158086B4F58 00000158086B4F58
NativeFunction.Ctor countForm state 00000158086B4F58 00000158086B4F58
NativeFunction.Ctor setInt state 00000158086B4F58 00000158086B4F58
NativeFunction.Ctor setFlt state 00000158086B4F58 00000158086B4F58
NativeFunction.Ctor setStr state 00000158086B4F58 00000158086B4F58
NativeFunction.Ctor setObj state 00000158086B4F58 00000158086B4F58
NativeFunction.Ctor setForm state 00000158086B4F58 00000158086B4F58
NativeFunction.Ctor addInt state 00000158086B4F58 00000158086B4F58
NativeFunction.Ctor addFlt state 00000158086B4F58 00000158086B4F58
NativeFunction.Ctor addStr state 00000158086B4F58 00000158086B4F58
NativeFunction.Ctor addObj state 00000158086B4F58 00000158086B4F58
NativeFunction.Ctor addForm state 00000158086B4F58 00000158086B4F58
NativeFunction.Ctor count state 00000158086B4F58 00000158086B4F58
NativeFunction.Ctor clear state 00000158086B4F58 00000158086B4F58
NativeFunction.Ctor eraseIndex state 00000158086B4F58 00000158086B4F58
NativeFunction.Ctor eraseRange state 00000158086B4F58 00000158086B4F58
NativeFunction.Ctor eraseInteger state 00000158086B4F58 00000158086B4F58
NativeFunction.Ctor eraseFloat state 00000158086B4F58 00000158086B4F58
NativeFunction.Ctor eraseString state 00000158086B4F58 00000158086B4F58
NativeFunction.Ctor eraseObject state 00000158086B4F58 00000158086B4F58
NativeFunction.Ctor eraseForm state 00000158086B4F58 00000158086B4F58
NativeFunction.Ctor valueType state 00000158086B4F58 00000158086B4F58
NativeFunction.Ctor swapItems state 00000158086B4F58 00000158086B4F58
NativeFunction.Ctor sort state 00000158086B4F58 00000158086B4F58
NativeFunction.Ctor unique state 00000158086B4F58 00000158086B4F58
NativeFunction.Ctor reverse state 00000158086B4F58 00000158086B4F58
NativeFunction.Ctor writeToIntegerPArray state 00000158086B4F58 00000158086B4F58
NativeFunction.Ctor writeToFloatPArray state 00000158086B4F58 00000158086B4F58
NativeFunction.Ctor writeToFormPArray state 00000158086B4F58 00000158086B4F58
NativeFunction.Ctor writeToStringPArray state 00000158086B4F58 00000158086B4F58
NativeFunction.Ctor fetchAddInt state 00000158086B4F58 00000158086B4F58
NativeFunction.Ctor fetchAddFlt state 00000158086B4F58 00000158086B4F58
NativeFunction.Ctor fetchMultInt state 00000158086B4F58 00000158086B4F58
NativeFunction.Ctor fetchMultFlt state 00000158086B4F58 00000158086B4F58
NativeFunction.Ctor fetchModInt state 00000158086B4F58 00000158086B4F58
NativeFunction.Ctor fetchDivInt state 00000158086B4F58 00000158086B4F58
NativeFunction.Ctor fetchDivFlt state 00000158086B4F58 00000158086B4F58
NativeFunction.Ctor fetchAndInt state 00000158086B4F58 00000158086B4F58
NativeFunction.Ctor fetchXorInt state 00000158086B4F58 00000158086B4F58
NativeFunction.Ctor fetchOrInt state 00000158086B4F58 00000158086B4F58
NativeFunction.Ctor exchangeInt state 00000158086B4F58 00000158086B4F58
NativeFunction.Ctor exchangeFlt state 00000158086B4F58 00000158086B4F58
NativeFunction.Ctor exchangeStr state 00000158086B4F58 00000158086B4F58
NativeFunction.Ctor exchangeForm state 00000158086B4F58 00000158086B4F58
NativeFunction.Ctor exchangeObj state 00000158086B4F58 00000158086B4F58
NativeFunction.Ctor compareExchangeInt state 00000158086B4F58 00000158086B4F58
NativeFunction.Ctor compareExchangeFlt state 00000158086B4F58 00000158086B4F58
NativeFunction.Ctor compareExchangeStr state 00000158086B4F58 00000158086B4F58
NativeFunction.Ctor compareExchangeForm state 00000158086B4F58 00000158086B4F58
NativeFunction.Ctor compareExchangeObj state 00000158086B4F58 00000158086B4F58
NativeFunction.Ctor solveFlt state 00000158086B4F58 00000158086B4F58
NativeFunction.Ctor solveInt state 00000158086B4F58 00000158086B4F58
NativeFunction.Ctor solveStr state 00000158086B4F58 00000158086B4F58
NativeFunction.Ctor solveObj state 00000158086B4F58 00000158086B4F58
NativeFunction.Ctor solveForm state 00000158086B4F58 00000158086B4F58
NativeFunction.Ctor solveFltSetter state 00000158086B4F58 00000158086B4F58
NativeFunction.Ctor solveIntSetter state 00000158086B4F58 00000158086B4F58
NativeFunction.Ctor solveStrSetter state 00000158086B4F58 00000158086B4F58
NativeFunction.Ctor solveObjSetter state 00000158086B4F58 00000158086B4F58
NativeFunction.Ctor solveFormSetter state 00000158086B4F58 00000158086B4F58
NativeFunction.Ctor setObj state 00000158086B4F58 00000158086B4F58
NativeFunction.Ctor hasPath state 00000158086B4F58 00000158086B4F58
NativeFunction.Ctor allKeys state 00000158086B4F58 00000158086B4F58
NativeFunction.Ctor allValues state 00000158086B4F58 00000158086B4F58
NativeFunction.Ctor writeToFile state 00000158086B4F58 00000158086B4F58
NativeFunction.Ctor root state 00000158086B4F58 00000158086B4F58
NativeFunction.Ctor setEntry state 00000158086B4F58 00000158086B4F58
NativeFunction.Ctor makeEntry state 00000158086B4F58 00000158086B4F58
NativeFunction.Ctor findEntry state 00000158086B4F58 00000158086B4F58
NativeFunction.Ctor solveFlt state 00000158086B4F58 00000158086B4F58
NativeFunction.Ctor solveInt state 00000158086B4F58 00000158086B4F58
NativeFunction.Ctor solveStr state 00000158086B4F58 00000158086B4F58
NativeFunction.Ctor solveObj state 00000158086B4F58 00000158086B4F58
NativeFunction.Ctor solveForm state 00000158086B4F58 00000158086B4F58
NativeFunction.Ctor solveFltSetter state 00000158086B4F58 00000158086B4F58
NativeFunction.Ctor solveIntSetter state 00000158086B4F58 00000158086B4F58
NativeFunction.Ctor solveStrSetter state 00000158086B4F58 00000158086B4F58
NativeFunction.Ctor solveObjSetter state 00000158086B4F58 00000158086B4F58
NativeFunction.Ctor solveFormSetter state 00000158086B4F58 00000158086B4F58
NativeFunction.Ctor hasPath state 00000158086B4F58 00000158086B4F58
NativeFunction.Ctor allKeys state 00000158086B4F58 00000158086B4F58
NativeFunction.Ctor allValues state 00000158086B4F58 00000158086B4F58
NativeFunction.Ctor getInt state 00000158086B4F58 00000158086B4F58
NativeFunction.Ctor getFlt state 00000158086B4F58 00000158086B4F58
NativeFunction.Ctor getStr state 00000158086B4F58 00000158086B4F58
NativeFunction.Ctor getObj state 00000158086B4F58 00000158086B4F58
NativeFunction.Ctor getForm state 00000158086B4F58 00000158086B4F58
NativeFunction.Ctor setInt state 00000158086B4F58 00000158086B4F58
NativeFunction.Ctor setFlt state 00000158086B4F58 00000158086B4F58
NativeFunction.Ctor setStr state 00000158086B4F58 00000158086B4F58
NativeFunction.Ctor setObj state 00000158086B4F58 00000158086B4F58
NativeFunction.Ctor setForm state 00000158086B4F58 00000158086B4F58
NativeFunction.Ctor object state 00000158086B4F58 00000158086B4F58
NativeFunction.Ctor getInt state 00000158086B4F58 00000158086B4F58
NativeFunction.Ctor getFlt state 00000158086B4F58 00000158086B4F58
NativeFunction.Ctor getStr state 00000158086B4F58 00000158086B4F58
NativeFunction.Ctor getObj state 00000158086B4F58 00000158086B4F58
NativeFunction.Ctor getForm state 00000158086B4F58 00000158086B4F58
NativeFunction.Ctor setInt state 00000158086B4F58 00000158086B4F58
NativeFunction.Ctor setFlt state 00000158086B4F58 00000158086B4F58
NativeFunction.Ctor setStr state 00000158086B4F58 00000158086B4F58
NativeFunction.Ctor setObj state 00000158086B4F58 00000158086B4F58
NativeFunction.Ctor setForm state 00000158086B4F58 00000158086B4F58
NativeFunction.Ctor hasKey state 00000158086B4F58 00000158086B4F58
NativeFunction.Ctor valueType state 00000158086B4F58 00000158086B4F58
NativeFunction.Ctor allKeys state 00000158086B4F58 00000158086B4F58
NativeFunction.Ctor allKeysPArray state 00000158086B4F58 00000158086B4F58
NativeFunction.Ctor allValues state 00000158086B4F58 00000158086B4F58
NativeFunction.Ctor removeKey state 00000158086B4F58 00000158086B4F58
NativeFunction.Ctor count state 00000158086B4F58 00000158086B4F58
NativeFunction.Ctor clear state 00000158086B4F58 00000158086B4F58
NativeFunction.Ctor addPairs state 00000158086B4F58 00000158086B4F58
NativeFunction.Ctor nextKey state 00000158086B4F58 00000158086B4F58
NativeFunction.Ctor getNthKey state 00000158086B4F58 00000158086B4F58
NativeFunction.Ctor object state 00000158086B4F58 00000158086B4F58
NativeFunction.Ctor getInt state 00000158086B4F58 00000158086B4F58
NativeFunction.Ctor getFlt state 00000158086B4F58 00000158086B4F58
NativeFunction.Ctor getStr state 00000158086B4F58 00000158086B4F58
NativeFunction.Ctor getObj state 00000158086B4F58 00000158086B4F58
NativeFunction.Ctor getForm state 00000158086B4F58 00000158086B4F58
NativeFunction.Ctor setInt state 00000158086B4F58 00000158086B4F58
NativeFunction.Ctor setFlt state 00000158086B4F58 00000158086B4F58
NativeFunction.Ctor setStr state 00000158086B4F58 00000158086B4F58
NativeFunction.Ctor setObj state 00000158086B4F58 00000158086B4F58
NativeFunction.Ctor setForm state 00000158086B4F58 00000158086B4F58
NativeFunction.Ctor hasKey state 00000158086B4F58 00000158086B4F58
NativeFunction.Ctor valueType state 00000158086B4F58 00000158086B4F58
NativeFunction.Ctor allKeys state 00000158086B4F58 00000158086B4F58
NativeFunction.Ctor allKeysPArray state 00000158086B4F58 00000158086B4F58
NativeFunction.Ctor allValues state 00000158086B4F58 00000158086B4F58
NativeFunction.Ctor removeKey state 00000158086B4F58 00000158086B4F58
NativeFunction.Ctor count state 00000158086B4F58 00000158086B4F58
NativeFunction.Ctor clear state 00000158086B4F58 00000158086B4F58
NativeFunction.Ctor addPairs state 00000158086B4F58 00000158086B4F58
NativeFunction.Ctor nextKey state 00000158086B4F58 00000158086B4F58
NativeFunction.Ctor getNthKey state 00000158086B4F58 00000158086B4F58
NativeFunction.Ctor evalLuaFlt state 00000158086B4F58 00000158086B4F58
NativeFunction.Ctor evalLuaInt state 00000158086B4F58 00000158086B4F58
NativeFunction.Ctor evalLuaStr state 00000158086B4F58 00000158086B4F58
NativeFunction.Ctor evalLuaObj state 00000158086B4F58 00000158086B4F58
NativeFunction.Ctor evalLuaForm state 00000158086B4F58 00000158086B4F58
NativeFunction.Ctor setStr state 00000158086B4F58 00000158086B4F58
NativeFunction.Ctor setFlt state 00000158086B4F58 00000158086B4F58
NativeFunction.Ctor setInt state 00000158086B4F58 00000158086B4F58
NativeFunction.Ctor setForm state 00000158086B4F58 00000158086B4F58
NativeFunction.Ctor setObj state 00000158086B4F58 00000158086B4F58
NativeFunction.Ctor object state 00000158086B4F58 00000158086B4F58
NativeFunction.Ctor getInt state 00000158086B4F58 00000158086B4F58
NativeFunction.Ctor getFlt state 00000158086B4F58 00000158086B4F58
NativeFunction.Ctor getStr state 00000158086B4F58 00000158086B4F58
NativeFunction.Ctor getObj state 00000158086B4F58 00000158086B4F58
NativeFunction.Ctor getForm state 00000158086B4F58 00000158086B4F58
NativeFunction.Ctor setInt state 00000158086B4F58 00000158086B4F58
NativeFunction.Ctor setFlt state 00000158086B4F58 00000158086B4F58
NativeFunction.Ctor setStr state 00000158086B4F58 00000158086B4F58
NativeFunction.Ctor setObj state 00000158086B4F58 00000158086B4F58
NativeFunction.Ctor setForm state 00000158086B4F58 00000158086B4F58
NativeFunction.Ctor hasKey state 00000158086B4F58 00000158086B4F58
NativeFunction.Ctor valueType state 00000158086B4F58 00000158086B4F58
NativeFunction.Ctor allKeys state 00000158086B4F58 00000158086B4F58
NativeFunction.Ctor allKeysPArray state 00000158086B4F58 00000158086B4F58
NativeFunction.Ctor allValues state 00000158086B4F58 00000158086B4F58
NativeFunction.Ctor removeKey state 00000158086B4F58 00000158086B4F58
NativeFunction.Ctor count state 00000158086B4F58 00000158086B4F58
NativeFunction.Ctor clear state 00000158086B4F58 00000158086B4F58
NativeFunction.Ctor addPairs state 00000158086B4F58 00000158086B4F58
NativeFunction.Ctor nextKey state 00000158086B4F58 00000158086B4F58
NativeFunction.Ctor getNthKey state 00000158086B4F58 00000158086B4F58
NativeFunction.Ctor wrap state 00000158086B4F58 00000158086B4F58
NativeFunction.Ctor enableAPILog state 00000158086B4F58 00000158086B4F58
NativeFunction.Ctor retain state 00000158086B4F58 00000158086B4F58
NativeFunction.Ctor release state 00000158086B4F58 00000158086B4F58
NativeFunction.Ctor releaseAndRetain state 00000158086B4F58 00000158086B4F58
NativeFunction.Ctor releaseObjectsWithTag state 00000158086B4F58 00000158086B4F58
NativeFunction.Ctor zeroLifetime state 00000158086B4F58 00000158086B4F58
NativeFunction.Ctor addToPool state 00000158086B4F58 00000158086B4F58
NativeFunction.Ctor cleanPool state 00000158086B4F58 00000158086B4F58
NativeFunction.Ctor shallowCopy state 00000158086B4F58 00000158086B4F58
NativeFunction.Ctor deepCopy state 00000158086B4F58 00000158086B4F58
NativeFunction.Ctor isExists state 00000158086B4F58 00000158086B4F58
NativeFunction.Ctor isArray state 00000158086B4F58 00000158086B4F58
NativeFunction.Ctor isMap state 00000158086B4F58 00000158086B4F58
NativeFunction.Ctor isFormMap state 00000158086B4F58 00000158086B4F58
NativeFunction.Ctor isIntegerMap state 00000158086B4F58 00000158086B4F58
NativeFunction.Ctor empty state 00000158086B4F58 00000158086B4F58
NativeFunction.Ctor count state 00000158086B4F58 00000158086B4F58
NativeFunction.Ctor clear state 00000158086B4F58 00000158086B4F58
NativeFunction.Ctor readFromFile state 00000158086B4F58 00000158086B4F58
NativeFunction.Ctor readFromDirectory state 00000158086B4F58 00000158086B4F58
NativeFunction.Ctor objectFromPrototype state 00000158086B4F58 00000158086B4F58
NativeFunction.Ctor writeToFile state 00000158086B4F58 00000158086B4F58
NativeFunction.Ctor solvedValueType state 00000158086B4F58 00000158086B4F58
NativeFunction.Ctor hasPath state 00000158086B4F58 00000158086B4F58
NativeFunction.Ctor solveFlt state 00000158086B4F58 00000158086B4F58
NativeFunction.Ctor solveInt state 00000158086B4F58 00000158086B4F58
NativeFunction.Ctor solveStr state 00000158086B4F58 00000158086B4F58
NativeFunction.Ctor solveObj state 00000158086B4F58 00000158086B4F58
NativeFunction.Ctor solveForm state 00000158086B4F58 00000158086B4F58
NativeFunction.Ctor solveFltSetter state 00000158086B4F58 00000158086B4F58
NativeFunction.Ctor solveIntSetter state 00000158086B4F58 00000158086B4F58
NativeFunction.Ctor solveStrSetter state 00000158086B4F58 00000158086B4F58
NativeFunction.Ctor solveObjSetter state 00000158086B4F58 00000158086B4F58
NativeFunction.Ctor solveFormSetter state 00000158086B4F58 00000158086B4F58
NativeFunction.Ctor evalLuaFlt state 00000158086B4F58 00000158086B4F58
NativeFunction.Ctor evalLuaInt state 00000158086B4F58 00000158086B4F58
NativeFunction.Ctor evalLuaStr state 00000158086B4F58 00000158086B4F58
NativeFunction.Ctor evalLuaObj state 00000158086B4F58 00000158086B4F58
NativeFunction.Ctor evalLuaForm state 00000158086B4F58 00000158086B4F58
NativeFunction.Ctor JArray_object state 000001580A8520B0 000001580A8520B0
NativeFunction.Ctor JArray_objectWithSize state 000001580A8520B0 000001580A8520B0
NativeFunction.Ctor JArray_objectWithInts state 000001580A8520B0 000001580A8520B0
NativeFunction.Ctor JArray_objectWithStrings state 000001580A8520B0 000001580A8520B0
NativeFunction.Ctor JArray_objectWithFloats state 000001580A8520B0 000001580A8520B0
NativeFunction.Ctor JArray_objectWithBooleans state 000001580A8520B0 000001580A8520B0
NativeFunction.Ctor JArray_objectWithForms state 000001580A8520B0 000001580A8520B0
NativeFunction.Ctor JArray_subArray state 000001580A8520B0 000001580A8520B0
NativeFunction.Ctor JArray_addFromArray state 000001580A8520B0 000001580A8520B0
NativeFunction.Ctor JArray_addFromFormList state 000001580A8520B0 000001580A8520B0
NativeFunction.Ctor JArray_getInt state 000001580A8520B0 000001580A8520B0
NativeFunction.Ctor JArray_getFlt state 000001580A8520B0 000001580A8520B0
NativeFunction.Ctor JArray_getStr state 000001580A8520B0 000001580A8520B0
NativeFunction.Ctor JArray_getObj state 000001580A8520B0 000001580A8520B0
NativeFunction.Ctor JArray_getForm state 000001580A8520B0 000001580A8520B0
NativeFunction.Ctor JArray_asIntArray state 000001580A8520B0 000001580A8520B0
NativeFunction.Ctor JArray_asFloatArray state 000001580A8520B0 000001580A8520B0
NativeFunction.Ctor JArray_asStringArray state 000001580A8520B0 000001580A8520B0
NativeFunction.Ctor JArray_asFormArray state 000001580A8520B0 000001580A8520B0
NativeFunction.Ctor JArray_findInt state 000001580A8520B0 000001580A8520B0
NativeFunction.Ctor JArray_findFlt state 000001580A8520B0 000001580A8520B0
NativeFunction.Ctor JArray_findStr state 000001580A8520B0 000001580A8520B0
NativeFunction.Ctor JArray_findObj state 000001580A8520B0 000001580A8520B0
NativeFunction.Ctor JArray_findForm state 000001580A8520B0 000001580A8520B0
NativeFunction.Ctor JArray_countInteger state 000001580A8520B0 000001580A8520B0
NativeFunction.Ctor JArray_countFloat state 000001580A8520B0 000001580A8520B0
NativeFunction.Ctor JArray_countString state 000001580A8520B0 000001580A8520B0
NativeFunction.Ctor JArray_countObject state 000001580A8520B0 000001580A8520B0
NativeFunction.Ctor JArray_countForm state 000001580A8520B0 000001580A8520B0
NativeFunction.Ctor JArray_setInt state 000001580A8520B0 000001580A8520B0
NativeFunction.Ctor JArray_setFlt state 000001580A8520B0 000001580A8520B0
NativeFunction.Ctor JArray_setStr state 000001580A8520B0 000001580A8520B0
NativeFunction.Ctor JArray_setObj state 000001580A8520B0 000001580A8520B0
NativeFunction.Ctor JArray_setForm state 000001580A8520B0 000001580A8520B0
NativeFunction.Ctor JArray_addInt state 000001580A8520B0 000001580A8520B0
NativeFunction.Ctor JArray_addFlt state 000001580A8520B0 000001580A8520B0
NativeFunction.Ctor JArray_addStr state 000001580A8520B0 000001580A8520B0
NativeFunction.Ctor JArray_addObj state 000001580A8520B0 000001580A8520B0
NativeFunction.Ctor JArray_addForm state 000001580A8520B0 000001580A8520B0
NativeFunction.Ctor JArray_count state 000001580A8520B0 000001580A8520B0
NativeFunction.Ctor JArray_clear state 000001580A8520B0 000001580A8520B0
NativeFunction.Ctor JArray_eraseIndex state 000001580A8520B0 000001580A8520B0
NativeFunction.Ctor JArray_eraseRange state 000001580A8520B0 000001580A8520B0
NativeFunction.Ctor JArray_eraseInteger state 000001580A8520B0 000001580A8520B0
NativeFunction.Ctor JArray_eraseFloat state 000001580A8520B0 000001580A8520B0
NativeFunction.Ctor JArray_eraseString state 000001580A8520B0 000001580A8520B0
NativeFunction.Ctor JArray_eraseObject state 000001580A8520B0 000001580A8520B0
NativeFunction.Ctor JArray_eraseForm state 000001580A8520B0 000001580A8520B0
NativeFunction.Ctor JArray_valueType state 000001580A8520B0 000001580A8520B0
NativeFunction.Ctor JArray_swapItems state 000001580A8520B0 000001580A8520B0
NativeFunction.Ctor JArray_sort state 000001580A8520B0 000001580A8520B0
NativeFunction.Ctor JArray_unique state 000001580A8520B0 000001580A8520B0
NativeFunction.Ctor JArray_reverse state 000001580A8520B0 000001580A8520B0
NativeFunction.Ctor JArray_writeToIntegerPArray state 000001580A8520B0 000001580A8520B0
NativeFunction.Ctor JArray_writeToFloatPArray state 000001580A8520B0 000001580A8520B0
NativeFunction.Ctor JArray_writeToFormPArray state 000001580A8520B0 000001580A8520B0
NativeFunction.Ctor JArray_writeToStringPArray state 000001580A8520B0 000001580A8520B0
NativeFunction.Ctor JAtomic_fetchAddInt state 000001580A8520B0 000001580A8520B0
NativeFunction.Ctor JAtomic_fetchAddFlt state 000001580A8520B0 000001580A8520B0
NativeFunction.Ctor JAtomic_fetchMultInt state 000001580A8520B0 000001580A8520B0
NativeFunction.Ctor JAtomic_fetchMultFlt state 000001580A8520B0 000001580A8520B0
NativeFunction.Ctor JAtomic_fetchModInt state 000001580A8520B0 000001580A8520B0
NativeFunction.Ctor JAtomic_fetchDivInt state 000001580A8520B0 000001580A8520B0
NativeFunction.Ctor JAtomic_fetchDivFlt state 000001580A8520B0 000001580A8520B0
NativeFunction.Ctor JAtomic_fetchAndInt state 000001580A8520B0 000001580A8520B0
NativeFunction.Ctor JAtomic_fetchXorInt state 000001580A8520B0 000001580A8520B0
NativeFunction.Ctor JAtomic_fetchOrInt state 000001580A8520B0 000001580A8520B0
NativeFunction.Ctor JAtomic_exchangeInt state 000001580A8520B0 000001580A8520B0
NativeFunction.Ctor JAtomic_exchangeFlt state 000001580A8520B0 000001580A8520B0
NativeFunction.Ctor JAtomic_exchangeStr state 000001580A8520B0 000001580A8520B0
NativeFunction.Ctor JAtomic_exchangeForm state 000001580A8520B0 000001580A8520B0
NativeFunction.Ctor JAtomic_exchangeObj state 000001580A8520B0 000001580A8520B0
NativeFunction.Ctor JAtomic_compareExchangeInt state 000001580A8520B0 000001580A8520B0
NativeFunction.Ctor JAtomic_compareExchangeFlt state 000001580A8520B0 000001580A8520B0
NativeFunction.Ctor JAtomic_compareExchangeStr state 000001580A8520B0 000001580A8520B0
NativeFunction.Ctor JAtomic_compareExchangeForm state 000001580A8520B0 000001580A8520B0
NativeFunction.Ctor JAtomic_compareExchangeObj state 000001580A8520B0 000001580A8520B0
NativeFunction.Ctor JDB_solveFlt state 000001580A8520B0 000001580A8520B0
NativeFunction.Ctor JDB_solveInt state 000001580A8520B0 000001580A8520B0
NativeFunction.Ctor JDB_solveStr state 000001580A8520B0 000001580A8520B0
NativeFunction.Ctor JDB_solveObj state 000001580A8520B0 000001580A8520B0
NativeFunction.Ctor JDB_solveForm state 000001580A8520B0 000001580A8520B0
NativeFunction.Ctor JDB_solveFltSetter state 000001580A8520B0 000001580A8520B0
NativeFunction.Ctor JDB_solveIntSetter state 000001580A8520B0 000001580A8520B0
NativeFunction.Ctor JDB_solveStrSetter state 000001580A8520B0 000001580A8520B0
NativeFunction.Ctor JDB_solveObjSetter state 000001580A8520B0 000001580A8520B0
NativeFunction.Ctor JDB_solveFormSetter state 000001580A8520B0 000001580A8520B0
NativeFunction.Ctor JDB_setObj state 000001580A8520B0 000001580A8520B0
NativeFunction.Ctor JDB_hasPath state 000001580A8520B0 000001580A8520B0
NativeFunction.Ctor JDB_allKeys state 000001580A8520B0 000001580A8520B0
NativeFunction.Ctor JDB_allValues state 000001580A8520B0 000001580A8520B0
NativeFunction.Ctor JDB_writeToFile state 000001580A8520B0 000001580A8520B0
NativeFunction.Ctor JDB_root state 000001580A8520B0 000001580A8520B0
NativeFunction.Ctor JFormDB_setEntry state 000001580A8520B0 000001580A8520B0
NativeFunction.Ctor JFormDB_makeEntry state 000001580A8520B0 000001580A8520B0
NativeFunction.Ctor JFormDB_findEntry state 000001580A8520B0 000001580A8520B0
NativeFunction.Ctor JFormDB_solveFlt state 000001580A8520B0 000001580A8520B0
NativeFunction.Ctor JFormDB_solveInt state 000001580A8520B0 000001580A8520B0
NativeFunction.Ctor JFormDB_solveStr state 000001580A8520B0 000001580A8520B0
NativeFunction.Ctor JFormDB_solveObj state 000001580A8520B0 000001580A8520B0
NativeFunction.Ctor JFormDB_solveForm state 000001580A8520B0 000001580A8520B0
NativeFunction.Ctor JFormDB_solveFltSetter state 000001580A8520B0 000001580A8520B0
NativeFunction.Ctor JFormDB_solveIntSetter state 000001580A8520B0 000001580A8520B0
NativeFunction.Ctor JFormDB_solveStrSetter state 000001580A8520B0 000001580A8520B0
NativeFunction.Ctor JFormDB_solveObjSetter state 000001580A8520B0 000001580A8520B0
NativeFunction.Ctor JFormDB_solveFormSetter state 000001580A8520B0 000001580A8520B0
NativeFunction.Ctor JFormDB_hasPath state 000001580A8520B0 000001580A8520B0
NativeFunction.Ctor JFormDB_allKeys state 000001580A8520B0 000001580A8520B0
NativeFunction.Ctor JFormDB_allValues state 000001580A8520B0 000001580A8520B0
NativeFunction.Ctor JFormDB_getInt state 000001580A8520B0 000001580A8520B0
NativeFunction.Ctor JFormDB_getFlt state 000001580A8520B0 000001580A8520B0
NativeFunction.Ctor JFormDB_getStr state 000001580A8520B0 000001580A8520B0
NativeFunction.Ctor JFormDB_getObj state 000001580A8520B0 000001580A8520B0
NativeFunction.Ctor JFormDB_getForm state 000001580A8520B0 000001580A8520B0
NativeFunction.Ctor JFormDB_setInt state 000001580A8520B0 000001580A8520B0
NativeFunction.Ctor JFormDB_setFlt state 000001580A8520B0 000001580A8520B0
NativeFunction.Ctor JFormDB_setStr state 000001580A8520B0 000001580A8520B0
NativeFunction.Ctor JFormDB_setObj state 000001580A8520B0 000001580A8520B0
NativeFunction.Ctor JFormDB_setForm state 000001580A8520B0 000001580A8520B0
NativeFunction.Ctor JFormMap_object state 000001580A8520B0 000001580A8520B0
NativeFunction.Ctor JFormMap_getInt state 000001580A8520B0 000001580A8520B0
NativeFunction.Ctor JFormMap_getFlt state 000001580A8520B0 000001580A8520B0
NativeFunction.Ctor JFormMap_getStr state 000001580A8520B0 000001580A8520B0
NativeFunction.Ctor JFormMap_getObj state 000001580A8520B0 000001580A8520B0
NativeFunction.Ctor JFormMap_getForm state 000001580A8520B0 000001580A8520B0
NativeFunction.Ctor JFormMap_setInt state 000001580A8520B0 000001580A8520B0
NativeFunction.Ctor JFormMap_setFlt state 000001580A8520B0 000001580A8520B0
NativeFunction.Ctor JFormMap_setStr state 000001580A8520B0 000001580A8520B0
NativeFunction.Ctor JFormMap_setObj state 000001580A8520B0 000001580A8520B0
NativeFunction.Ctor JFormMap_setForm state 000001580A8520B0 000001580A8520B0
NativeFunction.Ctor JFormMap_hasKey state 000001580A8520B0 000001580A8520B0
NativeFunction.Ctor JFormMap_valueType state 000001580A8520B0 000001580A8520B0
NativeFunction.Ctor JFormMap_allKeys state 000001580A8520B0 000001580A8520B0
NativeFunction.Ctor JFormMap_allKeysPArray state 000001580A8520B0 000001580A8520B0
NativeFunction.Ctor JFormMap_allValues state 000001580A8520B0 000001580A8520B0
NativeFunction.Ctor JFormMap_removeKey state 000001580A8520B0 000001580A8520B0
NativeFunction.Ctor JFormMap_count state 000001580A8520B0 000001580A8520B0
NativeFunction.Ctor JFormMap_clear state 000001580A8520B0 000001580A8520B0
NativeFunction.Ctor JFormMap_addPairs state 000001580A8520B0 000001580A8520B0
NativeFunction.Ctor JFormMap_nextKey state 000001580A8520B0 000001580A8520B0
NativeFunction.Ctor JFormMap_getNthKey state 000001580A8520B0 000001580A8520B0
NativeFunction.Ctor JIntMap_object state 000001580A8520B0 000001580A8520B0
NativeFunction.Ctor JIntMap_getInt state 000001580A8520B0 000001580A8520B0
NativeFunction.Ctor JIntMap_getFlt state 000001580A8520B0 000001580A8520B0
NativeFunction.Ctor JIntMap_getStr state 000001580A8520B0 000001580A8520B0
NativeFunction.Ctor JIntMap_getObj state 000001580A8520B0 000001580A8520B0
NativeFunction.Ctor JIntMap_getForm state 000001580A8520B0 000001580A8520B0
NativeFunction.Ctor JIntMap_setInt state 000001580A8520B0 000001580A8520B0
NativeFunction.Ctor JIntMap_setFlt state 000001580A8520B0 000001580A8520B0
NativeFunction.Ctor JIntMap_setStr state 000001580A8520B0 000001580A8520B0
NativeFunction.Ctor JIntMap_setObj state 000001580A8520B0 000001580A8520B0
NativeFunction.Ctor JIntMap_setForm state 000001580A8520B0 000001580A8520B0
NativeFunction.Ctor JIntMap_hasKey state 000001580A8520B0 000001580A8520B0
NativeFunction.Ctor JIntMap_valueType state 000001580A8520B0 000001580A8520B0
NativeFunction.Ctor JIntMap_allKeys state 000001580A8520B0 000001580A8520B0
NativeFunction.Ctor JIntMap_allKeysPArray state 000001580A8520B0 000001580A8520B0
NativeFunction.Ctor JIntMap_allValues state 000001580A8520B0 000001580A8520B0
NativeFunction.Ctor JIntMap_removeKey state 000001580A8520B0 000001580A8520B0
NativeFunction.Ctor JIntMap_count state 000001580A8520B0 000001580A8520B0
NativeFunction.Ctor JIntMap_clear state 000001580A8520B0 000001580A8520B0
NativeFunction.Ctor JIntMap_addPairs state 000001580A8520B0 000001580A8520B0
NativeFunction.Ctor JIntMap_nextKey state 000001580A8520B0 000001580A8520B0
NativeFunction.Ctor JIntMap_getNthKey state 000001580A8520B0 000001580A8520B0
NativeFunction.Ctor JLua_evalLuaFlt state 000001580A8520B0 000001580A8520B0
NativeFunction.Ctor JLua_evalLuaInt state 000001580A8520B0 000001580A8520B0
NativeFunction.Ctor JLua_evalLuaStr state 000001580A8520B0 000001580A8520B0
NativeFunction.Ctor JLua_evalLuaObj state 000001580A8520B0 000001580A8520B0
NativeFunction.Ctor JLua_evalLuaForm state 000001580A8520B0 000001580A8520B0
NativeFunction.Ctor JLua_setStr state 000001580A8520B0 000001580A8520B0
NativeFunction.Ctor JLua_setFlt state 000001580A8520B0 000001580A8520B0
NativeFunction.Ctor JLua_setInt state 000001580A8520B0 000001580A8520B0
NativeFunction.Ctor JLua_setForm state 000001580A8520B0 000001580A8520B0
NativeFunction.Ctor JLua_setObj state 000001580A8520B0 000001580A8520B0
NativeFunction.Ctor JMap_object state 000001580A8520B0 000001580A8520B0
NativeFunction.Ctor JMap_getInt state 000001580A8520B0 000001580A8520B0
NativeFunction.Ctor JMap_getFlt state 000001580A8520B0 000001580A8520B0
NativeFunction.Ctor JMap_getStr state 000001580A8520B0 000001580A8520B0
NativeFunction.Ctor JMap_getObj state 000001580A8520B0 000001580A8520B0
NativeFunction.Ctor JMap_getForm state 000001580A8520B0 000001580A8520B0
NativeFunction.Ctor JMap_setInt state 000001580A8520B0 000001580A8520B0
NativeFunction.Ctor JMap_setFlt state 000001580A8520B0 000001580A8520B0
NativeFunction.Ctor JMap_setStr state 000001580A8520B0 000001580A8520B0
NativeFunction.Ctor JMap_setObj state 000001580A8520B0 000001580A8520B0
NativeFunction.Ctor JMap_setForm state 000001580A8520B0 000001580A8520B0
NativeFunction.Ctor JMap_hasKey state 000001580A8520B0 000001580A8520B0
NativeFunction.Ctor JMap_valueType state 000001580A8520B0 000001580A8520B0
NativeFunction.Ctor JMap_allKeys state 000001580A8520B0 000001580A8520B0
NativeFunction.Ctor JMap_allKeysPArray state 000001580A8520B0 000001580A8520B0
NativeFunction.Ctor JMap_allValues state 000001580A8520B0 000001580A8520B0
NativeFunction.Ctor JMap_removeKey state 000001580A8520B0 000001580A8520B0
NativeFunction.Ctor JMap_count state 000001580A8520B0 000001580A8520B0
NativeFunction.Ctor JMap_clear state 000001580A8520B0 000001580A8520B0
NativeFunction.Ctor JMap_addPairs state 000001580A8520B0 000001580A8520B0
NativeFunction.Ctor JMap_nextKey state 000001580A8520B0 000001580A8520B0
NativeFunction.Ctor JMap_getNthKey state 000001580A8520B0 000001580A8520B0
NativeFunction.Ctor JString_wrap state 000001580A8520B0 000001580A8520B0
NativeFunction.Ctor JValue_enableAPILog state 000001580A8520B0 000001580A8520B0
NativeFunction.Ctor JValue_retain state 000001580A8520B0 000001580A8520B0
NativeFunction.Ctor JValue_release state 000001580A8520B0 000001580A8520B0
NativeFunction.Ctor JValue_releaseAndRetain state 000001580A8520B0 000001580A8520B0
NativeFunction.Ctor JValue_releaseObjectsWithTag state 000001580A8520B0 000001580A8520B0
NativeFunction.Ctor JValue_zeroLifetime state 000001580A8520B0 000001580A8520B0
NativeFunction.Ctor JValue_addToPool state 000001580A8520B0 000001580A8520B0
NativeFunction.Ctor JValue_cleanPool state 000001580A8520B0 000001580A8520B0
NativeFunction.Ctor JValue_shallowCopy state 000001580A8520B0 000001580A8520B0
NativeFunction.Ctor JValue_deepCopy state 000001580A8520B0 000001580A8520B0
NativeFunction.Ctor JValue_isExists state 000001580A8520B0 000001580A8520B0
NativeFunction.Ctor JValue_isArray state 000001580A8520B0 000001580A8520B0
NativeFunction.Ctor JValue_isMap state 000001580A8520B0 000001580A8520B0
NativeFunction.Ctor JValue_isFormMap state 000001580A8520B0 000001580A8520B0
NativeFunction.Ctor JValue_isIntegerMap state 000001580A8520B0 000001580A8520B0
NativeFunction.Ctor JValue_empty state 000001580A8520B0 000001580A8520B0
NativeFunction.Ctor JValue_count state 000001580A8520B0 000001580A8520B0
NativeFunction.Ctor JValue_clear state 000001580A8520B0 000001580A8520B0
NativeFunction.Ctor JValue_readFromFile state 000001580A8520B0 000001580A8520B0
NativeFunction.Ctor JValue_readFromDirectory state 000001580A8520B0 000001580A8520B0
NativeFunction.Ctor JValue_objectFromPrototype state 000001580A8520B0 000001580A8520B0
NativeFunction.Ctor JValue_writeToFile state 000001580A8520B0 000001580A8520B0
NativeFunction.Ctor JValue_solvedValueType state 000001580A8520B0 000001580A8520B0
NativeFunction.Ctor JValue_hasPath state 000001580A8520B0 000001580A8520B0
NativeFunction.Ctor JValue_solveFlt state 000001580A8520B0 000001580A8520B0
NativeFunction.Ctor JValue_solveInt state 000001580A8520B0 000001580A8520B0
NativeFunction.Ctor JValue_solveStr state 000001580A8520B0 000001580A8520B0
NativeFunction.Ctor JValue_solveObj state 000001580A8520B0 000001580A8520B0
NativeFunction.Ctor JValue_solveForm state 000001580A8520B0 000001580A8520B0
NativeFunction.Ctor JValue_solveFltSetter state 000001580A8520B0 000001580A8520B0
NativeFunction.Ctor JValue_solveIntSetter state 000001580A8520B0 000001580A8520B0
NativeFunction.Ctor JValue_solveStrSetter state 000001580A8520B0 000001580A8520B0
NativeFunction.Ctor JValue_solveObjSetter state 000001580A8520B0 000001580A8520B0
NativeFunction.Ctor JValue_solveFormSetter state 000001580A8520B0 000001580A8520B0
NativeFunction.Ctor JValue_evalLuaFlt state 000001580A8520B0 000001580A8520B0
NativeFunction.Ctor JValue_evalLuaInt state 000001580A8520B0 000001580A8520B0
NativeFunction.Ctor JValue_evalLuaStr state 000001580A8520B0 000001580A8520B0
NativeFunction.Ctor JValue_evalLuaObj state 000001580A8520B0 000001580A8520B0
NativeFunction.Ctor JValue_evalLuaForm state 000001580A8520B0 000001580A8520B0
Registering functions finished in 0.003000 sec
Revert started
Revert finished in 0.000000 sec
Load started
Garbage collection started
13 garbage objects collected. 10 objects are parts of cyclic graphs
Garbage collection finished in 0.000000 sec
Garbage collection started
0 garbage objects collected. 0 objects are parts of cyclic graphs
Garbage collection finished in 0.000000 sec
Default domain
12 objects total
12 public objects
10 objects in aqueue
Domain: GTB_JCDomain
3360 objects total
5 public objects
0 objects in aqueue
Load finished in 0.007000 sec
Lua context created
Save started
Default domain
15 objects total
14 public objects
0 objects in aqueue
Domain: GTB_JCDomain
3588 objects total
5 public objects
0 objects in aqueue
Save finished in 0.006000 sec
Save started
Default domain
15 objects total
14 public objects
0 objects in aqueue
Domain: GTB_JCDomain
3716 objects total
5 public objects
0 objects in aqueue
Save finished in 0.007000 sec
Save started
Default domain
15 objects total
14 public objects
0 objects in aqueue
Domain: GTB_JCDomain
3758 objects total
5 public objects
0 objects in aqueue
Save finished in 0.007000 sec
Revert started
Lua context destructed
Revert finished in 0.001000 sec
Load started
Garbage collection started
13 garbage objects collected. 10 objects are parts of cyclic graphs
Garbage collection finished in 0.000000 sec
Garbage collection started
0 garbage objects collected. 0 objects are parts of cyclic graphs
Garbage collection finished in 0.000000 sec
Default domain
12 objects total
12 public objects
10 objects in aqueue
Domain: GTB_JCDomain
3758 objects total
5 public objects
0 objects in aqueue
Load finished in 0.006000 sec
Lua context created
Revert started
Lua context destructed
Revert finished in 0.001000 sec
Load started
Garbage collection started
13 garbage objects collected. 10 objects are parts of cyclic graphs
Garbage collection finished in 0.000000 sec
Garbage collection started
0 garbage objects collected. 0 objects are parts of cyclic graphs
Garbage collection finished in 0.000000 sec
Default domain
12 objects total
12 public objects
10 objects in aqueue
Domain: GTB_JCDomain
3758 objects total
5 public objects
0 objects in aqueue
Load finished in 0.006000 sec
Lua context created
Revert started
Lua context destructed
Revert finished in 0.001000 sec
Load started
Garbage collection started
13 garbage objects collected. 10 objects are parts of cyclic graphs
Garbage collection finished in 0.000000 sec
Garbage collection started
0 garbage objects collected. 0 objects are parts of cyclic graphs
Garbage collection finished in 0.000000 sec
Default domain
12 objects total
12 public objects
10 objects in aqueue
Domain: GTB_JCDomain
3758 objects total
5 public objects
0 objects in aqueue
Load finished in 0.006000 sec
Lua context created
