08/17/25 - 20:29:36.064370 [info] Loading LocalMapUpgrade 2.1.0.0...
08/17/25 - 20:29:36.070335 [info] Succesfully loaded!
08/17/25 - 20:29:39.831932 [info] Successfully registered for Infinity UI messages!
08/17/25 - 20:36:21.133623 [info] Started loading patches
08/17/25 - 20:36:21.141812 [info] Finished loading HUD patches
08/17/25 - 20:40:40.239634 [info] Started loading patches
08/17/25 - 20:40:40.241312 [info] Finished loading HUD patches
08/17/25 - 20:45:54.106457 [info] Started loading patches
08/17/25 - 20:45:54.108388 [info] Finished loading HUD patches
08/17/25 - 21:07:43.562225 [info] Started loading patches
08/17/25 - 21:07:43.563963 [info] Finished loading HUD patches
08/17/25 - 21:08:17.188895 [info] Started loading patches
08/17/25 - 21:08:17.190938 [info] Finished loading HUD patches
08/17/25 - 21:09:24.447796 [info] Started loading patches
08/17/25 - 21:09:24.449512 [info] Finished loading HUD patches
08/17/25 - 21:12:49.658711 [info] Started loading patches
08/17/25 - 21:12:49.660557 [info] Finished loading HUD patches
08/17/25 - 21:19:06.774650 [info] Started loading patches
08/17/25 - 21:19:06.776638 [info] Finished loading HUD patches
08/17/25 - 21:20:52.205637 [info] Started loading patches
08/17/25 - 21:20:52.207369 [info] Finished loading HUD patches
08/17/25 - 21:26:20.932551 [info] Started loading patches
08/17/25 - 21:26:20.934554 [info] Finished loading HUD patches
08/17/25 - 21:27:26.883178 [info] Started loading patches
08/17/25 - 21:27:26.888762 [info] Finished loading HUD patches
08/17/25 - 21:39:46.291529 [info] Started loading patches
08/17/25 - 21:39:46.293499 [info] Finished loading HUD patches
08/17/25 - 21:40:42.978237 [info] Started loading patches
08/17/25 - 21:40:42.979769 [info] Finished loading HUD patches
08/17/25 - 21:40:46.938315 [info] Started loading patches
08/17/25 - 21:40:46.939878 [info] Finished loading HUD patches
08/17/25 - 21:46:15.451035 [info] Started loading patches
08/17/25 - 21:46:15.452637 [info] Finished loading HUD patches
08/17/25 - 21:47:13.195395 [info] Started loading patches
08/17/25 - 21:47:13.197004 [info] Finished loading HUD patches
08/17/25 - 21:47:20.669691 [info] Started loading patches
08/17/25 - 21:47:20.671414 [info] Finished loading HUD patches
08/17/25 - 21:47:51.786776 [info] Started loading patches
08/17/25 - 21:47:51.788635 [info] Finished loading HUD patches
08/17/25 - 21:48:01.616439 [info] Started loading patches
08/17/25 - 21:48:01.618053 [info] Finished loading HUD patches
08/17/25 - 21:56:04.099874 [info] Started loading patches
08/17/25 - 21:56:04.101575 [info] Finished loading HUD patches
08/17/25 - 22:00:09.950308 [info] Started loading patches
08/17/25 - 22:00:09.952455 [info] Finished loading HUD patches
08/17/25 - 22:03:37.738949 [info] Started loading patches
08/17/25 - 22:03:37.740628 [info] Finished loading HUD patches
