Loaded plugin
Installing TESObjectREFR::GetEncounterZone function hook



Original GEZ invalid for 103389


Original GEZ invalid for FE2E288E


Original GEZ invalid for 48C23


Original GEZ invalid for 20028F6


Original GEZ invalid for E025823A


Original GEZ invalid for E02B8E7B


Original GEZ invalid for E02B8E68


Original GEZ invalid for D1B39


Original GEZ invalid for 746D9


Original GEZ invalid for FE7CE88C

Caching locations to encounter zones


Encounter Zone 1E
Had no linked location, ignoring
Encounter Zone 10F67D
	Has location Tower of Mzark
		Inserting encounter zone for location
Encounter Zone 10D415
	Has location The Midden
		Inserting encounter zone for location
Encounter Zone 10D0C3
	Has location Abandoned House
		Inserting encounter zone for location
Encounter Zone 108A5B
	Has location Stendarr's Beacon
		Inserting encounter zone for location
Encounter Zone FDBE0
	Has location Northwind Mine
		Inserting encounter zone for location
Encounter Zone FDA47
	Has location Bonechill Passage
		Inserting encounter zone for location
Encounter Zone FD686
	Has location Arcwind Point
		Inserting encounter zone for location
Encounter Zone F94A6
	Has location Helgen
		Inserting encounter zone for location
Encounter Zone F90B1
Had no linked location, ignoring
Encounter Zone F6F14
	Has location Meeko's Shack
		Inserting encounter zone for location
Encounter Zone F5BA8
	Has location Shrine of Boethiah
		Inserting encounter zone for location
Encounter Zone F5BA6
	Has location Shrine of Peryite
		Inserting encounter zone for location
Encounter Zone F5BA3
	Has location Angi's Camp
		Inserting encounter zone for location
Encounter Zone F52DB
	Has location Boulderfall Cave
		Inserting encounter zone for location
Encounter Zone F52B1
	Has location Hunter's Rest
		Inserting encounter zone for location
Encounter Zone EF573
	Has location Refugees' Rest
		Inserting encounter zone for location
Encounter Zone EF54B
	Has location Journeyman's Nook
		Inserting encounter zone for location
Encounter Zone EF545
	Has location Ironback Hideout
		Inserting encounter zone for location
Encounter Zone EF0BD
	Has location Pinefrost Tower
		Inserting encounter zone for location
Encounter Zone EF0B1
	Has location Skytemple Ruins
		Inserting encounter zone for location
Encounter Zone EF0AA
	Has location Widow's Watch Ruins
		Inserting encounter zone for location
Encounter Zone EF0A3
	Has location Hamvir's Rest
		Inserting encounter zone for location
Encounter Zone ECF89
	Has location Broken Limb Camp
		Inserting encounter zone for location
Encounter Zone ECF54
	Has location Mara's Eye Pond
		Inserting encounter zone for location
Encounter Zone ECF4E
	Has location Riverside Shack
		Inserting encounter zone for location
Encounter Zone ECF4B
	Has location Abandoned Prison
		Inserting encounter zone for location
Encounter Zone EAA61
	Has location Valkygg
		Inserting encounter zone for location
Encounter Zone E9DA8
	Has location Warehouses
		Inserting encounter zone for location
Encounter Zone D9546
	Has location Anise's Cabin
		Inserting encounter zone for location
Encounter Zone D9545
	Has location Embershard
		Inserting encounter zone for location
Encounter Zone C3442
	Has location Hall of the Vigilant
		Inserting encounter zone for location
Encounter Zone C3429
	Has location Yorgrim Overlook
		Inserting encounter zone for location
Encounter Zone C2EFD
	Has location Wayward Pass
		Inserting encounter zone for location
Encounter Zone C2EF9
	Has location Snowpoint Beacon
		Inserting encounter zone for location
Encounter Zone C2EF2
	Has location Kjenstag Ruins
		Inserting encounter zone for location
Encounter Zone C2EEE
	Has location Windward Ruins
		Inserting encounter zone for location
Encounter Zone C2EE8
	Has location Traitor's Post
		Inserting encounter zone for location
Encounter Zone BC0AD
	Has location Weynon Stones
		Inserting encounter zone for location
Encounter Zone BC0A4
	Has location Cold Rock Pass
		Inserting encounter zone for location
Encounter Zone B23AD
	Has location Four Skull Lookout
		Inserting encounter zone for location
Encounter Zone B23A6
	Has location Reachwind Eyrie
		Inserting encounter zone for location
Encounter Zone B23A0
	Has location Cradle Stone Tower
		Inserting encounter zone for location
Encounter Zone B2396
	Has location Dragon Bridge Overlook
		Inserting encounter zone for location
Encounter Zone B2392
	Has location Deep Folk Crossing
		Inserting encounter zone for location
Encounter Zone B238E
	Has location Cliffside Retreat
		Inserting encounter zone for location
Encounter Zone 998BF
	Has location E3 Bleak Falls Barrow
		Inserting encounter zone for location
Encounter Zone 90575
	Has location Raldbthar
		Inserting encounter zone for location
Encounter Zone 80F29
	Has location Stony Creek Cave
		Inserting encounter zone for location
Encounter Zone 79FA0
	Has location Steamcrag Camp
		Inserting encounter zone for location
Encounter Zone 5CF97
	Has location Calcelmo's Laboratory
		Inserting encounter zone for location
Encounter Zone 5CF96
	Has location Dwemer Museum
		Inserting encounter zone for location
Encounter Zone 233F2
	Has location Kagrenzel
		Inserting encounter zone for location
Encounter Zone E66AC
	Has location Drelas Cottage
		Inserting encounter zone for location
Encounter Zone E66AA
	Has location Crab Shack
		Inserting encounter zone for location
Encounter Zone E66A6
	Has location Lund's Hut
		Inserting encounter zone for location
Encounter Zone E66A2
	Has location Gjukar's Monument
		Inserting encounter zone for location
Encounter Zone E66A1
	Has location Whitewatch Tower
		Inserting encounter zone for location
Encounter Zone D568A
	Has location The Atronach Doomstone
		Inserting encounter zone for location
Encounter Zone D5689
	Has location The Lady Doomstone
		Inserting encounter zone for location
Encounter Zone D5688
	Has location The Lord Doomstone
		Inserting encounter zone for location
Encounter Zone D5687
	Has location The Lover Doomstone
		Inserting encounter zone for location
Encounter Zone D5686
	Has location The Mage Doomstone
		Inserting encounter zone for location
Encounter Zone D5685
	Has location The Ritual Doomstone
		Inserting encounter zone for location
Encounter Zone D5684
	Has location The Serpent Doomstone
		Inserting encounter zone for location
Encounter Zone D5683
	Has location The Shadow Doomstone
		Inserting encounter zone for location
Encounter Zone D5682
	Has location The Steed Doomstone
		Inserting encounter zone for location
Encounter Zone D5681
	Has location The Tower Doomstone
		Inserting encounter zone for location
Encounter Zone D5680
	Has location The Warrior Doomstone
		Inserting encounter zone for location
Encounter Zone D5674
	Has location The Apprentice Doomstone
		Inserting encounter zone for location
Encounter Zone D5672
	Has location The Thief Doomstone
		Inserting encounter zone for location
Encounter Zone D5670
	Has location Bthalft
		Inserting encounter zone for location
Encounter Zone D566E
	Has location Alchemist's Shack
		Inserting encounter zone for location
Encounter Zone D566C
	Has location Lost Prospect Mine
		Inserting encounter zone for location
Encounter Zone D566A
	Has location Shor's Watchtower
		Inserting encounter zone for location
Encounter Zone D5668
	Has location Rkund
		Inserting encounter zone for location
Encounter Zone D5666
	Has location Rift Watchtower
		Inserting encounter zone for location
Encounter Zone D5664
	Has location Froki's Shack
		Inserting encounter zone for location
Encounter Zone D440E
	Has location Septimus Signus's Outpost
		Inserting encounter zone for location
Encounter Zone C33AE
	Has location Fallowstone Cave
		Inserting encounter zone for location
Encounter Zone A828A
	Has location Rebel's Cairn
		Inserting encounter zone for location
Encounter Zone A8286
	Has location Orotheim
		Inserting encounter zone for location
Encounter Zone A0E3C
	Has location Shriekwind Bastion
		Inserting encounter zone for location
Encounter Zone 61ADA
	Has location Sunderstone Gorge
		Inserting encounter zone for location
Encounter Zone 22F07
	Has location Ironbind Barrow
		Inserting encounter zone for location
Encounter Zone 16F87
	Has location Bloodlet Throne
		Inserting encounter zone for location
Encounter Zone 4B677
	Has location North Skybound Watch
		Inserting encounter zone for location
Encounter Zone 478DD
	Has location Falkreath Watchtower
		Inserting encounter zone for location
Encounter Zone 47884
	Has location Peak's Shade Tower
		Inserting encounter zone for location
Encounter Zone 4787F
	Has location Roadside Ruins
		Inserting encounter zone for location
Encounter Zone 4786A
	Has location Bannermist Tower
		Inserting encounter zone for location
Encounter Zone 8E1B8
	Has location Knifepoint Ridge
		Inserting encounter zone for location
Encounter Zone 27F6F
	Has location Thalmor Embassy
		Inserting encounter zone for location
Encounter Zone BBB46
	Has location The Katariah
		Inserting encounter zone for location
Encounter Zone B8AA2
	Has location Guldun Rock
		Inserting encounter zone for location
Encounter Zone A385A
	Has location Narzulbur
		Inserting encounter zone for location
Encounter Zone A3859
	Has location Bilegulch Mine
		Inserting encounter zone for location
Encounter Zone A3858
	Has location Largashbur
		Inserting encounter zone for location
Encounter Zone A3857
	Has location Cracked Tusk Keep
		Inserting encounter zone for location
Encounter Zone A3856
	Has location Dushnikh Yal
		Inserting encounter zone for location
Encounter Zone A3855
	Has location Blizzard Rest
		Inserting encounter zone for location
Encounter Zone 9FBB9
	Has location Riften Ratway
		Inserting encounter zone for location
Encounter Zone 919A0
	Has location Dawnstar Sanctuary
		Inserting encounter zone for location
Encounter Zone 7B919
	Has location Dainty Sload
		Inserting encounter zone for location
Encounter Zone 6E2F1
	Has location Mor Khazgur
		Inserting encounter zone for location
Encounter Zone 6CCC7
	Has location Shroud Hearth Barrow
		Inserting encounter zone for location
Encounter Zone 46BBC
	Has location Bronze Water Cave
		Inserting encounter zone for location
Encounter Zone 30AB1
	Has location Skyborn Altar
		Inserting encounter zone for location
Encounter Zone 5FBA6
	Has location East Empire Company Warehouse
		Inserting encounter zone for location
Encounter Zone 5F429
	Has location Brinewater Grotto
		Inserting encounter zone for location
Encounter Zone 52541
	Has location Haemar's Shame
		Inserting encounter zone for location
Encounter Zone 47D27
	Has location Nightingale Hall
		Inserting encounter zone for location
Encounter Zone 3EC94
	Has location Karthspire
		Inserting encounter zone for location
Encounter Zone 3EC93
	Has location Fallowstone Cave
		Encounter zone 3EC93 conflicts with C33AE
Encounter Zone 3EC92
	Has location Southfringe Sanctum
		Inserting encounter zone for location
Encounter Zone 3EC91
	Has location Ysgramor's Tomb
		Inserting encounter zone for location
Encounter Zone 3EC90
	Has location Yngvild
		Inserting encounter zone for location
Encounter Zone 3EC8F
	Has location Yngol Barrow
		Inserting encounter zone for location
Encounter Zone 3EC8E
	Has location Wolfskull Cave
		Inserting encounter zone for location
Encounter Zone 3EC8D
	Has location Witchmist Grove
		Inserting encounter zone for location
Encounter Zone 3EC8B
	Has location White River Watch
		Inserting encounter zone for location
Encounter Zone 3EC8A
	Has location Whistling Mine
		Inserting encounter zone for location
Encounter Zone 3EC89
	Has location Serpent's Bluff Redoubt
		Inserting encounter zone for location
Encounter Zone 3EC88
	Has location Volunruud
		Inserting encounter zone for location
Encounter Zone 3EC87
	Has location Volskygge
		Inserting encounter zone for location
Encounter Zone 3EC86
	Has location Valthume
		Inserting encounter zone for location
Encounter Zone 3EC85
	Has location Valtheim Towers
		Inserting encounter zone for location
Encounter Zone 3EC84
	Has location Uttering Hills Camp
		Inserting encounter zone for location
Encounter Zone 3EC83
	Has location Ustengrav
		Inserting encounter zone for location
Encounter Zone 3EC82
	Has location Tumble Arch Pass
		Inserting encounter zone for location
Encounter Zone 3EC81
	Has location Treva's Watch
		Inserting encounter zone for location
Encounter Zone 3EC80
	Has location Tolvald's Cave
		Inserting encounter zone for location
Encounter Zone 3EC7F
	Has location Throat of the World
		Inserting encounter zone for location
Encounter Zone 3EC7E
	Has location Talking Stone Camp
		Inserting encounter zone for location
Encounter Zone 3EC7D
	Has location Nightcaller Temple
		Inserting encounter zone for location
Encounter Zone 3EC7C
	Has location Frostmere Crypt
		Inserting encounter zone for location
Encounter Zone 3EC7B
	Has location Stonehill Bluff
		Inserting encounter zone for location
Encounter Zone 3EC7A
	Has location Stillborn Cave
		Inserting encounter zone for location
Encounter Zone 3EC79
	Has location Steepfall Burrow
		Inserting encounter zone for location
Encounter Zone 3EC76
	Has location Sovngarde
		Inserting encounter zone for location
Encounter Zone 3EC75
	Has location Soljund's Sinkhole
		Inserting encounter zone for location
Encounter Zone 3EC74
	Has location Snow Veil Sanctum
		Inserting encounter zone for location
Encounter Zone 3EC73
	Has location Snapleg Cave
		Inserting encounter zone for location
Encounter Zone 3EC72
	Has location Sleeping Tree Camp
		Inserting encounter zone for location
Encounter Zone 3EC71
	Has location Skuldafn
		Inserting encounter zone for location
Encounter Zone 3EC70
	Has location Silverdrift Lair
		Inserting encounter zone for location
Encounter Zone 3EC6F
	Has location Silent Moons Camp
		Inserting encounter zone for location
Encounter Zone 3EC6E
	Has location Sightless Pit
		Inserting encounter zone for location
Encounter Zone 3EC6D
	Has location Shrouded Grove
		Inserting encounter zone for location
Encounter Zone 3EC6C
	Has location Orphan's Tear
		Inserting encounter zone for location
Encounter Zone 3EC6B
	Has location Winter War
		Inserting encounter zone for location
Encounter Zone 3EC6A
	Has location Pride of Tel Vos
		Inserting encounter zone for location
Encounter Zone 3EC69
	Has location Pilgrim's Trench
		Inserting encounter zone for location
Encounter Zone 3EC68
	Has location Hela's Folly
		Inserting encounter zone for location
Encounter Zone 3EC67
	Has location Brinehammer
		Inserting encounter zone for location
Encounter Zone 3EC66
	Has location 
		Inserting encounter zone for location
Encounter Zone 3EC65
	Has location Shimmermist Cave
		Inserting encounter zone for location
Encounter Zone 3EC64
	Has location Shadowgreen Cavern
		Inserting encounter zone for location
Encounter Zone 3EC63
	Has location Robber's Gorge
		Inserting encounter zone for location
Encounter Zone 3EC62
	Has location Secunda's Kiss
		Inserting encounter zone for location
Encounter Zone 3EC61
	Has location Saarthal
		Inserting encounter zone for location
Encounter Zone 3EC5F
	Has location Riverwatch
		Inserting encounter zone for location
Encounter Zone 3EC5E
	Has location Rimerock Burrow
		Inserting encounter zone for location
Encounter Zone 3EC5D
	Has location Red Road Pass
		Inserting encounter zone for location
Encounter Zone 3EC5C
	Has location Redoran's Retreat
		Inserting encounter zone for location
Encounter Zone 3EC5B
	Has location Reachwater Rock
		Inserting encounter zone for location
Encounter Zone 3EC5A
	Has location Reachcliff Cave
		Inserting encounter zone for location
Encounter Zone 3EC59
	Has location Ravenscar Hollow
		Inserting encounter zone for location
Encounter Zone 3EC58
	Has location Rannveig's Fast
		Inserting encounter zone for location
Encounter Zone 3EC57
	Has location Ragnvald
		Inserting encounter zone for location
Encounter Zone 3EC55
	Has location Purewater Run
		Inserting encounter zone for location
Encounter Zone 3EC54
	Has location Potema's Catacombs
		Inserting encounter zone for location
Encounter Zone 3EC52
	Has location Pinewatch
		Inserting encounter zone for location
Encounter Zone 3EC51
	Has location Pinepeak Cavern
		Inserting encounter zone for location
Encounter Zone 3EC50
	Has location Pinemoon Cave
		Inserting encounter zone for location
Encounter Zone 3EC4F
	Has location Northwatch Keep
		Inserting encounter zone for location
Encounter Zone 3EC4E
	Has location Nilheim
		Inserting encounter zone for location
Encounter Zone 3EC4D
	Has location Nchuand-Zel
		Inserting encounter zone for location
Encounter Zone 3EC4C
	Has location Mzulft
		Inserting encounter zone for location
Encounter Zone 3EC4B
	Has location Mount Anthor
		Inserting encounter zone for location
Encounter Zone 3EC4A
	Has location Moss Mother Cavern
		Inserting encounter zone for location
Encounter Zone 3EC49
	Has location Mzinchaleft
		Inserting encounter zone for location
Encounter Zone 3EC48
	Has location Morvunskar
		Inserting encounter zone for location
Encounter Zone 3EC47
	Has location Mistwatch
		Inserting encounter zone for location
Encounter Zone 3EC46
	Has location Lost Valley Redoubt
		Inserting encounter zone for location
Encounter Zone 3EC45
	Has location Lost Knife Hideout
		Inserting encounter zone for location
Encounter Zone 3EC44
	Has location Lost Echo Cave
		Inserting encounter zone for location
Encounter Zone 3EC42
	Has location Labyrinthian
		Inserting encounter zone for location
Encounter Zone 3EC41
	Has location Liar's Retreat
		Inserting encounter zone for location
Encounter Zone 3EC40
	Has location Korvanjund
		Inserting encounter zone for location
Encounter Zone 3EC3F
	Has location Kilkreath Ruins
		Inserting encounter zone for location
Encounter Zone 3EC3E
	Has location Irkngthand
		Inserting encounter zone for location
Encounter Zone 3EC3D
	Has location Greenspring Hollow
		Inserting encounter zone for location
Encounter Zone 3EC3C
	Has location Ilinalta's Deep
		Inserting encounter zone for location
Encounter Zone 3EC3B
	Has location Honningbrew Meadery
		Inserting encounter zone for location
Encounter Zone 3EC39
	Has location Honeystrand Cave
		Inserting encounter zone for location
Encounter Zone 3EC38
	Has location Hob's Fall Cave
		Inserting encounter zone for location
Encounter Zone 3EC37
	Has location Brittleshin Pass
		Inserting encounter zone for location
Encounter Zone 3EC36
	Has location Hillgrund's Tomb
		Inserting encounter zone for location
Encounter Zone 3EC35
	Has location High Hrothgar
		Inserting encounter zone for location
Encounter Zone 3EC34
	Has location High Gate Ruins
		Inserting encounter zone for location
Encounter Zone 3EC33
	Has location Harmugstahl
		Inserting encounter zone for location
Encounter Zone 3EC32
	Has location Halted Stream Camp
		Inserting encounter zone for location
Encounter Zone 3EC31
	Has location Halldir's Cairn
		Inserting encounter zone for location
Encounter Zone 3EC30
	Has location Hag's End
		Inserting encounter zone for location
Encounter Zone 3EC2F
	Has location Hag Rock Redoubt
		Inserting encounter zone for location
Encounter Zone 3EC2E
	Has location Guldun Rock
		Encounter zone 3EC2E conflicts with B8AA2
Encounter Zone 3EC2D
	Has location Greywater Grotto
		Inserting encounter zone for location
Encounter Zone 3EC2C
	Has location Greywinter Watch
		Inserting encounter zone for location
Encounter Zone 3EC2B
	Has location Goldenglow Estate
		Inserting encounter zone for location
Encounter Zone 3EC2A
	Has location Gloomreach
		Inserting encounter zone for location
Encounter Zone 3EC29
	Has location Gloombound Mine
		Inserting encounter zone for location
Encounter Zone 3EC28
	Has location Glenmoril Coven
		Inserting encounter zone for location
Encounter Zone 3EC27
	Has location Movarth's Lair
		Inserting encounter zone for location
Encounter Zone 3EC26
	Has location Geirmund's Hall
		Inserting encounter zone for location
Encounter Zone 3EC25
	Has location Gallows Rock
		Inserting encounter zone for location
Encounter Zone 3EC24
	Has location Frostflow Lighthouse
		Inserting encounter zone for location
Encounter Zone 3EC23
	Has location Fort Sungard
		Inserting encounter zone for location
Encounter Zone 3EC22
	Has location Fort Snowhawk
		Inserting encounter zone for location
Encounter Zone 3EC21
	Has location Fort Neugrad
		Inserting encounter zone for location
Encounter Zone 3EC20
	Has location Fort Kastav
		Inserting encounter zone for location
Encounter Zone 3EC1F
	Has location Fort Hraggstad
		Inserting encounter zone for location
Encounter Zone 3EC1E
	Has location Fort Greenwall
		Inserting encounter zone for location
Encounter Zone 3EC1D
	Has location Fort Fellhammer
		Inserting encounter zone for location
Encounter Zone 3EC1C
	Has location Fort Dunstad
		Inserting encounter zone for location
Encounter Zone 3EC1B
	Has location Fort Greymoor
		Inserting encounter zone for location
Encounter Zone 3EC1A
	Has location Fort Amol
		Inserting encounter zone for location
Encounter Zone 3EC19
	Has location Forsaken Cave
		Inserting encounter zone for location
Encounter Zone 3EC18
	Has location Forelhost
		Inserting encounter zone for location
Encounter Zone 3EC17
	Has location Folgunthur
		Inserting encounter zone for location
Encounter Zone 3EC16
	Has location Japhet's Folly
		Inserting encounter zone for location
Encounter Zone 3EC15
	Has location Fellglow Keep
		Inserting encounter zone for location
Encounter Zone 3EC14
	Has location Faldar's Tooth
		Inserting encounter zone for location
Encounter Zone 3EC13
	Has location Evergreen Grove
		Inserting encounter zone for location
Encounter Zone 3EC12
	Has location Eldergleam Sanctuary
		Inserting encounter zone for location
Encounter Zone 3EC11
	Has location Dustman's Cairn
		Inserting encounter zone for location
Encounter Zone 3EC10
	Has location Duskglow Crevice
		Inserting encounter zone for location
Encounter Zone 3EC0F
	Has location Druadach Redoubt
		Inserting encounter zone for location
Encounter Zone 3EC0E
	Has location Red Eagle Redoubt
		Inserting encounter zone for location
Encounter Zone 3EC0D
	Has location Driftshade Sanctuary
		Inserting encounter zone for location
Encounter Zone 3EC0C
	Has location Deepwood Redoubt
		Inserting encounter zone for location
Encounter Zone 3EC0B
	Has location Dead Men's Respite
		Inserting encounter zone for location
Encounter Zone 3EC0A
	Has location Dead Crone Rock
		Inserting encounter zone for location
Encounter Zone 3EC09
	Has location Darkwater Pass
		Inserting encounter zone for location
Encounter Zone 3EC08
	Has location Darkshade Copse
		Inserting encounter zone for location
Encounter Zone 3EC07
	Has location Darklight Tower
		Inserting encounter zone for location
Encounter Zone 3EC06
	Has location Dark Brotherhood Sanctuary
		Inserting encounter zone for location
Encounter Zone 3EC05
	Has location Crystaldrift Cave
		Inserting encounter zone for location
Encounter Zone 3EC04
	Has location Cronvangr Hall
		Inserting encounter zone for location
Encounter Zone 3EC03
	Has location Cragwallow Slope
		Inserting encounter zone for location
Encounter Zone 3EC02
	Has location Cragslane Cavern
		Inserting encounter zone for location
Encounter Zone 3EC01
	Has location Cradlecrush Rock
		Inserting encounter zone for location
Encounter Zone 3EC00
	Has location Clearspring Tarn
		Inserting encounter zone for location
Encounter Zone 3EBFF
	Has location Clearpine Pond
		Inserting encounter zone for location
Encounter Zone 3EBFD
	Has location Cidhna Mine
		Inserting encounter zone for location
Encounter Zone 3EBFC
	Has location Broken Oar Grotto
		Inserting encounter zone for location
Encounter Zone 3EBFB
	Has location Chillwind Depths
		Inserting encounter zone for location
Encounter Zone 3EBFA
	Has location Bthardamz
		Inserting encounter zone for location
Encounter Zone 3EBF9
	Has location Bruca's Leap Redoubt
		Inserting encounter zone for location
Encounter Zone 3EBF8
	Has location Brood Cavern
		Inserting encounter zone for location
Encounter Zone 3EBF7
	Has location Broken Tower Redoubt
		Inserting encounter zone for location
Encounter Zone 3EBF6
	Has location Broken Helm Hollow
		Inserting encounter zone for location
Encounter Zone 3EBF5
	Has location Broken Fang Cave
		Inserting encounter zone for location
Encounter Zone 3EBF4
	Has location The Mind Of A Madman
		Inserting encounter zone for location
Encounter Zone 3EBF3
	Has location Twilight Sepulcher
		Inserting encounter zone for location
Encounter Zone 3EBF2
	Has location Bloated Man's Grotto
		Inserting encounter zone for location
Encounter Zone 3EBF1
	Has location Blind Cliff Cave
		Inserting encounter zone for location
Encounter Zone 3EBF0
	Has location Bleakwind Bluff
		Inserting encounter zone for location
Encounter Zone 3EBEF
	Has location Bleakwind Basin
		Inserting encounter zone for location
Encounter Zone 3EBEE
	Has location Bleakcoast Cave
		Inserting encounter zone for location
Encounter Zone 3EBED
	Has location Blackreach
		Inserting encounter zone for location
Encounter Zone 3EBEC
	Has location Azura's Star Interior
		Inserting encounter zone for location
Encounter Zone 3EBEB
	Has location Avanchnzel
		Inserting encounter zone for location
Encounter Zone 3EBEA
	Has location Autumnshade Clearing
		Inserting encounter zone for location
Encounter Zone 3EBE9
	Has location Ansilvund
		Inserting encounter zone for location
Encounter Zone 3EBE8
	Has location Angarvunde
		Inserting encounter zone for location
Encounter Zone 3EBE7
	Has location Swindler's Den
		Inserting encounter zone for location
Encounter Zone 3EBE6
	Has location Alftand
		Inserting encounter zone for location
Encounter Zone 38AB1
	Has location Bleak Falls Barrow
		Inserting encounter zone for location
Encounter Zone 18A45
	Has location Riverwood
		Inserting encounter zone for location
Encounter Zone 201379D
	Has location Inner Sanctum
		Inserting encounter zone for location
Encounter Zone 2012F42
	Has location Forgotten Vale
		Inserting encounter zone for location
Encounter Zone 200643C
	Has location Soul Cairn
		Inserting encounter zone for location
Encounter Zone 2003CFC
	Has location Moldering Ruins
		Inserting encounter zone for location
Encounter Zone 20162B5
	Has location Forgotten Vale Cave
		Inserting encounter zone for location
Encounter Zone 20162B3
	Has location Sharpslope Cave
		Inserting encounter zone for location
Encounter Zone 20162B1
	Has location Darkfall Grotto
		Inserting encounter zone for location
Encounter Zone 20162AE
	Has location Glacial Crevice
		Inserting encounter zone for location
Encounter Zone 20162AD
	Has location Darkfall Passage
		Inserting encounter zone for location
Encounter Zone 200A879
	Has location Darkfall Cave
		Inserting encounter zone for location
Encounter Zone 2007B22
	Has location Ruunvald Excavation
		Inserting encounter zone for location
Encounter Zone 2007779
	Has location Redwater Den
		Inserting encounter zone for location
Encounter Zone 2005825
	Has location The Aetherium Forge
		Inserting encounter zone for location
Encounter Zone 2005824
	Has location Arkngthamz
		Inserting encounter zone for location
Encounter Zone 2004EE7
	Has location Dimhollow Crypt
		Inserting encounter zone for location
Encounter Zone 2003582
	Has location Ancestor Glade
		Inserting encounter zone for location
Encounter Zone 2003581
	Has location Forebears' Holdout
		Inserting encounter zone for location
Encounter Zone 2003580
	Has location Castle Volkihar
		Inserting encounter zone for location
Encounter Zone 401E284
	Has location Thirsk
		Inserting encounter zone for location
Encounter Zone 401E11D
	Has location Thirsk Mead Hall
		Inserting encounter zone for location
Encounter Zone 403CFCB
	Has location Temple Location
		Inserting encounter zone for location
Encounter Zone 403A4A2
	Has location Bard Holding Cell
		Inserting encounter zone for location
Encounter Zone 403A42E
	Has location Colcinder Cave
		Inserting encounter zone for location
Encounter Zone 403A080
	Has location Bloodskal Barrow
		Inserting encounter zone for location
Encounter Zone 4039F99
	Has location Headwaters of Harstrad
		Inserting encounter zone for location
Encounter Zone 4034EE7
	Has location Ramshackle Trading Post
		Inserting encounter zone for location
Encounter Zone 4033953
	Has location Broken Tusk Mine
		Inserting encounter zone for location
Encounter Zone 4032893
	Has location Bristleback Cave
		Inserting encounter zone for location
Encounter Zone 40296DB
	Has location Damphall Mine
		Inserting encounter zone for location
Encounter Zone 40247C7
	Has location Snowclad Ruins
		Inserting encounter zone for location
Encounter Zone 401FF29
	Has location Dremora Shop Location
		Inserting encounter zone for location
Encounter Zone 401EE19
	Has location Apocrypha
		Inserting encounter zone for location
Encounter Zone 401EE18
	Has location Apocrypha
		Inserting encounter zone for location
Encounter Zone 401EE17
	Has location Apocrypha
		Inserting encounter zone for location
Encounter Zone 401EE16
	Has location Apocrypha
		Inserting encounter zone for location
Encounter Zone 401D751
Had no linked location, ignoring
Encounter Zone 4019D2A
	Has location Saering's Watch
		Inserting encounter zone for location
Encounter Zone 40184FD
	Has location Highpoint Tower
		Inserting encounter zone for location
Encounter Zone 4017BAE
	Has location Hrothmund's Barrow
		Inserting encounter zone for location
Encounter Zone 40142E1
	Has location Wind Stone
		Inserting encounter zone for location
Encounter Zone 40142E0
	Has location Water Stone
		Inserting encounter zone for location
Encounter Zone 40142DD
	Has location Sun Stone
		Inserting encounter zone for location
Encounter Zone 40142DB
	Has location Moesring Pass
		Inserting encounter zone for location
Encounter Zone 40142D9
	Has location POI 13
		Inserting encounter zone for location
Encounter Zone 40142D8
	Has location Frostmoon Crag
		Inserting encounter zone for location
Encounter Zone 40142D7
	Has location Bujold's Retreat
		Inserting encounter zone for location
Encounter Zone 40142D6
	Has location Strident Squall
		Inserting encounter zone for location
Encounter Zone 40142D4
	Has location Northshore Landing
		Inserting encounter zone for location
Encounter Zone 40142D2
	Has location Ashfallow Citadel
		Inserting encounter zone for location
Encounter Zone 40142D1
	Has location Glacial Cave
		Inserting encounter zone for location
Encounter Zone 40142D0
	Has location Hrodulf's House
		Inserting encounter zone for location
Encounter Zone 40142CF
	Has location Haknir's Shoal
		Inserting encounter zone for location
Encounter Zone 40142CD
	Has location Abandoned Lodge
		Inserting encounter zone for location
Encounter Zone 40142BF
	Has location White Ridge Barrow
		Inserting encounter zone for location
Encounter Zone 40142BE
	Has location Kolbjorn Barrow
		Inserting encounter zone for location
Encounter Zone 40142BD
	Has location Vahlok's Tomb
		Inserting encounter zone for location
Encounter Zone 40142B7
	Has location Temple of Miraak
		Inserting encounter zone for location
Encounter Zone 40142B5
	Has location Nchardak
		Inserting encounter zone for location
Encounter Zone 40142B3
	Has location Apocrypha
		Inserting encounter zone for location
Encounter Zone 40142B2
	Has location Apocrypha
		Inserting encounter zone for location
Encounter Zone 40142B1
	Has location Apocrypha
		Inserting encounter zone for location
Encounter Zone 40142AD
	Has location Apocrypha
		Encounter zone 40142AD conflicts with 401EE17
Encounter Zone 40142AB
	Has location Horker Island
		Inserting encounter zone for location
Encounter Zone 40142A9
	Has location Gyldenhul Barrow
		Inserting encounter zone for location
Encounter Zone 40142A7
	Has location Frossel
		Inserting encounter zone for location
Encounter Zone 40142A5
	Has location Earth Stone
		Inserting encounter zone for location
Encounter Zone 40142A3
	Has location Kagrumez
		Inserting encounter zone for location
Encounter Zone 40142A1
	Has location Fahlbtharz
		Inserting encounter zone for location
Encounter Zone 401429F
	Has location Castle Karstaag Ruins
		Inserting encounter zone for location
Encounter Zone 401429D
	Has location Brodir Grove
		Inserting encounter zone for location
Encounter Zone 401429B
	Has location Raven Rock Mine
		Inserting encounter zone for location
Encounter Zone 4014299
	Has location Benkongerike
		Inserting encounter zone for location
Encounter Zone 4014297
	Has location Beast Stone
		Inserting encounter zone for location
Encounter Zone 4014295
	Has location Altar of Thrond
		Inserting encounter zone for location
Encounter Zone 4014292
	Has location Fort Frostmoth
		Inserting encounter zone for location
Encounter Zone 5000C81
	Has location Yngol Barrow
		Inserting encounter zone for location
Encounter Zone FE0038D0
	Has location Sivdur's Respite
		Inserting encounter zone for location
Encounter Zone 70038FE
	Has location Vardnknd
		Inserting encounter zone for location
Encounter Zone 70DA70C
	Has location Vardnknd
		Inserting encounter zone for location
Encounter Zone 900775D
	Has location Champion's Rest
		Inserting encounter zone for location
Encounter Zone 900775C
	Has location Champion's Rest
		Encounter zone 900775C conflicts with 900775D
Encounter Zone A001755
	Has location Dead Man's Dread
		Inserting encounter zone for location
Encounter Zone A001756
	Has location Blackbone Isle
		Inserting encounter zone for location
Encounter Zone FE021B36
	Has location Gromm's Pass
		Inserting encounter zone for location
Encounter Zone B033F37
	Has location Red Scar Cavern
		Inserting encounter zone for location
Encounter Zone B033F36
Had no linked location, ignoring
Encounter Zone B033F38
	Has location Rielle
		Inserting encounter zone for location
Encounter Zone C0010CE
	Has location Solitude Sewers
		Inserting encounter zone for location
Encounter Zone FE03A807
	Has location The Guardian Vault
		Inserting encounter zone for location
Encounter Zone FE03BA2D
	Has location Gallows Hall
		Inserting encounter zone for location
Encounter Zone FE03EF7B
	Has location Iron Tusk Cave Location
		Inserting encounter zone for location
Encounter Zone FE03EA73
	Has location The Pit
		Inserting encounter zone for location
Encounter Zone FE03EF8E
Had no linked location, ignoring
Encounter Zone 11029925
	Has location Karim's Spire
		Inserting encounter zone for location
Encounter Zone 11029923
	Has location Arnima
		Inserting encounter zone for location
Encounter Zone 110BF7D9
	Has location Greenmore Manor
		Inserting encounter zone for location
Encounter Zone 140BDD93
	Has location Bawn
		Inserting encounter zone for location
Encounter Zone 140B0652
	Has location Echo Cave
		Inserting encounter zone for location
Encounter Zone 140B04C6
	Has location Robber's Glen Cave
		Inserting encounter zone for location
Encounter Zone 140A9BA4
	Has location Trumbe
		Inserting encounter zone for location
Encounter Zone 140FAC78
	Has location Fort Ferrus
		Inserting encounter zone for location
Encounter Zone 140ED4F0
	Has location Fingerbowl Cave
		Inserting encounter zone for location
Encounter Zone 140DEA6E
	Has location Fort Strand
		Inserting encounter zone for location
Encounter Zone 140DD84E
	Has location Fort Strand
		Encounter zone 140DD84E conflicts with 140DEA6E
			Replacing encounter zone due to higher level
Encounter Zone 140DD7A9
Had no linked location, ignoring
Encounter Zone 140DD6DC
	Has location Fort Linchal
		Inserting encounter zone for location
Encounter Zone 140DD6DB
	Has location Fort Coldcorn
		Inserting encounter zone for location
Encounter Zone 140DD6DA
	Has location Shattered Mine
		Inserting encounter zone for location
Encounter Zone 140DD6D9
	Has location Lost Prospect Mine
		Encounter zone 140DD6D9 conflicts with D566C
Encounter Zone 140DD6D8
	Has location Mongrel's Tooth Cave
		Inserting encounter zone for location
Encounter Zone 140DD6D7
	Has location Broken Oar Grotto
		Encounter zone 140DD6D7 conflicts with 3EBFC
Encounter Zone 140DC364
	Has location Crowhaven
		Inserting encounter zone for location
Encounter Zone 140D54D0
	Has location Dirich Keep
		Inserting encounter zone for location
Encounter Zone 140D30FD
	Has location Dzonot Cave
		Inserting encounter zone for location
Encounter Zone 140B47D0
	Has location Lakeside Retreat
		Inserting encounter zone for location
Encounter Zone 140AB50F
	Has location Rock Creek Camp
		Inserting encounter zone for location
Encounter Zone 140AB50E
	Has location Jeralls Ogre Ambush Camp
		Inserting encounter zone for location
Encounter Zone 140AB509
	Has location Drunkard Falls Camp
		Inserting encounter zone for location
Encounter Zone 140AB508
	Has location Dragonclaw Rock
		Inserting encounter zone for location
Encounter Zone 140AB507
	Has location Plump Rat Camp
		Inserting encounter zone for location
Encounter Zone 140AB4BE
	Has location Riverside Shack
		Inserting encounter zone for location
Encounter Zone 140AB4BC
Had no linked location, ignoring
Encounter Zone 140AB4BB
	Has location Hjalti's Refuge
		Inserting encounter zone for location
Encounter Zone 140AB4BA
	Has location Toadstool Hollow
		Inserting encounter zone for location
Encounter Zone 140AB4B9
	Has location Underpall
		Inserting encounter zone for location
Encounter Zone 140AB4B8
	Has location Unmarked Cave
		Inserting encounter zone for location
Encounter Zone 140AB4B6
	Has location Sideways Cave
		Inserting encounter zone for location
Encounter Zone 140AB4B5
	Has location Sedor
		Inserting encounter zone for location
Encounter Zone 140AB4B4
	Has location Rielle
		Inserting encounter zone for location
Encounter Zone 140AB4B3
	Has location Red Ruby Cave
		Inserting encounter zone for location
Encounter Zone 140AB4B2
Had no linked location, ignoring
Encounter Zone 140AB4B1
	Has location Fort Homestead
		Inserting encounter zone for location
Encounter Zone 140AB4B0
Had no linked location, ignoring
Encounter Zone 140AB4AF
	Has location Frozen Grotto
		Inserting encounter zone for location
Encounter Zone 140AB4AE
	Has location Fort Pale Pass Substructure
		Inserting encounter zone for location
Encounter Zone 140AB4AD
	Has location Fort Coldcorn
		Encounter zone 140AB4AD conflicts with 140DD6DB
Encounter Zone 140AB4AC
	Has location Fort Caractacus
		Inserting encounter zone for location
Encounter Zone 140AB4AB
	Has location Cloud Ruler Temple
		Inserting encounter zone for location
Encounter Zone 140AB4AA
	Has location Fort Cutpurse
		Inserting encounter zone for location
Encounter Zone 140AB4A9
	Has location Anga
		Inserting encounter zone for location
Encounter Zone 1408C29C
	Has location Fort Horunn
		Inserting encounter zone for location
Encounter Zone 1408BF73
	Has location Vilverin
		Inserting encounter zone for location
Encounter Zone 1408BF72
	Has location Silver Tooth Cave
		Inserting encounter zone for location
Encounter Zone 14003E57
	Has location Capstone Cave
		Inserting encounter zone for location
Encounter Zone 1405D16A
	Has location Bruma Caverns
		Inserting encounter zone for location
Encounter Zone 1406ADDB
	Has location Serpent's Trail
		Inserting encounter zone for location
Encounter Zone 1406C022
	Has location Frostfire Glade
		Inserting encounter zone for location
Encounter Zone 14072E66
	Has location Plundered Mine
		Inserting encounter zone for location
Encounter Zone 1407324E
	Has location Gutted Mine
		Inserting encounter zone for location
Encounter Zone 14073A56
	Has location The Beast's Maw
		Inserting encounter zone for location
Encounter Zone 1407CAE5
	Has location Boreal Stone Cave
		Inserting encounter zone for location
Encounter Zone 14088437
	Has location Celedus Mine
		Inserting encounter zone for location
Encounter Zone 14089432
	Has location Northfringe Sanctum
		Inserting encounter zone for location
Encounter Zone 1A461D8D
	Has location Sadrith Kegran
		Inserting encounter zone for location
Encounter Zone 1A291581
	Has location Bkhalzarf
		Inserting encounter zone for location
Encounter Zone 1B10C3C0
	Has location Revakheim Vault
		Inserting encounter zone for location
Encounter Zone 1B063DE0
	Has location Revakheim
		Inserting encounter zone for location
Encounter Zone 1B065861
	Has location Revakheim
		Inserting encounter zone for location
Encounter Zone 1D0126F3
	Has location Khenzedum
		Inserting encounter zone for location
Encounter Zone 1D0126F4
	Has location Tomb of the Forgotten Draugr
		Inserting encounter zone for location
Encounter Zone 1D0126F5
	Has location Al Shedim
		Inserting encounter zone for location
Encounter Zone 1E26D3AC
	Has location Actor Room
		Inserting encounter zone for location
Encounter Zone 1E26D3AA
	Has location Altar of Molag Bal
		Inserting encounter zone for location
Encounter Zone 1E26D3A9
	Has location Stendarr's Beacon Underground
		Inserting encounter zone for location
Encounter Zone 1E038523
	Has location Enchantress' Palace
		Inserting encounter zone for location
Encounter Zone 1E3936A0
	Has location Funeral Temple
		Inserting encounter zone for location
Encounter Zone 1E39369E
	Has location Malada Burosel
		Inserting encounter zone for location
Encounter Zone 1E39369D
	Has location Malada Aldmerisel
		Inserting encounter zone for location
Encounter Zone 1E39369C
	Has location Malada Gandrasel
		Inserting encounter zone for location
Encounter Zone 1E393696
	Has location Sancremor Nagasel
		Inserting encounter zone for location
Encounter Zone 1E393694
	Has location Sancremor Ceysel
		Inserting encounter zone for location
Encounter Zone 1E390F0B
	Has location Malada Abasel
		Inserting encounter zone for location
Encounter Zone 1E390F0A
	Has location Malada Ageasel
		Inserting encounter zone for location
Encounter Zone 1E390F07
	Has location Prayer Hall
		Inserting encounter zone for location
Encounter Zone 1E390F05
	Has location Fountain Garden of Dibella
		Inserting encounter zone for location
Encounter Zone 1E390F03
	Has location Secret Cave of Mara's Worshippers
		Inserting encounter zone for location
Encounter Zone 1E390F01
	Has location Varla's Hall
		Inserting encounter zone for location
Encounter Zone 1E385D86
	Has location Wellspring Cave
		Inserting encounter zone for location
Encounter Zone 1E385D7A
	Has location Sancremor Tower
		Inserting encounter zone for location
Encounter Zone 1E385D35
	Has location Old Temple of the Eight Divines
		Inserting encounter zone for location
Encounter Zone 1E385D34
	Has location Narfin's Inquisition Court
		Inserting encounter zone for location
Encounter Zone 1E385D27
	Has location Slums
		Inserting encounter zone for location
Encounter Zone 1E385D26
	Has location Throne of Order
		Inserting encounter zone for location
Encounter Zone 1E385D24
	Has location Cocoon of Order
		Inserting encounter zone for location
Encounter Zone 1E385D23
	Has location Bed of Corruption
		Inserting encounter zone for location
Encounter Zone 1E3822F6
	Has location Thrassian Apothecary
		Inserting encounter zone for location
Encounter Zone 1E3822F7
	Has location Abyss of Molag Bal
		Inserting encounter zone for location
Encounter Zone 1E3822F9
	Has location Aetherius
		Inserting encounter zone for location
Encounter Zone 1E3822FA
	Has location Aetherius
		Inserting encounter zone for location
Encounter Zone 1E3822FB
	Has location Chapel of Arkay
		Inserting encounter zone for location
Encounter Zone 1E3822FD
	Has location Chapel of Arkay Cemetery
		Inserting encounter zone for location
Encounter Zone 1E3822FF
	Has location Ossuary
		Inserting encounter zone for location
Encounter Zone 1E382300
	Has location St. Dulsa's Charnel
		Inserting encounter zone for location
Encounter Zone 1E382301
	Has location Emperor Gorieus' Charnel
		Inserting encounter zone for location
Encounter Zone 1E382302
	Has location Sard's Charnel
		Inserting encounter zone for location
Encounter Zone 1E382304
	Has location Sard's Ossuary
		Inserting encounter zone for location
Encounter Zone 1E382305
	Has location Ultar's Charnel
		Inserting encounter zone for location
Encounter Zone 1E38364B
	Has location Adabal Inquisition Court
		Inserting encounter zone for location
Encounter Zone 1E38364C
	Has location Curia Morimath
		Inserting encounter zone for location
Encounter Zone 1E38364D
	Has location Chestnut Handy Stables
		Inserting encounter zone for location
Encounter Zone 1E38364E
	Has location Fort Sepredia
		Inserting encounter zone for location
Encounter Zone 1E38364F
	Has location Fort Verin
		Inserting encounter zone for location
Encounter Zone 1E383650
	Has location Fort Welkynd
		Inserting encounter zone for location
Encounter Zone 1E383651
	Has location Gardener's House
		Inserting encounter zone for location
Encounter Zone 1E383652
	Has location Jhunal's Library
		Inserting encounter zone for location
Encounter Zone 1E383653
	Has location Lipsand Cave
		Inserting encounter zone for location
Encounter Zone 1E383654
	Has location Malada
		Inserting encounter zone for location
Encounter Zone 1E383655
	Has location Malatar Mansion
		Inserting encounter zone for location
Encounter Zone 1E38365A
	Has location Marukh's Underground Priory
		Inserting encounter zone for location
Encounter Zone 1E3849BF
	Has location Nenyond's Underground Priory
		Inserting encounter zone for location
Encounter Zone 1E3849C2
	Has location Silorn's Priory
		Inserting encounter zone for location
Encounter Zone 1E3849CA
	Has location Prison Tower
		Inserting encounter zone for location
Encounter Zone 1E51C045
	Has location Belharza's Hidden Charnel
		Inserting encounter zone for location
Encounter Zone 1E3849D8
	Has location Temple of Mara
		Inserting encounter zone for location
Encounter Zone 1E3849D9
	Has location Inquisition Court Sewers
		Inserting encounter zone for location
Encounter Zone 1E3849DA
	Has location Dried Well
		Inserting encounter zone for location
Encounter Zone 1E3849DB
	Has location Eastern Sewers
		Inserting encounter zone for location
Encounter Zone 1E3849DC
	Has location Imperial Prison Sewers
		Inserting encounter zone for location
Encounter Zone 1E26D3B9
	Has location Pond House
		Inserting encounter zone for location
Encounter Zone 1E28914E
	Has location Sancremor Angasel
		Inserting encounter zone for location
Encounter Zone 1E3678E0
	Has location Basement
		Inserting encounter zone for location
Encounter Zone 1E3678E5
	Has location Blood Curse of Shivers
		Inserting encounter zone for location
Encounter Zone 1E3678E6
	Has location Blood Curse of Corruption
		Inserting encounter zone for location
Encounter Zone 1E3678E7
	Has location Blood Curse of Froth
		Inserting encounter zone for location
Encounter Zone 1E3678E8
	Has location Blood Curse of Chains
		Inserting encounter zone for location
Encounter Zone 1E3678EB
	Has location Bruiant Mansion South Wing
		Inserting encounter zone for location
Encounter Zone 1E3678EC
	Has location Bruiant Mansion North Wing
		Inserting encounter zone for location
Encounter Zone 1E3786FF
	Has location Hidden Room
		Inserting encounter zone for location
Encounter Zone 1E37FBBA
	Has location Stuhn Ravine
		Inserting encounter zone for location
Encounter Zone 1E37FBBB
	Has location Temple of Stendarr
		Inserting encounter zone for location
Encounter Zone 1E37FBBD
	Has location Jo'vanni's Dream Theater
		Inserting encounter zone for location
Encounter Zone 1E37FBBF
	Has location Jo'vanni's Dream Theater
		Inserting encounter zone for location
Encounter Zone 1E37FBFC
	Has location Old Well
		Inserting encounter zone for location
Encounter Zone 1E37FBFD
	Has location Old Windhelm
		Inserting encounter zone for location
Encounter Zone 1E37FBFE
	Has location Old Sewers
		Inserting encounter zone for location
Encounter Zone 1E37FC00
	Has location Blood Mist Castle
		Inserting encounter zone for location
Encounter Zone 1E37FC02
	Has location Matron's Chamber
		Inserting encounter zone for location
Encounter Zone 1E37FC04
	Has location Asylum
		Inserting encounter zone for location
Encounter Zone 1E37FC06
	Has location Bloody Well
		Inserting encounter zone for location
Encounter Zone 1E37FC08
	Has location Windhelm Dungeon
		Inserting encounter zone for location
Encounter Zone 1E3822C7
	Has location Bruiant Estate
		Inserting encounter zone for location
Encounter Zone 1E3822CA
	Has location Bruiant Mansion South Wing
		Inserting encounter zone for location
Encounter Zone 1E3822CB
	Has location Bruiant Mansion
		Inserting encounter zone for location
Encounter Zone 1E3822D2
	Has location Arena
		Inserting encounter zone for location
Encounter Zone 1E3822D7
	Has location Old Forest
		Inserting encounter zone for location
Encounter Zone 1E3822DE
	Has location White Wasteland
		Inserting encounter zone for location
Encounter Zone 1E3822ED
	Has location Whale Graveyard
		Inserting encounter zone for location
Encounter Zone 1E3822EE
	Has location Elder Field
		Inserting encounter zone for location
Encounter Zone 1E3822F3
	Has location Blood Curse
		Inserting encounter zone for location
Encounter Zone 1E3822F4
	Has location Witch's Pond
		Inserting encounter zone for location
Encounter Zone 1E3822F5
	Has location Lamae's Dream
		Inserting encounter zone for location
Encounter Zone 1F01F5BD
	Has location The Brass Forest
		Inserting encounter zone for location
Encounter Zone 1F01F5BE
	Has location Boiling Foundry
		Inserting encounter zone for location
Encounter Zone 1F01F5BF
	Has location The Cave
		Inserting encounter zone for location
Encounter Zone 1F01F5C0
	Has location Stonehole Mine
		Inserting encounter zone for location
Encounter Zone 1F01F5C1
	Has location Whitehorn Fortress
		Inserting encounter zone for location
Encounter Zone 1F01F5C2
	Has location The Bottom Of The World
		Inserting encounter zone for location
Encounter Zone 1F01F5C3
	Has location Whitehorn Mines
		Inserting encounter zone for location
Encounter Zone 1F01F5C4
	Has location Underwater
		Inserting encounter zone for location
Encounter Zone 1F01F5C5
	Has location Strange Dwemer Craft
		Inserting encounter zone for location
Encounter Zone 1F01F5C6
	Has location Snow-Throat
		Inserting encounter zone for location
Encounter Zone 1F01F5CC
	Has location Whitehorn Jail
		Inserting encounter zone for location
Encounter Zone 1F01F5CD
	Has location Whitehorn Pass
		Inserting encounter zone for location
Encounter Zone 204F97F6
	Has location Bloodstone Camp
		Inserting encounter zone for location
Encounter Zone 201B5C72
	Has location Cragwater Cavern
		Inserting encounter zone for location
Encounter Zone 204AE4E7
	Has location Gronndal Grove
		Inserting encounter zone for location
Encounter Zone 20477831
	Has location Blind Robber's Bluff
		Inserting encounter zone for location
Encounter Zone 201C9AC9
	Has location Dimfrost
		Inserting encounter zone for location
Encounter Zone 204D8B19
	Has location Herman's Hideout
		Inserting encounter zone for location
Encounter Zone 204F97F9
	Has location Tomb of Vulom
		Inserting encounter zone for location
Encounter Zone 204F97FA
	Has location Fort Valus
		Inserting encounter zone for location
Encounter Zone 204F97FB
	Has location Waylayer's Watch
		Inserting encounter zone for location
Encounter Zone 208E0D1D
	Has location Abandoned Lighthouse
		Inserting encounter zone for location
Encounter Zone 2007B246
	Has location Wyrmstooth Barrow
		Inserting encounter zone for location
Encounter Zone 208E2EF8
	Has location Stonehollow Well
		Inserting encounter zone for location
Encounter Zone 204774C8
	Has location Bloodfrost Burrow
		Inserting encounter zone for location
Encounter Zone 2026557A
	Has location Fort Moonwatch
		Inserting encounter zone for location
Encounter Zone 20523420
	Has location Dark Brotherhood Sanctuary
		Inserting encounter zone for location
Encounter Zone 204F97F5
	Has location Ruined Homestead
		Inserting encounter zone for location
Encounter Zone 20486525
	Has location Krakevisa
		Inserting encounter zone for location
Encounter Zone 209BC318
	Has location Twinpeak Tower
		Inserting encounter zone for location
Encounter Zone 20196438
	Has location Cragwater Cavern
		Inserting encounter zone for location
Encounter Zone 201C9AC8
	Has location Dimfrost
		Encounter zone 201C9AC8 conflicts with 201C9AC9
Encounter Zone 20477828
	Has location Stendarr's Outpost
		Inserting encounter zone for location
Encounter Zone 2088D85F
	Has location Belonir's Borg
		Inserting encounter zone for location
Encounter Zone 2085AE35
	Has location Frostwind Folly
		Inserting encounter zone for location
Encounter Zone 204F97F7
	Has location Haetar's Cave
		Inserting encounter zone for location
Encounter Zone 204F97F8
	Has location Hag's Perch
		Inserting encounter zone for location
Encounter Zone 222FA16F
	Has location Training Room
		Inserting encounter zone for location
Encounter Zone 2204FD29
	Has location Castle Unslaad
		Inserting encounter zone for location
Encounter Zone 223FA242
	Has location Ysgrim's Seal
		Inserting encounter zone for location
Encounter Zone 2239CBE8
	Has location Chapel of Bormahu
		Inserting encounter zone for location
Encounter Zone 223D2F60
	Has location Coldsalt Ruin
		Inserting encounter zone for location
Encounter Zone 223A704D
	Has location Wolf's Hearth
		Inserting encounter zone for location
Encounter Zone 2232A4C1
	Has location Old Hunter's Cabin
		Inserting encounter zone for location
Encounter Zone 223B6729
	Has location Arcana of Mead
		Inserting encounter zone for location
Encounter Zone 2204FD2A
	Has location Chapel of Kyne
		Inserting encounter zone for location
Encounter Zone 223B148D
	Has location Ysgrim's Oracle
		Inserting encounter zone for location
Encounter Zone 223B3DB2
	Has location Ghostfire Forge
		Inserting encounter zone for location
Encounter Zone 223AEABE
	Has location Jhunal-Men's Deception
		Inserting encounter zone for location
Encounter Zone 223BB8B8
	Has location Dragon's Throat
		Inserting encounter zone for location
Encounter Zone 223AC1AF
	Has location Weather Vane Tower
		Inserting encounter zone for location
Encounter Zone 2244E876
	Has location Ysmir's Hearth
		Inserting encounter zone for location
Encounter Zone 22453AFF
	Has location World-Eater's-Waking
		Inserting encounter zone for location
Encounter Zone 223A46F2
	Has location Oracle Iridescent's Workshop
		Inserting encounter zone for location
Encounter Zone 223AEABD
	Has location Serpent's Slough
		Inserting encounter zone for location
Encounter Zone 223A1E1D
	Has location End of Radiance
		Inserting encounter zone for location
Encounter Zone 220576E6
	Has location Bell Tower
		Inserting encounter zone for location
Encounter Zone 22380D66
	Has location Guest Room
		Inserting encounter zone for location
Encounter Zone 223D8525
	Has location Old City of Chains
		Inserting encounter zone for location
Encounter Zone 222FA170
	Has location Guest Room
		Inserting encounter zone for location
Encounter Zone 2239A252
	Has location Training Room
		Inserting encounter zone for location
Encounter Zone 2239F4E7
	Has location Frozen Prison
		Inserting encounter zone for location
Encounter Zone 223C5DFA
	Has location Tomb of Ice
		Inserting encounter zone for location
Encounter Zone 22380D4F
	Has location Safe Room
		Inserting encounter zone for location
Encounter Zone 292351AA
	Has location Greenwood Hollow
		Inserting encounter zone for location
Encounter Zone 296CBAA8
	Has location Apocrypha
		Encounter zone 296CBAA8 conflicts with 401EE19
Encounter Zone 2902D5F4
	Has location Fort Boltan
		Inserting encounter zone for location
Encounter Zone 2915D621
	Has location Aryrru
		Inserting encounter zone for location
Encounter Zone 2900DA9D
	Has location Waterstone Cave
		Inserting encounter zone for location
Encounter Zone 2900354D
	Has location Pinefall Cave
		Inserting encounter zone for location
Encounter Zone 2A194659
	Has location Sandyshell Hollow
		Inserting encounter zone for location
Encounter Zone 2A19466B
	Has location Warmth's Edge Caverns
		Inserting encounter zone for location
Encounter Zone 2A193B2C
	Has location Reinaldur Farmstead
		Inserting encounter zone for location
Encounter Zone 2A192AE4
	Has location Broken Rock Lagoon
		Inserting encounter zone for location
Encounter Zone 2A193B17
	Has location Stargazer Grove
		Inserting encounter zone for location
Encounter Zone 2A194674
	Has location Dragonbone Perch
		Inserting encounter zone for location
Encounter Zone 2A194622
	Has location Bearclaw Cave
		Inserting encounter zone for location
Encounter Zone 2A1838F8
	Has location 
		Inserting encounter zone for location
Encounter Zone 2A194BEC
	Has location Starwatcher Grove
		Inserting encounter zone for location
Encounter Zone 2A194629
	Has location Borvald Catacombs
		Inserting encounter zone for location
Encounter Zone 2A194641
	Has location Hjorgunnar Manor
		Inserting encounter zone for location
Encounter Zone 2A19463B
	Has location Grimrott Grotto
		Inserting encounter zone for location
Encounter Zone 2A19464B
	Has location Pinecastle Grove
		Inserting encounter zone for location
Encounter Zone 2A19463E
	Has location Hjalmar Armory
		Inserting encounter zone for location
Encounter Zone 2A194625
	Has location Bjarrik's Demise
		Inserting encounter zone for location
Encounter Zone 2A194645
	Has location Kalrun Monastery
		Inserting encounter zone for location
Encounter Zone 2A19466F
	Has location Watervine Chasm
		Inserting encounter zone for location
Encounter Zone 2A194651
	Has location Riverwatch Hot Springs
		Inserting encounter zone for location
Encounter Zone 2A19465F
	Has location Stoneridge Watch
		Inserting encounter zone for location
Encounter Zone 2A194654
	Has location Ruins of Holmr
		Inserting encounter zone for location
Encounter Zone 2A19464E
	Has location Pinevale
		Inserting encounter zone for location
Encounter Zone 2A19467D
	Has location Mammoth Rock
		Inserting encounter zone for location
Encounter Zone 2A194683
	Has location Roltheim Tower
		Inserting encounter zone for location
Encounter Zone 2A19461B
	Has location Aspenfall Lodge
		Inserting encounter zone for location
Encounter Zone 2A194638
	Has location Fort Urokk
		Inserting encounter zone for location
Encounter Zone 2A08E608
	Has location Brittlerun Cave
		Inserting encounter zone for location
Encounter Zone 2A198BD2
	Has location Hjorgunnar Cabin
		Inserting encounter zone for location
Encounter Zone 2A194A1F
	Has location Vizemundsted
		Inserting encounter zone for location
Encounter Zone 2A19467F
	Has location Olgrahm's Tower
		Inserting encounter zone for location
Encounter Zone 2A194648
	Has location Mountain Mist Temple
		Inserting encounter zone for location
Encounter Zone 2A194671
	Has location Chillstone Camp
		Inserting encounter zone for location
Encounter Zone 2A191536
	Has location Mammoth Keep
		Inserting encounter zone for location
Encounter Zone 2A194636
	Has location Falskaar Lighthouse
		Inserting encounter zone for location
Encounter Zone 2A194662
	Has location Sunken Skull Barrow
		Inserting encounter zone for location
Encounter Zone 2A19465C
	Has location Shattered Axe Redoubt
		Inserting encounter zone for location
Encounter Zone 2E37A211
	Has location Nurndural
		Inserting encounter zone for location
Encounter Zone 2E0643AA
	Has location Velothi Mountain Tunnels
		Inserting encounter zone for location
Encounter Zone 2E0509B4
	Has location Clockwork Castle Exterior
		Inserting encounter zone for location
Encounter Zone 30076EF4
	Has location Elsweyr
		Inserting encounter zone for location
Encounter Zone 343C55E8
	Has location Darklight Tower
		Encounter zone 343C55E8 conflicts with 3EC07
Encounter Zone 34125097
	Has location Scourg Barrow
		Inserting encounter zone for location
Encounter Zone 342C2CD7
	Has location Apocrypha
		Inserting encounter zone for location
Encounter Zone 4D1EBCB3
	Has location Rkulftzul, Sealed Vault
		Inserting encounter zone for location
Encounter Zone 4D21A118
	Has location Oio-Lalor
		Inserting encounter zone for location
Encounter Zone 4D21A116
	Has location Silent Ruins
		Inserting encounter zone for location
Encounter Zone 4D21A117
	Has location Aba-Malatar
		Inserting encounter zone for location
Encounter Zone 4D87253E
	Has location Silent Passage
		Inserting encounter zone for location
Encounter Zone 574ACFAA
	Has location Dumzbthar
		Inserting encounter zone for location
Encounter Zone 5B479FA3
	Has location Mercenaries' Ship
		Inserting encounter zone for location
Encounter Zone 8505B0FC
Had no linked location, ignoring
Encounter Zone 8505B0FD
	Has location Markarth Sewers
		Inserting encounter zone for location
Encounter Zone 8505B0FE
	Has location Solitude Sewers
		Inserting encounter zone for location
Encounter Zone 8505B0FF
	Has location Markarth Sewers
		Encounter zone 8505B0FF conflicts with 8505B0FD
Encounter Zone 8505B100
	Has location Windhelm Sewers
		Inserting encounter zone for location
Encounter Zone 8505B101
	Has location Whiterun Sewers
		Inserting encounter zone for location
Encounter Zone 8505B0FA
	Has location Whiterun Sewers
		Encounter zone 8505B0FA conflicts with 8505B101
Encounter Zone 8505B0FB
	Has location Windhelm Sewers
		Encounter zone 8505B0FB conflicts with 8505B100
Encounter Zone A10EC92A
	Has location Rknah
		Inserting encounter zone for location
Encounter Zone A605B353
	Has location Lyrisius Tomb
		Inserting encounter zone for location
Encounter Zone A605B354
	Has location Attribution's Share
		Inserting encounter zone for location
Encounter Zone A803A43C
	Has location Bromgolt
		Inserting encounter zone for location
Encounter Zone A803A43E
	Has location Mzuhlac
		Inserting encounter zone for location
Encounter Zone A803A43D
	Has location White Bluff Hideout
		Inserting encounter zone for location
Encounter Zone B10421DD
	Has location Quagmire
		Inserting encounter zone for location
Encounter Zone B10A01FB
	Has location Evergloam
		Inserting encounter zone for location
Encounter Zone B206D5D0
	Has location High Hrothgar
		Encounter zone B206D5D0 conflicts with 3EC35
Encounter Zone B21FA88A
	Has location Deep Cave
		Inserting encounter zone for location
Encounter Zone FEA54802
	Has location Orphan Rock
		Inserting encounter zone for location
Finished caching


