[info] Loaded plugin
[info] Register Event Call Back!
[info] Data Load CallBack Trigger!
[info] Call AI Process Data Handler Constructor!
[info] Set Minimum Trigger Hours to 2 from INI
[info] Set UpdateAfterWaiting to true
[info] Set UpdateAfterSleeping to true
[info] Set UpdateAfterFastTravel to true
[info] Set UpdateModAddNPCs to true
[info] Get AI Overhaul Mod Name is : AI Overhaul.esp
[info] Init AI Process Data Handler!
[info] Register MapMenu OpenClose Event
[info] Register WaitStart Event Sink!
[info] Register WaitStop Event Sink!
[info] Register Wait Start Stop Event
[info] Register SleepStart Event Sink!
[info] Register SleepStop Event Sink!
[info] Register Sleep Start Stop Event
[info] Start Loading into the Game
[debug] Last Record Time is 8.879009
[debug] Sleep Start
[debug] Last Record Time is 9.04632
[debug] High Process Actor Nums = 11
[debug] ActorMap Size is 1
[debug] Add a Loaded actor ID 25041f62, Name Jerulith
[debug] ActorMap Size is 2
[debug] Add a Loaded actor ID 3a199, Name Narri
[debug] ActorMap Size is 3
[debug] Add a Loaded actor ID 19821, Name Kust
[debug] ActorMap Size is 4
[debug] Add a Loaded actor ID 3a198, Name Valga Vinicia
[debug] ActorMap Size is 5
[debug] Add a Loaded actor ID 72667, Name Delacourt
[debug] ActorMap Size is 6
[debug] Add a Loaded actor ID 2501b291, Name Henrietta Entius
[debug] ActorMap Size is 7
[debug] Add a Loaded actor ID 250dc322, Name Isobel
[debug] ActorMap Size is 8
[debug] Add a Loaded actor ID 5700591f, Name Lucien Flavius
[debug] ActorMap Size is 9
[debug] Add a Loaded actor ID 2501a7b4, Name Melea Entius
[debug] ActorMap Size is 10
[debug] Add a Loaded actor ID 250ef4a8, Name Zora Fair-Child
[debug] ActorMap Size is 11
[debug] Add a Loaded actor ID 19820, Name Runil
[debug] Find 11 Loaded actors to update in total
[debug] MoveRef Is Not Actor!
[debug] ActorMap Size is 12
[debug] Add a LaterIn actor ID ff002ada, Name Vampire Fledgling
[debug] Sleep Finish
[info] Last Record Time is 9.04632, Current Game Time is 9.29632
[info] Sleep Lasting Time is 0.25
[info] Update Actor Pos Trigger!
[debug] Start Updating Actor
[debug] Find a actor ID 3a198, Name Valga Vinicia
[debug] Actor is a Alias!
[debug] Fail to Update actor ID 3a198, Name Valga Vinicia
[debug] Find a actor ID 25041f62, Name Jerulith
[debug] current AI Package ID is 256697, Last AI Pakcage ID is 621030030
[debug] Target Marker Not Found!
[debug] Move Actor To Nearest Navemesh Position!
[debug] Updating a Actor!
[debug] Update Actor To Pos!
[debug] Update actor ID 25041f62, Name Jerulith
[debug] Find a actor ID 2501b291, Name Henrietta Entius
[debug] current AI Package ID is 620865476, Last AI Pakcage ID is 620865476
[debug] Actor AI Package remain the same, Skip Position Update!
[debug] Fail to Update actor ID 2501b291, Name Henrietta Entius
[debug] Find a actor ID 3a199, Name Narri
[debug] Actor is a Alias!
[debug] Fail to Update actor ID 3a199, Name Narri
[debug] Find a actor ID 19821, Name Kust
[debug] current AI Package ID is 947146, Last AI Pakcage ID is 947146
[debug] Actor AI Package remain the same, Skip Position Update!
[debug] Fail to Update actor ID 19821, Name Kust
[debug] Find a actor ID 72667, Name Delacourt
[debug] Actor is a Alias!
[debug] Fail to Update actor ID 72667, Name Delacourt
[debug] Find a actor ID 5700591f, Name Lucien Flavius
[debug] current AI Package ID is 256697, Last AI Pakcage ID is 256697
[debug] Actor AI Package remain the same, Skip Position Update!
[debug] Fail to Update actor ID 5700591f, Name Lucien Flavius
[debug] Find a actor ID 250dc322, Name Isobel
[debug] current AI Package ID is 256697, Last AI Pakcage ID is 621663123
[debug] Move Actor to Editor Location!
[debug] Updating a Actor!
[debug] Update Actor To Pos!
[debug] Update actor ID 250dc322, Name Isobel
[debug] Find a actor ID 2501a7b4, Name Melea Entius
[debug] current AI Package ID is 620865461, Last AI Pakcage ID is 620865461
[debug] Actor AI Package remain the same, Skip Position Update!
[debug] Fail to Update actor ID 2501a7b4, Name Melea Entius
[debug] Find a actor ID 250ef4a8, Name Zora Fair-Child
[debug] Actor is a Alias!
[debug] Fail to Update actor ID 250ef4a8, Name Zora Fair-Child
[debug] Find a actor ID 19820, Name Runil
[debug] current AI Package ID is 111120, Last AI Pakcage ID is 111120
[debug] Actor AI Package remain the same, Skip Position Update!
[debug] Fail to Update actor ID 19820, Name Runil
[debug] Find a actor ID ff002ada, Name Vampire Fledgling
[debug] Update Actor To Pos!
[debug] Update actor ID ff002ada, Name Vampire Fledgling
[debug] Successfully Update a actor ID 25041f62, Name Jerulith
[debug] Successfully Update a actor ID ff002ada, Name VAMPIRE FLEDGLING
[debug] Successfully Update a actor ID 250dc322, Name Isobel
[debug] Update 3 actors in total
[debug] Last Record Time is 9.395634
[debug] Map Menu Close!
[debug] Last Record Time is 9.395954
[debug] Map Menu Close!
[debug] Last Record Time is 9.396195
[debug] Map Menu Close!
[debug] Last Record Time is 9.75946
[debug] Map Menu Close!
[info] Saving the Game!
