[08/26/25 01:52:16][info](Logger.hpp:148) Logger init - Skyrim Special Edition 1-5-97-0
[08/26/25 01:52:16][info](main.cpp:17) MaxsuDetectionMeter v1.0.7.0 loaded
[08/26/25 01:52:16][info](Hook.h:11) Hook Actor Update!
[08/26/25 01:53:28][info](Renderer.cpp:34) D3DInit Hooked!
[08/26/25 01:53:28][info](Renderer.cpp:43) Getting swapchain...
[08/26/25 01:53:28][info](Renderer.cpp:50) Getting swapchain desc...
[08/26/25 01:53:28][info](Renderer.cpp:60) Initializing ImGui...
[08/26/25 01:53:28][info](Renderer.cpp:70) ImGui initialized!
[08/26/25 01:54:15][info](Renderer.cpp:345) Loaded Texture File "Data\SKSE\Plugins\MaxsuDetectionMeter\Meter_Frame.png"
[08/26/25 01:54:15][info](Renderer.cpp:345) Loaded Texture File "Data\SKSE\Plugins\MaxsuDetectionMeter\Meter_NonHostile.png"
[08/26/25 01:54:15][info](Renderer.cpp:345) Loaded Texture File "Data\SKSE\Plugins\MaxsuDetectionMeter\Meter_Hostile.png"
[08/26/25 01:54:15][info](MeterSettings.h:14) Setting:"FadeSpeed" is 255
[08/26/25 01:54:15][info](MeterSettings.h:14) Setting:"FlashSpeed" is 480
[08/26/25 01:54:15][info](MeterSettings.h:14) Setting:"FlashScale" is 0.25
[08/26/25 01:54:15][info](MeterSettings.h:14) Setting:"FlashShift" is 36
[08/26/25 01:54:15][info](MeterSettings.h:14) Setting:"MinFillingSpeed" is 0.35
[08/26/25 01:54:15][info](MeterSettings.h:14) Setting:"MaxFillingSpeed" is 0.95
[08/26/25 01:54:15][info](MeterSettings.h:14) Setting:"MinTriggerLevel" is 25
[08/26/25 01:54:15][info](MeterSettings.h:14) Setting:"RadiusX" is 305
[08/26/25 01:54:15][info](MeterSettings.h:14) Setting:"RadiusY" is 305
[08/26/25 01:54:15][info](MeterSettings.h:14) Setting:"CenterOffsetX" is 0
[08/26/25 01:54:15][info](MeterSettings.h:14) Setting:"CenterOffsetY" is -48
[08/26/25 01:54:15][info](ConsoleCommands.cpp:45) Registered console command: MaxsuDetectionMeter (MaxsuDM)
