G:\Games\SteamLibrary\steamapps\common\Skyrim Special Edition\src\skse64\MoreInformativeConsole\src\main.cpp(134): [info] MoreInformativeConsole v1.1.0
G:\Games\SteamLibrary\steamapps\common\Skyrim Special Edition\src\skse64\MoreInformativeConsole\src\main.cpp(135): [info] Initalizing
G:\Games\SteamLibrary\steamapps\common\Skyrim Special Edition\src\skse64\MoreInformativeConsole\src\main.cpp(152): [info] Plugin Initialization complete.
G:\Games\SteamLibrary\steamapps\common\Skyrim Special Edition\src\skse64\MoreInformativeConsole\src\main.cpp(43): [info] Processed message
G:\Games\SteamLibrary\steamapps\common\Skyrim Special Edition\src\skse64\MoreInformativeConsole\src\main.cpp(43): [info] Processed message
G:\Games\SteamLibrary\steamapps\common\Skyrim Special Edition\src\skse64\MoreInformativeConsole\src\main.cpp(43): [info] Processed message
G:\Games\SteamLibrary\steamapps\common\Skyrim Special Edition\src\skse64\MoreInformativeConsole\src\main.cpp(43): [info] Processed message
G:\Games\SteamLibrary\steamapps\common\Skyrim Special Edition\src\skse64\MoreInformativeConsole\src\main.cpp(47): [info] Cached editor ids
G:\Games\SteamLibrary\steamapps\common\Skyrim Special Edition\src\skse64\MoreInformativeConsole\src\main.cpp(43): [info] Processed message
G:\Games\SteamLibrary\steamapps\common\Skyrim Special Edition\src\skse64\MoreInformativeConsole\src\main.cpp(43): [info] Processed message
G:\Games\SteamLibrary\steamapps\common\Skyrim Special Edition\src\skse64\MoreInformativeConsole\src\main.cpp(43): [info] Processed message
G:\Games\SteamLibrary\steamapps\common\Skyrim Special Edition\src\skse64\MoreInformativeConsole\src\main.cpp(43): [info] Processed message
G:\Games\SteamLibrary\steamapps\common\Skyrim Special Edition\src\skse64\MoreInformativeConsole\src\main.cpp(43): [info] Processed message
G:\Games\SteamLibrary\steamapps\common\Skyrim Special Edition\src\skse64\MoreInformativeConsole\src\main.cpp(43): [info] Processed message
G:\Games\SteamLibrary\steamapps\common\Skyrim Special Edition\src\skse64\MoreInformativeConsole\src\main.cpp(43): [info] Processed message
G:\Games\SteamLibrary\steamapps\common\Skyrim Special Edition\src\skse64\MoreInformativeConsole\src\main.cpp(43): [info] Processed message
G:\Games\SteamLibrary\steamapps\common\Skyrim Special Edition\src\skse64\MoreInformativeConsole\src\main.cpp(43): [info] Processed message
G:\Games\SteamLibrary\steamapps\common\Skyrim Special Edition\src\skse64\MoreInformativeConsole\src\main.cpp(43): [info] Processed message
G:\Games\SteamLibrary\steamapps\common\Skyrim Special Edition\src\skse64\MoreInformativeConsole\src\main.cpp(43): [info] Processed message
G:\Games\SteamLibrary\steamapps\common\Skyrim Special Edition\src\skse64\MoreInformativeConsole\src\main.cpp(43): [info] Processed message
G:\Games\SteamLibrary\steamapps\common\Skyrim Special Edition\src\skse64\MoreInformativeConsole\src\main.cpp(43): [info] Processed message
