C:\dev\notification-filter\src\main.cpp(392): [info] NotificationFilter v1-2-1-0
C:\dev\notification-filter\src\main.cpp(393): [info] Runtime: Anniversary Edition
C:\dev\notification-filter\src\main.cpp(396): [info] Using settings: FilterType = All, EnableLog = true, 38 hide patterns loaded, 0 show patterns loaded
C:\dev\notification-filter\src\main.cpp(62): [debug] Loaded hide patterns:
C:\dev\notification-filter\src\main.cpp(68): [debug] 1. Text "Doomsday Clock added"
C:\dev\notification-filter\src\main.cpp(71): [debug] 2. Regular Expression "Removing .+"
C:\dev\notification-filter\src\main.cpp(71): [debug] 3. Regular Expression "Adding .+"
C:\dev\notification-filter\src\main.cpp(71): [debug] 4. Regular Expression "Day .+"
C:\dev\notification-filter\src\main.cpp(71): [debug] 5. Regular Expression "Version .+"
C:\dev\notification-filter\src\main.cpp(71): [debug] 6. Regular Expression "Updating .+"
C:\dev\notification-filter\src\main.cpp(71): [debug] 7. Regular Expression "Perk .+"
C:\dev\notification-filter\src\main.cpp(71): [debug] 8. Regular Expression "Serana Dialogue .+"
C:\dev\notification-filter\src\main.cpp(68): [debug] 9. Text ""
C:\dev\notification-filter\src\main.cpp(68): [debug] 10. Text "Remiel Follower: Checking for installed mods!"
C:\dev\notification-filter\src\main.cpp(68): [debug] 11. Text "Rainbows Remade Updated to 1.2"
C:\dev\notification-filter\src\main.cpp(68): [debug] 12. Text "NECR installed. Equip any xbow to finish initialization."
C:\dev\notification-filter\src\main.cpp(68): [debug] 13. Text "Now running Volkihar Knight 1.0.0"
C:\dev\notification-filter\src\main.cpp(68): [debug] 14. Text "Holidays: Randomize/manually set your start date in the MCM!"
C:\dev\notification-filter\src\main.cpp(71): [debug] 15. Regular Expression "CWO version .+"
C:\dev\notification-filter\src\main.cpp(68): [debug] 16. Text "Left Hand Rings Modified Started"
C:\dev\notification-filter\src\main.cpp(68): [debug] 17. Text "R.A.S.S. Has been updated to version 3.5.1"
C:\dev\notification-filter\src\main.cpp(71): [debug] 18. Regular Expression "Now running Immersive Fort Dawnguard Version [0-9]*\.[0-9]+!"
C:\dev\notification-filter\src\main.cpp(68): [debug] 19. Text "Now running Immersive Fort Dawnguard Version 1.2!"
C:\dev\notification-filter\src\main.cpp(68): [debug] 20. Text "CWO version 10024 initialized :)"
C:\dev\notification-filter\src\main.cpp(71): [debug] 21. Regular Expression "Serana Dialogue Edit Active! Version [0-9]*\.[0-9]+"
C:\dev\notification-filter\src\main.cpp(68): [debug] 22. Text "Serana Dialogue Edit Active! Version 1.000000"
C:\dev\notification-filter\src\main.cpp(68): [debug] 23. Text "Immersive World Encounters: Cleaning up."
C:\dev\notification-filter\src\main.cpp(68): [debug] 24. Text "Configuring Obscure's College of Winterhold v1.6.0"
C:\dev\notification-filter\src\main.cpp(68): [debug] 25. Text "Immersive World Encounters: Updating the mod menu..."
C:\dev\notification-filter\src\main.cpp(68): [debug] 26. Text "Honed Metal successfully initialized."
C:\dev\notification-filter\src\main.cpp(68): [debug] 27. Text "moreHUD version: 5.2.2"
C:\dev\notification-filter\src\main.cpp(68): [debug] 28. Text "Time Flies updated to version 8"
C:\dev\notification-filter\src\main.cpp(68): [debug] 29. Text "You don't need a bandage now!"
C:\dev\notification-filter\src\main.cpp(68): [debug] 30. Text "DynDOLOD successfully initialized"
C:\dev\notification-filter\src\main.cpp(68): [debug] 31. Text "NECR initialized. You may need to re-equip your bolts."
C:\dev\notification-filter\src\main.cpp(68): [debug] 32. Text "LCO: Simple locations registered."
C:\dev\notification-filter\src\main.cpp(68): [debug] 33. Text "Doomsday Clock added"
C:\dev\notification-filter\src\main.cpp(71): [debug] 34. Regular Expression "MCM: Registered \d+ new menu\(s\)\."
C:\dev\notification-filter\src\main.cpp(68): [debug] 35. Text "Vigilant v 173  Installed"
C:\dev\notification-filter\src\main.cpp(68): [debug] 36. Text "EBT SPID version: initialized"
C:\dev\notification-filter\src\main.cpp(68): [debug] 37. Text "Version 1.0.3 of Dismembering Framework has been successfully installed."
C:\dev\notification-filter\src\main.cpp(68): [debug] 38. Text "DVA Ready"
C:\dev\vcpkg\buildtrees\commonlibsse-ng\src\bee98e2e88-768ad13a2f.clean\src\SKSE\Trampoline.cpp(114): [debug] Default Trampoline => 0B / 20B (00.00%)
C:\dev\vcpkg\buildtrees\commonlibsse-ng\src\bee98e2e88-768ad13a2f.clean\src\SKSE\Trampoline.cpp(114): [debug] Default Trampoline => 14B / 20B (70.00%)
C:\dev\notification-filter\src\main.cpp(420): [info] Patch was installed
