[14:13:16:077] PapyrusTweaks v4.1.0
[14:13:16:077] loaded plugin
[14:13:16:077] PapyrusOpsPerFrameHook hooked at address 7ff6539085a8
[14:13:16:077] PapyrusOpsPerFrameHook hooked at offset 12785a8
[14:13:16:077] FixToggleScriptsSaveHook for saves hooked at address 7ff652fbb706
[14:13:16:077] FixToggleScriptsSaveHook hooked at offset 92b706
[14:13:16:077] FixToggleScriptsDumpHook for stack dumps hooked at address 7ff652fbb9ac
[14:13:16:077] FixToggleScriptsDumpHook hooked at offset 92b9ac
[14:13:16:077] FixScriptPageAllocation set!
[14:13:16:077] FixIsHostileToActorCrash hooked at address 7ff652fe0bd6
[14:13:16:077] FixIsHostileToActorCrash hooked at offset 950bd6
[14:13:16:077] StackDumpTimeoutModifier hooked at address 7ff652fbaa2e
[14:13:16:077] StackDumpTimeoutModifier hooked at offset 92aa2e
[14:13:16:077] FixDelayedTypeCast hooked at address 7ff653918b58
[14:13:16:077] FixDelayedTypeCast hooked at offset 1288b58
[14:13:16:077] FixDelayedTypeCast hooked at address 7ff653919840
[14:13:16:077] FixDelayedTypeCast hooked at offset 1289840
[14:13:16:077] FixDelayedTypeCastVFunc hook set!
[14:13:16:077] EnableLoadDocStrings hooked at address 7ff652fb0aa4
[14:13:16:077] EnableLoadDocStrings hooked at offset 920aa4
[14:13:16:077] EnableLoadDebugInformation hooked at address 7ff652fb0aa4
[14:13:16:077] EnableLoadDebugInformation hooked at offset 920aa4
[14:13:16:077] ValidationSignaturesHook hooked at address 7ff6538f22ed
[14:13:16:077] ValidationSignaturesHook at offset 12622ed
[14:13:16:077] BaseTypeMismatch hooked at address 7ff652f97392
[14:13:16:077] BaseTypeMismatch at offset 907392
[14:13:16:077] SummarizeStackDumpHook placed!
[14:14:39:224] Binding functions...
[14:14:39:224] Registered GetPapyrusTweaksVersion
[14:14:39:224] Registed IsMainThreadTweakActive
[14:14:39:224] Registed DisableFastMode
[14:14:39:224] Registed EnableFastMode
