po3_DialogueHistory v2.0.1
Game version : 1-5-97-0
**********POST LOAD***********
Installed dialogue hooks
********POST POST LOAD********
Failed to obtain NND API
Initializing ImGui...
ImGui initialized.
Registered DialogueHistory_MCM class
*********DATA LOADED**********
Reading translations from Data\Interface\Translations\DialogueHistory_ENGLISH.txt...
Loading DialogueHistory file : C:\Users\Kutan\Documents\My Games\Skyrim Special Edition\Saves\DialogueHistory\Save38_2BCDF55C_0_50616C6164696E20526567696E61_WhiterunWorld_000500_20250818203956_10_1.json
Loading ConversationHistory file : C:\Users\Kutan\Documents\My Games\Skyrim Special Edition\Saves\ConversationHistory\Save38_2BCDF55C_0_50616C6164696E20526567696E61_WhiterunWorld_000500_20250818203956_10_1.json
Reloading fonts...
Saving DialogueHistory file : C:\Users\Kutan\Documents\My Games\Skyrim Special Edition\Saves\DialogueHistory\Save39_2BCDF55C_0_50616C6164696E20526567696E61_Tamriel_000503_20250819154248_10_1.json
Saving ConversationHistory file : C:\Users\Kutan\Documents\My Games\Skyrim Special Edition\Saves\ConversationHistory\Save39_2BCDF55C_0_50616C6164696E20526567696E61_Tamriel_000503_20250819154248_10_1.json
Loading DialogueHistory file : C:\Users\Kutan\Documents\My Games\Skyrim Special Edition\Saves\DialogueHistory\Save39_2BCDF55C_0_50616C6164696E20526567696E61_Tamriel_000503_20250819154248_10_1.json
Loading ConversationHistory file : C:\Users\Kutan\Documents\My Games\Skyrim Special Edition\Saves\ConversationHistory\Save39_2BCDF55C_0_50616C6164696E20526567696E61_Tamriel_000503_20250819154248_10_1.json
Saving DialogueHistory file : C:\Users\Kutan\Documents\My Games\Skyrim Special Edition\Saves\DialogueHistory\Save40_2BCDF55C_0_50616C6164696E20526567696E61_Tamriel_000511_20250819155158_11_1.json
Saving ConversationHistory file : C:\Users\Kutan\Documents\My Games\Skyrim Special Edition\Saves\ConversationHistory\Save40_2BCDF55C_0_50616C6164696E20526567696E61_Tamriel_000511_20250819155158_11_1.json
Loading DialogueHistory file : C:\Users\Kutan\Documents\My Games\Skyrim Special Edition\Saves\DialogueHistory\Save40_2BCDF55C_0_50616C6164696E20526567696E61_Tamriel_000511_20250819155158_11_1.json
Loading ConversationHistory file : C:\Users\Kutan\Documents\My Games\Skyrim Special Edition\Saves\ConversationHistory\Save40_2BCDF55C_0_50616C6164696E20526567696E61_Tamriel_000511_20250819155158_11_1.json
Saving DialogueHistory file : C:\Users\Kutan\Documents\My Games\Skyrim Special Edition\Saves\DialogueHistory\Save41_2BCDF55C_0_50616C6164696E20526567696E61_Tamriel_000520_20250819160811_11_1.json
Saving ConversationHistory file : C:\Users\Kutan\Documents\My Games\Skyrim Special Edition\Saves\ConversationHistory\Save41_2BCDF55C_0_50616C6164696E20526567696E61_Tamriel_000520_20250819160811_11_1.json
Saving DialogueHistory file : C:\Users\Kutan\Documents\My Games\Skyrim Special Edition\Saves\DialogueHistory\Save42_2BCDF55C_0_50616C6164696E20526567696E61_Tamriel_000525_20250819161346_11_1.json
Saving ConversationHistory file : C:\Users\Kutan\Documents\My Games\Skyrim Special Edition\Saves\ConversationHistory\Save42_2BCDF55C_0_50616C6164696E20526567696E61_Tamriel_000525_20250819161346_11_1.json
Saving DialogueHistory file : C:\Users\Kutan\Documents\My Games\Skyrim Special Edition\Saves\DialogueHistory\Save43_2BCDF55C_0_50616C6164696E20526567696E61_HaltedStreamCamp01_000526_20250819161448_11_1.json
Saving ConversationHistory file : C:\Users\Kutan\Documents\My Games\Skyrim Special Edition\Saves\ConversationHistory\Save43_2BCDF55C_0_50616C6164696E20526567696E61_HaltedStreamCamp01_000526_20250819161448_11_1.json
