[16:40:07:887] po3_Tweaks v1.13.0.1
[16:40:07:887] Game version : 1-6-1170-0
[16:40:08:945] *****************POST LOAD PATCH******************
[16:40:08:945] Settings - Loading [Fixes]
[16:40:08:945] Settings - Loading [Tweaks]
[16:40:08:945] Settings - Loading [Experimental]
[16:40:08:945] 	[FIXES]
[16:40:08:945] 		Installed distant ref load crash fix
[16:40:08:946] 		Installed map marker placement fix
[16:40:08:946] 		Installed 'Can't Be Taken' book flag fix
[16:40:08:946] 		Installed projectile range fix
[16:40:08:946] 		Installed combat dialogue fix
[16:40:08:946] 		Installed IsFurnitureAnimType fix
[16:40:08:946] 		Installed light attach crash fix
[16:40:08:946] 		Installed effect shader z buffer fix
[16:40:08:946] 		Installed toggle collision fix
[16:40:08:946] 		Installed skinned decal delete fix
[16:40:08:946] 		Installed jumping bonus fix
[16:40:08:946] 		Installed toggle global AI fix
[16:40:08:946] 		Installed use furniture in combat fix
[16:40:08:946] 		Installed TESWeather editorID patch
[16:40:08:946] 		Installed editorID cache
[16:40:08:946] 		Installed worn restrictions for weapons patch
[16:40:08:946] 		Installed MagicItemFindKeywordFunctor crash fix
[16:40:08:946] 	[TWEAKS]
[16:40:08:946] 	[EXPERIMENTAL]
[16:40:08:954] ************PLUGIN COMPATIBILITY CHECK************
[16:40:08:954] Scrambled Bugs : AttachHitEffect patch not enabled or found
[16:40:08:954] ***************POST POST LOAD PATCH***************
[16:40:08:954] 	[FIXES]
[16:40:08:954] 		Installed no death dispel spell reapply fix
[16:40:20:287] ********************FUNCTIONS*********************
[16:40:20:287] Registered IsTweakInstalled
