E:\Repos\Precision\src\main.cpp(109): [info] Precision v2-0-4-0
E:\Repos\Precision\src\Papyrus.cpp(53): [info] Registered papyrus functions
E:\Repos\Precision\src\main.cpp(141): [info] Precision::RequestPluginAPI called, InterfaceVersion 1
E:\Repos\Precision\src\main.cpp(151): [info] Precision::RequestPluginAPI returned the API singleton
E:\Repos\Precision\src\main.cpp(141): [info] Precision::RequestPluginAPI called, InterfaceVersion 1
E:\Repos\Precision\src\main.cpp(151): [info] Precision::RequestPluginAPI returned the API singleton
E:\Repos\Precision\src\main.cpp(141): [info] Precision::RequestPluginAPI called, InterfaceVersion 4
E:\Repos\Precision\src\main.cpp(151): [info] Precision::RequestPluginAPI returned the API singleton
E:\Repos\Precision\src\main.cpp(141): [info] Precision::RequestPluginAPI called, InterfaceVersion 1
E:\Repos\Precision\src\main.cpp(151): [info] Precision::RequestPluginAPI returned the API singleton
E:\Repos\Precision\src\Papyrus.cpp(17): [info] Registered Precision_MCM class
E:\Repos\Precision\src\Papyrus.cpp(44): [info] Registered Precision_Utility class
E:\Repos\Precision\src\Events.cpp(18): [info] Registered class RE::InputEvent
E:\Repos\Precision\src\Events.cpp(139): [info] Registered all event handlers
E:\Repos\Precision\src\Settings.cpp(9): [info] Initializing...
E:\Repos\Precision\src\Settings.cpp(29): [info] ...success
E:\Repos\Precision\src\Settings.cpp(561): [info] Reading .toml files...
E:\Repos\Precision\src\Settings.cpp(183): [info]   Reading Data/SKSE/Plugins/Precision/Precision_base.toml...
E:\Repos\Precision\src\Settings.cpp(598): [info] ...success
E:\Repos\Precision\src\Settings.cpp(715): [info] Reading MCM .ini...
E:\Repos\Precision\src\Settings.cpp(720): [info] ...success
