skee
NetImmerse Override Enabled
config path = D:\STOCK GAME\Data\SKSE\skse.ini
RaceMap::CreateDefaultMap - Added default slider maps for HPGThanosRace from NordRace
RacePartDefaultGen::Accept - Could not bind default morphs for MaleHeadArgonian on ArgonianRaceVampire[0] using NordRace. Vertex mismatch (Actors\Character\Character Assets\MaleHeadArgonianChargen.tri - 1219 | Actors\Character\Character Assets\MaleHeadCustomizations.tri - 898).
RacePartDefaultGen::Accept - Could not bind default morphs for MaleMouthArgonian on ArgonianRaceVampire[0] using NordRace. Vertex mismatch (Actors\Character\Character Assets\Mouth\MouthArgonianChargen.tri - 478 | Actors\Character\Character Assets\Mouth\MouthHumanChargen.tri - 141).
RacePartDefaultGen::Accept - Could not bind default morphs for MaleEyesArgonianVampire on ArgonianRaceVampire[0] using NordRace. Vertex mismatch (Actors\Character\Character Assets\EyesArgonianChargen.tri - 50 | Actors\Character\Character Assets\EyesMaleCharGen.tri - 186).
RacePartDefaultGen::Accept - Could not bind default morphs for FemaleHeadArgonian on ArgonianRaceVampire[1] using NordRace. Vertex mismatch (Actors\Character\Character Assets\FemaleHeadArgonianChargen.tri - 1219 | Actors\Character\Character Assets\FemaleHeadCharGen.tri - 996).
RacePartDefaultGen::Accept - Could not bind default morphs for FemaleMouthArgonian on ArgonianRaceVampire[1] using NordRace. Vertex mismatch (Actors\Character\Character Assets\Mouth\MouthArgonianChargen.tri - 478 | Actors\Character\Character Assets\Mouth\MouthHumanFChargen.tri - 141).
RacePartDefaultGen::Accept - Could not bind default morphs for FemaleEyesArgonianVampire on ArgonianRaceVampire[1] using NordRace. Vertex mismatch (Actors\Character\Character Assets\EyesArgonianChargen.tri - 50 | Actors\Character\Character Assets\EyesFemaleChargen.tri - 176).
RacePartDefaultGen::Accept - Could not bind default morphs for MaleHeadArgonian on ArgonianRace[0] using NordRace. Vertex mismatch (Actors\Character\Character Assets\MaleHeadArgonianChargen.tri - 1219 | Actors\Character\Character Assets\MaleHeadCustomizations.tri - 898).
RacePartDefaultGen::Accept - Could not bind default morphs for MaleMouthArgonian on ArgonianRace[0] using NordRace. Vertex mismatch (Actors\Character\Character Assets\Mouth\MouthArgonianChargen.tri - 478 | Actors\Character\Character Assets\Mouth\MouthHumanChargen.tri - 141).
RacePartDefaultGen::Accept - Could not bind default morphs for MaleEyesArgonian on ArgonianRace[0] using NordRace. Vertex mismatch (Actors\Character\Character Assets\EyesArgonianChargen.tri - 50 | Actors\Character\Character Assets\EyesMaleCharGen.tri - 186).
RacePartDefaultGen::Accept - Could not bind default morphs for FemaleHeadArgonian on ArgonianRace[1] using NordRace. Vertex mismatch (Actors\Character\Character Assets\FemaleHeadArgonianChargen.tri - 1219 | Actors\Character\Character Assets\FemaleHeadCharGen.tri - 996).
RacePartDefaultGen::Accept - Could not bind default morphs for FemaleEyesArgonian on ArgonianRace[1] using NordRace. Vertex mismatch (Actors\Character\Character Assets\EyesArgonianChargen.tri - 50 | Actors\Character\Character Assets\EyesFemaleChargen.tri - 176).
RacePartDefaultGen::Accept - Could not bind default morphs for FemaleMouthArgonian on ArgonianRace[1] using NordRace. Vertex mismatch (Actors\Character\Character Assets\Mouth\MouthArgonianChargen.tri - 478 | Actors\Character\Character Assets\Mouth\MouthHumanFChargen.tri - 141).
RacePartDefaultGen::Accept - Could not bind default morphs for MaleHeadArgonian on BGSSSE018_ArgonianRaceDoppelganger[0] using NordRace. Vertex mismatch (Actors\Character\Character Assets\MaleHeadArgonianChargen.tri - 1219 | Actors\Character\Character Assets\MaleHeadCustomizations.tri - 898).
RacePartDefaultGen::Accept - Could not bind default morphs for MaleMouthArgonian on BGSSSE018_ArgonianRaceDoppelganger[0] using NordRace. Vertex mismatch (Actors\Character\Character Assets\Mouth\MouthArgonianChargen.tri - 478 | Actors\Character\Character Assets\Mouth\MouthHumanChargen.tri - 141).
RacePartDefaultGen::Accept - Could not bind default morphs for MaleEyesArgonian on BGSSSE018_ArgonianRaceDoppelganger[0] using NordRace. Vertex mismatch (Actors\Character\Character Assets\EyesArgonianChargen.tri - 50 | Actors\Character\Character Assets\EyesMaleCharGen.tri - 186).
RacePartDefaultGen::Accept - Could not bind default morphs for FemaleHeadArgonian on BGSSSE018_ArgonianRaceDoppelganger[1] using NordRace. Vertex mismatch (Actors\Character\Character Assets\FemaleHeadArgonianChargen.tri - 1219 | Actors\Character\Character Assets\FemaleHeadCharGen.tri - 996).
RacePartDefaultGen::Accept - Could not bind default morphs for FemaleEyesArgonian on BGSSSE018_ArgonianRaceDoppelganger[1] using NordRace. Vertex mismatch (Actors\Character\Character Assets\EyesArgonianChargen.tri - 50 | Actors\Character\Character Assets\EyesFemaleChargen.tri - 176).
RacePartDefaultGen::Accept - Could not bind default morphs for FemaleMouthArgonian on BGSSSE018_ArgonianRaceDoppelganger[1] using NordRace. Vertex mismatch (Actors\Character\Character Assets\Mouth\MouthArgonianChargen.tri - 478 | Actors\Character\Character Assets\Mouth\MouthHumanFChargen.tri - 141).
RacePartDefaultGen::Accept - Could not bind default morphs for MaleHeadArgonian on TOK_RACE_PolymorphArgonianRace[0] using NordRace. Vertex mismatch (Actors\Character\Character Assets\MaleHeadArgonianChargen.tri - 1219 | Actors\Character\Character Assets\MaleHeadCustomizations.tri - 898).
RacePartDefaultGen::Accept - Could not bind default morphs for MaleMouthArgonian on TOK_RACE_PolymorphArgonianRace[0] using NordRace. Vertex mismatch (Actors\Character\Character Assets\Mouth\MouthArgonianChargen.tri - 478 | Actors\Character\Character Assets\Mouth\MouthHumanChargen.tri - 141).
RacePartDefaultGen::Accept - Could not bind default morphs for MaleEyesArgonian on TOK_RACE_PolymorphArgonianRace[0] using NordRace. Vertex mismatch (Actors\Character\Character Assets\EyesArgonianChargen.tri - 50 | Actors\Character\Character Assets\EyesMaleCharGen.tri - 186).
RacePartDefaultGen::Accept - Could not bind default morphs for FemaleHeadArgonian on TOK_RACE_PolymorphArgonianRace[1] using NordRace. Vertex mismatch (Actors\Character\Character Assets\FemaleHeadArgonianChargen.tri - 1219 | Actors\Character\Character Assets\FemaleHeadCharGen.tri - 996).
RacePartDefaultGen::Accept - Could not bind default morphs for FemaleEyesArgonianBrown on TOK_RACE_PolymorphArgonianRace[1] using NordRace. Vertex mismatch (Actors\Character\Character Assets\EyesArgonianChargen.tri - 50 | Actors\Character\Character Assets\EyesFemaleChargen.tri - 176).
RacePartDefaultGen::Accept - Could not bind default morphs for FemaleMouthArgonian on TOK_RACE_PolymorphArgonianRace[1] using NordRace. Vertex mismatch (Actors\Character\Character Assets\Mouth\MouthArgonianChargen.tri - 478 | Actors\Character\Character Assets\Mouth\MouthHumanFChargen.tri - 141).
RacePartDefaultGen::Accept - Could not bind default morphs for BrowsFemaleArgonian02 on TOK_RACE_PolymorphArgonianRace[1] using NordRace. Vertex mismatch (Actors\Character\Character Assets\FaceParts\ArgonianBrow02Chargen.tri - 216 | Actors\Character\Character Assets\FaceParts\FemaleHeadBrowsCharGen.tri - 102).
RacePartDefaultGen::Accept - Could not bind default morphs for MaleHeadArgonian on HRI_Alternate_Race_ArgonianRace[0] using NordRace. Vertex mismatch (Actors\Character\Character Assets\MaleHeadArgonianChargen.tri - 1219 | Actors\Character\Character Assets\MaleHeadCustomizations.tri - 898).
RacePartDefaultGen::Accept - Could not bind default morphs for MaleMouthArgonian on HRI_Alternate_Race_ArgonianRace[0] using NordRace. Vertex mismatch (Actors\Character\Character Assets\Mouth\MouthArgonianChargen.tri - 478 | Actors\Character\Character Assets\Mouth\MouthHumanChargen.tri - 141).
RacePartDefaultGen::Accept - Could not bind default morphs for MaleEyesArgonian on HRI_Alternate_Race_ArgonianRace[0] using NordRace. Vertex mismatch (Actors\Character\Character Assets\EyesArgonianChargen.tri - 50 | Actors\Character\Character Assets\EyesMaleCharGen.tri - 186).
RacePartDefaultGen::Accept - Could not bind default morphs for FemaleHeadArgonian on HRI_Alternate_Race_ArgonianRace[1] using NordRace. Vertex mismatch (Actors\Character\Character Assets\FemaleHeadArgonianChargen.tri - 1219 | Actors\Character\Character Assets\FemaleHeadCharGen.tri - 996).
RacePartDefaultGen::Accept - Could not bind default morphs for FemaleEyesArgonian on HRI_Alternate_Race_ArgonianRace[1] using NordRace. Vertex mismatch (Actors\Character\Character Assets\EyesArgonianChargen.tri - 50 | Actors\Character\Character Assets\EyesFemaleChargen.tri - 176).
RacePartDefaultGen::Accept - Could not bind default morphs for FemaleMouthArgonian on HRI_Alternate_Race_ArgonianRace[1] using NordRace. Vertex mismatch (Actors\Character\Character Assets\Mouth\MouthArgonianChargen.tri - 478 | Actors\Character\Character Assets\Mouth\MouthHumanFChargen.tri - 141).
RaceMap::CreateDefaultMap - Added default slider maps for DA13AfflictedRace from NordRace
RacePartDefaultGen::Accept - Could not bind default morphs for 0RCOChildHeadNord on BretonRaceChildArnima[0] using NordRace. Vertex mismatch (actors\character\ranaline\character assets\childheadchargen.tri - 996 | Actors\Character\Character Assets\MaleHeadCustomizations.tri - 898).
RacePartDefaultGen::Accept - Binding default morphs for 0RCOChildMouth (actors\character\ranaline\character assets\mouthchildchargen.tri) on BretonRaceChildArnima[0] using NordRace. (actors\character\ranaline\character assets\mouthchildchargen.tri - 141 | Actors\Character\Character Assets\Mouth\MouthHumanChargen.tri - 141)
RacePartDefaultGen::Accept - Binding default morphs for 0RCOChildHeadNord (actors\character\ranaline\character assets\childheadchargen.tri) on BretonRaceChildArnima[1] using NordRace. (actors\character\ranaline\character assets\childheadchargen.tri - 996 | Actors\Character\Character Assets\FemaleHeadCharGen.tri - 996)
RacePartDefaultGen::Accept - Binding default morphs for 0RCOChildMouth (actors\character\ranaline\character assets\mouthchildchargen.tri) on BretonRaceChildArnima[1] using NordRace. (actors\character\ranaline\character assets\mouthchildchargen.tri - 141 | Actors\Character\Character Assets\Mouth\MouthHumanFChargen.tri - 141)
RaceMap::CreateDefaultMap - Added default slider maps for BretonRaceChildArnima from NordRace
RaceMap::CreateDefaultMap - Added default slider maps for TOK_RACE_PolymorphBretonRace from NordRace
RacePartDefaultGen::Accept - Could not bind default morphs for 0RCOChildHeadNord on BretonRaceChild[0] using NordRace. Vertex mismatch (actors\character\ranaline\character assets\childheadchargen.tri - 996 | Actors\Character\Character Assets\MaleHeadCustomizations.tri - 898).
RacePartDefaultGen::Accept - Could not bind default morphs for 0RCOChildEyesSurreal on BretonRaceChild[0] using NordRace. Vertex mismatch (actors\character\ranaline\character assets\eyeschildchargen.tri - 176 | Actors\Character\Character Assets\EyesMaleCharGen.tri - 186).
RacePartDefaultGen::Accept - Binding default morphs for 0RCOChildMouth (actors\character\ranaline\character assets\mouthchildchargen.tri) on BretonRaceChild[0] using NordRace. (actors\character\ranaline\character assets\mouthchildchargen.tri - 141 | Actors\Character\Character Assets\Mouth\MouthHumanChargen.tri - 141)
RacePartDefaultGen::Accept - Binding default morphs for 0RCOChildHeadNord (actors\character\ranaline\character assets\childheadchargen.tri) on BretonRaceChild[1] using NordRace. (actors\character\ranaline\character assets\childheadchargen.tri - 996 | Actors\Character\Character Assets\FemaleHeadCharGen.tri - 996)
RacePartDefaultGen::Accept - Binding default morphs for 0RCOChildEyesSensual (actors\character\ranaline\character assets\eyeschildchargen.tri) on BretonRaceChild[1] using NordRace. (actors\character\ranaline\character assets\eyeschildchargen.tri - 176 | Actors\Character\Character Assets\EyesFemaleChargen.tri - 176)
RacePartDefaultGen::Accept - Binding default morphs for 0RCOChildMouth (actors\character\ranaline\character assets\mouthchildchargen.tri) on BretonRaceChild[1] using NordRace. (actors\character\ranaline\character assets\mouthchildchargen.tri - 141 | Actors\Character\Character Assets\Mouth\MouthHumanFChargen.tri - 141)
RacePartDefaultGen::Accept - Binding default morphs for 0RCOChildBrows09 (actors\character\ranaline\character assets\childheadbrowschargen.tri) on BretonRaceChild[1] using NordRace. (actors\character\ranaline\character assets\childheadbrowschargen.tri - 102 | Actors\Character\Character Assets\FaceParts\FemaleHeadBrowsCharGen.tri - 102)
RaceMap::CreateDefaultMap - Added default slider maps for BretonRaceChild from NordRace
RacePartDefaultGen::Accept - Could not bind default morphs for 0RCOChildHeadNord on BretonRaceChildVampire[0] using NordRace. Vertex mismatch (actors\character\ranaline\character assets\childheadchargen.tri - 996 | Actors\Character\Character Assets\MaleHeadCustomizations.tri - 898).
RacePartDefaultGen::Accept - Could not bind default morphs for 0RCOChildEyesVampire on BretonRaceChildVampire[0] using NordRace. Vertex mismatch (actors\character\ranaline\character assets\eyeschildchargen.tri - 176 | Actors\Character\Character Assets\EyesMaleCharGen.tri - 186).
RacePartDefaultGen::Accept - Binding default morphs for 0RCOChildMouth (actors\character\ranaline\character assets\mouthchildchargen.tri) on BretonRaceChildVampire[0] using NordRace. (actors\character\ranaline\character assets\mouthchildchargen.tri - 141 | Actors\Character\Character Assets\Mouth\MouthHumanChargen.tri - 141)
RacePartDefaultGen::Accept - Binding default morphs for 0RCOChildHeadNord (actors\character\ranaline\character assets\childheadchargen.tri) on BretonRaceChildVampire[1] using NordRace. (actors\character\ranaline\character assets\childheadchargen.tri - 996 | Actors\Character\Character Assets\FemaleHeadCharGen.tri - 996)
RacePartDefaultGen::Accept - Binding default morphs for 0RCOChildEyesVampire (actors\character\ranaline\character assets\eyeschildchargen.tri) on BretonRaceChildVampire[1] using NordRace. (actors\character\ranaline\character assets\eyeschildchargen.tri - 176 | Actors\Character\Character Assets\EyesFemaleChargen.tri - 176)
RacePartDefaultGen::Accept - Binding default morphs for 0RCOChildBrows08 (actors\character\ranaline\character assets\childheadbrowschargen.tri) on BretonRaceChildVampire[1] using NordRace. (actors\character\ranaline\character assets\childheadbrowschargen.tri - 102 | Actors\Character\Character Assets\FaceParts\FemaleHeadBrowsCharGen.tri - 102)
RacePartDefaultGen::Accept - Binding default morphs for 0RCOChildMouth (actors\character\ranaline\character assets\mouthchildchargen.tri) on BretonRaceChildVampire[1] using NordRace. (actors\character\ranaline\character assets\mouthchildchargen.tri - 141 | Actors\Character\Character Assets\Mouth\MouthHumanFChargen.tri - 141)
RaceMap::CreateDefaultMap - Added default slider maps for BretonRaceChildVampire from NordRace
RaceMap::CreateDefaultMap - Added default slider maps for HRI_Alternate_Race_BretonRace from NordRace
RaceMap::CreateDefaultMap - Added default slider maps for _lull_ChronographerRace from NordRace
RaceMap::CreateDefaultMap - Added default slider maps for WB_ConjureCraftlord_Race from NordRace
RaceMap::CreateDefaultMap - Added default slider maps for DwaSpDwemerologist02 from NordRace
RaceMap::CreateDefaultMap - Added default slider maps for TOK_RACE_PolymorphDarkElfRace from NordRace
RaceMap::CreateDefaultMap - Added default slider maps for MASNerevarineRace from NordRace
RaceMap::CreateDefaultMap - Added default slider maps for DwaSpDwemerologist01 from NordRace
RaceMap::CreateDefaultMap - Added default slider maps for _Lull_FyrRace from NordRace
RaceMap::CreateDefaultMap - Added default slider maps for HRI_Alternate_Race_DarkElfRace from NordRace
RaceMap::CreateDefaultMap - Added default slider maps for ccBGSSSE025_DarkSeducerRace from NordRace
RaceMap::CreateDefaultMap - Added default slider maps for ArnimaDremoraRace from NordRace
RaceMap::CreateDefaultMap - Added default slider maps for MAG_DremoraRaceShield from NordRace
RaceMap::CreateDefaultMap - Added default slider maps for DLC2DremoraRace from NordRace
RaceMap::CreateDefaultMap - Added default slider maps for DremoraRace from NordRace
RaceMap::CreateDefaultMap - Added default slider maps for CoT_KrellykClothes from NordRace
RaceMap::CreateDefaultMap - Added default slider maps for _lull_yagrum from NordRace
RaceMap::CreateDefaultMap - Added default slider maps for _lull_dwemer from NordRace
RacePartDefaultGen::Accept - Could not bind default morphs for _DS_dwemereyes on _DS_DwemerRace[0] using NordRace. Vertex mismatch (Actors\Character\Character Assets\EyesKhajiitChargen.tri - 50 | Actors\Character\Character Assets\EyesMaleCharGen.tri - 186).
RaceMap::CreateDefaultMap - Added default slider maps for _DS_DwemerRace from NordRace
RaceMap::CreateDefaultMap - Added default slider maps for HPGToadRace from NordRace
RaceMap::CreateDefaultMap - Added default slider maps for ccBGSSSE025_GoldenSaintRace from NordRace
RaceMap::CreateDefaultMap - Added default slider maps for zzzCrbHalfDragonChildRace from NordRace
RaceMap::CreateDefaultMap - Added default slider maps for zzzCrbHalfDragonRace from NordRace
RaceMap::CreateDefaultMap - Added default slider maps for _Lull_SecariusRace from NordRace
RaceMap::CreateDefaultMap - Added default slider maps for BSKSeaElfRace from NordRace
RaceMap::CreateDefaultMap - Added default slider maps for BSKWildElfRace from NordRace
RaceMap::CreateDefaultMap - Added default slider maps for 000FCArbiterRace from NordRace
RaceMap::CreateDefaultMap - Added default slider maps for _Lull_ThalmorMutant_NoHead from NordRace
RaceMap::CreateDefaultMap - Added default slider maps for TOK_RACE_PolymorphHighElfRace from NordRace
RaceMap::CreateDefaultMap - Added default slider maps for _Lull_ThalmorMutant_BigHead from NordRace
RaceMap::CreateDefaultMap - Added default slider maps for _Lull_ThalmorMutant_Long from NordRace
RaceMap::CreateDefaultMap - Added default slider maps for _Lull_ThalmorMutant_Armed from NordRace
RaceMap::CreateDefaultMap - Added default slider maps for _Lull_ThalmorMutant_Masscroft from NordRace
RaceMap::CreateDefaultMap - Added default slider maps for SnowElfRace from NordRace
RaceMap::CreateDefaultMap - Added default slider maps for HRI_Alternate_Race_HighElfRace from NordRace
RaceMap::CreateDefaultMap - Added default slider maps for TOK_RACE_PolymorphImperialRace from NordRace
RacePartDefaultGen::Accept - Could not bind default morphs for 0RCOChildHeadNord on ImperialRaceChild[0] using NordRace. Vertex mismatch (actors\character\ranaline\character assets\childheadchargen.tri - 996 | Actors\Character\Character Assets\MaleHeadCustomizations.tri - 898).
RacePartDefaultGen::Accept - Could not bind default morphs for 0RCOChildEyesEntangled on ImperialRaceChild[0] using NordRace. Vertex mismatch (actors\character\ranaline\character assets\eyeschildchargen.tri - 176 | Actors\Character\Character Assets\EyesMaleCharGen.tri - 186).
RacePartDefaultGen::Accept - Binding default morphs for 0RCOChildMouth (actors\character\ranaline\character assets\mouthchildchargen.tri) on ImperialRaceChild[0] using NordRace. (actors\character\ranaline\character assets\mouthchildchargen.tri - 141 | Actors\Character\Character Assets\Mouth\MouthHumanChargen.tri - 141)
RacePartDefaultGen::Accept - Binding default morphs for 0RCOChildHeadNord (actors\character\ranaline\character assets\childheadchargen.tri) on ImperialRaceChild[1] using NordRace. (actors\character\ranaline\character assets\childheadchargen.tri - 996 | Actors\Character\Character Assets\FemaleHeadCharGen.tri - 996)
RacePartDefaultGen::Accept - Binding default morphs for 0RCOChildEyesEmerald (actors\character\ranaline\character assets\eyeschildchargen.tri) on ImperialRaceChild[1] using NordRace. (actors\character\ranaline\character assets\eyeschildchargen.tri - 176 | Actors\Character\Character Assets\EyesFemaleChargen.tri - 176)
RacePartDefaultGen::Accept - Binding default morphs for 0RCOChildBrows09 (actors\character\ranaline\character assets\childheadbrowschargen.tri) on ImperialRaceChild[1] using NordRace. (actors\character\ranaline\character assets\childheadbrowschargen.tri - 102 | Actors\Character\Character Assets\FaceParts\FemaleHeadBrowsCharGen.tri - 102)
RacePartDefaultGen::Accept - Binding default morphs for 0RCOChildMouth (actors\character\ranaline\character assets\mouthchildchargen.tri) on ImperialRaceChild[1] using NordRace. (actors\character\ranaline\character assets\mouthchildchargen.tri - 141 | Actors\Character\Character Assets\Mouth\MouthHumanFChargen.tri - 141)
RaceMap::CreateDefaultMap - Added default slider maps for ImperialRaceChild from NordRace
RacePartDefaultGen::Accept - Could not bind default morphs for 0RCOChildHeadNord on ImperialRaceChildVampire[0] using NordRace. Vertex mismatch (actors\character\ranaline\character assets\childheadchargen.tri - 996 | Actors\Character\Character Assets\MaleHeadCustomizations.tri - 898).
RacePartDefaultGen::Accept - Could not bind default morphs for 0RCOChildEyesVampire on ImperialRaceChildVampire[0] using NordRace. Vertex mismatch (actors\character\ranaline\character assets\eyeschildchargen.tri - 176 | Actors\Character\Character Assets\EyesMaleCharGen.tri - 186).
RacePartDefaultGen::Accept - Binding default morphs for 0RCOChildMouth (actors\character\ranaline\character assets\mouthchildchargen.tri) on ImperialRaceChildVampire[0] using NordRace. (actors\character\ranaline\character assets\mouthchildchargen.tri - 141 | Actors\Character\Character Assets\Mouth\MouthHumanChargen.tri - 141)
RacePartDefaultGen::Accept - Binding default morphs for 0RCOChildHeadNord (actors\character\ranaline\character assets\childheadchargen.tri) on ImperialRaceChildVampire[1] using NordRace. (actors\character\ranaline\character assets\childheadchargen.tri - 996 | Actors\Character\Character Assets\FemaleHeadCharGen.tri - 996)
RacePartDefaultGen::Accept - Binding default morphs for 0RCOChildEyesEmerald (actors\character\ranaline\character assets\eyeschildchargen.tri) on ImperialRaceChildVampire[1] using NordRace. (actors\character\ranaline\character assets\eyeschildchargen.tri - 176 | Actors\Character\Character Assets\EyesFemaleChargen.tri - 176)
RacePartDefaultGen::Accept - Binding default morphs for 0RCOChildBrows09 (actors\character\ranaline\character assets\childheadbrowschargen.tri) on ImperialRaceChildVampire[1] using NordRace. (actors\character\ranaline\character assets\childheadbrowschargen.tri - 102 | Actors\Character\Character Assets\FaceParts\FemaleHeadBrowsCharGen.tri - 102)
RacePartDefaultGen::Accept - Binding default morphs for 0RCOChildMouth (actors\character\ranaline\character assets\mouthchildchargen.tri) on ImperialRaceChildVampire[1] using NordRace. (actors\character\ranaline\character assets\mouthchildchargen.tri - 141 | Actors\Character\Character Assets\Mouth\MouthHumanFChargen.tri - 141)
RaceMap::CreateDefaultMap - Added default slider maps for ImperialRaceChildVampire from NordRace
RaceMap::CreateDefaultMap - Added default slider maps for HRI_Alternate_Race_ImperialRace from NordRace
RaceMap::CreateDefaultMap - Added default slider maps for AK69KatanaRace from NordRace
RacePartDefaultGen::Accept - Could not bind default morphs for MaleHeadKhajiit on KhajiitRaceVampire[0] using NordRace. Vertex mismatch (Actors\Character\Character Assets\MaleHeadKhajiitChargen.tri - 1356 | Actors\Character\Character Assets\MaleHeadCustomizations.tri - 898).
RacePartDefaultGen::Accept - Could not bind default morphs for MaleMouthKhajiit on KhajiitRaceVampire[0] using NordRace. Vertex mismatch (Actors\Character\Character Assets\Mouth\MaleMouthKhajiitChargen.tri - 643 | Actors\Character\Character Assets\Mouth\MouthHumanChargen.tri - 141).
RacePartDefaultGen::Accept - Could not bind default morphs for MaleEyesKhajiitVampire on KhajiitRaceVampire[0] using NordRace. Vertex mismatch (Actors\Character\Character Assets\EyesKhajiitChargen.tri - 50 | Actors\Character\Character Assets\EyesMaleCharGen.tri - 186).
RacePartDefaultGen::Accept - Could not bind default morphs for FemaleHeadKhajiit on KhajiitRaceVampire[1] using NordRace. Vertex mismatch (Actors\Character\Character Assets\FemaleHeadKhajiitChargen.tri - 1342 | Actors\Character\Character Assets\FemaleHeadCharGen.tri - 996).
RacePartDefaultGen::Accept - Could not bind default morphs for FemaleMouthKhajiit on KhajiitRaceVampire[1] using NordRace. Vertex mismatch (Actors\Character\Character Assets\Mouth\MouthKhajiitFemaleChargen.tri - 643 | Actors\Character\Character Assets\Mouth\MouthHumanFChargen.tri - 141).
RacePartDefaultGen::Accept - Could not bind default morphs for FemaleEyesKhajiitVampire on KhajiitRaceVampire[1] using NordRace. Vertex mismatch (Actors\Character\Character Assets\EyesKhajiitFemaleChargen.tri - 50 | Actors\Character\Character Assets\EyesFemaleChargen.tri - 176).
RacePartDefaultGen::Accept - Could not bind default morphs for MaleHeadKhajiit on BGSSSE018_KhajiitRaceDoppelganger[0] using NordRace. Vertex mismatch (Actors\Character\Character Assets\MaleHeadKhajiitChargen.tri - 1356 | Actors\Character\Character Assets\MaleHeadCustomizations.tri - 898).
RacePartDefaultGen::Accept - Could not bind default morphs for MaleMouthKhajiit on BGSSSE018_KhajiitRaceDoppelganger[0] using NordRace. Vertex mismatch (Actors\Character\Character Assets\Mouth\MaleMouthKhajiitChargen.tri - 643 | Actors\Character\Character Assets\Mouth\MouthHumanChargen.tri - 141).
RacePartDefaultGen::Accept - Could not bind default morphs for MaleEyesKhajiitBase on BGSSSE018_KhajiitRaceDoppelganger[0] using NordRace. Vertex mismatch (Actors\Character\Character Assets\EyesKhajiitChargen.tri - 50 | Actors\Character\Character Assets\EyesMaleCharGen.tri - 186).
RacePartDefaultGen::Accept - Could not bind default morphs for FemaleHeadKhajiit on BGSSSE018_KhajiitRaceDoppelganger[1] using NordRace. Vertex mismatch (Actors\Character\Character Assets\FemaleHeadKhajiitChargen.tri - 1342 | Actors\Character\Character Assets\FemaleHeadCharGen.tri - 996).
RacePartDefaultGen::Accept - Could not bind default morphs for FemaleMouthKhajiit on BGSSSE018_KhajiitRaceDoppelganger[1] using NordRace. Vertex mismatch (Actors\Character\Character Assets\Mouth\MouthKhajiitFemaleChargen.tri - 643 | Actors\Character\Character Assets\Mouth\MouthHumanFChargen.tri - 141).
RacePartDefaultGen::Accept - Could not bind default morphs for FemaleEyesKhajiitBase on BGSSSE018_KhajiitRaceDoppelganger[1] using NordRace. Vertex mismatch (Actors\Character\Character Assets\EyesKhajiitFemaleChargen.tri - 50 | Actors\Character\Character Assets\EyesFemaleChargen.tri - 176).
RacePartDefaultGen::Accept - Could not bind default morphs for MaleHeadKhajiit on TOK_RACE_PolymorphKhajiitRace[0] using NordRace. Vertex mismatch (Actors\Character\Character Assets\MaleHeadKhajiitChargen.tri - 1356 | Actors\Character\Character Assets\MaleHeadCustomizations.tri - 898).
RacePartDefaultGen::Accept - Could not bind default morphs for MaleMouthKhajiit on TOK_RACE_PolymorphKhajiitRace[0] using NordRace. Vertex mismatch (Actors\Character\Character Assets\Mouth\MaleMouthKhajiitChargen.tri - 643 | Actors\Character\Character Assets\Mouth\MouthHumanChargen.tri - 141).
RacePartDefaultGen::Accept - Could not bind default morphs for MaleEyesKhajiitBase on TOK_RACE_PolymorphKhajiitRace[0] using NordRace. Vertex mismatch (Actors\Character\Character Assets\EyesKhajiitChargen.tri - 50 | Actors\Character\Character Assets\EyesMaleCharGen.tri - 186).
RacePartDefaultGen::Accept - Could not bind default morphs for FemaleHeadKhajiit on TOK_RACE_PolymorphKhajiitRace[1] using NordRace. Vertex mismatch (Actors\Character\Character Assets\FemaleHeadKhajiitChargen.tri - 1342 | Actors\Character\Character Assets\FemaleHeadCharGen.tri - 996).
RacePartDefaultGen::Accept - Could not bind default morphs for FemaleMouthKhajiit on TOK_RACE_PolymorphKhajiitRace[1] using NordRace. Vertex mismatch (Actors\Character\Character Assets\Mouth\MouthKhajiitFemaleChargen.tri - 643 | Actors\Character\Character Assets\Mouth\MouthHumanFChargen.tri - 141).
RacePartDefaultGen::Accept - Could not bind default morphs for FemaleEyesKhajiitBase on TOK_RACE_PolymorphKhajiitRace[1] using NordRace. Vertex mismatch (Actors\Character\Character Assets\EyesKhajiitFemaleChargen.tri - 50 | Actors\Character\Character Assets\EyesFemaleChargen.tri - 176).
RacePartDefaultGen::Accept - Could not bind default morphs for MaleHeadKhajiit on KhajiitRace[0] using NordRace. Vertex mismatch (Actors\Character\Character Assets\MaleHeadKhajiitChargen.tri - 1356 | Actors\Character\Character Assets\MaleHeadCustomizations.tri - 898).
RacePartDefaultGen::Accept - Could not bind default morphs for MaleMouthKhajiit on KhajiitRace[0] using NordRace. Vertex mismatch (Actors\Character\Character Assets\Mouth\MaleMouthKhajiitChargen.tri - 643 | Actors\Character\Character Assets\Mouth\MouthHumanChargen.tri - 141).
RacePartDefaultGen::Accept - Could not bind default morphs for MaleEyesKhajiitBase on KhajiitRace[0] using NordRace. Vertex mismatch (Actors\Character\Character Assets\EyesKhajiitChargen.tri - 50 | Actors\Character\Character Assets\EyesMaleCharGen.tri - 186).
RacePartDefaultGen::Accept - Could not bind default morphs for FemaleHeadKhajiit on KhajiitRace[1] using NordRace. Vertex mismatch (Actors\Character\Character Assets\FemaleHeadKhajiitChargen.tri - 1342 | Actors\Character\Character Assets\FemaleHeadCharGen.tri - 996).
RacePartDefaultGen::Accept - Could not bind default morphs for FemaleMouthKhajiit on KhajiitRace[1] using NordRace. Vertex mismatch (Actors\Character\Character Assets\Mouth\MouthKhajiitFemaleChargen.tri - 643 | Actors\Character\Character Assets\Mouth\MouthHumanFChargen.tri - 141).
RacePartDefaultGen::Accept - Could not bind default morphs for FemaleEyesKhajiitBase on KhajiitRace[1] using NordRace. Vertex mismatch (Actors\Character\Character Assets\EyesKhajiitFemaleChargen.tri - 50 | Actors\Character\Character Assets\EyesFemaleChargen.tri - 176).
RacePartDefaultGen::Accept - Could not bind default morphs for MaleHeadKhajiit on HRI_Alternate_Race_KhajiitRace[0] using NordRace. Vertex mismatch (Actors\Character\Character Assets\MaleHeadKhajiitChargen.tri - 1356 | Actors\Character\Character Assets\MaleHeadCustomizations.tri - 898).
RacePartDefaultGen::Accept - Could not bind default morphs for MaleMouthKhajiit on HRI_Alternate_Race_KhajiitRace[0] using NordRace. Vertex mismatch (Actors\Character\Character Assets\Mouth\MaleMouthKhajiitChargen.tri - 643 | Actors\Character\Character Assets\Mouth\MouthHumanChargen.tri - 141).
RacePartDefaultGen::Accept - Could not bind default morphs for MaleEyesKhajiitBase on HRI_Alternate_Race_KhajiitRace[0] using NordRace. Vertex mismatch (Actors\Character\Character Assets\EyesKhajiitChargen.tri - 50 | Actors\Character\Character Assets\EyesMaleCharGen.tri - 186).
RacePartDefaultGen::Accept - Could not bind default morphs for FemaleHeadKhajiit on HRI_Alternate_Race_KhajiitRace[1] using NordRace. Vertex mismatch (Actors\Character\Character Assets\FemaleHeadKhajiitChargen.tri - 1342 | Actors\Character\Character Assets\FemaleHeadCharGen.tri - 996).
RacePartDefaultGen::Accept - Could not bind default morphs for FemaleMouthKhajiit on HRI_Alternate_Race_KhajiitRace[1] using NordRace. Vertex mismatch (Actors\Character\Character Assets\Mouth\MouthKhajiitFemaleChargen.tri - 643 | Actors\Character\Character Assets\Mouth\MouthHumanFChargen.tri - 141).
RacePartDefaultGen::Accept - Could not bind default morphs for FemaleEyesKhajiitBase on HRI_Alternate_Race_KhajiitRace[1] using NordRace. Vertex mismatch (Actors\Character\Character Assets\EyesKhajiitFemaleChargen.tri - 50 | Actors\Character\Character Assets\EyesFemaleChargen.tri - 176).
RacePartDefaultGen::Accept - Could not bind default morphs for JKJMaleHeadKhajiitAltCathayCat on JKJKhajiitAltCathayCatRace[0] using NordRace. Vertex mismatch (Actors\Character\Character Assets\MaleHeadKhajiitChargen.tri - 1356 | Actors\Character\Character Assets\MaleHeadCustomizations.tri - 898).
RacePartDefaultGen::Accept - Could not bind default morphs for JKJMaleMouthKhajiitAltCathayCat on JKJKhajiitAltCathayCatRace[0] using NordRace. Vertex mismatch (Actors\Character\Character Assets\Mouth\MaleMouthKhajiitChargen.tri - 643 | Actors\Character\Character Assets\Mouth\MouthHumanChargen.tri - 141).
RacePartDefaultGen::Accept - Could not bind default morphs for JKJMaleEyesKhajiitAltCathayCatBase on JKJKhajiitAltCathayCatRace[0] using NordRace. Vertex mismatch (Actors\Character\Character Assets\EyesKhajiitChargen.tri - 50 | Actors\Character\Character Assets\EyesMaleCharGen.tri - 186).
RacePartDefaultGen::Accept - Could not bind default morphs for JKJFemaleHeadKhajiitAtlCathayCat on JKJKhajiitAltCathayCatRace[1] using NordRace. Vertex mismatch (Actors\Character\Character Assets\FemaleHeadKhajiitChargen.tri - 1342 | Actors\Character\Character Assets\FemaleHeadCharGen.tri - 996).
RacePartDefaultGen::Accept - Could not bind default morphs for JKJFemaleMouthKhajiitAltCathayCat on JKJKhajiitAltCathayCatRace[1] using NordRace. Vertex mismatch (Actors\Character\Character Assets\Mouth\MouthKhajiitFemaleChargen.tri - 643 | Actors\Character\Character Assets\Mouth\MouthHumanFChargen.tri - 141).
RacePartDefaultGen::Accept - Could not bind default morphs for JKJFemaleEyesKhajiitAltCathayCatBase on JKJKhajiitAltCathayCatRace[1] using NordRace. Vertex mismatch (Actors\Character\Character Assets\EyesKhajiitFemaleChargen.tri - 50 | Actors\Character\Character Assets\EyesFemaleChargen.tri - 176).
RacePartDefaultGen::Accept - Could not bind default morphs for JKJMaleHeadCathayRaht on JKJKhajiitCathayRahtAltLioness[0] using NordRace. Vertex mismatch (Actors\Character\Character Assets\MaleHeadKhajiitChargen.tri - 1356 | Actors\Character\Character Assets\MaleHeadCustomizations.tri - 898).
RacePartDefaultGen::Accept - Could not bind default morphs for JKJMaleEyesCathayRaht on JKJKhajiitCathayRahtAltLioness[0] using NordRace. Vertex mismatch (Actors\Character\Character Assets\EyesKhajiitChargen.tri - 50 | Actors\Character\Character Assets\EyesMaleCharGen.tri - 186).
RacePartDefaultGen::Accept - Could not bind default morphs for JKJMaleMouthCathayRaht on JKJKhajiitCathayRahtAltLioness[0] using NordRace. Vertex mismatch (Actors\Character\Character Assets\Mouth\MaleMouthKhajiitChargen.tri - 643 | Actors\Character\Character Assets\Mouth\MouthHumanChargen.tri - 141).
RacePartDefaultGen::Accept - Could not bind default morphs for JKJFemaleHeadCathayRahtAltLioness on JKJKhajiitCathayRahtAltLioness[1] using NordRace. Vertex mismatch (KhajiitDiversity\Furstocks\cathay-raht\Alt Lioness Cathay-Raht\femaleheadkhajiitchargen.tri - 7604 | Actors\Character\Character Assets\FemaleHeadCharGen.tri - 996).
RacePartDefaultGen::Accept - Could not bind default morphs for FemaleEyesKhajiitYellow on JKJKhajiitCathayRahtAltLioness[1] using NordRace. Vertex mismatch (Actors\Character\Character Assets\EyesKhajiitFemaleChargen.tri - 50 | Actors\Character\Character Assets\EyesFemaleChargen.tri - 176).
RacePartDefaultGen::Accept - Could not bind default morphs for JKJFemaleMouthCathayRahtAltLioness on JKJKhajiitCathayRahtAltLioness[1] using NordRace. Vertex mismatch (Actors\Character\Character Assets\Mouth\MouthKhajiitFemaleChargen.tri - 643 | Actors\Character\Character Assets\Mouth\MouthHumanFChargen.tri - 141).
RacePartDefaultGen::Accept - Could not bind default morphs for JKJMaleHeadCathayRaht on JKJKhajiitCathayRaht[0] using NordRace. Vertex mismatch (Actors\Character\Character Assets\MaleHeadKhajiitChargen.tri - 1356 | Actors\Character\Character Assets\MaleHeadCustomizations.tri - 898).
RacePartDefaultGen::Accept - Could not bind default morphs for JKJMaleEyesCathayRaht on JKJKhajiitCathayRaht[0] using NordRace. Vertex mismatch (Actors\Character\Character Assets\EyesKhajiitChargen.tri - 50 | Actors\Character\Character Assets\EyesMaleCharGen.tri - 186).
RacePartDefaultGen::Accept - Could not bind default morphs for JKJMaleMouthCathayRaht on JKJKhajiitCathayRaht[0] using NordRace. Vertex mismatch (Actors\Character\Character Assets\Mouth\MaleMouthKhajiitChargen.tri - 643 | Actors\Character\Character Assets\Mouth\MouthHumanChargen.tri - 141).
RacePartDefaultGen::Accept - Could not bind default morphs for JKJFemaleHeadCathayRaht on JKJKhajiitCathayRaht[1] using NordRace. Vertex mismatch (Actors\Character\Character Assets\FemaleHeadKhajiitChargen.tri - 1342 | Actors\Character\Character Assets\FemaleHeadCharGen.tri - 996).
RacePartDefaultGen::Accept - Could not bind default morphs for JKJFemaleEyesCathayRaht on JKJKhajiitCathayRaht[1] using NordRace. Vertex mismatch (Actors\Character\Character Assets\EyesKhajiitFemaleChargen.tri - 50 | Actors\Character\Character Assets\EyesFemaleChargen.tri - 176).
RacePartDefaultGen::Accept - Could not bind default morphs for JKJFemaleMouthCathayRaht on JKJKhajiitCathayRaht[1] using NordRace. Vertex mismatch (Actors\Character\Character Assets\Mouth\MouthKhajiitFemaleChargen.tri - 643 | Actors\Character\Character Assets\Mouth\MouthHumanFChargen.tri - 141).
RacePartDefaultGen::Accept - Could not bind default morphs for MaleMouthKhajiit on JKJKhajiitDagiRaht[0] using NordRace. Vertex mismatch (Actors\Character\Character Assets\Mouth\MaleMouthKhajiitChargen.tri - 643 | Actors\Character\Character Assets\Mouth\MouthHumanChargen.tri - 141).
RacePartDefaultGen::Accept - Could not bind default morphs for MaleEyesKhajiitBase on JKJKhajiitDagiRaht[0] using NordRace. Vertex mismatch (Actors\Character\Character Assets\EyesKhajiitChargen.tri - 50 | Actors\Character\Character Assets\EyesMaleCharGen.tri - 186).
RacePartDefaultGen::Accept - Could not bind default morphs for JKJMaleHeadKhajiitDagi on JKJKhajiitDagiRaht[0] using NordRace. Vertex mismatch (KhajiitDiversity\Furstocks\cathay\maleheadkhajiitchargen.tri - 5207 | Actors\Character\Character Assets\MaleHeadCustomizations.tri - 898).
RacePartDefaultGen::Accept - Could not bind default morphs for FemaleMouthKhajiit on JKJKhajiitDagiRaht[1] using NordRace. Vertex mismatch (Actors\Character\Character Assets\Mouth\MouthKhajiitFemaleChargen.tri - 643 | Actors\Character\Character Assets\Mouth\MouthHumanFChargen.tri - 141).
RacePartDefaultGen::Accept - Could not bind default morphs for FemaleEyesKhajiitBase on JKJKhajiitDagiRaht[1] using NordRace. Vertex mismatch (Actors\Character\Character Assets\EyesKhajiitFemaleChargen.tri - 50 | Actors\Character\Character Assets\EyesFemaleChargen.tri - 176).
RacePartDefaultGen::Accept - Could not bind default morphs for JKJFemaleHeadDagi on JKJKhajiitDagiRaht[1] using NordRace. Vertex mismatch (KhajiitDiversity\Furstocks\cathay\femaleheadkhajiitchargen.tri - 7604 | Actors\Character\Character Assets\FemaleHeadCharGen.tri - 996).
RaceMap::CreateDefaultMap - Added default slider maps for JKJKhajiitOhmes from NordRace
RacePartDefaultGen::Accept - Binding default morphs for JKJHeadOhmesrahtFemale (KhajiitDiversity\Furstocks\ohmes-raht\female\FemaleHeadCharGen.tri) on JKJKhajiitOhmesRahtRace[1] using NordRace. (KhajiitDiversity\Furstocks\ohmes-raht\female\FemaleHeadCharGen.tri - 996 | Actors\Character\Character Assets\FemaleHeadCharGen.tri - 996)
RaceMap::CreateDefaultMap - Added default slider maps for JKJKhajiitOhmesRahtRace from NordRace
RacePartDefaultGen::Accept - Could not bind default morphs for MaleEyesKhajiitBase on JKJKhajiitPahmarRaht[0] using NordRace. Vertex mismatch (Actors\Character\Character Assets\EyesKhajiitChargen.tri - 50 | Actors\Character\Character Assets\EyesMaleCharGen.tri - 186).
RacePartDefaultGen::Accept - Could not bind default morphs for JKJMaleHeadPahmar on JKJKhajiitPahmarRaht[0] using NordRace. Vertex mismatch (Actors\Character\Character Assets\MaleHeadKhajiitChargen.tri - 1356 | Actors\Character\Character Assets\MaleHeadCustomizations.tri - 898).
RacePartDefaultGen::Accept - Could not bind default morphs for JKJMaleMouthPahmar on JKJKhajiitPahmarRaht[0] using NordRace. Vertex mismatch (Actors\Character\Character Assets\Mouth\MaleMouthKhajiitChargen.tri - 643 | Actors\Character\Character Assets\Mouth\MouthHumanChargen.tri - 141).
RacePartDefaultGen::Accept - Could not bind default morphs for FemaleEyesKhajiitBase on JKJKhajiitPahmarRaht[1] using NordRace. Vertex mismatch (Actors\Character\Character Assets\EyesKhajiitFemaleChargen.tri - 50 | Actors\Character\Character Assets\EyesFemaleChargen.tri - 176).
RacePartDefaultGen::Accept - Could not bind default morphs for JKJFemaleHeadPahmar on JKJKhajiitPahmarRaht[1] using NordRace. Vertex mismatch (Actors\Character\Character Assets\FemaleHeadKhajiitChargen.tri - 1342 | Actors\Character\Character Assets\FemaleHeadCharGen.tri - 996).
RacePartDefaultGen::Accept - Could not bind default morphs for JKJFemaleMouthPahmar on JKJKhajiitPahmarRaht[1] using NordRace. Vertex mismatch (Actors\Character\Character Assets\Mouth\MouthKhajiitFemaleChargen.tri - 643 | Actors\Character\Character Assets\Mouth\MouthHumanFChargen.tri - 141).
RacePartDefaultGen::Accept - Could not bind default morphs for JKJMaleHeadSuthayRahtAltTiger on JKJKhajiitSuthayRahtAltTiger[0] using NordRace. Vertex mismatch (KhajiitDiversity\Furstocks\suthay-raht tiger\maleheadkhajiitchargen.tri - 1223 | Actors\Character\Character Assets\MaleHeadCustomizations.tri - 898).
RacePartDefaultGen::Accept - Could not bind default morphs for JKJMaleMouthSuthayRahtAltTiger on JKJKhajiitSuthayRahtAltTiger[0] using NordRace. Vertex mismatch (Actors\Character\Character Assets\Mouth\MaleMouthKhajiitChargen.tri - 643 | Actors\Character\Character Assets\Mouth\MouthHumanChargen.tri - 141).
RacePartDefaultGen::Accept - Could not bind default morphs for JKJMaleEyesSuthayRahtAltTiger on JKJKhajiitSuthayRahtAltTiger[0] using NordRace. Vertex mismatch (Actors\Character\Character Assets\EyesKhajiitChargen.tri - 50 | Actors\Character\Character Assets\EyesMaleCharGen.tri - 186).
RacePartDefaultGen::Accept - Could not bind default morphs for JKJFemaleHeadSuthayRahtAltTiger on JKJKhajiitSuthayRahtAltTiger[1] using NordRace. Vertex mismatch (KhajiitDiversity\Furstocks\suthay-raht tiger\femaleheadkhajiitchargen.tri - 1211 | Actors\Character\Character Assets\FemaleHeadCharGen.tri - 996).
RacePartDefaultGen::Accept - Could not bind default morphs for JKJFemaleMouthSuthayRahtAltTiger on JKJKhajiitSuthayRahtAltTiger[1] using NordRace. Vertex mismatch (Actors\Character\Character Assets\Mouth\MouthKhajiitFemaleChargen.tri - 643 | Actors\Character\Character Assets\Mouth\MouthHumanFChargen.tri - 141).
RacePartDefaultGen::Accept - Could not bind default morphs for JKJFemaleEyesSuthayRahtAltTiger on JKJKhajiitSuthayRahtAltTiger[1] using NordRace. Vertex mismatch (Actors\Character\Character Assets\EyesKhajiitFemaleChargen.tri - 50 | Actors\Character\Character Assets\EyesFemaleChargen.tri - 176).
RacePartDefaultGen::Accept - Could not bind default morphs for JKJMaleHeadSuthay on JKJKhajiitSuthayRaht[0] using NordRace. Vertex mismatch (Actors\Character\Character Assets\MaleHeadKhajiitChargen.tri - 1356 | Actors\Character\Character Assets\MaleHeadCustomizations.tri - 898).
RacePartDefaultGen::Accept - Could not bind default morphs for JKJMaleEyesCathayRaht on JKJKhajiitSuthayRaht[0] using NordRace. Vertex mismatch (Actors\Character\Character Assets\EyesKhajiitChargen.tri - 50 | Actors\Character\Character Assets\EyesMaleCharGen.tri - 186).
RacePartDefaultGen::Accept - Could not bind default morphs for JKJMaleMouthCathayRaht on JKJKhajiitSuthayRaht[0] using NordRace. Vertex mismatch (Actors\Character\Character Assets\Mouth\MaleMouthKhajiitChargen.tri - 643 | Actors\Character\Character Assets\Mouth\MouthHumanChargen.tri - 141).
RacePartDefaultGen::Accept - Could not bind default morphs for JKJFemaleHeadSuthay on JKJKhajiitSuthayRaht[1] using NordRace. Vertex mismatch (KhajiitDiversity\Furstocks\cathay-raht\Alt Lioness Cathay-Raht\femaleheadkhajiitchargen.tri - 7604 | Actors\Character\Character Assets\FemaleHeadCharGen.tri - 996).
RacePartDefaultGen::Accept - Could not bind default morphs for FemaleEyesKhajiitBase on JKJKhajiitSuthayRaht[1] using NordRace. Vertex mismatch (Actors\Character\Character Assets\EyesKhajiitFemaleChargen.tri - 50 | Actors\Character\Character Assets\EyesFemaleChargen.tri - 176).
RacePartDefaultGen::Accept - Could not bind default morphs for JKJFemaleMouthCathayRahtAltLioness on JKJKhajiitSuthayRaht[1] using NordRace. Vertex mismatch (Actors\Character\Character Assets\Mouth\MouthKhajiitFemaleChargen.tri - 643 | Actors\Character\Character Assets\Mouth\MouthHumanFChargen.tri - 141).
RacePartDefaultGen::Accept - Could not bind default morphs for JKJHeadMaleTojay on JKJKhajiitTojay[0] using NordRace. Vertex mismatch (Actors\Character\Character Assets\FemaleHeadKhajiitChargen.tri - 1342 | Actors\Character\Character Assets\MaleHeadCustomizations.tri - 898).
RacePartDefaultGen::Accept - Could not bind default morphs for JKJEyesTojay on JKJKhajiitTojay[0] using NordRace. Vertex mismatch (Actors\Character\Character Assets\EyesKhajiitFemaleChargen.tri - 50 | Actors\Character\Character Assets\EyesMaleCharGen.tri - 186).
RacePartDefaultGen::Accept - Could not bind default morphs for JKJMouthTojay on JKJKhajiitTojay[0] using NordRace. Vertex mismatch (Actors\Character\Character Assets\Mouth\MouthKhajiitFemaleChargen.tri - 643 | Actors\Character\Character Assets\Mouth\MouthHumanChargen.tri - 141).
RacePartDefaultGen::Accept - Could not bind default morphs for JKJHeadFemaleTojay on JKJKhajiitTojay[1] using NordRace. Vertex mismatch (Actors\Character\Character Assets\FemaleHeadKhajiitChargen.tri - 1342 | Actors\Character\Character Assets\FemaleHeadCharGen.tri - 996).
RacePartDefaultGen::Accept - Could not bind default morphs for JKJEyesTojay on JKJKhajiitTojay[1] using NordRace. Vertex mismatch (Actors\Character\Character Assets\EyesKhajiitFemaleChargen.tri - 50 | Actors\Character\Character Assets\EyesFemaleChargen.tri - 176).
RacePartDefaultGen::Accept - Could not bind default morphs for JKJMouthTojay on JKJKhajiitTojay[1] using NordRace. Vertex mismatch (Actors\Character\Character Assets\Mouth\MouthKhajiitFemaleChargen.tri - 643 | Actors\Character\Character Assets\Mouth\MouthHumanFChargen.tri - 141).
RacePartDefaultGen::Accept - Binding default morphs for ChildMouth (Actors\Character\Character Assets\Mouth\MouthChildChargen.tri) on zzzCOChildRaceKillable[0] using NordRace. (Actors\Character\Character Assets\Mouth\MouthChildChargen.tri - 141 | Actors\Character\Character Assets\Mouth\MouthHumanChargen.tri - 141)
RacePartDefaultGen::Accept - Binding default morphs for ChildMouth (Actors\Character\Character Assets\Mouth\MouthChildChargen.tri) on zzzCOChildRaceKillable[1] using NordRace. (Actors\Character\Character Assets\Mouth\MouthChildChargen.tri - 141 | Actors\Character\Character Assets\Mouth\MouthHumanFChargen.tri - 141)
RacePartDefaultGen::Accept - Binding default morphs for _Lull_MemoryHead (actors\character\rschildrenassets\character assets\childheadchargen.tri) on _Lull_MemoryRace[1] using NordRace. (actors\character\rschildrenassets\character assets\childheadchargen.tri - 996 | Actors\Character\Character Assets\FemaleHeadCharGen.tri - 996)
RacePartDefaultGen::Accept - Binding default morphs for _Lull_MemoryEyes (actors\character\rschildrenassets\character assets\eyeschildchargen.tri) on _Lull_MemoryRace[1] using NordRace. (actors\character\rschildrenassets\character assets\eyeschildchargen.tri - 176 | Actors\Character\Character Assets\EyesFemaleChargen.tri - 176)
RacePartDefaultGen::Accept - Binding default morphs for _Lull_MemoryMouth (actors\character\rschildrenassets\character assets\mouthchildchargen.tri) on _Lull_MemoryRace[1] using NordRace. (actors\character\rschildrenassets\character assets\mouthchildchargen.tri - 141 | Actors\Character\Character Assets\Mouth\MouthHumanFChargen.tri - 141)
RacePartDefaultGen::Accept - Binding default morphs for _Lull_MemoryBrows (actors\character\rschildrenassets\character assets\childheadbrowschargen.tri) on _Lull_MemoryRace[1] using NordRace. (actors\character\rschildrenassets\character assets\childheadbrowschargen.tri - 102 | Actors\Character\Character Assets\FaceParts\FemaleHeadBrowsCharGen.tri - 102)
RaceMap::CreateDefaultMap - Added default slider maps for _Lull_MemoryRace from NordRace
RaceMap::CreateDefaultMap - Added default slider maps for aaaLucDweWarriorRace from NordRace
RaceMap::CreateDefaultMap - Added default slider maps for DLC2MiraakRace from NordRace
RaceMap::CreateDefaultMap - Added default slider maps for HTNordRaceVampireLyrezi from NordRace
RaceMap::CreateDefaultMap - Added default slider maps for BGSSSE018_NordRaceDoppelganger from NordRace
RaceMap::CreateDefaultMap - Added default slider maps for TestRace from NordRace
RaceMap::CreateDefaultMap - Added default slider maps for 000FCArbiterRace2 from NordRace
RaceMap::CreateDefaultMap - Added default slider maps for TOK_RACE_PolymorphNordRace from NordRace
RaceMap::CreateDefaultMap - Added default slider maps for XJKNordRace from NordRace
RacePartDefaultGen::Accept - Binding default morphs for 00AelaHeadHP (actors\character\Aela\Head\femaleheadchargen.tri) on 00AelaRace[1] using NordRace. (actors\character\Aela\Head\femaleheadchargen.tri - 996 | Actors\Character\Character Assets\FemaleHeadCharGen.tri - 996)
RacePartDefaultGen::Accept - Binding default morphs for 00AelaBrowsHP (actors\character\Aela\Faceparts\femaleheadbrowschargen.tri) on 00AelaRace[1] using NordRace. (actors\character\Aela\Faceparts\femaleheadbrowschargen.tri - 102 | Actors\Character\Character Assets\FaceParts\FemaleHeadBrowsCharGen.tri - 102)
RacePartDefaultGen::Accept - Binding default morphs for 00AelaEyesHP (actors\character\Aela\Faceparts\eyesfemalechargen.tri) on 00AelaRace[1] using NordRace. (actors\character\Aela\Faceparts\eyesfemalechargen.tri - 176 | Actors\Character\Character Assets\EyesFemaleChargen.tri - 176)
RaceMap::CreateDefaultMap - Added default slider maps for 00AelaRace from NordRace
RaceMap::CreateDefaultMap - Added default slider maps for DLC1NordRace from NordRace
RaceMap::CreateDefaultMap - Added default slider maps for HTShadowmanRace from NordRace
RaceMap::CreateDefaultMap - Added default slider maps for NordRaceAstrid from NordRace
RacePartDefaultGen::Accept - Binding default morphs for ChildMouth (Actors\Character\Character Assets\Mouth\MouthChildChargen.tri) on zzzConchologistRace[0] using NordRace. (Actors\Character\Character Assets\Mouth\MouthChildChargen.tri - 141 | Actors\Character\Character Assets\Mouth\MouthHumanChargen.tri - 141)
RacePartDefaultGen::Accept - Binding default morphs for ChildMouth (Actors\Character\Character Assets\Mouth\MouthChildChargen.tri) on zzzConchologistRace[1] using NordRace. (Actors\Character\Character Assets\Mouth\MouthChildChargen.tri - 141 | Actors\Character\Character Assets\Mouth\MouthHumanFChargen.tri - 141)
RaceMap::CreateDefaultMap - Added default slider maps for XJKSkelLordRace from NordRace
RacePartDefaultGen::Accept - Could not bind default morphs for 0RCOChildHeadNord on NordRaceChild[0] using NordRace. Vertex mismatch (actors\character\ranaline\character assets\childheadchargen.tri - 996 | Actors\Character\Character Assets\MaleHeadCustomizations.tri - 898).
RacePartDefaultGen::Accept - Could not bind default morphs for 0RCOChildEyesBlue on NordRaceChild[0] using NordRace. Vertex mismatch (actors\character\ranaline\character assets\eyeschildchargen.tri - 176 | Actors\Character\Character Assets\EyesMaleCharGen.tri - 186).
RacePartDefaultGen::Accept - Binding default morphs for 0RCOChildMouth (actors\character\ranaline\character assets\mouthchildchargen.tri) on NordRaceChild[0] using NordRace. (actors\character\ranaline\character assets\mouthchildchargen.tri - 141 | Actors\Character\Character Assets\Mouth\MouthHumanChargen.tri - 141)
RacePartDefaultGen::Accept - Binding default morphs for 0RCOChildHeadNord (actors\character\ranaline\character assets\childheadchargen.tri) on NordRaceChild[1] using NordRace. (actors\character\ranaline\character assets\childheadchargen.tri - 996 | Actors\Character\Character Assets\FemaleHeadCharGen.tri - 996)
RacePartDefaultGen::Accept - Binding default morphs for 0RCOChildEyesBlue (actors\character\ranaline\character assets\eyeschildchargen.tri) on NordRaceChild[1] using NordRace. (actors\character\ranaline\character assets\eyeschildchargen.tri - 176 | Actors\Character\Character Assets\EyesFemaleChargen.tri - 176)
RacePartDefaultGen::Accept - Binding default morphs for 0RCOChildBrows11 (actors\character\ranaline\character assets\childheadbrowschargen.tri) on NordRaceChild[1] using NordRace. (actors\character\ranaline\character assets\childheadbrowschargen.tri - 102 | Actors\Character\Character Assets\FaceParts\FemaleHeadBrowsCharGen.tri - 102)
RacePartDefaultGen::Accept - Binding default morphs for 0RCOChildMouth (actors\character\ranaline\character assets\mouthchildchargen.tri) on NordRaceChild[1] using NordRace. (actors\character\ranaline\character assets\mouthchildchargen.tri - 141 | Actors\Character\Character Assets\Mouth\MouthHumanFChargen.tri - 141)
RaceMap::CreateDefaultMap - Added default slider maps for NordRaceChild from NordRace
RacePartDefaultGen::Accept - Could not bind default morphs for 0RCOChildHeadNord on NordRaceChildVampire[0] using NordRace. Vertex mismatch (actors\character\ranaline\character assets\childheadchargen.tri - 996 | Actors\Character\Character Assets\MaleHeadCustomizations.tri - 898).
RacePartDefaultGen::Accept - Could not bind default morphs for 0RCOChildEyesVampire on NordRaceChildVampire[0] using NordRace. Vertex mismatch (actors\character\ranaline\character assets\eyeschildchargen.tri - 176 | Actors\Character\Character Assets\EyesMaleCharGen.tri - 186).
RacePartDefaultGen::Accept - Binding default morphs for 0RCOChildMouth (actors\character\ranaline\character assets\mouthchildchargen.tri) on NordRaceChildVampire[0] using NordRace. (actors\character\ranaline\character assets\mouthchildchargen.tri - 141 | Actors\Character\Character Assets\Mouth\MouthHumanChargen.tri - 141)
RacePartDefaultGen::Accept - Binding default morphs for 0RCOChildHeadNord (actors\character\ranaline\character assets\childheadchargen.tri) on NordRaceChildVampire[1] using NordRace. (actors\character\ranaline\character assets\childheadchargen.tri - 996 | Actors\Character\Character Assets\FemaleHeadCharGen.tri - 996)
RacePartDefaultGen::Accept - Binding default morphs for 0RCOChildEyesBlue (actors\character\ranaline\character assets\eyeschildchargen.tri) on NordRaceChildVampire[1] using NordRace. (actors\character\ranaline\character assets\eyeschildchargen.tri - 176 | Actors\Character\Character Assets\EyesFemaleChargen.tri - 176)
RacePartDefaultGen::Accept - Binding default morphs for 0RCOChildBrows11 (actors\character\ranaline\character assets\childheadbrowschargen.tri) on NordRaceChildVampire[1] using NordRace. (actors\character\ranaline\character assets\childheadbrowschargen.tri - 102 | Actors\Character\Character Assets\FaceParts\FemaleHeadBrowsCharGen.tri - 102)
RacePartDefaultGen::Accept - Binding default morphs for 0RCOChildMouth (actors\character\ranaline\character assets\mouthchildchargen.tri) on NordRaceChildVampire[1] using NordRace. (actors\character\ranaline\character assets\mouthchildchargen.tri - 141 | Actors\Character\Character Assets\Mouth\MouthHumanFChargen.tri - 141)
RaceMap::CreateDefaultMap - Added default slider maps for NordRaceChildVampire from NordRace
RaceMap::CreateDefaultMap - Added default slider maps for HRI_Alternate_Race_NordRace from NordRace
RaceMap::CreateDefaultMap - Added default slider maps for BSKRedguardElderRace from NordRace
RaceMap::CreateDefaultMap - Added default slider maps for BSKImperialElderRace from NordRace
RaceMap::CreateDefaultMap - Added default slider maps for BSKReachmanElderRace from NordRace
RaceMap::CreateDefaultMap - Added default slider maps for ElderRaceVampire from NordRace
RaceMap::CreateDefaultMap - Added default slider maps for BSKBretonElderRace from NordRace
RaceMap::CreateDefaultMap - Added default slider maps for ElderRace from NordRace
RaceMap::CreateDefaultMap - Added default slider maps for 000ElderRace from NordRace
RacePartDefaultGen::Accept - Could not bind default morphs for MaleMouthOrc1 on TOK_RACE_PolymorphOrcRace[0] using NordRace. Vertex mismatch (Actors\Character\Character Assets\Mouth\MouthOrcChargen.tri - 348 | Actors\Character\Character Assets\Mouth\MouthHumanChargen.tri - 141).
RacePartDefaultGen::Accept - Could not bind default morphs for FemaleMouthOrc on TOK_RACE_PolymorphOrcRace[1] using NordRace. Vertex mismatch (Actors\Character\Character Assets\Mouth\MouthOrcFemaleChargen.tri - 348 | Actors\Character\Character Assets\Mouth\MouthHumanFChargen.tri - 141).
RaceMap::CreateDefaultMap - Added default slider maps for TOK_RACE_PolymorphOrcRace from NordRace
RacePartDefaultGen::Accept - Could not bind default morphs for MaleMouthOrc1 on OrcRaceVampire[0] using NordRace. Vertex mismatch (Actors\Character\Character Assets\Mouth\MouthOrcChargen.tri - 348 | Actors\Character\Character Assets\Mouth\MouthHumanChargen.tri - 141).
RacePartDefaultGen::Accept - Could not bind default morphs for FemaleMouthOrc on OrcRaceVampire[1] using NordRace. Vertex mismatch (Actors\Character\Character Assets\Mouth\MouthOrcFemaleChargen.tri - 348 | Actors\Character\Character Assets\Mouth\MouthHumanFChargen.tri - 141).
RacePartDefaultGen::Accept - Could not bind default morphs for MaleMouthOrc1 on BGSSSE018_OrcRaceDoppelganger[0] using NordRace. Vertex mismatch (Actors\Character\Character Assets\Mouth\MouthOrcChargen.tri - 348 | Actors\Character\Character Assets\Mouth\MouthHumanChargen.tri - 141).
RacePartDefaultGen::Accept - Could not bind default morphs for FemaleMouthOrc on BGSSSE018_OrcRaceDoppelganger[1] using NordRace. Vertex mismatch (Actors\Character\Character Assets\Mouth\MouthOrcFemaleChargen.tri - 348 | Actors\Character\Character Assets\Mouth\MouthHumanFChargen.tri - 141).
RaceMap::CreateDefaultMap - Added default slider maps for BGSSSE018_OrcRaceDoppelganger from NordRace
RacePartDefaultGen::Accept - Could not bind default morphs for MaleMouthOrc1 on OrcRace[0] using NordRace. Vertex mismatch (Actors\Character\Character Assets\Mouth\MouthOrcChargen.tri - 348 | Actors\Character\Character Assets\Mouth\MouthHumanChargen.tri - 141).
RacePartDefaultGen::Accept - Could not bind default morphs for FemaleMouthOrc on OrcRace[1] using NordRace. Vertex mismatch (Actors\Character\Character Assets\Mouth\MouthOrcFemaleChargen.tri - 348 | Actors\Character\Character Assets\Mouth\MouthHumanFChargen.tri - 141).
RacePartDefaultGen::Accept - Could not bind default morphs for MaleMouthOrc1 on HRI_Alternate_Race_OrcRace[0] using NordRace. Vertex mismatch (Actors\Character\Character Assets\Mouth\MouthOrcChargen.tri - 348 | Actors\Character\Character Assets\Mouth\MouthHumanChargen.tri - 141).
RacePartDefaultGen::Accept - Could not bind default morphs for FemaleMouthOrc on HRI_Alternate_Race_OrcRace[1] using NordRace. Vertex mismatch (Actors\Character\Character Assets\Mouth\MouthOrcFemaleChargen.tri - 348 | Actors\Character\Character Assets\Mouth\MouthHumanFChargen.tri - 141).
RaceMap::CreateDefaultMap - Added default slider maps for HRI_Alternate_Race_OrcRace from NordRace
RaceMap::CreateDefaultMap - Added default slider maps for TOK_RACE_PolymorphRedguardRace from NordRace
RacePartDefaultGen::Accept - Could not bind default morphs for 0RCOChildHeadNord on RedguardRaceChild[0] using NordRace. Vertex mismatch (actors\character\ranaline\character assets\childheadchargen.tri - 996 | Actors\Character\Character Assets\MaleHeadCustomizations.tri - 898).
RacePartDefaultGen::Accept - Binding default morphs for 0RCOChildMouth (actors\character\ranaline\character assets\mouthchildchargen.tri) on RedguardRaceChild[0] using NordRace. (actors\character\ranaline\character assets\mouthchildchargen.tri - 141 | Actors\Character\Character Assets\Mouth\MouthHumanChargen.tri - 141)
RacePartDefaultGen::Accept - Could not bind default morphs for 0RCOChildEyesBrown on RedguardRaceChild[0] using NordRace. Vertex mismatch (actors\character\ranaline\character assets\eyeschildchargen.tri - 176 | Actors\Character\Character Assets\EyesMaleCharGen.tri - 186).
RacePartDefaultGen::Accept - Binding default morphs for 0RCOChildMouth (actors\character\ranaline\character assets\mouthchildchargen.tri) on RedguardRaceChild[1] using NordRace. (actors\character\ranaline\character assets\mouthchildchargen.tri - 141 | Actors\Character\Character Assets\Mouth\MouthHumanFChargen.tri - 141)
RacePartDefaultGen::Accept - Binding default morphs for 0RCOChildHeadNord (actors\character\ranaline\character assets\childheadchargen.tri) on RedguardRaceChild[1] using NordRace. (actors\character\ranaline\character assets\childheadchargen.tri - 996 | Actors\Character\Character Assets\FemaleHeadCharGen.tri - 996)
RacePartDefaultGen::Accept - Binding default morphs for 0RCOChildEyesBrown (actors\character\ranaline\character assets\eyeschildchargen.tri) on RedguardRaceChild[1] using NordRace. (actors\character\ranaline\character assets\eyeschildchargen.tri - 176 | Actors\Character\Character Assets\EyesFemaleChargen.tri - 176)
RacePartDefaultGen::Accept - Binding default morphs for 0RCOChildBrows08 (actors\character\ranaline\character assets\childheadbrowschargen.tri) on RedguardRaceChild[1] using NordRace. (actors\character\ranaline\character assets\childheadbrowschargen.tri - 102 | Actors\Character\Character Assets\FaceParts\FemaleHeadBrowsCharGen.tri - 102)
RaceMap::CreateDefaultMap - Added default slider maps for RedguardRaceChild from NordRace
RacePartDefaultGen::Accept - Could not bind default morphs for 0RCOChildHeadNord on RedguardRaceChildVampire[0] using NordRace. Vertex mismatch (actors\character\ranaline\character assets\childheadchargen.tri - 996 | Actors\Character\Character Assets\MaleHeadCustomizations.tri - 898).
RacePartDefaultGen::Accept - Could not bind default morphs for 0RCOChildEyesVampire on RedguardRaceChildVampire[0] using NordRace. Vertex mismatch (actors\character\ranaline\character assets\eyeschildchargen.tri - 176 | Actors\Character\Character Assets\EyesMaleCharGen.tri - 186).
RacePartDefaultGen::Accept - Binding default morphs for 0RCOChildMouth (actors\character\ranaline\character assets\mouthchildchargen.tri) on RedguardRaceChildVampire[0] using NordRace. (actors\character\ranaline\character assets\mouthchildchargen.tri - 141 | Actors\Character\Character Assets\Mouth\MouthHumanChargen.tri - 141)
RacePartDefaultGen::Accept - Binding default morphs for 0RCOChildMouth (actors\character\ranaline\character assets\mouthchildchargen.tri) on RedguardRaceChildVampire[1] using NordRace. (actors\character\ranaline\character assets\mouthchildchargen.tri - 141 | Actors\Character\Character Assets\Mouth\MouthHumanFChargen.tri - 141)
RacePartDefaultGen::Accept - Binding default morphs for 0RCOChildHeadNord (actors\character\ranaline\character assets\childheadchargen.tri) on RedguardRaceChildVampire[1] using NordRace. (actors\character\ranaline\character assets\childheadchargen.tri - 996 | Actors\Character\Character Assets\FemaleHeadCharGen.tri - 996)
RacePartDefaultGen::Accept - Binding default morphs for 0RCOChildEyesBrown (actors\character\ranaline\character assets\eyeschildchargen.tri) on RedguardRaceChildVampire[1] using NordRace. (actors\character\ranaline\character assets\eyeschildchargen.tri - 176 | Actors\Character\Character Assets\EyesFemaleChargen.tri - 176)
RacePartDefaultGen::Accept - Binding default morphs for 0RCOChildBrows08 (actors\character\ranaline\character assets\childheadbrowschargen.tri) on RedguardRaceChildVampire[1] using NordRace. (actors\character\ranaline\character assets\childheadbrowschargen.tri - 102 | Actors\Character\Character Assets\FaceParts\FemaleHeadBrowsCharGen.tri - 102)
RaceMap::CreateDefaultMap - Added default slider maps for RedguardRaceChildVampire from NordRace
RaceMap::CreateDefaultMap - Added default slider maps for HRI_Alternate_Race_RedguardRace from NordRace
RaceMap::CreateDefaultMap - Added default slider maps for CLWShadowRace from NordRace
RaceMap::CreateDefaultMap - Added default slider maps for SkeletonCorpseRace from NordRace
RaceMap::CreateDefaultMap - Added default slider maps for BSKSnowElfRace from NordRace
RaceMap::CreateDefaultMap - Added default slider maps for BVNPCSnowElfRaceVampire from NordRace
RaceMap::CreateDefaultMap - Added default slider maps for SunElfRaceVampire from NordRace
RaceMap::CreateDefaultMap - Added default slider maps for SunElfRace from NordRace
RaceMap::CreateDefaultMap - Added default slider maps for _Lull_MajerRace3 from NordRace
RaceMap::CreateDefaultMap - Added default slider maps for _Lull_MajerRace2 from NordRace
RaceMap::CreateDefaultMap - Added default slider maps for BGSSSE018_WoodElfRaceDoppelganger from NordRace
RaceMap::CreateDefaultMap - Added default slider maps for _Lull_MajerRace1 from NordRace
RaceMap::CreateDefaultMap - Added default slider maps for TOK_RACE_PolymorphWoodElfRace from NordRace
RaceMap::CreateDefaultMap - Added default slider maps for _Lull_MajerRace5 from NordRace
RaceMap::CreateDefaultMap - Added default slider maps for HRI_Alternate_Race_WoodElfRace from NordRace
RaceMap::CreateDefaultMap - Added default slider maps for 000FCZombieRace from NordRace
