skse64 loader 02000140 (steam) 01DC0E0793400531 6.2 (9200)
loader base addr = 00007FFE7E5F0000
exe base addr = 00007FF60F3A0000
found iat at 00007FF6108A98A8
original thunk 00007FFE99EB5A70
patched iat
HookMain: thread = 37028 retaddr = 00007FF6106EB159
runtimePath = D:\STOCK GAME\SkyrimSE.exe
dwSignature = FEEF04BD
dwStrucVersion = 00010000
dwFileVersionMS = 00010000
dwFileVersionLS = 00000000
dwProductVersionMS = 00010000
dwProductVersionLS = 00000000
dwFileFlagsMask = 00000017
dwFileFlags = 00000000
dwFileOS = 00000004
dwFileType = 00000001
dwFileSubtype = 00000000
dwFileDateMS = 00000000
dwFileDateLS = 00000000
productVersionStr = 1.5.97.0
version = 0001000500610000
product name = TESV: Skyrim
steam exe
dll = D:\STOCK GAME\\skse64_1_5_97.dll
