[22:41:11:808][info] SkyPatcher v3.3.2
[22:41:11:808][info] Game version : 1-5-97-0
[22:41:11:809][info] Leveled Lists will be ingored when added to containers.
[22:41:11:809][info] iUpdateNPCVisualsOnLoad 1
[22:41:11:810][info] Couldn't open directory .\Data\SKSE\Plugins\SkyPatcher\raceHook\.
[22:44:32:878][info] Couldn't open directory .\Data\SKSE\Plugins\SkyPatcher\magicEffect\.
[22:44:32:878][info] >>>>>>>>>>>>>>>>>>>>>>>>>>> Magic Effect Patcher finished in 0.000369 seconds
[22:44:32:879][info] Couldn't open directory .\Data\SKSE\Plugins\SkyPatcher\ammo\.
[22:44:32:879][info] >>>>>>>>>>>>>>>>>>>>>>>>>>> Ammo Patcher finished in 9.5e-05 seconds
[22:44:32:879][info] Couldn't open directory .\Data\SKSE\Plugins\SkyPatcher\weapon\.
[22:44:32:879][info] >>>>>>>>>>>>>>>>>>>>>>>>>>> Weapon Patcher finished in 0.000213 seconds
[22:44:32:880][info] ************************************************************
[22:44:32:880][info] Processing config file .\Data\SKSE\Plugins\SkyPatcher\armor\\armorRatingRecalculator\armorRatingRecalculator_Decreased.ini... 
[22:44:32:880][info] ************************************************************
[22:44:32:933][info] >>>>>>>>>>>>>>>>>>>>>>>>>>> Armor Patcher finished in 0.053727 seconds
[22:44:32:933][info] Couldn't open directory .\Data\SKSE\Plugins\SkyPatcher\race\.
[22:44:32:933][info] >>>>>>>>>>>>>>>>>>>>>>>>>>> Race Patcher finished in 0.000264 seconds
[22:44:32:935][info] ************************************************************
[22:44:32:935][info] Processing config file .\Data\SKSE\Plugins\SkyPatcher\npc\Chevalier's Armor Set\Chevalier's Armor Set.esp.ini... 
[22:44:32:935][info] ************************************************************
[22:44:32:957][info] >>>>>>>>>>>>>>>>>>>>>>>>>>> NPC Patching (segment) finished in 0.013357 seconds
[22:44:32:957][info] ************************************************************
[22:44:32:957][info] Processing config file .\Data\SKSE\Plugins\SkyPatcher\npc\NBIF\NBIF.ini... 
[22:44:32:957][info] ************************************************************
[22:44:33:007][info] >>>>>>>>>>>>>>>>>>>>>>>>>>> NPC Patching (segment) finished in 0.044297 seconds
[22:44:33:008][info] ************************************************************
[22:44:33:008][info] Processing config file .\Data\SKSE\Plugins\SkyPatcher\npc\zNolvus\zNolvus_PA.ini... 
[22:44:33:008][info] ************************************************************
[22:44:33:052][info] >>>>>>>>>>>>>>>>>>>>>>>>>>> NPC Patching (segment) finished in 0.039301 seconds
[22:44:33:059][info] >>>>>>>>>>>>>>>>>>>>>>>>>>> NPC Patcher finished in 0.125869 seconds
[22:44:33:060][info] ************************************************************
[22:44:33:060][info] Processing config file .\Data\SKSE\Plugins\SkyPatcher\ingestible\\AwesomePotionsSimplified\Apothecary.esp.ini... 
[22:44:33:060][info] ************************************************************
[22:44:33:070][info] >>>>>>>>>>>>>>>>>>>>>>>>>>> Ingestible Patcher finished in 0.010257 seconds
[22:44:33:070][info] Couldn't open directory .\Data\SKSE\Plugins\SkyPatcher\ingredient\.
[22:44:33:070][info] >>>>>>>>>>>>>>>>>>>>>>>>>>> Ingredient Patcher finished in 0.000249 seconds
[22:44:33:071][info] Couldn't open directory .\Data\SKSE\Plugins\SkyPatcher\spell\.
[22:44:33:071][info] >>>>>>>>>>>>>>>>>>>>>>>>>>> Spell Patcher finished in 0.000194 seconds
[22:44:33:071][info] Couldn't open directory .\Data\SKSE\Plugins\SkyPatcher\enchantment\.
[22:44:33:071][info] >>>>>>>>>>>>>>>>>>>>>>>>>>> Enchantment Patcher finished in 0.0002 seconds
[22:44:33:071][info] Couldn't open directory .\Data\SKSE\Plugins\SkyPatcher\projectile\.
[22:44:33:071][info] >>>>>>>>>>>>>>>>>>>>>>>>>>> Projectile Patcher finished in 0.000193 seconds
[22:44:33:071][info] Couldn't open directory .\Data\SKSE\Plugins\SkyPatcher\outfit\.
[22:44:33:071][info] >>>>>>>>>>>>>>>>>>>>>>>>>>> Outfit Patcher finished in 4.3e-05 seconds
[22:44:33:072][info] Couldn't open directory .\Data\SKSE\Plugins\SkyPatcher\scroll\.
[22:44:33:072][info] >>>>>>>>>>>>>>>>>>>>>>>>>>> Scroll Patcher finished in 0.00019 seconds
[22:44:33:072][info] Couldn't open directory .\Data\SKSE\Plugins\SkyPatcher\misc\.
[22:44:33:072][info] >>>>>>>>>>>>>>>>>>>>>>>>>>> Misc Patcher finished in 0.000185 seconds
[22:44:33:072][info] Couldn't open directory .\Data\SKSE\Plugins\SkyPatcher\soulGem\.
[22:44:33:072][info] >>>>>>>>>>>>>>>>>>>>>>>>>>> Soul Gem Patcher finished in 0.000176 seconds
[22:44:33:072][info] Couldn't open directory .\Data\SKSE\Plugins\SkyPatcher\faction\.
[22:44:33:072][info] >>>>>>>>>>>>>>>>>>>>>>>>>>> Faction Patcher finished in 0.000192 seconds
[22:44:33:073][info] Couldn't open directory .\Data\SKSE\Plugins\SkyPatcher\constructibleObject\.
[22:44:33:073][info] >>>>>>>>>>>>>>>>>>>>>>>>>>> Constructible Object Patcher finished in 0.000189 seconds
[22:44:33:073][info] Couldn't open directory .\Data\SKSE\Plugins\SkyPatcher\book\.
[22:44:33:073][info] >>>>>>>>>>>>>>>>>>>>>>>>>>> Book Patcher finished in 0.000152 seconds
[22:44:33:073][info] Couldn't open directory .\Data\SKSE\Plugins\SkyPatcher\movementType\.
[22:44:33:073][info] >>>>>>>>>>>>>>>>>>>>>>>>>>> Movement Type Patcher finished in 5.2e-05 seconds
[22:44:33:074][info] ************************************************************
[22:44:33:074][info] Processing config file .\Data\SKSE\Plugins\SkyPatcher\leveledList\\Chevalier Armor Set\Chevalier's Armor Set.esp.ini... 
[22:44:33:074][info] ************************************************************
[22:44:33:089][info] >>>>>>>>>>>>>>>>>>>>>>>>>>> Leveled List Patcher finished in 0.016108 seconds
[22:44:33:090][info] Couldn't open directory .\Data\SKSE\Plugins\SkyPatcher\container\.
[22:44:33:090][info] >>>>>>>>>>>>>>>>>>>>>>>>>>> Container Patcher finished in 0.000239 seconds
[22:44:33:090][info] Couldn't open directory .\Data\SKSE\Plugins\SkyPatcher\formList\.
[22:44:33:090][info] >>>>>>>>>>>>>>>>>>>>>>>>>>> FormList Patcher finished in 6.7e-05 seconds
