Plugin query complete, marking as compatible.
SkyrimUncapper 2.2.3.0 (v2.2.3)
Compiled: SKSE64 2.2.3 (Bethesda), Skyrim SE 1.6.640 (Bethesda)
Running: SKSE64 2.0.20 (Bethesda), Skyrim SE 1.5.97 (Bethesda)
Base addr: 0x7ff6a4750000
Loading config file: Data\SKSE\Plugins\SkyrimUncapper.ini
Done initializing settings!
--------------------- Skyrim Patcher 1.1.0 ---------------------
[SUCCESS] Global fEnchantingSkillCostBase [ID: 506021] is at offset 0x1de4420
[SUCCESS] Global fEnchantingSkillCostMult [ID: 506023] is at offset 0x1de4438
[SUCCESS] Global fEnchantingSkillCostScale [ID: 506025] is at offset 0x1de4450
[SUCCESS] Global fEnchantingCostExponent [ID: 506027] is at offset 0x1de4468
[SUCCESS] Global fXPPerSkillRank [ID: 505484] is at offset 0x1de26b0
[SUCCESS] Global fLegendarySkillResetValue [ID: 507065] is at offset 0x1de8578
[SUCCESS] Global g_thePlayer [ID: 517014] is at offset 0x2f26ef8
[SUCCESS] Function GetLevel [ID: 36344] is at offset 0x5d62e0
[SUCCESS] Function PlayerAVOGetBase [ID: 37519] is at offset 0x620f30
[SUCCESS] Function PlayerAVOGetCurrent [ID: 37517] is at offset 0x620d60
[SUCCESS] Function PlayerAVOModBase [ID: 37521] is at offset 0x6210b0
[SUCCESS] Function PlayerAVOModCurrent [ID: 37522] is at offset 0x6210f0
[SUCCESS] Function powf [ID: 102262] is at offset 0x134beac
[SUCCESS] Patch GetSkillCap ([ID: 40554] + 0x45) is at offset 0x6e6215
[SUCCESS] Patch BeginMaxChargeCalculation ([ID: 50557] + 0xe8) is at offset 0x873548
[SUCCESS] Patch EndMaxChargeCalculation ([ID: 50557] + 0x207) is at offset 0x873667
[SUCCESS] Patch CalculateChargePointsPerUse ([ID: 50557] + 0x344) is at offset 0x8737a4
[SUCCESS] Patch PlayerAVOGetCurrent [ID: 37517] is at offset 0x620d60
[SUCCESS] Patch CapMagickaCDR ([ID: 26616] + 0x34) is at offset 0x3e5284
[SUCCESS] Patch UpdateSkillList [ID: 51652] is at offset 0x8c20c0
[SUCCESS] Patch ImprovePlayerSkillPoints ([ID: 40554] + 0xdc) is at offset 0x6e62ac
[SUCCESS] Patch ModifyPerkPool ([ID: 51665] + 0x8f) is at offset 0x8c70df
[SKIPPED] Patch ImproveLevelExpBySkillLevel ([ID: 40576] + 0x70) is disabled
[SUCCESS] Patch ImproveAttributeWhenLevelUp ([ID: 51037] + 0x93) is at offset 0x894013
[SKIPPED] Patch LegendaryResetSkillLevel ([ID: 51714] + 0x236) is disabled
[SKIPPED] Patch CheckConditionForLegendarySkill ([ID: 51647] + 0x155) is disabled
[SKIPPED] Patch CheckConditionForLegendarySkillAlt ([ID: 51638] + 0x4cc) is disabled
[SKIPPED] Patch HideLegendaryButton ([ID: 51654] + 0x146) is disabled
[SKIPPED] Patch ClearLegendaryButton ([ID: 51654] + 0x1621) is disabled
[SUCCESS] Applied game patches.
----------------------------------------------------------------
Initialization complete!
