C:\repos\SkyrimSE-Mods\projects\SkyrimSoulsRE\src\main.cpp(85): [info] Skyrim Souls RE v2.4.0 -(Sun Feb 25 19:16:50 2024)
C:\repos\SkyrimSE-Mods\lib\CommonLibSSE\src\SKSE\Trampoline.cpp(114): [debug] Default Trampoline => 0B / 512B (00.00%)
C:\repos\SkyrimSE-Mods\projects\SkyrimSoulsRE\src\main.cpp(93): [info] Messaging interface registration successful.
C:\repos\SkyrimSE-Mods\projects\SkyrimSoulsRE\src\main.cpp(102): [info] Settings loaded.
C:\repos\SkyrimSE-Mods\lib\CommonLibSSE\src\SKSE\Trampoline.cpp(114): [debug] Default Trampoline => 14B / 512B (02.73%)
C:\repos\SkyrimSE-Mods\lib\CommonLibSSE\src\SKSE\Trampoline.cpp(114): [debug] Default Trampoline => 28B / 512B (05.47%)
C:\repos\SkyrimSE-Mods\lib\CommonLibSSE\src\SKSE\Trampoline.cpp(114): [debug] Default Trampoline => 42B / 512B (08.20%)
C:\repos\SkyrimSE-Mods\lib\CommonLibSSE\src\SKSE\Trampoline.cpp(114): [debug] Default Trampoline => 56B / 512B (10.94%)
C:\repos\SkyrimSE-Mods\lib\CommonLibSSE\src\SKSE\Trampoline.cpp(114): [debug] Default Trampoline => 70B / 512B (13.67%)
C:\repos\SkyrimSE-Mods\lib\CommonLibSSE\src\SKSE\Trampoline.cpp(114): [debug] Default Trampoline => 92B / 512B (17.97%)
C:\repos\SkyrimSE-Mods\lib\CommonLibSSE\src\SKSE\Trampoline.cpp(114): [debug] Default Trampoline => 106B / 512B (20.70%)
C:\repos\SkyrimSE-Mods\lib\CommonLibSSE\src\SKSE\Trampoline.cpp(114): [debug] Default Trampoline => 120B / 512B (23.44%)
C:\repos\SkyrimSE-Mods\lib\CommonLibSSE\src\SKSE\Trampoline.cpp(114): [debug] Default Trampoline => 134B / 512B (26.17%)
C:\repos\SkyrimSE-Mods\lib\CommonLibSSE\src\SKSE\Trampoline.cpp(114): [debug] Default Trampoline => 148B / 512B (28.91%)
C:\repos\SkyrimSE-Mods\lib\CommonLibSSE\src\SKSE\Trampoline.cpp(114): [debug] Default Trampoline => 156B / 512B (30.47%)
C:\repos\SkyrimSE-Mods\lib\CommonLibSSE\src\SKSE\Trampoline.cpp(114): [debug] Default Trampoline => 170B / 512B (33.20%)
C:\repos\SkyrimSE-Mods\lib\CommonLibSSE\src\SKSE\Trampoline.cpp(114): [debug] Default Trampoline => 178B / 512B (34.77%)
C:\repos\SkyrimSE-Mods\lib\CommonLibSSE\src\SKSE\Trampoline.cpp(114): [debug] Default Trampoline => 192B / 512B (37.50%)
C:\repos\SkyrimSE-Mods\lib\CommonLibSSE\src\SKSE\Trampoline.cpp(114): [debug] Default Trampoline => 206B / 512B (40.23%)
C:\repos\SkyrimSE-Mods\lib\CommonLibSSE\src\SKSE\Trampoline.cpp(114): [debug] Default Trampoline => 220B / 512B (42.97%)
C:\repos\SkyrimSE-Mods\lib\CommonLibSSE\src\SKSE\Trampoline.cpp(114): [debug] Default Trampoline => 234B / 512B (45.70%)
C:\repos\SkyrimSE-Mods\lib\CommonLibSSE\src\SKSE\Trampoline.cpp(114): [debug] Default Trampoline => 248B / 512B (48.44%)
C:\repos\SkyrimSE-Mods\lib\CommonLibSSE\src\SKSE\Trampoline.cpp(114): [debug] Default Trampoline => 262B / 512B (51.17%)
C:\repos\SkyrimSE-Mods\lib\CommonLibSSE\src\SKSE\Trampoline.cpp(114): [debug] Default Trampoline => 276B / 512B (53.91%)
C:\repos\SkyrimSE-Mods\lib\CommonLibSSE\src\SKSE\Trampoline.cpp(114): [debug] Default Trampoline => 321B / 512B (62.70%)
C:\repos\SkyrimSE-Mods\lib\CommonLibSSE\src\SKSE\Trampoline.cpp(114): [debug] Default Trampoline => 335B / 512B (65.43%)
C:\repos\SkyrimSE-Mods\projects\SkyrimSoulsRE\src\main.cpp(105): [info] Hooks installed.
C:\repos\SkyrimSE-Mods\projects\SkyrimSoulsRE\src\main.cpp(107): [info] Skyrim Souls RE loaded.
C:\repos\SkyrimSE-Mods\projects\SkyrimSoulsRE\src\main.cpp(24): [info] SSE Engine Fixes detected.
C:\repos\SkyrimSE-Mods\projects\SkyrimSoulsRE\src\main.cpp(42): [info] Dialogue Movement Enabler detected. Enabling compatibility.
