SmoothCam\source\main.cpp(114): [info] Reading config file
SmoothCam\source\main.cpp(125): [info] Registering plugin interfaces
SmoothCam\source\main.cpp(141): [info] Attaching render subsystem hooks
SmoothCam\source\hooks.cpp(450): [info] Hooking render startup method
SmoothCam\source\hooks.cpp(460): [info] Hooking render shutdown method
SmoothCam\source\main.cpp(152): [info] loaded
SmoothCam\source\modapi.cpp(229): [info] Added API consumer 'TrueDirectionalMovement'
SmoothCam\source\modapi.cpp(229): [info] Added API consumer 'ContextualCrosshair'
Deps\CommonLibSSE\src\SKSE\Interfaces.cpp(268): [error] Failed to dispatch message to hdtSMP64
SmoothCam\source\modapi.cpp(240): [warning] Failed to dispatch API message to 'hdtSMP64'
SmoothCam\source\modapi.cpp(229): [info] Added API consumer 'ShowPlayerInMenus'
SmoothCam\source\hooks.cpp(324): [info] Hooking D3D11

Deps\CommonLibSSE\src\SKSE\Interfaces.cpp(268): [error] Failed to dispatch message to HookDamage
SmoothCam\source\modapi.cpp(240): [warning] Failed to dispatch API message to 'HookDamage'
Deps\CommonLibSSE\src\SKSE\Interfaces.cpp(268): [error] Failed to dispatch message to LocalMapUpgrade
SmoothCam\source\modapi.cpp(240): [warning] Failed to dispatch API message to 'LocalMapUpgrade'
Deps\CommonLibSSE\src\SKSE\Interfaces.cpp(268): [error] Failed to dispatch message to PayloadInterpreter
SmoothCam\source\modapi.cpp(240): [warning] Failed to dispatch API message to 'PayloadInterpreter'
Deps\CommonLibSSE\src\SKSE\Interfaces.cpp(268): [error] Failed to dispatch message to InfinityUI
SmoothCam\source\modapi.cpp(240): [warning] Failed to dispatch API message to 'InfinityUI'
SmoothCam\source\main.cpp(16): [info] Looking for compatible mods
SmoothCam\source\compat.cpp(80): [info] ImprovedCamera.dll beta 1.0.0.4 not found, running without compatibility.
SmoothCam\source\main.cpp(18): [info] Creating the camera
SmoothCam\source\main.cpp(20): [info] Attaching deferred detours
Deps\CommonLibSSE\src\SKSE\Interfaces.cpp(268): [error] Failed to dispatch message to InfinityUI
SmoothCam\source\modapi.cpp(240): [warning] Failed to dispatch API message to 'InfinityUI'
Deps\CommonLibSSE\src\SKSE\Interfaces.cpp(268): [error] Failed to dispatch message to InfinityUI
SmoothCam\source\modapi.cpp(240): [warning] Failed to dispatch API message to 'InfinityUI'
Deps\CommonLibSSE\src\SKSE\Interfaces.cpp(268): [error] Failed to dispatch message to InfinityUI
SmoothCam\source\modapi.cpp(240): [warning] Failed to dispatch API message to 'InfinityUI'
