[2025-09-19 01:06:24.536] [log] [info] [Utility.cpp:49] Loading tween options file: DATA/interface/tweenoptions\customskills.json
[2025-09-19 01:06:24.540] [log] [info] [Utility.cpp:69] Successfully loaded: {"category":"top","icon":"skills_alt","menuName":"CUSTOM SKILLS","priority":55,"skseName":"CustomSkills"}
[2025-09-19 01:06:24.540] [log] [info] [Utility.cpp:49] Loading tween options file: DATA/interface/tweenoptions\inventory.json
[2025-09-19 01:06:24.544] [log] [info] [Utility.cpp:69] Successfully loaded: {"category":"left","icon":"inventory","menuName":"ITEMS","priority":10,"skseName":"InventoryMenu"}
[2025-09-19 01:06:24.544] [log] [info] [Utility.cpp:49] Loading tween options file: DATA/interface/tweenoptions\magic.json
[2025-09-19 01:06:24.547] [log] [info] [Utility.cpp:69] Successfully loaded: {"category":"left","icon":"magic_alt","menuName":"MAGIC","priority":20,"skseName":"MagicMenu"}
[2025-09-19 01:06:24.548] [log] [info] [Utility.cpp:49] Loading tween options file: DATA/interface/tweenoptions\map.json
[2025-09-19 01:06:24.550] [log] [info] [Utility.cpp:69] Successfully loaded: {"category":"bottom","icon":"map","menuName":"MAP","priority":40,"skseName":"MapMenu"}
[2025-09-19 01:06:24.551] [log] [info] [Utility.cpp:49] Loading tween options file: DATA/interface/tweenoptions\quests.json
[2025-09-19 01:06:24.554] [log] [info] [Utility.cpp:69] Successfully loaded: {"category":"right","icon":"scroll","menuName":"QUESTS","priority":30,"skseName":"Journal Menu"}
[2025-09-19 01:06:24.554] [log] [info] [Utility.cpp:49] Loading tween options file: DATA/interface/tweenoptions\skills.json
[2025-09-19 01:06:24.557] [log] [info] [Utility.cpp:69] Successfully loaded: {"category":"top","icon":"skills","menuName":"SKILLS","priority":50,"skseName":"StatsMenu"}
[2025-09-19 01:06:24.558] [log] [info] [Utility.cpp:49] Loading tween options file: DATA/interface/tweenoptions\wait.json
[2025-09-19 01:06:24.561] [log] [info] [Utility.cpp:69] Successfully loaded: {"category":"bottom","icon":"hourglass","menuName":"WAIT","priority":100,"skseName":"Sleep/Wait Menu"}
[2025-09-19 01:06:24.561] [log] [info] [Utility.cpp:82] All tween options data successfully loaded.
[2025-09-19 01:06:24.564] [log] [info] [Utility.cpp:102] Parsing tween category names from file: DATA/interface/tweenoptions/categories/categories.json
[2025-09-19 01:06:24.564] [log] [info] [Utility.cpp:109] Successfully loaded menu categories:
[2025-09-19 01:06:24.564] [log] [info] [Utility.cpp:111] top: character
[2025-09-19 01:06:24.564] [log] [info] [Utility.cpp:111] left: inventory
[2025-09-19 01:06:24.564] [log] [info] [Utility.cpp:111] right: journal
[2025-09-19 01:06:24.564] [log] [info] [Utility.cpp:111] bottom: world
[2025-09-19 01:06:24.564] [log] [info] [main.cpp:44] Tween Menu is in... Player's pocket?
[2025-09-19 01:06:28.996] [log] [info] [main.cpp:24] QuestJournalOverhaul.dll plugin not installed.
[2025-09-19 01:10:39.564] [log] [info] [main.cpp:24] QuestJournalOverhaul.dll plugin not installed.
[2025-09-19 01:13:56.223] [log] [info] [main.cpp:24] QuestJournalOverhaul.dll plugin not installed.
[2025-09-19 01:16:10.958] [log] [info] [EventProcessor.cpp:60] Level up? false
[2025-09-19 01:16:11.907] [log] [info] [Utility.cpp:145] Player requested to open InventoryMenu
[2025-09-19 01:19:39.717] [log] [info] [main.cpp:24] QuestJournalOverhaul.dll plugin not installed.
[2025-09-19 01:23:03.376] [log] [info] [main.cpp:24] QuestJournalOverhaul.dll plugin not installed.
[2025-09-19 01:39:19.744] [log] [info] [EventProcessor.cpp:60] Level up? false
[2025-09-19 01:39:20.308] [log] [info] [Utility.cpp:145] Player requested to open InventoryMenu
