main.cpp(136): [info] wheeler v1-0-0-0
Trampoline.cpp(114): [debug] Default Trampoline => 0B / 28B (00.00%)
Trampoline.cpp(114): [debug] Default Trampoline => 14B / 28B (50.00%)
Trampoline.cpp(114): [debug] Default Trampoline => 28B / 28B (100.00%)
Trampoline.cpp(114): [debug] Default Trampoline => 0B / 32B (00.00%)
Hooks.cpp(27): [info] Installed hooks for (class Hooks::`anonymous namespace'::OnChangePlayerInventory)
Trampoline.cpp(114): [debug] Default Trampoline => 14B / 32B (43.75%)
Hooks.cpp(235): [info] Installed all hooks
RenderManager.cpp(49): [info] RenderManager: Initializing...
RenderManager.cpp(58): [info] Getting swapchain...
RenderManager.cpp(65): [info] Getting swapchain desc...
RenderManager.cpp(76): [info] Initializing ImGui...
RenderManager.cpp(87): [info] ...ImGui Initialized
RenderManager.cpp(99): [info] Building font atlas...
RenderManager.cpp(123): [info] Loading font: Data\SKSE\Plugins\wheeler\resources\fonts\English\SovngardeLight.ttf
RenderManager.cpp(159): [info] ...font atlas built
RenderManager.cpp(161): [info] RenderManager: Initialized
ModCallbackEventHandler.cpp(37): [info] Register class ModCallbackEventHandler
SerializationEntry.cpp(86): [info] Read str: {"activewheel":0,"wheels":[{"entries":[{"items":[],"selecteditem":0},{"items":[],"selecteditem":0},{"items":[],"selecteditem":0},{"items":[],"selecteditem":0}]},{"entries":[{"items":[],"selecteditem":0},{"items":[],"selecteditem":0},{"items":[],"selecteditem":0},{"items":[],"selecteditem":0}]}]}
SerializationEntry.cpp(53): [info] Serializing wheel into save...
SerializationEntry.cpp(62): [info] Serializing following record: {"activewheel":0,"wheels":[{"entries":[{"items":[],"selecteditem":0},{"items":[],"selecteditem":0},{"items":[],"selecteditem":0},{"items":[],"selecteditem":0}]},{"entries":[{"items":[],"selecteditem":0},{"items":[],"selecteditem":0},{"items":[],"selecteditem":0},{"items":[],"selecteditem":0}]}]}
